[0.007s][info][gc] Using Parallel
[0.007s][info][gc,heap,coops] Heap address: 0x0000000740000000, size: 3072 MB, Compressed Oops mode: Zero based, Oop shift amount: 3
[0.072s][info][safepoint    ] Entering safepoint region: EnableBiasedLocking
[0.072s][info][safepoint    ] Leaving safepoint region
[0.072s][info][safepoint    ] Total time for which application threads were stopped: 0.0001400 seconds, Stopping threads took: 0.0000662 seconds
[0.076s][info][safepoint    ] Application time: 0.0039264 seconds
[0.076s][info][safepoint    ] Entering safepoint region: RevokeBias
[0.076s][info][safepoint    ] Leaving safepoint region
[0.076s][info][safepoint    ] Total time for which application threads were stopped: 0.0001004 seconds, Stopping threads took: 0.0000635 seconds
[0.191s][info][safepoint    ] Application time: 0.1152197 seconds
[0.191s][info][safepoint    ] Entering safepoint region: Deoptimize
[0.191s][info][safepoint    ] Leaving safepoint region
[0.191s][info][safepoint    ] Total time for which application threads were stopped: 0.0000827 seconds, Stopping threads took: 0.0000084 seconds
[0.435s][info][safepoint    ] Application time: 0.2434074 seconds
[0.435s][info][safepoint    ] Entering safepoint region: Deoptimize
[0.435s][info][safepoint    ] Leaving safepoint region
[0.435s][info][safepoint    ] Total time for which application threads were stopped: 0.0001731 seconds, Stopping threads took: 0.0000084 seconds
[0.476s][info][safepoint    ] Application time: 0.0405890 seconds
[0.476s][info][safepoint    ] Entering safepoint region: Deoptimize
[0.476s][info][safepoint    ] Leaving safepoint region
[0.476s][info][safepoint    ] Total time for which application threads were stopped: 0.0001405 seconds, Stopping threads took: 0.0000082 seconds
[1.476s][info][safepoint    ] Application time: 1.0001093 seconds
[1.476s][info][safepoint    ] Entering safepoint region: Cleanup
[1.476s][info][safepoint    ] Leaving safepoint region
[1.476s][info][safepoint    ] Total time for which application threads were stopped: 0.0000821 seconds, Stopping threads took: 0.0000119 seconds
[1.507s][info][safepoint    ] Application time: 0.0314593 seconds
[1.507s][info][safepoint    ] Entering safepoint region: Deoptimize
[1.508s][info][safepoint    ] Leaving safepoint region
[1.508s][info][safepoint    ] Total time for which application threads were stopped: 0.0001654 seconds, Stopping threads took: 0.0000076 seconds
[1.678s][info][safepoint    ] Application time: 0.1707497 seconds
[1.678s][info][safepoint    ] Entering safepoint region: Deoptimize
[1.679s][info][safepoint    ] Leaving safepoint region
[1.679s][info][safepoint    ] Total time for which application threads were stopped: 0.0002664 seconds, Stopping threads took: 0.0000084 seconds
[1.830s][info][safepoint    ] Application time: 0.1513025 seconds
[1.830s][info][safepoint    ] Entering safepoint region: CollectForMetadataAllocation
[1.830s][info][gc,start     ] GC(0) Pause Young (Metadata GC Threshold)
[1.837s][debug][gc,phases    ] GC(0) Scavenge 6.664ms
[1.837s][debug][gc,ref       ] GC(0) Skipped phase1 of Reference Processing due to unavailable references
[1.837s][debug][gc,ref       ] GC(0) Skipped phase3 of Reference Processing due to unavailable references
[1.837s][debug][gc,phases    ] GC(0) Reference Processing 0.099ms
[1.837s][debug][gc,phases    ] GC(0) Weak Processing 0.023ms
[1.837s][debug][gc,phases    ] GC(0) Scrub String Table 0.136ms
[1.837s][debug][gc,age       ] GC(0) Desired survivor size 536870912 bytes, new threshold 7 (max threshold 15)
[1.837s][info ][gc,heap      ] GC(0) PSYoungGen: 83886K->7092K(1572864K)
[1.837s][info ][gc,heap      ] GC(0) ParOldGen: 0K->88K(6144K)
[1.837s][info ][gc,metaspace ] GC(0) Metaspace: 20650K->20650K(1069056K)
[1.837s][info ][gc           ] GC(0) Pause Young (Metadata GC Threshold) 81M->7M(1542M) 7.047ms
[1.837s][info ][gc,cpu       ] GC(0) User=0.03s Sys=0.00s Real=0.01s
[1.837s][debug][gc,phases    ] GC(1) Pre Compact 0.010ms
[1.837s][info ][gc,start     ] GC(1) Pause Full (Metadata GC Threshold)
[1.837s][info ][gc,phases,start] GC(1) Marking Phase
[1.842s][debug][gc,phases      ] GC(1) Par Mark 4.832ms
[1.842s][debug][gc,ref         ] GC(1) Skipped phase1 of Reference Processing due to unavailable references
[1.842s][debug][gc,ref         ] GC(1) Skipped phase3 of Reference Processing due to unavailable references
[1.842s][debug][gc,phases      ] GC(1) Reference Processing 0.038ms
[1.842s][debug][gc,phases      ] GC(1) Weak Processing 0.010ms
[1.842s][debug][gc,phases      ] GC(1) ClassLoaderData 0.207ms
[1.842s][debug][gc,phases      ] GC(1) ProtectionDomainCacheTable 0.003ms
[1.842s][debug][gc,phases      ] GC(1) ResolvedMethodTable 0.034ms
[1.843s][debug][gc,phases      ] GC(1) Class Unloading 0.863ms
[1.843s][debug][gc,phases      ] GC(1) Scrub String Table 0.056ms
[1.845s][debug][gc,phases      ] GC(1) Scrub Symbol Table 2.196ms
[1.845s][info ][gc,phases      ] GC(1) Marking Phase 8.094ms
[1.845s][info ][gc,phases,start] GC(1) Summary Phase
[1.845s][info ][gc,phases      ] GC(1) Summary Phase 0.022ms
[1.845s][info ][gc,phases,start] GC(1) Adjust Roots
[1.850s][info ][gc,phases      ] GC(1) Adjust Roots 4.334ms
[1.850s][info ][gc,phases,start] GC(1) Compaction Phase
[1.857s][info ][gc,phases      ] GC(1) Compaction Phase 7.748ms
[1.857s][info ][gc,phases,start] GC(1) Post Compact
[1.858s][info ][gc,phases      ] GC(1) Post Compact 0.173ms
[1.858s][info ][gc,heap        ] GC(1) PSYoungGen: 7092K->1170K(1572864K)
[1.858s][info ][gc,heap        ] GC(1) ParOldGen: 88K->5941K(6144K)
[1.858s][info ][gc,metaspace   ] GC(1) Metaspace: 20650K->20650K(1069056K)
[1.858s][info ][gc             ] GC(1) Pause Full (Metadata GC Threshold) 7M->6M(1542M) 20.494ms
[1.858s][info ][gc,cpu         ] GC(1) User=0.03s Sys=0.02s Real=0.02s
[1.858s][info ][safepoint      ] Leaving safepoint region
[1.858s][info ][safepoint      ] Total time for which application threads were stopped: 0.0277556 seconds, Stopping threads took: 0.0000084 seconds
[1.858s][info ][safepoint      ] Application time: 0.0003074 seconds
[1.858s][info ][safepoint      ] Entering safepoint region: RevokeBias
[1.858s][info ][safepoint      ] Leaving safepoint region
[1.858s][info ][safepoint      ] Total time for which application threads were stopped: 0.0000885 seconds, Stopping threads took: 0.0000303 seconds
[1.858s][info ][safepoint      ] Application time: 0.0000410 seconds
[1.858s][info ][safepoint      ] Entering safepoint region: RevokeBias
[1.858s][info ][safepoint      ] Leaving safepoint region
[1.858s][info ][safepoint      ] Total time for which application threads were stopped: 0.0000515 seconds, Stopping threads took: 0.0000224 seconds
[1.858s][info ][safepoint      ] Application time: 0.0000415 seconds
[1.858s][info ][safepoint      ] Entering safepoint region: RevokeBias
[1.858s][info ][safepoint      ] Leaving safepoint region
[1.858s][info ][safepoint      ] Total time for which application threads were stopped: 0.0000765 seconds, Stopping threads took: 0.0000414 seconds
[2.119s][info ][safepoint      ] Application time: 0.2608449 seconds
[2.119s][info ][safepoint      ] Entering safepoint region: ICBufferFull
[2.119s][info ][safepoint      ] Leaving safepoint region
[2.119s][info ][safepoint      ] Total time for which application threads were stopped: 0.0001351 seconds, Stopping threads took: 0.0000089 seconds
[2.274s][info ][safepoint      ] Application time: 0.1543538 seconds
[2.274s][info ][safepoint      ] Entering safepoint region: ICBufferFull
[2.274s][info ][safepoint      ] Leaving safepoint region
[2.274s][info ][safepoint      ] Total time for which application threads were stopped: 0.0001724 seconds, Stopping threads took: 0.0000252 seconds
[2.430s][info ][safepoint      ] Application time: 0.1557870 seconds
[2.430s][info ][safepoint      ] Entering safepoint region: ICBufferFull
[2.430s][info ][safepoint      ] Leaving safepoint region
[2.430s][info ][safepoint      ] Total time for which application threads were stopped: 0.0002475 seconds, Stopping threads took: 0.0000083 seconds
[2.865s][info ][safepoint      ] Application time: 0.4348750 seconds
[2.865s][info ][safepoint      ] Entering safepoint region: ICBufferFull
[2.865s][info ][safepoint      ] Leaving safepoint region
[2.865s][info ][safepoint      ] Total time for which application threads were stopped: 0.0001600 seconds, Stopping threads took: 0.0000215 seconds
[3.144s][info ][safepoint      ] Application time: 0.2790540 seconds
[3.144s][info ][safepoint      ] Entering safepoint region: Deoptimize
[3.145s][info ][safepoint      ] Leaving safepoint region
[3.145s][info ][safepoint      ] Total time for which application threads were stopped: 0.0004303 seconds, Stopping threads took: 0.0000083 seconds
[3.419s][info ][safepoint      ] Application time: 0.2738358 seconds
[3.419s][info ][safepoint      ] Entering safepoint region: ICBufferFull
[3.419s][info ][safepoint      ] Leaving safepoint region
[3.419s][info ][safepoint      ] Total time for which application threads were stopped: 0.0001471 seconds, Stopping threads took: 0.0000081 seconds
[3.496s][info ][safepoint      ] Application time: 0.0768541 seconds
[3.496s][info ][safepoint      ] Entering safepoint region: RevokeBias
[3.496s][info ][safepoint      ] Leaving safepoint region
[3.496s][info ][safepoint      ] Total time for which application threads were stopped: 0.0001266 seconds, Stopping threads took: 0.0000453 seconds
[3.496s][info ][safepoint      ] Application time: 0.0001360 seconds
[3.496s][info ][safepoint      ] Entering safepoint region: RevokeBias
[3.496s][info ][safepoint      ] Leaving safepoint region
[3.496s][info ][safepoint      ] Total time for which application threads were stopped: 0.0005891 seconds, Stopping threads took: 0.0005355 seconds
[3.497s][info ][safepoint      ] Application time: 0.0000852 seconds
[3.497s][info ][safepoint      ] Entering safepoint region: RevokeBias
[3.497s][info ][safepoint      ] Leaving safepoint region
[3.497s][info ][safepoint      ] Total time for which application threads were stopped: 0.0000757 seconds, Stopping threads took: 0.0000424 seconds
[3.497s][info ][safepoint      ] Application time: 0.0001435 seconds
[3.497s][info ][safepoint      ] Entering safepoint region: RevokeBias
[3.497s][info ][safepoint      ] Leaving safepoint region
[3.497s][info ][safepoint      ] Total time for which application threads were stopped: 0.0000793 seconds, Stopping threads took: 0.0000428 seconds
[3.498s][info ][safepoint      ] Application time: 0.0012454 seconds
[3.499s][info ][safepoint      ] Entering safepoint region: RevokeBias
[3.499s][info ][safepoint      ] Leaving safepoint region
[3.499s][info ][safepoint      ] Total time for which application threads were stopped: 0.0007443 seconds, Stopping threads took: 0.0006995 seconds
[3.501s][info ][safepoint      ] Application time: 0.0018519 seconds
[3.501s][info ][safepoint      ] Entering safepoint region: RevokeBias
[3.501s][info ][safepoint      ] Leaving safepoint region
[3.501s][info ][safepoint      ] Total time for which application threads were stopped: 0.0003417 seconds, Stopping threads took: 0.0002435 seconds
[3.501s][info ][safepoint      ] Application time: 0.0002078 seconds
[3.502s][info ][safepoint      ] Entering safepoint region: RevokeBias
[3.502s][info ][safepoint      ] Leaving safepoint region
[3.502s][info ][safepoint      ] Total time for which application threads were stopped: 0.0006765 seconds, Stopping threads took: 0.0005984 seconds
[3.502s][info ][safepoint      ] Application time: 0.0000642 seconds
[3.502s][info ][safepoint      ] Entering safepoint region: RevokeBias
[3.502s][info ][safepoint      ] Leaving safepoint region
[3.502s][info ][safepoint      ] Total time for which application threads were stopped: 0.0001058 seconds, Stopping threads took: 0.0000648 seconds
[3.502s][info ][safepoint      ] Application time: 0.0001592 seconds
[3.502s][info ][safepoint      ] Entering safepoint region: RevokeBias
[3.502s][info ][safepoint      ] Leaving safepoint region
[3.502s][info ][safepoint      ] Total time for which application threads were stopped: 0.0001105 seconds, Stopping threads took: 0.0000669 seconds
[3.503s][info ][safepoint      ] Application time: 0.0001933 seconds
[3.503s][info ][safepoint      ] Entering safepoint region: RevokeBias
[3.503s][info ][safepoint      ] Leaving safepoint region
[3.503s][info ][safepoint      ] Total time for which application threads were stopped: 0.0003194 seconds, Stopping threads took: 0.0002733 seconds
[3.503s][info ][safepoint      ] Application time: 0.0001023 seconds
[3.503s][info ][safepoint      ] Entering safepoint region: RevokeBias
[3.503s][info ][safepoint      ] Leaving safepoint region
[3.503s][info ][safepoint      ] Total time for which application threads were stopped: 0.0002232 seconds, Stopping threads took: 0.0001844 seconds
[3.503s][info ][safepoint      ] Application time: 0.0000880 seconds
[3.504s][info ][safepoint      ] Entering safepoint region: RevokeBias
[3.504s][info ][safepoint      ] Leaving safepoint region
[3.504s][info ][safepoint      ] Total time for which application threads were stopped: 0.0001337 seconds, Stopping threads took: 0.0000981 seconds
[3.504s][info ][safepoint      ] Application time: 0.0001787 seconds
[3.504s][info ][safepoint      ] Entering safepoint region: RevokeBias
[3.504s][info ][safepoint      ] Leaving safepoint region
[3.504s][info ][safepoint      ] Total time for which application threads were stopped: 0.0002643 seconds, Stopping threads took: 0.0002246 seconds
[3.505s][info ][safepoint      ] Application time: 0.0007008 seconds
[3.505s][info ][safepoint      ] Entering safepoint region: RevokeBias
[3.505s][info ][safepoint      ] Leaving safepoint region
[3.505s][info ][safepoint      ] Total time for which application threads were stopped: 0.0001575 seconds, Stopping threads took: 0.0000859 seconds
[3.505s][info ][safepoint      ] Application time: 0.0001189 seconds
[3.505s][info ][safepoint      ] Entering safepoint region: RevokeBias
[3.505s][info ][safepoint      ] Leaving safepoint region
[3.505s][info ][safepoint      ] Total time for which application threads were stopped: 0.0002148 seconds, Stopping threads took: 0.0001634 seconds
[3.505s][info ][safepoint      ] Application time: 0.0001007 seconds
[3.505s][info ][safepoint      ] Entering safepoint region: RevokeBias
[3.506s][info ][safepoint      ] Leaving safepoint region
[3.506s][info ][safepoint      ] Total time for which application threads were stopped: 0.0001597 seconds, Stopping threads took: 0.0001005 seconds
[3.506s][info ][safepoint      ] Application time: 0.0000692 seconds
[3.506s][info ][safepoint      ] Entering safepoint region: RevokeBias
[3.506s][info ][safepoint      ] Leaving safepoint region
[3.506s][info ][safepoint      ] Total time for which application threads were stopped: 0.0001185 seconds, Stopping threads took: 0.0000333 seconds
[3.506s][info ][safepoint      ] Application time: 0.0004078 seconds
[3.506s][info ][safepoint      ] Entering safepoint region: BulkRevokeBias
[3.506s][info ][safepoint      ] Leaving safepoint region
[3.506s][info ][safepoint      ] Total time for which application threads were stopped: 0.0003127 seconds, Stopping threads took: 0.0001109 seconds
[3.507s][info ][safepoint      ] Application time: 0.0001985 seconds
[3.507s][info ][safepoint      ] Entering safepoint region: RevokeBias
[3.507s][info ][safepoint      ] Leaving safepoint region
[3.507s][info ][safepoint      ] Total time for which application threads were stopped: 0.0000938 seconds, Stopping threads took: 0.0000486 seconds
[3.507s][info ][safepoint      ] Application time: 0.0001415 seconds
[3.507s][info ][safepoint      ] Entering safepoint region: RevokeBias
[3.507s][info ][safepoint      ] Leaving safepoint region
[3.507s][info ][safepoint      ] Total time for which application threads were stopped: 0.0000689 seconds, Stopping threads took: 0.0000424 seconds
[3.507s][info ][safepoint      ] Application time: 0.0002559 seconds
[3.507s][info ][safepoint      ] Entering safepoint region: RevokeBias
[3.507s][info ][safepoint      ] Leaving safepoint region
[3.507s][info ][safepoint      ] Total time for which application threads were stopped: 0.0000804 seconds, Stopping threads took: 0.0000329 seconds
[3.507s][info ][safepoint      ] Application time: 0.0000866 seconds
[3.508s][info ][safepoint      ] Entering safepoint region: RevokeBias
[3.508s][info ][safepoint      ] Leaving safepoint region
[3.508s][info ][safepoint      ] Total time for which application threads were stopped: 0.0001477 seconds, Stopping threads took: 0.0000853 seconds
[3.508s][info ][safepoint      ] Application time: 0.0002308 seconds
[3.508s][info ][safepoint      ] Entering safepoint region: RevokeBias
[3.508s][info ][safepoint      ] Leaving safepoint region
[3.508s][info ][safepoint      ] Total time for which application threads were stopped: 0.0001241 seconds, Stopping threads took: 0.0000504 seconds
[3.509s][info ][safepoint      ] Application time: 0.0011342 seconds
[3.509s][info ][safepoint      ] Entering safepoint region: RevokeBias
[3.510s][info ][safepoint      ] Leaving safepoint region
[3.510s][info ][safepoint      ] Total time for which application threads were stopped: 0.0004380 seconds, Stopping threads took: 0.0003877 seconds
[3.511s][info ][safepoint      ] Application time: 0.0009859 seconds
[3.511s][info ][safepoint      ] Entering safepoint region: RevokeBias
[3.511s][info ][safepoint      ] Leaving safepoint region
[3.511s][info ][safepoint      ] Total time for which application threads were stopped: 0.0000926 seconds, Stopping threads took: 0.0000259 seconds
[3.524s][info ][safepoint      ] Application time: 0.0130149 seconds
[3.524s][info ][safepoint      ] Entering safepoint region: RevokeBias
[3.524s][info ][safepoint      ] Leaving safepoint region
[3.524s][info ][safepoint      ] Total time for which application threads were stopped: 0.0002332 seconds, Stopping threads took: 0.0001390 seconds
[3.526s][info ][safepoint      ] Application time: 0.0019063 seconds
[3.526s][info ][safepoint      ] Entering safepoint region: RevokeBias
[3.526s][info ][safepoint      ] Leaving safepoint region
[3.526s][info ][safepoint      ] Total time for which application threads were stopped: 0.0004256 seconds, Stopping threads took: 0.0003556 seconds
[3.527s][info ][safepoint      ] Application time: 0.0004847 seconds
[3.527s][info ][safepoint      ] Entering safepoint region: RevokeBias
[3.527s][info ][safepoint      ] Leaving safepoint region
[3.527s][info ][safepoint      ] Total time for which application threads were stopped: 0.0001938 seconds, Stopping threads took: 0.0001510 seconds
[3.529s][info ][safepoint      ] Application time: 0.0022029 seconds
[3.529s][info ][safepoint      ] Entering safepoint region: RevokeBias
[3.529s][info ][safepoint      ] Leaving safepoint region
[3.529s][info ][safepoint      ] Total time for which application threads were stopped: 0.0001394 seconds, Stopping threads took: 0.0000653 seconds
[3.530s][info ][safepoint      ] Application time: 0.0008960 seconds
[3.530s][info ][safepoint      ] Entering safepoint region: RevokeBias
[3.531s][info ][safepoint      ] Leaving safepoint region
[3.531s][info ][safepoint      ] Total time for which application threads were stopped: 0.0002734 seconds, Stopping threads took: 0.0001117 seconds
[3.532s][info ][safepoint      ] Application time: 0.0018501 seconds
[3.533s][info ][safepoint      ] Entering safepoint region: RevokeBias
[3.533s][info ][safepoint      ] Leaving safepoint region
[3.533s][info ][safepoint      ] Total time for which application threads were stopped: 0.0005575 seconds, Stopping threads took: 0.0004631 seconds
[3.535s][info ][safepoint      ] Application time: 0.0015340 seconds
[3.535s][info ][safepoint      ] Entering safepoint region: RevokeBias
[3.535s][info ][safepoint      ] Leaving safepoint region
[3.535s][info ][safepoint      ] Total time for which application threads were stopped: 0.0001825 seconds, Stopping threads took: 0.0001298 seconds
[3.537s][info ][safepoint      ] Application time: 0.0023747 seconds
[3.537s][info ][safepoint      ] Entering safepoint region: RevokeBias
[3.537s][info ][safepoint      ] Leaving safepoint region
[3.537s][info ][safepoint      ] Total time for which application threads were stopped: 0.0001540 seconds, Stopping threads took: 0.0000880 seconds
[3.539s][info ][safepoint      ] Application time: 0.0018717 seconds
[3.540s][info ][safepoint      ] Entering safepoint region: RevokeBias
[3.540s][info ][safepoint      ] Leaving safepoint region
[3.540s][info ][safepoint      ] Total time for which application threads were stopped: 0.0006485 seconds, Stopping threads took: 0.0005781 seconds
[3.543s][info ][safepoint      ] Application time: 0.0027275 seconds
[3.543s][info ][safepoint      ] Entering safepoint region: RevokeBias
[3.543s][info ][safepoint      ] Leaving safepoint region
[3.543s][info ][safepoint      ] Total time for which application threads were stopped: 0.0001348 seconds, Stopping threads took: 0.0000604 seconds
[3.543s][info ][safepoint      ] Application time: 0.0001558 seconds
[3.543s][info ][safepoint      ] Entering safepoint region: RevokeBias
[3.543s][info ][safepoint      ] Leaving safepoint region
[3.543s][info ][safepoint      ] Total time for which application threads were stopped: 0.0000491 seconds, Stopping threads took: 0.0000057 seconds
[3.544s][info ][safepoint      ] Application time: 0.0009601 seconds
[3.544s][info ][safepoint      ] Entering safepoint region: RevokeBias
[3.544s][info ][safepoint      ] Leaving safepoint region
[3.544s][info ][safepoint      ] Total time for which application threads were stopped: 0.0001289 seconds, Stopping threads took: 0.0000675 seconds
[3.545s][info ][safepoint      ] Application time: 0.0008273 seconds
[3.545s][info ][safepoint      ] Entering safepoint region: RevokeBias
[3.545s][info ][safepoint      ] Leaving safepoint region
[3.545s][info ][safepoint      ] Total time for which application threads were stopped: 0.0001143 seconds, Stopping threads took: 0.0000458 seconds
[3.549s][info ][safepoint      ] Application time: 0.0041294 seconds
[3.549s][info ][safepoint      ] Entering safepoint region: RevokeBias
[3.549s][info ][safepoint      ] Leaving safepoint region
[3.549s][info ][safepoint      ] Total time for which application threads were stopped: 0.0000854 seconds, Stopping threads took: 0.0000086 seconds
[3.552s][info ][safepoint      ] Application time: 0.0029151 seconds
[3.552s][info ][safepoint      ] Entering safepoint region: RevokeBias
[3.552s][info ][safepoint      ] Leaving safepoint region
[3.552s][info ][safepoint      ] Total time for which application threads were stopped: 0.0001067 seconds, Stopping threads took: 0.0000482 seconds
[3.553s][info ][safepoint      ] Application time: 0.0007401 seconds
[3.553s][info ][safepoint      ] Entering safepoint region: RevokeBias
[3.553s][info ][safepoint      ] Leaving safepoint region
[3.553s][info ][safepoint      ] Total time for which application threads were stopped: 0.0002815 seconds, Stopping threads took: 0.0001913 seconds
[3.555s][info ][safepoint      ] Application time: 0.0019223 seconds
[3.555s][info ][safepoint      ] Entering safepoint region: RevokeBias
[3.555s][info ][safepoint      ] Leaving safepoint region
[3.555s][info ][safepoint      ] Total time for which application threads were stopped: 0.0001784 seconds, Stopping threads took: 0.0001341 seconds
[3.558s][info ][safepoint      ] Application time: 0.0022769 seconds
[3.558s][info ][safepoint      ] Entering safepoint region: RevokeBias
[3.558s][info ][safepoint      ] Leaving safepoint region
[3.558s][info ][safepoint      ] Total time for which application threads were stopped: 0.0001297 seconds, Stopping threads took: 0.0000632 seconds
[3.558s][info ][safepoint      ] Application time: 0.0005703 seconds
[3.559s][info ][safepoint      ] Entering safepoint region: BulkRevokeBias
[3.559s][info ][safepoint      ] Leaving safepoint region
[3.559s][info ][safepoint      ] Total time for which application threads were stopped: 0.0002311 seconds, Stopping threads took: 0.0000498 seconds
[3.588s][info ][safepoint      ] Application time: 0.0296806 seconds
[3.588s][info ][safepoint      ] Entering safepoint region: RevokeBias
[3.589s][info ][safepoint      ] Leaving safepoint region
[3.589s][info ][safepoint      ] Total time for which application threads were stopped: 0.0002182 seconds, Stopping threads took: 0.0000476 seconds
[3.599s][info ][safepoint      ] Application time: 0.0100328 seconds
[3.599s][info ][safepoint      ] Entering safepoint region: RevokeBias
[3.599s][info ][safepoint      ] Leaving safepoint region
[3.599s][info ][safepoint      ] Total time for which application threads were stopped: 0.0005265 seconds, Stopping threads took: 0.0003775 seconds
[3.602s][info ][safepoint      ] Application time: 0.0022744 seconds
[3.602s][info ][safepoint      ] Entering safepoint region: CollectForMetadataAllocation
[3.602s][info ][gc,start       ] GC(2) Pause Young (Metadata GC Threshold)
[3.646s][debug][gc,phases      ] GC(2) Scavenge 43.789ms
[3.646s][debug][gc,ref         ] GC(2) Skipped phase1 of Reference Processing due to unavailable references
[3.646s][debug][gc,ref         ] GC(2) Skipped phase3 of Reference Processing due to unavailable references
[3.646s][debug][gc,phases      ] GC(2) Reference Processing 0.176ms
[3.646s][debug][gc,phases      ] GC(2) Weak Processing 0.106ms
[3.647s][debug][gc,phases      ] GC(2) Scrub String Table 0.660ms
[3.647s][debug][gc,age         ] GC(2) Desired survivor size 536870912 bytes, new threshold 7 (max threshold 15)
[3.647s][info ][gc,heap        ] GC(2) PSYoungGen: 431311K->46813K(1572864K)
[3.647s][info ][gc,heap        ] GC(2) ParOldGen: 5941K->5949K(6144K)
[3.647s][info ][gc,metaspace   ] GC(2) Metaspace: 33911K->33911K(1079296K)
[3.647s][info ][gc             ] GC(2) Pause Young (Metadata GC Threshold) 427M->51M(1542M) 44.883ms
[3.647s][info ][gc,cpu         ] GC(2) User=0.15s Sys=0.03s Real=0.04s
[3.647s][debug][gc,phases      ] GC(3) Pre Compact 0.012ms
[3.647s][info ][gc,start       ] GC(3) Pause Full (Metadata GC Threshold)
[3.647s][info ][gc,phases,start] GC(3) Marking Phase
[3.686s][debug][gc,phases      ] GC(3) Par Mark 39.213ms
[3.686s][debug][gc,ref         ] GC(3) Skipped phase1 of Reference Processing due to unavailable references
[3.686s][debug][gc,ref         ] GC(3) Skipped phase3 of Reference Processing due to unavailable references
[3.686s][debug][gc,phases      ] GC(3) Reference Processing 0.112ms
[3.686s][debug][gc,phases      ] GC(3) Weak Processing 0.048ms
[3.687s][debug][gc,phases      ] GC(3) ClassLoaderData 0.580ms
[3.687s][debug][gc,phases      ] GC(3) Dictionary 0.009ms
[3.687s][debug][gc,phases      ] GC(3) ProtectionDomainCacheTable 0.003ms
[3.687s][debug][gc,phases      ] GC(3) ResolvedMethodTable 0.060ms
[3.694s][debug][gc,phases      ] GC(3) Class Unloading 7.743ms
[3.694s][debug][gc,phases      ] GC(3) Scrub String Table 0.300ms
[3.699s][debug][gc,phases      ] GC(3) Scrub Symbol Table 4.394ms
[3.699s][info ][gc,phases      ] GC(3) Marking Phase 52.068ms
[3.699s][info ][gc,phases,start] GC(3) Summary Phase
[3.699s][info ][gc,phases      ] GC(3) Summary Phase 0.009ms
[3.699s][info ][gc,phases,start] GC(3) Adjust Roots
[3.718s][info ][gc,phases      ] GC(3) Adjust Roots 19.540ms
[3.718s][info ][gc,phases,start] GC(3) Compaction Phase
[4.087s][info ][gc,phases      ] GC(3) Compaction Phase 368.659ms
[4.087s][info ][gc,phases,start] GC(3) Post Compact
[4.088s][info ][gc,phases      ] GC(3) Post Compact 0.528ms
[4.088s][info ][gc,heap        ] GC(3) PSYoungGen: 46813K->46674K(1572864K)
[4.088s][info ][gc,heap        ] GC(3) ParOldGen: 5949K->5858K(6144K)
[4.088s][info ][gc,metaspace   ] GC(3) Metaspace: 33911K->33889K(1079296K)
[4.088s][info ][gc             ] GC(3) Pause Full (Metadata GC Threshold) 51M->51M(1542M) 440.958ms
[4.088s][info ][gc,cpu         ] GC(3) User=1.62s Sys=0.01s Real=0.44s
[4.088s][info ][safepoint      ] Leaving safepoint region
[4.088s][info ][safepoint      ] Total time for which application threads were stopped: 0.4861346 seconds, Stopping threads took: 0.0000609 seconds
[4.089s][info ][safepoint      ] Application time: 0.0013481 seconds
[4.089s][info ][safepoint      ] Entering safepoint region: RevokeBias
[4.089s][info ][safepoint      ] Leaving safepoint region
[4.089s][info ][safepoint      ] Total time for which application threads were stopped: 0.0001641 seconds, Stopping threads took: 0.0000647 seconds
[4.089s][info ][safepoint      ] Application time: 0.0000541 seconds
[4.089s][info ][safepoint      ] Entering safepoint region: RevokeBias
[4.089s][info ][safepoint      ] Leaving safepoint region
[4.089s][info ][safepoint      ] Total time for which application threads were stopped: 0.0000932 seconds, Stopping threads took: 0.0000273 seconds
[4.090s][info ][safepoint      ] Application time: 0.0000457 seconds
[4.090s][info ][safepoint      ] Entering safepoint region: RevokeBias
[4.090s][info ][safepoint      ] Leaving safepoint region
[4.090s][info ][safepoint      ] Total time for which application threads were stopped: 0.0001066 seconds, Stopping threads took: 0.0000307 seconds
[4.090s][info ][safepoint      ] Application time: 0.0000491 seconds
[4.090s][info ][safepoint      ] Entering safepoint region: RevokeBias
[4.090s][info ][safepoint      ] Leaving safepoint region
[4.090s][info ][safepoint      ] Total time for which application threads were stopped: 0.0001288 seconds, Stopping threads took: 0.0000544 seconds
[4.090s][info ][safepoint      ] Application time: 0.0000416 seconds
[4.090s][info ][safepoint      ] Entering safepoint region: RevokeBias
[4.090s][info ][safepoint      ] Leaving safepoint region
[4.090s][info ][safepoint      ] Total time for which application threads were stopped: 0.0000737 seconds, Stopping threads took: 0.0000262 seconds
[4.090s][info ][safepoint      ] Application time: 0.0000435 seconds
[4.090s][info ][safepoint      ] Entering safepoint region: RevokeBias
[4.090s][info ][safepoint      ] Leaving safepoint region
[4.090s][info ][safepoint      ] Total time for which application threads were stopped: 0.0000987 seconds, Stopping threads took: 0.0000468 seconds
[4.090s][info ][safepoint      ] Application time: 0.0000417 seconds
[4.090s][info ][safepoint      ] Entering safepoint region: RevokeBias
[4.090s][info ][safepoint      ] Leaving safepoint region
[4.090s][info ][safepoint      ] Total time for which application threads were stopped: 0.0000311 seconds, Stopping threads took: 0.0000048 seconds
[4.090s][info ][safepoint      ] Application time: 0.0001515 seconds
[4.090s][info ][safepoint      ] Entering safepoint region: RevokeBias
[4.090s][info ][safepoint      ] Leaving safepoint region
[4.090s][info ][safepoint      ] Total time for which application threads were stopped: 0.0000814 seconds, Stopping threads took: 0.0000406 seconds
[4.090s][info ][safepoint      ] Application time: 0.0000438 seconds
[4.091s][info ][safepoint      ] Entering safepoint region: RevokeBias
[4.091s][info ][safepoint      ] Leaving safepoint region
[4.091s][info ][safepoint      ] Total time for which application threads were stopped: 0.0000666 seconds, Stopping threads took: 0.0000250 seconds
[4.091s][info ][safepoint      ] Application time: 0.0000415 seconds
[4.091s][info ][safepoint      ] Entering safepoint region: RevokeBias
[4.091s][info ][safepoint      ] Leaving safepoint region
[4.091s][info ][safepoint      ] Total time for which application threads were stopped: 0.0000896 seconds, Stopping threads took: 0.0000473 seconds
[4.091s][info ][safepoint      ] Application time: 0.0000517 seconds
[4.091s][info ][safepoint      ] Entering safepoint region: RevokeBias
[4.091s][info ][safepoint      ] Leaving safepoint region
[4.091s][info ][safepoint      ] Total time for which application threads were stopped: 0.0000457 seconds, Stopping threads took: 0.0000190 seconds
[4.091s][info ][safepoint      ] Application time: 0.0000608 seconds
[4.091s][info ][safepoint      ] Entering safepoint region: RevokeBias
[4.091s][info ][safepoint      ] Leaving safepoint region
[4.091s][info ][safepoint      ] Total time for which application threads were stopped: 0.0000492 seconds, Stopping threads took: 0.0000245 seconds
[4.091s][info ][safepoint      ] Application time: 0.0000541 seconds
[4.091s][info ][safepoint      ] Entering safepoint region: RevokeBias
[4.091s][info ][safepoint      ] Leaving safepoint region
[4.091s][info ][safepoint      ] Total time for which application threads were stopped: 0.0000766 seconds, Stopping threads took: 0.0000451 seconds
[4.091s][info ][safepoint      ] Application time: 0.0000426 seconds
[4.091s][info ][safepoint      ] Entering safepoint region: RevokeBias
[4.091s][info ][safepoint      ] Leaving safepoint region
[4.091s][info ][safepoint      ] Total time for which application threads were stopped: 0.0001090 seconds, Stopping threads took: 0.0000262 seconds
[4.091s][info ][safepoint      ] Application time: 0.0000399 seconds
[4.091s][info ][safepoint      ] Entering safepoint region: RevokeBias
[4.091s][info ][safepoint      ] Leaving safepoint region
[4.091s][info ][safepoint      ] Total time for which application threads were stopped: 0.0000598 seconds, Stopping threads took: 0.0000233 seconds
[4.091s][info ][safepoint      ] Application time: 0.0000393 seconds
[4.091s][info ][safepoint      ] Entering safepoint region: RevokeBias
[4.091s][info ][safepoint      ] Leaving safepoint region
[4.091s][info ][safepoint      ] Total time for which application threads were stopped: 0.0000493 seconds, Stopping threads took: 0.0000248 seconds
[4.092s][info ][safepoint      ] Application time: 0.0000616 seconds
[4.092s][info ][safepoint      ] Entering safepoint region: BulkRevokeBias
[4.092s][info ][safepoint      ] Leaving safepoint region
[4.092s][info ][safepoint      ] Total time for which application threads were stopped: 0.0000918 seconds, Stopping threads took: 0.0000047 seconds
[4.139s][info ][safepoint      ] Application time: 0.0477308 seconds
[4.139s][info ][safepoint      ] Entering safepoint region: RevokeBias
[4.140s][info ][safepoint      ] Leaving safepoint region
[4.140s][info ][safepoint      ] Total time for which application threads were stopped: 0.0002109 seconds, Stopping threads took: 0.0001182 seconds
[4.140s][info ][safepoint      ] Application time: 0.0004562 seconds
[4.140s][info ][safepoint      ] Entering safepoint region: RevokeBias
[4.140s][info ][safepoint      ] Leaving safepoint region
[4.140s][info ][safepoint      ] Total time for which application threads were stopped: 0.0000558 seconds, Stopping threads took: 0.0000078 seconds
[4.188s][info ][safepoint      ] Application time: 0.0480580 seconds
[4.188s][info ][safepoint      ] Entering safepoint region: RevokeBias
[4.188s][info ][safepoint      ] Leaving safepoint region
[4.188s][info ][safepoint      ] Total time for which application threads were stopped: 0.0001812 seconds, Stopping threads took: 0.0000697 seconds
[4.189s][info ][safepoint      ] Application time: 0.0001539 seconds
[4.189s][info ][safepoint      ] Entering safepoint region: RevokeBias
[4.189s][info ][safepoint      ] Leaving safepoint region
[4.189s][info ][safepoint      ] Total time for which application threads were stopped: 0.0001049 seconds, Stopping threads took: 0.0000557 seconds
[4.190s][info ][safepoint      ] Application time: 0.0008429 seconds
[4.190s][info ][safepoint      ] Entering safepoint region: RevokeBias
[4.190s][info ][safepoint      ] Leaving safepoint region
[4.190s][info ][safepoint      ] Total time for which application threads were stopped: 0.0002098 seconds, Stopping threads took: 0.0001105 seconds
[4.190s][info ][safepoint      ] Application time: 0.0003827 seconds
[4.190s][info ][safepoint      ] Entering safepoint region: RevokeBias
[4.190s][info ][safepoint      ] Leaving safepoint region
[4.190s][info ][safepoint      ] Total time for which application threads were stopped: 0.0001426 seconds, Stopping threads took: 0.0000848 seconds
[4.191s][info ][safepoint      ] Application time: 0.0008136 seconds
[4.191s][info ][safepoint      ] Entering safepoint region: RevokeBias
[4.191s][info ][safepoint      ] Leaving safepoint region
[4.191s][info ][safepoint      ] Total time for which application threads were stopped: 0.0002487 seconds, Stopping threads took: 0.0000936 seconds
[4.192s][info ][safepoint      ] Application time: 0.0007032 seconds
[4.192s][info ][safepoint      ] Entering safepoint region: RevokeBias
[4.192s][info ][safepoint      ] Leaving safepoint region
[4.192s][info ][safepoint      ] Total time for which application threads were stopped: 0.0001640 seconds, Stopping threads took: 0.0000745 seconds
[4.198s][info ][safepoint      ] Application time: 0.0055467 seconds
[4.198s][info ][safepoint      ] Entering safepoint region: RevokeBias
[4.198s][info ][safepoint      ] Leaving safepoint region
[4.198s][info ][safepoint      ] Total time for which application threads were stopped: 0.0001959 seconds, Stopping threads took: 0.0001192 seconds
[4.202s][info ][safepoint      ] Application time: 0.0042686 seconds
[4.205s][info ][safepoint      ] Entering safepoint region: RevokeBias
[4.205s][info ][safepoint      ] Leaving safepoint region
[4.205s][info ][safepoint      ] Total time for which application threads were stopped: 0.0024050 seconds, Stopping threads took: 0.0022896 seconds
[4.205s][info ][safepoint      ] Application time: 0.0005959 seconds
[4.205s][info ][safepoint      ] Entering safepoint region: RevokeBias
[4.205s][info ][safepoint      ] Leaving safepoint region
[4.205s][info ][safepoint      ] Total time for which application threads were stopped: 0.0001440 seconds, Stopping threads took: 0.0000903 seconds
[4.206s][info ][safepoint      ] Application time: 0.0001157 seconds
[4.206s][info ][safepoint      ] Entering safepoint region: RevokeBias
[4.206s][info ][safepoint      ] Leaving safepoint region
[4.206s][info ][safepoint      ] Total time for which application threads were stopped: 0.0001484 seconds, Stopping threads took: 0.0000939 seconds
[4.206s][info ][safepoint      ] Application time: 0.0004496 seconds
[4.206s][info ][safepoint      ] Entering safepoint region: RevokeBias
[4.206s][info ][safepoint      ] Leaving safepoint region
[4.206s][info ][safepoint      ] Total time for which application threads were stopped: 0.0001979 seconds, Stopping threads took: 0.0001091 seconds
[4.208s][info ][safepoint      ] Application time: 0.0017896 seconds
[4.208s][info ][safepoint      ] Entering safepoint region: RevokeBias
[4.208s][info ][safepoint      ] Leaving safepoint region
[4.208s][info ][safepoint      ] Total time for which application threads were stopped: 0.0001834 seconds, Stopping threads took: 0.0001106 seconds
[4.209s][info ][safepoint      ] Application time: 0.0007375 seconds
[4.209s][info ][safepoint      ] Entering safepoint region: RevokeBias
[4.209s][info ][safepoint      ] Leaving safepoint region
[4.209s][info ][safepoint      ] Total time for which application threads were stopped: 0.0001661 seconds, Stopping threads took: 0.0001089 seconds
[4.211s][info ][safepoint      ] Application time: 0.0014376 seconds
[4.211s][info ][safepoint      ] Entering safepoint region: BulkRevokeBias
[4.212s][info ][safepoint      ] Leaving safepoint region
[4.212s][info ][safepoint      ] Total time for which application threads were stopped: 0.0010659 seconds, Stopping threads took: 0.0005629 seconds
[4.214s][info ][safepoint      ] Application time: 0.0021302 seconds
[4.214s][info ][safepoint      ] Entering safepoint region: RevokeBias
[4.214s][info ][safepoint      ] Leaving safepoint region
[4.214s][info ][safepoint      ] Total time for which application threads were stopped: 0.0003980 seconds, Stopping threads took: 0.0002428 seconds
[4.215s][info ][safepoint      ] Application time: 0.0005719 seconds
[4.215s][info ][safepoint      ] Entering safepoint region: RevokeBias
[4.215s][info ][safepoint      ] Leaving safepoint region
[4.215s][info ][safepoint      ] Total time for which application threads were stopped: 0.0002684 seconds, Stopping threads took: 0.0001042 seconds
[4.216s][info ][safepoint      ] Application time: 0.0003647 seconds
[4.216s][info ][safepoint      ] Entering safepoint region: RevokeBias
[4.216s][info ][safepoint      ] Leaving safepoint region
[4.216s][info ][safepoint      ] Total time for which application threads were stopped: 0.0005198 seconds, Stopping threads took: 0.0004514 seconds
[4.218s][info ][safepoint      ] Application time: 0.0021249 seconds
[4.218s][info ][safepoint      ] Entering safepoint region: RevokeBias
[4.219s][info ][safepoint      ] Leaving safepoint region
[4.219s][info ][safepoint      ] Total time for which application threads were stopped: 0.0002730 seconds, Stopping threads took: 0.0001180 seconds
[4.219s][info ][safepoint      ] Application time: 0.0007199 seconds
[4.220s][info ][safepoint      ] Entering safepoint region: RevokeBias
[4.220s][info ][safepoint      ] Leaving safepoint region
[4.220s][info ][safepoint      ] Total time for which application threads were stopped: 0.0003581 seconds, Stopping threads took: 0.0002073 seconds
[4.223s][info ][safepoint      ] Application time: 0.0028180 seconds
[4.223s][info ][safepoint      ] Entering safepoint region: RevokeBias
[4.223s][info ][safepoint      ] Leaving safepoint region
[4.223s][info ][safepoint      ] Total time for which application threads were stopped: 0.0002805 seconds, Stopping threads took: 0.0001260 seconds
[4.241s][info ][safepoint      ] Application time: 0.0186126 seconds
[4.242s][info ][safepoint      ] Entering safepoint region: RevokeBias
[4.242s][info ][safepoint      ] Leaving safepoint region
[4.242s][info ][safepoint      ] Total time for which application threads were stopped: 0.0003873 seconds, Stopping threads took: 0.0001379 seconds
[4.253s][info ][safepoint      ] Application time: 0.0111387 seconds
[4.253s][info ][safepoint      ] Entering safepoint region: RevokeBias
[4.253s][info ][safepoint      ] Leaving safepoint region
[4.253s][info ][safepoint      ] Total time for which application threads were stopped: 0.0003021 seconds, Stopping threads took: 0.0000857 seconds
[4.254s][info ][safepoint      ] Application time: 0.0010417 seconds
[4.255s][info ][safepoint      ] Entering safepoint region: RevokeBias
[4.255s][info ][safepoint      ] Leaving safepoint region
[4.255s][info ][safepoint      ] Total time for which application threads were stopped: 0.0003279 seconds, Stopping threads took: 0.0001719 seconds
[4.283s][info ][safepoint      ] Application time: 0.0283850 seconds
[4.283s][info ][safepoint      ] Entering safepoint region: RevokeBias
[4.284s][info ][safepoint      ] Leaving safepoint region
[4.284s][info ][safepoint      ] Total time for which application threads were stopped: 0.0005000 seconds, Stopping threads took: 0.0002280 seconds
[4.286s][info ][safepoint      ] Application time: 0.0022983 seconds
[4.286s][info ][safepoint      ] Entering safepoint region: RevokeBias
[4.286s][info ][safepoint      ] Leaving safepoint region
[4.286s][info ][safepoint      ] Total time for which application threads were stopped: 0.0003112 seconds, Stopping threads took: 0.0001423 seconds
[4.286s][info ][safepoint      ] Application time: 0.0001390 seconds
[4.287s][info ][safepoint      ] Entering safepoint region: RevokeBias
[4.287s][info ][safepoint      ] Leaving safepoint region
[4.287s][info ][safepoint      ] Total time for which application threads were stopped: 0.0007819 seconds, Stopping threads took: 0.0001140 seconds
[4.289s][info ][safepoint      ] Application time: 0.0014015 seconds
[4.289s][info ][safepoint      ] Entering safepoint region: RevokeBias
[4.289s][info ][safepoint      ] Leaving safepoint region
[4.289s][info ][safepoint      ] Total time for which application threads were stopped: 0.0002724 seconds, Stopping threads took: 0.0000950 seconds
[4.294s][info ][safepoint      ] Application time: 0.0049632 seconds
[4.294s][info ][safepoint      ] Entering safepoint region: RevokeBias
[4.294s][info ][safepoint      ] Leaving safepoint region
[4.294s][info ][safepoint      ] Total time for which application threads were stopped: 0.0003085 seconds, Stopping threads took: 0.0001201 seconds
[4.295s][info ][safepoint      ] Application time: 0.0012589 seconds
[4.296s][info ][safepoint      ] Entering safepoint region: RevokeBias
[4.296s][info ][safepoint      ] Leaving safepoint region
[4.296s][info ][safepoint      ] Total time for which application threads were stopped: 0.0003058 seconds, Stopping threads took: 0.0001114 seconds
[4.333s][info ][safepoint      ] Application time: 0.0368002 seconds
[4.333s][info ][safepoint      ] Entering safepoint region: RevokeBias
[4.333s][info ][safepoint      ] Leaving safepoint region
[4.333s][info ][safepoint      ] Total time for which application threads were stopped: 0.0004966 seconds, Stopping threads took: 0.0002047 seconds
[4.333s][info ][safepoint      ] Application time: 0.0001904 seconds
[4.333s][info ][safepoint      ] Entering safepoint region: RevokeBias
[4.334s][info ][safepoint      ] Leaving safepoint region
[4.334s][info ][safepoint      ] Total time for which application threads were stopped: 0.0002966 seconds, Stopping threads took: 0.0001322 seconds
[4.365s][info ][safepoint      ] Application time: 0.0314239 seconds
[4.365s][info ][safepoint      ] Entering safepoint region: RevokeBias
[4.365s][info ][safepoint      ] Leaving safepoint region
[4.365s][info ][safepoint      ] Total time for which application threads were stopped: 0.0002747 seconds, Stopping threads took: 0.0000787 seconds
[4.366s][info ][safepoint      ] Application time: 0.0004354 seconds
[4.366s][info ][safepoint      ] Entering safepoint region: RevokeBias
[4.366s][info ][safepoint      ] Leaving safepoint region
[4.366s][info ][safepoint      ] Total time for which application threads were stopped: 0.0003080 seconds, Stopping threads took: 0.0001711 seconds
[4.380s][info ][safepoint      ] Application time: 0.0133906 seconds
[4.385s][info ][safepoint      ] Entering safepoint region: RevokeBias
[4.385s][info ][safepoint      ] Leaving safepoint region
[4.385s][info ][safepoint      ] Total time for which application threads were stopped: 0.0054680 seconds, Stopping threads took: 0.0052466 seconds
[4.397s][info ][safepoint      ] Application time: 0.0121414 seconds
[4.397s][info ][safepoint      ] Entering safepoint region: RevokeBias
[4.398s][info ][safepoint      ] Leaving safepoint region
[4.398s][info ][safepoint      ] Total time for which application threads were stopped: 0.0003801 seconds, Stopping threads took: 0.0000976 seconds
[4.399s][info ][safepoint      ] Application time: 0.0010868 seconds
[4.401s][info ][safepoint      ] Entering safepoint region: RevokeBias
[4.401s][info ][safepoint      ] Leaving safepoint region
[4.401s][info ][safepoint      ] Total time for which application threads were stopped: 0.0022143 seconds, Stopping threads took: 0.0020375 seconds
[4.401s][info ][safepoint      ] Application time: 0.0001951 seconds
[4.401s][info ][safepoint      ] Entering safepoint region: BulkRevokeBias
[4.402s][info ][safepoint      ] Leaving safepoint region
[4.402s][info ][safepoint      ] Total time for which application threads were stopped: 0.0007649 seconds, Stopping threads took: 0.0001493 seconds
[4.429s][info ][safepoint      ] Application time: 0.0269084 seconds
[4.429s][info ][safepoint      ] Entering safepoint region: Deoptimize
[4.430s][info ][safepoint      ] Leaving safepoint region
[4.430s][info ][safepoint      ] Total time for which application threads were stopped: 0.0009702 seconds, Stopping threads took: 0.0001561 seconds
[4.443s][info ][safepoint      ] Application time: 0.0128936 seconds
[4.443s][info ][safepoint      ] Entering safepoint region: RevokeBias
[4.443s][info ][safepoint      ] Leaving safepoint region
[4.443s][info ][safepoint      ] Total time for which application threads were stopped: 0.0004326 seconds, Stopping threads took: 0.0001917 seconds
[4.469s][info ][safepoint      ] Application time: 0.0259325 seconds
[4.469s][info ][safepoint      ] Entering safepoint region: RevokeBias
[4.470s][info ][safepoint      ] Leaving safepoint region
[4.470s][info ][safepoint      ] Total time for which application threads were stopped: 0.0004828 seconds, Stopping threads took: 0.0001494 seconds
[4.495s][info ][safepoint      ] Application time: 0.0252083 seconds
[4.495s][info ][safepoint      ] Entering safepoint region: Deoptimize
[4.496s][info ][safepoint      ] Leaving safepoint region
[4.496s][info ][safepoint      ] Total time for which application threads were stopped: 0.0007127 seconds, Stopping threads took: 0.0000957 seconds
[4.498s][info ][safepoint      ] Application time: 0.0025115 seconds
[4.498s][info ][safepoint      ] Entering safepoint region: Deoptimize
[4.499s][info ][safepoint      ] Leaving safepoint region
[4.499s][info ][safepoint      ] Total time for which application threads were stopped: 0.0005588 seconds, Stopping threads took: 0.0000799 seconds
[4.543s][info ][safepoint      ] Application time: 0.0447765 seconds
[4.545s][info ][safepoint      ] Entering safepoint region: RevokeBias
[4.545s][info ][safepoint      ] Leaving safepoint region
[4.545s][info ][safepoint      ] Total time for which application threads were stopped: 0.0013754 seconds, Stopping threads took: 0.0011900 seconds
[4.571s][info ][safepoint      ] Application time: 0.0263804 seconds
[4.571s][info ][safepoint      ] Entering safepoint region: RevokeBias
[4.572s][info ][safepoint      ] Leaving safepoint region
[4.572s][info ][safepoint      ] Total time for which application threads were stopped: 0.0003905 seconds, Stopping threads took: 0.0001516 seconds
[4.574s][info ][safepoint      ] Application time: 0.0023934 seconds
[4.574s][info ][safepoint      ] Entering safepoint region: RevokeBias
[4.574s][info ][safepoint      ] Leaving safepoint region
[4.574s][info ][safepoint      ] Total time for which application threads were stopped: 0.0003000 seconds, Stopping threads took: 0.0001221 seconds
[4.601s][info ][safepoint      ] Application time: 0.0270341 seconds
[4.602s][info ][safepoint      ] Entering safepoint region: RevokeBias
[4.602s][info ][safepoint      ] Leaving safepoint region
[4.602s][info ][safepoint      ] Total time for which application threads were stopped: 0.0004746 seconds, Stopping threads took: 0.0002539 seconds
[4.604s][info ][safepoint      ] Application time: 0.0024831 seconds
[4.605s][info ][safepoint      ] Entering safepoint region: RevokeBias
[4.605s][info ][safepoint      ] Leaving safepoint region
[4.605s][info ][safepoint      ] Total time for which application threads were stopped: 0.0003478 seconds, Stopping threads took: 0.0001833 seconds
[4.605s][info ][safepoint      ] Application time: 0.0004275 seconds
[4.605s][info ][safepoint      ] Entering safepoint region: RevokeBias
[4.605s][info ][safepoint      ] Leaving safepoint region
[4.605s][info ][safepoint      ] Total time for which application threads were stopped: 0.0002442 seconds, Stopping threads took: 0.0000771 seconds
[4.607s][info ][safepoint      ] Application time: 0.0020086 seconds
[4.608s][info ][safepoint      ] Entering safepoint region: RevokeBias
[4.608s][info ][safepoint      ] Leaving safepoint region
[4.608s][info ][safepoint      ] Total time for which application threads were stopped: 0.0003182 seconds, Stopping threads took: 0.0001414 seconds
[4.610s][info ][safepoint      ] Application time: 0.0017505 seconds
[4.610s][info ][safepoint      ] Entering safepoint region: RevokeBias
[4.610s][info ][safepoint      ] Leaving safepoint region
[4.610s][info ][safepoint      ] Total time for which application threads were stopped: 0.0003644 seconds, Stopping threads took: 0.0001315 seconds
[4.617s][info ][safepoint      ] Application time: 0.0067447 seconds
[4.617s][info ][safepoint      ] Entering safepoint region: RevokeBias
[4.617s][info ][safepoint      ] Leaving safepoint region
[4.617s][info ][safepoint      ] Total time for which application threads were stopped: 0.0004108 seconds, Stopping threads took: 0.0001737 seconds
[4.655s][info ][safepoint      ] Application time: 0.0378684 seconds
[4.655s][info ][safepoint      ] Entering safepoint region: RevokeBias
[4.655s][info ][safepoint      ] Leaving safepoint region
[4.655s][info ][safepoint      ] Total time for which application threads were stopped: 0.0003773 seconds, Stopping threads took: 0.0001462 seconds
[4.675s][info ][safepoint      ] Application time: 0.0195518 seconds
[4.675s][info ][safepoint      ] Entering safepoint region: RevokeBias
[4.675s][info ][safepoint      ] Leaving safepoint region
[4.675s][info ][safepoint      ] Total time for which application threads were stopped: 0.0003246 seconds, Stopping threads took: 0.0001251 seconds
[4.677s][info ][safepoint      ] Application time: 0.0016316 seconds
[4.677s][info ][safepoint      ] Entering safepoint region: RevokeBias
[4.677s][info ][safepoint      ] Leaving safepoint region
[4.677s][info ][safepoint      ] Total time for which application threads were stopped: 0.0005187 seconds, Stopping threads took: 0.0003625 seconds
[4.682s][info ][safepoint      ] Application time: 0.0044097 seconds
[4.682s][info ][safepoint      ] Entering safepoint region: RevokeBias
[4.682s][info ][safepoint      ] Leaving safepoint region
[4.682s][info ][safepoint      ] Total time for which application threads were stopped: 0.0004404 seconds, Stopping threads took: 0.0003023 seconds
[4.684s][info ][safepoint      ] Application time: 0.0017396 seconds
[4.685s][info ][safepoint      ] Entering safepoint region: RevokeBias
[4.685s][info ][safepoint      ] Leaving safepoint region
[4.685s][info ][safepoint      ] Total time for which application threads were stopped: 0.0007964 seconds, Stopping threads took: 0.0005972 seconds
[4.692s][info ][safepoint      ] Application time: 0.0069422 seconds
[4.692s][info ][safepoint      ] Entering safepoint region: RevokeBias
[4.692s][info ][safepoint      ] Leaving safepoint region
[4.692s][info ][safepoint      ] Total time for which application threads were stopped: 0.0005382 seconds, Stopping threads took: 0.0001727 seconds
[4.696s][info ][safepoint      ] Application time: 0.0032666 seconds
[4.696s][info ][safepoint      ] Entering safepoint region: RevokeBias
[4.696s][info ][safepoint      ] Leaving safepoint region
[4.696s][info ][safepoint      ] Total time for which application threads were stopped: 0.0003383 seconds, Stopping threads took: 0.0001423 seconds
[4.713s][info ][safepoint      ] Application time: 0.0166757 seconds
[4.713s][info ][safepoint      ] Entering safepoint region: RevokeBias
[4.713s][info ][safepoint      ] Leaving safepoint region
[4.713s][info ][safepoint      ] Total time for which application threads were stopped: 0.0004436 seconds, Stopping threads took: 0.0001811 seconds
[4.720s][info ][safepoint      ] Application time: 0.0064925 seconds
[4.720s][info ][safepoint      ] Entering safepoint region: BulkRevokeBias
[4.721s][info ][safepoint      ] Leaving safepoint region
[4.721s][info ][safepoint      ] Total time for which application threads were stopped: 0.0008447 seconds, Stopping threads took: 0.0000704 seconds
[4.789s][info ][safepoint      ] Application time: 0.0682708 seconds
[4.789s][info ][safepoint      ] Entering safepoint region: Deoptimize
[4.790s][info ][safepoint      ] Leaving safepoint region
[4.790s][info ][safepoint      ] Total time for which application threads were stopped: 0.0009829 seconds, Stopping threads took: 0.0002431 seconds
[4.873s][info ][safepoint      ] Application time: 0.0835147 seconds
[4.873s][info ][safepoint      ] Entering safepoint region: ICBufferFull
[4.874s][info ][safepoint      ] Leaving safepoint region
[4.874s][info ][safepoint      ] Total time for which application threads were stopped: 0.0003375 seconds, Stopping threads took: 0.0001085 seconds
[4.889s][info ][safepoint      ] Application time: 0.0153936 seconds
[4.889s][info ][safepoint      ] Entering safepoint region: Deoptimize
[4.890s][info ][safepoint      ] Leaving safepoint region
[4.890s][info ][safepoint      ] Total time for which application threads were stopped: 0.0009931 seconds, Stopping threads took: 0.0001436 seconds
[4.992s][info ][safepoint      ] Application time: 0.1022975 seconds
[4.993s][info ][safepoint      ] Entering safepoint region: ICBufferFull
[4.993s][info ][safepoint      ] Leaving safepoint region
[4.993s][info ][safepoint      ] Total time for which application threads were stopped: 0.0004114 seconds, Stopping threads took: 0.0001742 seconds
[5.020s][info ][safepoint      ] Application time: 0.0269673 seconds
[5.020s][info ][safepoint      ] Entering safepoint region: Deoptimize
[5.021s][info ][safepoint      ] Leaving safepoint region
[5.021s][info ][safepoint      ] Total time for which application threads were stopped: 0.0008524 seconds, Stopping threads took: 0.0000764 seconds
[5.119s][info ][safepoint      ] Application time: 0.0985711 seconds
[5.121s][info ][safepoint      ] Entering safepoint region: Deoptimize
[5.121s][info ][safepoint      ] Leaving safepoint region
[5.121s][info ][safepoint      ] Total time for which application threads were stopped: 0.0020687 seconds, Stopping threads took: 0.0013129 seconds
[5.184s][info ][safepoint      ] Application time: 0.0630217 seconds
[5.185s][info ][safepoint      ] Entering safepoint region: Deoptimize
[5.186s][info ][safepoint      ] Leaving safepoint region
[5.186s][info ][safepoint      ] Total time for which application threads were stopped: 0.0011047 seconds, Stopping threads took: 0.0002069 seconds
[5.407s][info ][safepoint      ] Application time: 0.2212000 seconds
[5.407s][info ][safepoint      ] Entering safepoint region: ParallelGCFailedAllocation
[5.407s][info ][gc,start       ] GC(4) Pause Young (Allocation Failure)
[5.539s][debug][gc,phases      ] GC(4) Scavenge 131.139ms
[5.539s][debug][gc,ref         ] GC(4) Skipped phase1 of Reference Processing due to unavailable references
[5.539s][debug][gc,ref         ] GC(4) Skipped phase3 of Reference Processing due to unavailable references
[5.539s][debug][gc,phases      ] GC(4) Reference Processing 0.516ms
[5.540s][debug][gc,phases      ] GC(4) Weak Processing 0.342ms
[5.541s][debug][gc,phases      ] GC(4) Scrub String Table 1.048ms
[5.541s][debug][gc,age         ] GC(4) Desired survivor size 536870912 bytes, new threshold 7 (max threshold 15)
[5.541s][info ][gc,heap        ] GC(4) PSYoungGen: 1095250K->129270K(1572864K)
[5.541s][info ][gc,heap        ] GC(4) ParOldGen: 5858K->5874K(6144K)
[5.541s][info ][gc,metaspace   ] GC(4) Metaspace: 48225K->48225K(1093632K)
[5.541s][info ][gc             ] GC(4) Pause Young (Allocation Failure) 1075M->131M(1542M) 133.211ms
[5.541s][info ][gc,cpu         ] GC(4) User=0.40s Sys=0.14s Real=0.13s
[5.541s][info ][safepoint      ] Leaving safepoint region
[5.541s][info ][safepoint      ] Total time for which application threads were stopped: 0.1338668 seconds, Stopping threads took: 0.0003668 seconds
[5.542s][info ][safepoint      ] Application time: 0.0015240 seconds
[5.543s][info ][safepoint      ] Entering safepoint region: RevokeBias
[5.543s][info ][safepoint      ] Leaving safepoint region
[5.543s][info ][safepoint      ] Total time for which application threads were stopped: 0.0004480 seconds, Stopping threads took: 0.0002927 seconds
[5.543s][info ][safepoint      ] Application time: 0.0000641 seconds
[5.543s][info ][safepoint      ] Entering safepoint region: RevokeBias
[5.543s][info ][safepoint      ] Leaving safepoint region
[5.543s][info ][safepoint      ] Total time for which application threads were stopped: 0.0001408 seconds, Stopping threads took: 0.0000498 seconds
[5.649s][info ][safepoint      ] Application time: 0.1058762 seconds
[5.649s][info ][safepoint      ] Entering safepoint region: Deoptimize
[5.650s][info ][safepoint      ] Leaving safepoint region
[5.650s][info ][safepoint      ] Total time for which application threads were stopped: 0.0012998 seconds, Stopping threads took: 0.0002097 seconds
[5.662s][info ][safepoint      ] Application time: 0.0117405 seconds
[5.662s][info ][safepoint      ] Entering safepoint region: RevokeBias
[5.662s][info ][safepoint      ] Leaving safepoint region
[5.662s][info ][safepoint      ] Total time for which application threads were stopped: 0.0004332 seconds, Stopping threads took: 0.0002277 seconds
[5.664s][info ][safepoint      ] Application time: 0.0017111 seconds
[5.664s][info ][safepoint      ] Entering safepoint region: RevokeBias
[5.665s][info ][safepoint      ] Leaving safepoint region
[5.665s][info ][safepoint      ] Total time for which application threads were stopped: 0.0003540 seconds, Stopping threads took: 0.0001743 seconds
[5.665s][info ][safepoint      ] Application time: 0.0008707 seconds
[5.666s][info ][safepoint      ] Entering safepoint region: RevokeBias
[5.666s][info ][safepoint      ] Leaving safepoint region
[5.666s][info ][safepoint      ] Total time for which application threads were stopped: 0.0004199 seconds, Stopping threads took: 0.0001672 seconds
[5.666s][info ][safepoint      ] Application time: 0.0000526 seconds
[5.666s][info ][safepoint      ] Entering safepoint region: RevokeBias
[5.666s][info ][safepoint      ] Leaving safepoint region
[5.666s][info ][safepoint      ] Total time for which application threads were stopped: 0.0002533 seconds, Stopping threads took: 0.0000750 seconds
[5.666s][info ][safepoint      ] Application time: 0.0002534 seconds
[5.667s][info ][safepoint      ] Entering safepoint region: RevokeBias
[5.667s][info ][safepoint      ] Leaving safepoint region
[5.667s][info ][safepoint      ] Total time for which application threads were stopped: 0.0002966 seconds, Stopping threads took: 0.0001420 seconds
[5.667s][info ][safepoint      ] Application time: 0.0000714 seconds
[5.667s][info ][safepoint      ] Entering safepoint region: RevokeBias
[5.667s][info ][safepoint      ] Leaving safepoint region
[5.667s][info ][safepoint      ] Total time for which application threads were stopped: 0.0002338 seconds, Stopping threads took: 0.0001027 seconds
[5.668s][info ][safepoint      ] Application time: 0.0007514 seconds
[5.668s][info ][safepoint      ] Entering safepoint region: RevokeBias
[5.668s][info ][safepoint      ] Leaving safepoint region
[5.668s][info ][safepoint      ] Total time for which application threads were stopped: 0.0002598 seconds, Stopping threads took: 0.0000858 seconds
[5.668s][info ][safepoint      ] Application time: 0.0003060 seconds
[5.669s][info ][safepoint      ] Entering safepoint region: RevokeBias
[5.669s][info ][safepoint      ] Leaving safepoint region
[5.669s][info ][safepoint      ] Total time for which application threads were stopped: 0.0003519 seconds, Stopping threads took: 0.0001758 seconds
[5.669s][info ][safepoint      ] Application time: 0.0004122 seconds
[5.669s][info ][safepoint      ] Entering safepoint region: RevokeBias
[5.669s][info ][safepoint      ] Leaving safepoint region
[5.669s][info ][safepoint      ] Total time for which application threads were stopped: 0.0001767 seconds, Stopping threads took: 0.0000279 seconds
[5.674s][info ][safepoint      ] Application time: 0.0046713 seconds
[5.674s][info ][safepoint      ] Entering safepoint region: RevokeBias
[5.675s][info ][safepoint      ] Leaving safepoint region
[5.675s][info ][safepoint      ] Total time for which application threads were stopped: 0.0004954 seconds, Stopping threads took: 0.0002787 seconds
[5.676s][info ][safepoint      ] Application time: 0.0011738 seconds
[5.679s][info ][safepoint      ] Entering safepoint region: RevokeBias
[5.679s][info ][safepoint      ] Leaving safepoint region
[5.679s][info ][safepoint      ] Total time for which application threads were stopped: 0.0034613 seconds, Stopping threads took: 0.0032798 seconds
[5.680s][info ][safepoint      ] Application time: 0.0003891 seconds
[5.683s][info ][safepoint      ] Entering safepoint region: RevokeBias
[5.683s][info ][safepoint      ] Leaving safepoint region
[5.683s][info ][safepoint      ] Total time for which application threads were stopped: 0.0036627 seconds, Stopping threads took: 0.0034591 seconds
[5.684s][info ][safepoint      ] Application time: 0.0010243 seconds
[5.685s][info ][safepoint      ] Entering safepoint region: RevokeBias
[5.685s][info ][safepoint      ] Leaving safepoint region
[5.685s][info ][safepoint      ] Total time for which application threads were stopped: 0.0004607 seconds, Stopping threads took: 0.0002888 seconds
[5.685s][info ][safepoint      ] Application time: 0.0001847 seconds
[5.685s][info ][safepoint      ] Entering safepoint region: RevokeBias
[5.685s][info ][safepoint      ] Leaving safepoint region
[5.685s][info ][safepoint      ] Total time for which application threads were stopped: 0.0003213 seconds, Stopping threads took: 0.0001518 seconds
[5.767s][info ][safepoint      ] Application time: 0.0811685 seconds
[5.770s][info ][safepoint      ] Entering safepoint region: RevokeBias
[5.770s][info ][safepoint      ] Leaving safepoint region
[5.770s][info ][safepoint      ] Total time for which application threads were stopped: 0.0034460 seconds, Stopping threads took: 0.0032189 seconds
[5.828s][info ][safepoint      ] Application time: 0.0583531 seconds
[5.829s][info ][safepoint      ] Entering safepoint region: ParallelGCFailedAllocation
[5.829s][info ][gc,start       ] GC(5) Pause Young (Allocation Failure)
[5.929s][debug][gc,phases      ] GC(5) Scavenge 99.419ms
[5.929s][debug][gc,ref         ] GC(5) Skipped phase1 of Reference Processing due to unavailable references
[5.929s][debug][gc,ref         ] GC(5) Skipped phase3 of Reference Processing due to unavailable references
[5.929s][debug][gc,phases      ] GC(5) Reference Processing 0.335ms
[5.929s][debug][gc,phases      ] GC(5) Weak Processing 0.301ms
[5.931s][debug][gc,phases      ] GC(5) Scrub String Table 1.135ms
[5.931s][debug][gc,age         ] GC(5) Desired survivor size 536870912 bytes, new threshold 7 (max threshold 15)
[5.931s][info ][gc,heap        ] GC(5) PSYoungGen: 1177846K->133807K(1572864K)
[5.931s][info ][gc,heap        ] GC(5) ParOldGen: 5874K->5882K(6144K)
[5.931s][info ][gc,metaspace   ] GC(5) Metaspace: 49581K->49581K(1093632K)
[5.931s][info ][gc             ] GC(5) Pause Young (Allocation Failure) 1155M->136M(1542M) 101.341ms
[5.931s][info ][gc,cpu         ] GC(5) User=0.32s Sys=0.09s Real=0.10s
[5.931s][info ][safepoint      ] Leaving safepoint region
[5.931s][info ][safepoint      ] Total time for which application threads were stopped: 0.1022933 seconds, Stopping threads took: 0.0006904 seconds
[6.306s][info ][safepoint      ] Application time: 0.3749829 seconds
[6.306s][info ][safepoint      ] Entering safepoint region: ParallelGCFailedAllocation
[6.306s][info ][gc,start       ] GC(6) Pause Young (Allocation Failure)
[6.391s][debug][gc,phases      ] GC(6) Scavenge 84.589ms
[6.391s][debug][gc,ref         ] GC(6) Skipped phase1 of Reference Processing due to unavailable references
[6.391s][debug][gc,ref         ] GC(6) Skipped phase3 of Reference Processing due to unavailable references
[6.391s][debug][gc,phases      ] GC(6) Reference Processing 0.277ms
[6.392s][debug][gc,phases      ] GC(6) Weak Processing 0.397ms
[6.393s][debug][gc,phases      ] GC(6) Scrub String Table 1.086ms
[6.393s][debug][gc,age         ] GC(6) Desired survivor size 211288064 bytes, new threshold 6 (max threshold 15)
[6.393s][info ][gc,heap        ] GC(6) PSYoungGen: 1182383K->140130K(1572864K)
[6.393s][info ][gc,heap        ] GC(6) ParOldGen: 5882K->5890K(6144K)
[6.393s][info ][gc,metaspace   ] GC(6) Metaspace: 49701K->49701K(1093632K)
[6.393s][info ][gc             ] GC(6) Pause Young (Allocation Failure) 1160M->142M(1542M) 86.512ms
[6.393s][info ][gc,cpu         ] GC(6) User=0.33s Sys=0.01s Real=0.08s
[6.393s][info ][safepoint      ] Leaving safepoint region
[6.393s][info ][safepoint      ] Total time for which application threads were stopped: 0.0870494 seconds, Stopping threads took: 0.0002467 seconds
[6.664s][info ][safepoint      ] Application time: 0.2714813 seconds
[6.664s][info ][safepoint      ] Entering safepoint region: ParallelGCFailedAllocation
[6.665s][info ][gc,start       ] GC(7) Pause Young (Allocation Failure)
[6.777s][debug][gc,phases      ] GC(7) Scavenge 112.088ms
[6.777s][debug][gc,ref         ] GC(7) Skipped phase1 of Reference Processing due to unavailable references
[6.778s][debug][gc,ref         ] GC(7) Skipped phase3 of Reference Processing due to unavailable references
[6.778s][debug][gc,phases      ] GC(7) Reference Processing 1.047ms
[6.778s][debug][gc,phases      ] GC(7) Weak Processing 0.296ms
[6.779s][debug][gc,phases      ] GC(7) Scrub String Table 1.076ms
[6.779s][debug][gc,age         ] GC(7) Desired survivor size 222822400 bytes, new threshold 5 (max threshold 15)
[6.779s][info ][gc,heap        ] GC(7) PSYoungGen: 1188706K->144095K(1868288K)
[6.779s][info ][gc,heap        ] GC(7) ParOldGen: 5890K->5898K(6144K)
[6.779s][info ][gc,metaspace   ] GC(7) Metaspace: 49927K->49927K(1095680K)
[6.779s][info ][gc             ] GC(7) Pause Young (Allocation Failure) 1166M->146M(1830M) 114.671ms
[6.779s][info ][gc,cpu         ] GC(7) User=0.37s Sys=0.08s Real=0.11s
[6.779s][info ][safepoint      ] Leaving safepoint region
[6.779s][info ][safepoint      ] Total time for which application threads were stopped: 0.1150990 seconds, Stopping threads took: 0.0001939 seconds
[6.780s][info ][safepoint      ] Application time: 0.0006736 seconds
[6.780s][info ][safepoint      ] Entering safepoint region: RevokeBias
[6.780s][info ][safepoint      ] Leaving safepoint region
[6.780s][info ][safepoint      ] Total time for which application threads were stopped: 0.0003758 seconds, Stopping threads took: 0.0001768 seconds
[6.781s][info ][safepoint      ] Application time: 0.0001039 seconds
[6.781s][info ][safepoint      ] Entering safepoint region: RevokeBias
[6.781s][info ][safepoint      ] Leaving safepoint region
[6.781s][info ][safepoint      ] Total time for which application threads were stopped: 0.0002161 seconds, Stopping threads took: 0.0000658 seconds
[6.786s][info ][safepoint      ] Application time: 0.0050961 seconds
[6.786s][info ][safepoint      ] Entering safepoint region: RevokeBias
[6.786s][info ][safepoint      ] Leaving safepoint region
[6.786s][info ][safepoint      ] Total time for which application threads were stopped: 0.0003275 seconds, Stopping threads took: 0.0001828 seconds
[6.799s][info ][safepoint      ] Application time: 0.0131672 seconds
[6.800s][info ][safepoint      ] Entering safepoint region: BulkRevokeBias
[6.802s][info ][safepoint      ] Leaving safepoint region
[6.802s][info ][safepoint      ] Total time for which application threads were stopped: 0.0025191 seconds, Stopping threads took: 0.0003706 seconds
[6.808s][info ][safepoint      ] Application time: 0.0062336 seconds
[6.808s][info ][safepoint      ] Entering safepoint region: RevokeBias
[6.809s][info ][safepoint      ] Leaving safepoint region
[6.809s][info ][safepoint      ] Total time for which application threads were stopped: 0.0003382 seconds, Stopping threads took: 0.0001492 seconds
[6.874s][info ][safepoint      ] Application time: 0.0649503 seconds
[6.874s][info ][safepoint      ] Entering safepoint region: RevokeBias
[6.874s][info ][safepoint      ] Leaving safepoint region
[6.874s][info ][safepoint      ] Total time for which application threads were stopped: 0.0003964 seconds, Stopping threads took: 0.0002194 seconds
[7.026s][info ][safepoint      ] Application time: 0.1524080 seconds
[7.027s][info ][safepoint      ] Entering safepoint region: ICBufferFull
[7.027s][info ][safepoint      ] Leaving safepoint region
[7.027s][info ][safepoint      ] Total time for which application threads were stopped: 0.0006646 seconds, Stopping threads took: 0.0003467 seconds
[7.132s][info ][safepoint      ] Application time: 0.1046346 seconds
[7.132s][info ][safepoint      ] Entering safepoint region: Deoptimize
[7.133s][info ][safepoint      ] Leaving safepoint region
[7.133s][info ][safepoint      ] Total time for which application threads were stopped: 0.0011726 seconds, Stopping threads took: 0.0001743 seconds
[7.251s][info ][safepoint      ] Application time: 0.1180347 seconds
[7.251s][info ][safepoint      ] Entering safepoint region: ParallelGCFailedAllocation
[7.251s][info ][gc,start       ] GC(8) Pause Young (Allocation Failure)
[7.368s][debug][gc,phases      ] GC(8) Scavenge 116.486ms
[7.368s][debug][gc,ref         ] GC(8) Skipped phase1 of Reference Processing due to unavailable references
[7.368s][debug][gc,ref         ] GC(8) Skipped phase3 of Reference Processing due to unavailable references
[7.368s][debug][gc,phases      ] GC(8) Reference Processing 0.275ms
[7.369s][debug][gc,phases      ] GC(8) Weak Processing 0.410ms
[7.370s][debug][gc,phases      ] GC(8) Scrub String Table 1.355ms
[7.370s][debug][gc,age         ] GC(8) Desired survivor size 207618048 bytes, new threshold 4 (max threshold 15)
[7.370s][info ][gc,heap        ] GC(8) PSYoungGen: 1806047K->92080K(1879552K)
[7.370s][info ][gc,heap        ] GC(8) ParOldGen: 5898K->52512K(52736K)
[7.370s][info ][gc,metaspace   ] GC(8) Metaspace: 51624K->51624K(1095680K)
[7.370s][info ][gc             ] GC(8) Pause Young (Allocation Failure) 1769M->141M(1887M) 118.696ms
[7.370s][info ][gc,cpu         ] GC(8) User=0.48s Sys=0.03s Real=0.12s
[7.370s][debug][gc,phases      ] GC(9) Pre Compact 0.013ms
[7.370s][info ][gc,start       ] GC(9) Pause Full (Ergonomics)
[7.370s][info ][gc,phases,start] GC(9) Marking Phase
[7.487s][debug][gc,phases      ] GC(9) Par Mark 116.395ms
[7.487s][debug][gc,ref         ] GC(9) Skipped phase1 of Reference Processing due to unavailable references
[7.487s][debug][gc,ref         ] GC(9) Skipped phase3 of Reference Processing due to unavailable references
[7.487s][debug][gc,phases      ] GC(9) Reference Processing 0.279ms
[7.487s][debug][gc,phases      ] GC(9) Weak Processing 0.121ms
[7.489s][debug][gc,phases      ] GC(9) ClassLoaderData 1.176ms
[7.489s][debug][gc,phases      ] GC(9) Dictionary 0.017ms
[7.489s][debug][gc,phases      ] GC(9) ProtectionDomainCacheTable 0.002ms
[7.489s][debug][gc,phases      ] GC(9) ResolvedMethodTable 0.167ms
[7.502s][debug][gc,phases      ] GC(9) Class Unloading 14.340ms
[7.502s][debug][gc,phases      ] GC(9) Scrub String Table 0.537ms
[7.508s][debug][gc,phases      ] GC(9) Scrub Symbol Table 5.519ms
[7.508s][info ][gc,phases      ] GC(9) Marking Phase 137.727ms
[7.508s][info ][gc,phases,start] GC(9) Summary Phase
[7.508s][info ][gc,phases      ] GC(9) Summary Phase 0.010ms
[7.508s][info ][gc,phases,start] GC(9) Adjust Roots
[7.546s][info ][gc,phases      ] GC(9) Adjust Roots 38.288ms
[7.546s][info ][gc,phases,start] GC(9) Compaction Phase
[8.418s][info ][gc,phases      ] GC(9) Compaction Phase 872.136ms
[8.418s][info ][gc,phases,start] GC(9) Post Compact
[8.420s][info ][gc,phases      ] GC(9) Post Compact 1.193ms
[8.420s][info ][gc,heap        ] GC(9) PSYoungGen: 92080K->91786K(1879552K)
[8.420s][info ][gc,heap        ] GC(9) ParOldGen: 52512K->52191K(86016K)
[8.420s][info ][gc,metaspace   ] GC(9) Metaspace: 51624K->51514K(1095680K)
[8.420s][info ][gc             ] GC(9) Pause Full (Ergonomics) 141M->140M(1919M) 1049.664ms
[8.420s][info ][gc,cpu         ] GC(9) User=3.87s Sys=0.02s Real=1.05s
[8.420s][info ][safepoint      ] Leaving safepoint region
[8.420s][info ][safepoint      ] Total time for which application threads were stopped: 1.1688309 seconds, Stopping threads took: 0.0001290 seconds
[8.549s][info ][safepoint      ] Application time: 0.1295304 seconds
[8.550s][info ][safepoint      ] Entering safepoint region: ICBufferFull
[8.550s][info ][safepoint      ] Leaving safepoint region
[8.550s][info ][safepoint      ] Total time for which application threads were stopped: 0.0007040 seconds, Stopping threads took: 0.0004287 seconds
[8.710s][info ][safepoint      ] Application time: 0.1602035 seconds
[8.710s][info ][safepoint      ] Entering safepoint region: ICBufferFull
[8.711s][info ][safepoint      ] Leaving safepoint region
[8.711s][info ][safepoint      ] Total time for which application threads were stopped: 0.0003688 seconds, Stopping threads took: 0.0001142 seconds
[8.803s][info ][safepoint      ] Application time: 0.0925123 seconds
[8.803s][info ][safepoint      ] Entering safepoint region: ICBufferFull
[8.804s][info ][safepoint      ] Leaving safepoint region
[8.804s][info ][safepoint      ] Total time for which application threads were stopped: 0.0003683 seconds, Stopping threads took: 0.0001602 seconds
[8.847s][info ][safepoint      ] Application time: 0.0431354 seconds
[8.847s][info ][safepoint      ] Entering safepoint region: ParallelGCFailedAllocation
[8.847s][info ][gc,start       ] GC(10) Pause Young (Allocation Failure)
[8.979s][debug][gc,phases      ] GC(10) Scavenge 132.117ms
[8.979s][debug][gc,ref         ] GC(10) Skipped phase1 of Reference Processing due to unavailable references
[8.979s][debug][gc,ref         ] GC(10) Skipped phase3 of Reference Processing due to unavailable references
[8.979s][debug][gc,phases      ] GC(10) Reference Processing 0.089ms
[8.980s][debug][gc,phases      ] GC(10) Weak Processing 0.248ms
[8.980s][debug][gc,phases      ] GC(10) Scrub String Table 0.644ms
[8.980s][debug][gc,age         ] GC(10) Desired survivor size 213385216 bytes, new threshold 5 (max threshold 15)
[8.980s][info ][gc,heap        ] GC(10) PSYoungGen: 1753738K->8672K(1883136K)
[8.980s][info ][gc,heap        ] GC(10) ParOldGen: 52191K->138340K(138752K)
[8.980s][info ][gc,metaspace   ] GC(10) Metaspace: 51695K->51695K(1095680K)
[8.980s][info ][gc             ] GC(10) Pause Young (Allocation Failure) 1763M->143M(1974M) 133.267ms
[8.980s][info ][gc,cpu         ] GC(10) User=0.47s Sys=0.08s Real=0.13s
[8.981s][debug][gc,phases      ] GC(11) Pre Compact 0.013ms
[8.981s][info ][gc,start       ] GC(11) Pause Full (Ergonomics)
[8.981s][info ][gc,phases,start] GC(11) Marking Phase
[9.106s][debug][gc,phases      ] GC(11) Par Mark 125.085ms
[9.106s][debug][gc,ref         ] GC(11) Skipped phase1 of Reference Processing due to unavailable references
[9.107s][debug][gc,ref         ] GC(11) Skipped phase3 of Reference Processing due to unavailable references
[9.107s][debug][gc,phases      ] GC(11) Reference Processing 0.352ms
[9.107s][debug][gc,phases      ] GC(11) Weak Processing 0.233ms
[9.108s][debug][gc,phases      ] GC(11) ClassLoaderData 0.477ms
[9.108s][debug][gc,phases      ] GC(11) ProtectionDomainCacheTable 0.004ms
[9.108s][debug][gc,phases      ] GC(11) ResolvedMethodTable 0.206ms
[9.112s][debug][gc,phases      ] GC(11) Class Unloading 4.479ms
[9.112s][debug][gc,phases      ] GC(11) Scrub String Table 0.751ms
[9.117s][debug][gc,phases      ] GC(11) Scrub Symbol Table 4.920ms
[9.117s][info ][gc,phases      ] GC(11) Marking Phase 136.669ms
[9.117s][info ][gc,phases,start] GC(11) Summary Phase
[9.117s][info ][gc,phases      ] GC(11) Summary Phase 0.009ms
[9.117s][info ][gc,phases,start] GC(11) Adjust Roots
[9.137s][info ][gc,phases      ] GC(11) Adjust Roots 19.396ms
[9.137s][info ][gc,phases,start] GC(11) Compaction Phase
[9.817s][info ][gc,phases      ] GC(11) Compaction Phase 680.728ms
[9.817s][info ][gc,phases,start] GC(11) Post Compact
[9.818s][info ][gc,phases      ] GC(11) Post Compact 0.938ms
[9.819s][info ][gc,heap        ] GC(11) PSYoungGen: 8672K->8082K(1883136K)
[9.819s][info ][gc,heap        ] GC(11) ParOldGen: 138340K->138547K(212992K)
[9.819s][info ][gc,metaspace   ] GC(11) Metaspace: 51695K->51695K(1095680K)
[9.819s][info ][gc             ] GC(11) Pause Full (Ergonomics) 143M->143M(2047M) 838.140ms
[9.819s][info ][gc,cpu         ] GC(11) User=3.08s Sys=0.06s Real=0.84s
[9.819s][info ][safepoint      ] Leaving safepoint region
[9.819s][info ][safepoint      ] Total time for which application threads were stopped: 0.9719776 seconds, Stopping threads took: 0.0002550 seconds
[10.112s][info ][safepoint      ] Application time: 0.2928651 seconds
[10.112s][info ][safepoint      ] Entering safepoint region: ParallelGCFailedAllocation
[10.112s][info ][gc,start       ] GC(12) Pause Young (Allocation Failure)
[10.138s][debug][gc,phases      ] GC(12) Scavenge 26.227ms
[10.138s][debug][gc,ref         ] GC(12) Skipped phase1 of Reference Processing due to unavailable references
[10.138s][debug][gc,ref         ] GC(12) Skipped phase3 of Reference Processing due to unavailable references
[10.138s][debug][gc,ref         ] GC(12) Skipped phase4 of Reference Processing due to unavailable references
[10.138s][debug][gc,phases      ] GC(12) Reference Processing 0.069ms
[10.139s][debug][gc,phases      ] GC(12) Weak Processing 0.100ms
[10.139s][debug][gc,phases      ] GC(12) Scrub String Table 0.355ms
[10.139s][debug][gc,age         ] GC(12) Desired survivor size 213909504 bytes, new threshold 6 (max threshold 15)
[10.139s][info ][gc,heap        ] GC(12) PSYoungGen: 1688466K->12096K(1692672K)
[10.139s][info ][gc,heap        ] GC(12) ParOldGen: 138547K->138555K(212992K)
[10.139s][info ][gc,metaspace   ] GC(12) Metaspace: 51698K->51698K(1095680K)
[10.139s][info ][gc             ] GC(12) Pause Young (Allocation Failure) 1784M->147M(1861M) 26.907ms
[10.139s][info ][gc,cpu         ] GC(12) User=0.11s Sys=0.00s Real=0.03s
[10.139s][info ][safepoint      ] Leaving safepoint region
[10.139s][info ][safepoint      ] Total time for which application threads were stopped: 0.0273722 seconds, Stopping threads took: 0.0001916 seconds
[10.197s][info ][safepoint      ] Application time: 0.0575555 seconds
[10.197s][info ][safepoint      ] Entering safepoint region: Deoptimize
[10.198s][info ][safepoint      ] Leaving safepoint region
[10.198s][info ][safepoint      ] Total time for which application threads were stopped: 0.0011227 seconds, Stopping threads took: 0.0001869 seconds
[10.232s][info ][safepoint      ] Application time: 0.0346906 seconds
[10.233s][info ][safepoint      ] Entering safepoint region: RevokeBias
[10.233s][info ][safepoint      ] Leaving safepoint region
[10.233s][info ][safepoint      ] Total time for which application threads were stopped: 0.0004091 seconds, Stopping threads took: 0.0001842 seconds
[10.259s][info ][safepoint      ] Application time: 0.0260390 seconds
[10.259s][info ][safepoint      ] Entering safepoint region: RevokeBias
[10.259s][info ][safepoint      ] Leaving safepoint region
[10.259s][info ][safepoint      ] Total time for which application threads were stopped: 0.0005271 seconds, Stopping threads took: 0.0003892 seconds
[10.260s][info ][safepoint      ] Application time: 0.0000630 seconds
[10.260s][info ][safepoint      ] Entering safepoint region: RevokeBias
[10.260s][info ][safepoint      ] Leaving safepoint region
[10.260s][info ][safepoint      ] Total time for which application threads were stopped: 0.0001253 seconds, Stopping threads took: 0.0000455 seconds
[10.260s][info ][safepoint      ] Application time: 0.0000340 seconds
[10.260s][info ][safepoint      ] Entering safepoint region: RevokeBias
[10.260s][info ][safepoint      ] Leaving safepoint region
[10.260s][info ][safepoint      ] Total time for which application threads were stopped: 0.0001608 seconds, Stopping threads took: 0.0000888 seconds
[10.261s][info ][safepoint      ] Application time: 0.0009673 seconds
[10.261s][info ][safepoint      ] Entering safepoint region: RevokeBias
[10.261s][info ][safepoint      ] Leaving safepoint region
[10.261s][info ][safepoint      ] Total time for which application threads were stopped: 0.0002573 seconds, Stopping threads took: 0.0001732 seconds
[10.401s][info ][safepoint      ] Application time: 0.1402265 seconds
[10.402s][info ][safepoint      ] Entering safepoint region: Deoptimize
[10.403s][info ][safepoint      ] Leaving safepoint region
[10.403s][info ][safepoint      ] Total time for which application threads were stopped: 0.0012293 seconds, Stopping threads took: 0.0002341 seconds
[10.406s][info ][safepoint      ] Application time: 0.0032353 seconds
[10.408s][info ][safepoint      ] Entering safepoint region: Deoptimize
[10.409s][info ][safepoint      ] Leaving safepoint region
[10.409s][info ][safepoint      ] Total time for which application threads were stopped: 0.0030896 seconds, Stopping threads took: 0.0021979 seconds
[10.412s][info ][safepoint      ] Application time: 0.0027912 seconds
[10.412s][info ][safepoint      ] Entering safepoint region: RevokeBias
[10.412s][info ][safepoint      ] Leaving safepoint region
[10.412s][info ][safepoint      ] Total time for which application threads were stopped: 0.0002562 seconds, Stopping threads took: 0.0001534 seconds
[10.429s][info ][safepoint      ] Application time: 0.0174107 seconds
[10.430s][info ][safepoint      ] Entering safepoint region: RevokeBias
[10.430s][info ][safepoint      ] Leaving safepoint region
[10.430s][info ][safepoint      ] Total time for which application threads were stopped: 0.0003234 seconds, Stopping threads took: 0.0001685 seconds
[10.445s][info ][safepoint      ] Application time: 0.0156156 seconds
[10.446s][info ][safepoint      ] Entering safepoint region: Deoptimize
[10.447s][info ][safepoint      ] Leaving safepoint region
[10.447s][info ][safepoint      ] Total time for which application threads were stopped: 0.0012191 seconds, Stopping threads took: 0.0001769 seconds
[10.466s][info ][safepoint      ] Application time: 0.0197324 seconds
[10.467s][info ][safepoint      ] Entering safepoint region: ParallelGCFailedAllocation
[10.467s][info ][gc,start       ] GC(13) Pause Young (Allocation Failure)
[10.478s][debug][gc,phases      ] GC(13) Scavenge 10.972ms
[10.478s][debug][gc,ref         ] GC(13) Skipped phase1 of Reference Processing due to unavailable references
[10.478s][debug][gc,ref         ] GC(13) Skipped phase3 of Reference Processing due to unavailable references
[10.478s][debug][gc,phases      ] GC(13) Reference Processing 0.084ms
[10.478s][debug][gc,phases      ] GC(13) Weak Processing 0.102ms
[10.478s][debug][gc,phases      ] GC(13) Scrub String Table 0.404ms
[10.478s][debug][gc,age         ] GC(13) Desired survivor size 212336640 bytes, new threshold 7 (max threshold 15)
[10.478s][info ][gc,heap        ] GC(13) PSYoungGen: 1692480K->13760K(1889792K)
[10.478s][info ][gc,heap        ] GC(13) ParOldGen: 138555K->138563K(212992K)
[10.478s][info ][gc,metaspace   ] GC(13) Metaspace: 53505K->53505K(1097728K)
[10.478s][info ][gc             ] GC(13) Pause Young (Allocation Failure) 1788M->148M(2053M) 11.728ms
[10.478s][info ][gc,cpu         ] GC(13) User=0.04s Sys=0.00s Real=0.01s
[10.479s][info ][safepoint      ] Leaving safepoint region
[10.479s][info ][safepoint      ] Total time for which application threads were stopped: 0.0120640 seconds, Stopping threads took: 0.0001132 seconds
[10.504s][info ][safepoint      ] Application time: 0.0254237 seconds
[10.504s][info ][safepoint      ] Entering safepoint region: RevokeBias
[10.504s][info ][safepoint      ] Leaving safepoint region
[10.504s][info ][safepoint      ] Total time for which application threads were stopped: 0.0004947 seconds, Stopping threads took: 0.0003783 seconds
[10.552s][info ][safepoint      ] Application time: 0.0471879 seconds
[10.552s][info ][safepoint      ] Entering safepoint region: RevokeBias
[10.553s][info ][safepoint      ] Leaving safepoint region
[10.553s][info ][safepoint      ] Total time for which application threads were stopped: 0.0014310 seconds, Stopping threads took: 0.0001885 seconds
[10.554s][info ][safepoint      ] Application time: 0.0006064 seconds
[10.554s][info ][safepoint      ] Entering safepoint region: RevokeBias
[10.554s][info ][safepoint      ] Leaving safepoint region
[10.554s][info ][safepoint      ] Total time for which application threads were stopped: 0.0002560 seconds, Stopping threads took: 0.0001593 seconds
[10.606s][info ][safepoint      ] Application time: 0.0521322 seconds
[10.607s][info ][safepoint      ] Entering safepoint region: RevokeBias
[10.607s][info ][safepoint      ] Leaving safepoint region
[10.607s][info ][safepoint      ] Total time for which application threads were stopped: 0.0006811 seconds, Stopping threads took: 0.0005010 seconds
[10.607s][info ][safepoint      ] Application time: 0.0000511 seconds
[10.607s][info ][safepoint      ] Entering safepoint region: RevokeBias
[10.607s][info ][safepoint      ] Leaving safepoint region
[10.607s][info ][safepoint      ] Total time for which application threads were stopped: 0.0001488 seconds, Stopping threads took: 0.0000693 seconds
[10.640s][info ][safepoint      ] Application time: 0.0329667 seconds
[10.641s][info ][safepoint      ] Entering safepoint region: RevokeBias
[10.641s][info ][safepoint      ] Leaving safepoint region
[10.641s][info ][safepoint      ] Total time for which application threads were stopped: 0.0010787 seconds, Stopping threads took: 0.0009300 seconds
[10.667s][info ][safepoint      ] Application time: 0.0262227 seconds
[10.668s][info ][safepoint      ] Entering safepoint region: RevokeBias
[10.668s][info ][safepoint      ] Leaving safepoint region
[10.668s][info ][safepoint      ] Total time for which application threads were stopped: 0.0003332 seconds, Stopping threads took: 0.0002062 seconds
[10.668s][info ][safepoint      ] Application time: 0.0004300 seconds
[10.668s][info ][safepoint      ] Entering safepoint region: RevokeBias
[10.669s][info ][safepoint      ] Leaving safepoint region
[10.669s][info ][safepoint      ] Total time for which application threads were stopped: 0.0002989 seconds, Stopping threads took: 0.0001596 seconds
[10.729s][info ][safepoint      ] Application time: 0.0605781 seconds
[10.729s][info ][safepoint      ] Entering safepoint region: Deoptimize
[10.731s][info ][safepoint      ] Leaving safepoint region
[10.731s][info ][safepoint      ] Total time for which application threads were stopped: 0.0014179 seconds, Stopping threads took: 0.0003673 seconds
[10.737s][info ][safepoint      ] Application time: 0.0065159 seconds
[10.738s][info ][safepoint      ] Entering safepoint region: RevokeBias
[10.738s][info ][safepoint      ] Leaving safepoint region
[10.738s][info ][safepoint      ] Total time for which application threads were stopped: 0.0009984 seconds, Stopping threads took: 0.0008826 seconds
[10.747s][info ][safepoint      ] Application time: 0.0092362 seconds
[10.748s][info ][safepoint      ] Entering safepoint region: RevokeBias
[10.748s][info ][safepoint      ] Leaving safepoint region
[10.748s][info ][safepoint      ] Total time for which application threads were stopped: 0.0003202 seconds, Stopping threads took: 0.0001821 seconds
[10.748s][info ][safepoint      ] Application time: 0.0004146 seconds
[10.748s][info ][safepoint      ] Entering safepoint region: RevokeBias
[10.748s][info ][safepoint      ] Leaving safepoint region
[10.748s][info ][safepoint      ] Total time for which application threads were stopped: 0.0002579 seconds, Stopping threads took: 0.0001461 seconds
[10.749s][info ][safepoint      ] Application time: 0.0006442 seconds
[10.749s][info ][safepoint      ] Entering safepoint region: RevokeBias
[10.749s][info ][safepoint      ] Leaving safepoint region
[10.749s][info ][safepoint      ] Total time for which application threads were stopped: 0.0002425 seconds, Stopping threads took: 0.0001418 seconds
[10.800s][info ][safepoint      ] Application time: 0.0510106 seconds
[10.807s][info ][safepoint      ] Entering safepoint region: RevokeBias
[10.807s][info ][safepoint      ] Leaving safepoint region
[10.807s][info ][safepoint      ] Total time for which application threads were stopped: 0.0065456 seconds, Stopping threads took: 0.0063334 seconds
[10.807s][info ][safepoint      ] Application time: 0.0000747 seconds
[10.807s][info ][safepoint      ] Entering safepoint region: RevokeBias
[10.807s][info ][safepoint      ] Leaving safepoint region
[10.807s][info ][safepoint      ] Total time for which application threads were stopped: 0.0002164 seconds, Stopping threads took: 0.0001092 seconds
[10.814s][info ][safepoint      ] Application time: 0.0066354 seconds
[10.814s][info ][safepoint      ] Entering safepoint region: RevokeBias
[10.814s][info ][safepoint      ] Leaving safepoint region
[10.814s][info ][safepoint      ] Total time for which application threads were stopped: 0.0003342 seconds, Stopping threads took: 0.0001988 seconds
[10.814s][info ][safepoint      ] Application time: 0.0000787 seconds
[10.814s][info ][safepoint      ] Entering safepoint region: RevokeBias
[10.815s][info ][safepoint      ] Leaving safepoint region
[10.815s][info ][safepoint      ] Total time for which application threads were stopped: 0.0002345 seconds, Stopping threads took: 0.0001202 seconds
[10.824s][info ][safepoint      ] Application time: 0.0089495 seconds
[10.824s][info ][safepoint      ] Entering safepoint region: RevokeBias
[10.824s][info ][safepoint      ] Leaving safepoint region
[10.824s][info ][safepoint      ] Total time for which application threads were stopped: 0.0003696 seconds, Stopping threads took: 0.0001994 seconds
[10.824s][info ][safepoint      ] Application time: 0.0000501 seconds
[10.824s][info ][safepoint      ] Entering safepoint region: RevokeBias
[10.824s][info ][safepoint      ] Leaving safepoint region
[10.824s][info ][safepoint      ] Total time for which application threads were stopped: 0.0001336 seconds, Stopping threads took: 0.0000517 seconds
[10.836s][info ][safepoint      ] Application time: 0.0123244 seconds
[10.837s][info ][safepoint      ] Entering safepoint region: ParallelGCFailedAllocation
[10.837s][info ][gc,start       ] GC(14) Pause Young (Allocation Failure)
[10.860s][debug][gc,phases      ] GC(14) Scavenge 23.095ms
[10.860s][debug][gc,ref         ] GC(14) Skipped phase1 of Reference Processing due to unavailable references
[10.860s][debug][gc,ref         ] GC(14) Skipped phase3 of Reference Processing due to unavailable references
[10.860s][debug][gc,phases      ] GC(14) Reference Processing 0.136ms
[10.860s][debug][gc,phases      ] GC(14) Weak Processing 0.140ms
[10.861s][debug][gc,phases      ] GC(14) Scrub String Table 0.431ms
[10.861s][debug][gc,age         ] GC(14) Desired survivor size 206569472 bytes, new threshold 8 (max threshold 15)
[10.861s][info ][gc,heap        ] GC(14) PSYoungGen: 1694656K->24496K(1888256K)
[10.861s][info ][gc,heap        ] GC(14) ParOldGen: 138563K->138571K(212992K)
[10.861s][info ][gc,metaspace   ] GC(14) Metaspace: 57599K->57599K(1101824K)
[10.861s][info ][gc             ] GC(14) Pause Young (Allocation Failure) 1790M->159M(2052M) 23.951ms
[10.861s][info ][gc,cpu         ] GC(14) User=0.09s Sys=0.00s Real=0.02s
[10.861s][info ][safepoint      ] Leaving safepoint region
[10.861s][info ][safepoint      ] Total time for which application threads were stopped: 0.0245282 seconds, Stopping threads took: 0.0003502 seconds
[11.134s][info ][safepoint      ] Application time: 0.2732420 seconds
[11.135s][info ][safepoint      ] Entering safepoint region: Deoptimize
[11.136s][info ][safepoint      ] Leaving safepoint region
[11.136s][info ][safepoint      ] Total time for which application threads were stopped: 0.0014972 seconds, Stopping threads took: 0.0002486 seconds
[11.162s][info ][safepoint      ] Application time: 0.0260240 seconds
[11.162s][info ][safepoint      ] Entering safepoint region: ParallelGCFailedAllocation
[11.162s][info ][gc,start       ] GC(15) Pause Young (Allocation Failure)
[11.181s][debug][gc,phases      ] GC(15) Scavenge 19.016ms
[11.181s][debug][gc,ref         ] GC(15) Skipped phase1 of Reference Processing due to unavailable references
[11.182s][debug][gc,ref         ] GC(15) Skipped phase3 of Reference Processing due to unavailable references
[11.182s][debug][gc,phases      ] GC(15) Reference Processing 0.114ms
[11.182s][debug][gc,phases      ] GC(15) Weak Processing 0.162ms
[11.182s][debug][gc,phases      ] GC(15) Scrub String Table 0.573ms
[11.182s][debug][gc,age         ] GC(15) Desired survivor size 198705152 bytes, new threshold 9 (max threshold 15)
[11.182s][info ][gc,heap        ] GC(15) PSYoungGen: 1705392K->36816K(1903104K)
[11.182s][info ][gc,heap        ] GC(15) ParOldGen: 138571K->138579K(212992K)
[11.182s][info ][gc,metaspace   ] GC(15) Metaspace: 57976K->57976K(1101824K)
[11.182s][info ][gc             ] GC(15) Pause Young (Allocation Failure) 1800M->171M(2066M) 20.032ms
[11.182s][info ][gc,cpu         ] GC(15) User=0.09s Sys=0.00s Real=0.02s
[11.182s][info ][safepoint      ] Leaving safepoint region
[11.182s][info ][safepoint      ] Total time for which application threads were stopped: 0.0205820 seconds, Stopping threads took: 0.0002959 seconds
[11.209s][info ][safepoint      ] Application time: 0.0264090 seconds
[11.210s][info ][safepoint      ] Entering safepoint region: RevokeBias
[11.210s][info ][safepoint      ] Leaving safepoint region
[11.210s][info ][safepoint      ] Total time for which application threads were stopped: 0.0011671 seconds, Stopping threads took: 0.0010055 seconds
[11.210s][info ][safepoint      ] Application time: 0.0000676 seconds
[11.210s][info ][safepoint      ] Entering safepoint region: RevokeBias
[11.210s][info ][safepoint      ] Leaving safepoint region
[11.210s][info ][safepoint      ] Total time for which application threads were stopped: 0.0001736 seconds, Stopping threads took: 0.0000671 seconds
[11.218s][info ][safepoint      ] Application time: 0.0074599 seconds
[11.218s][info ][safepoint      ] Entering safepoint region: RevokeBias
[11.218s][info ][safepoint      ] Leaving safepoint region
[11.218s][info ][safepoint      ] Total time for which application threads were stopped: 0.0003458 seconds, Stopping threads took: 0.0001715 seconds
[11.486s][info ][safepoint      ] Application time: 0.2675371 seconds
[11.486s][info ][safepoint      ] Entering safepoint region: ParallelGCFailedAllocation
[11.486s][info ][gc,start       ] GC(16) Pause Young (Allocation Failure)
[11.510s][debug][gc,phases      ] GC(16) Scavenge 23.551ms
[11.510s][debug][gc,ref         ] GC(16) Skipped phase1 of Reference Processing due to unavailable references
[11.510s][debug][gc,ref         ] GC(16) Skipped phase3 of Reference Processing due to unavailable references
[11.510s][debug][gc,phases      ] GC(16) Reference Processing 0.112ms
[11.510s][debug][gc,phases      ] GC(16) Weak Processing 0.141ms
[11.511s][debug][gc,phases      ] GC(16) Scrub String Table 0.431ms
[11.511s][debug][gc,age         ] GC(16) Desired survivor size 187170816 bytes, new threshold 10 (max threshold 15)
[11.511s][info ][gc,heap        ] GC(16) PSYoungGen: 1738192K->54305K(1895424K)
[11.511s][info ][gc,heap        ] GC(16) ParOldGen: 138579K->138587K(212992K)
[11.511s][info ][gc,metaspace   ] GC(16) Metaspace: 58143K->58143K(1101824K)
[11.511s][info ][gc             ] GC(16) Pause Young (Allocation Failure) 1832M->188M(2059M) 24.388ms
[11.511s][info ][gc,cpu         ] GC(16) User=0.10s Sys=0.00s Real=0.02s
[11.511s][info ][safepoint      ] Leaving safepoint region
[11.511s][info ][safepoint      ] Total time for which application threads were stopped: 0.0249075 seconds, Stopping threads took: 0.0002237 seconds
[11.768s][info ][safepoint      ] Application time: 0.2576987 seconds
[11.769s][info ][safepoint      ] Entering safepoint region: ICBufferFull
[11.769s][info ][safepoint      ] Leaving safepoint region
[11.769s][info ][safepoint      ] Total time for which application threads were stopped: 0.0004544 seconds, Stopping threads took: 0.0001888 seconds
[11.788s][info ][safepoint      ] Application time: 0.0188980 seconds
[11.788s][info ][safepoint      ] Entering safepoint region: Deoptimize
[11.789s][info ][safepoint      ] Leaving safepoint region
[11.789s][info ][safepoint      ] Total time for which application threads were stopped: 0.0013745 seconds, Stopping threads took: 0.0001862 seconds
[11.803s][info ][safepoint      ] Application time: 0.0136189 seconds
[11.803s][info ][safepoint      ] Entering safepoint region: RevokeBias
[11.803s][info ][safepoint      ] Leaving safepoint region
[11.803s][info ][safepoint      ] Total time for which application threads were stopped: 0.0005966 seconds, Stopping threads took: 0.0003909 seconds
[11.830s][info ][safepoint      ] Application time: 0.0265902 seconds
[11.830s][info ][safepoint      ] Entering safepoint region: ParallelGCFailedAllocation
[11.831s][info ][gc,start       ] GC(17) Pause Young (Allocation Failure)
[11.862s][debug][gc,phases      ] GC(17) Scavenge 31.086ms
[11.862s][debug][gc,ref         ] GC(17) Skipped phase1 of Reference Processing due to unavailable references
[11.862s][debug][gc,ref         ] GC(17) Skipped phase3 of Reference Processing due to unavailable references
[11.862s][debug][gc,phases      ] GC(17) Reference Processing 0.120ms
[11.862s][debug][gc,phases      ] GC(17) Weak Processing 0.146ms
[11.862s][debug][gc,phases      ] GC(17) Scrub String Table 0.432ms
[11.862s][debug][gc,age         ] GC(17) Desired survivor size 179830784 bytes, new threshold 11 (max threshold 15)
[11.862s][info ][gc,heap        ] GC(17) PSYoungGen: 1755681K->75969K(1921536K)
[11.862s][info ][gc,heap        ] GC(17) ParOldGen: 138587K->138595K(212992K)
[11.862s][info ][gc,metaspace   ] GC(17) Metaspace: 58388K->58388K(1101824K)
[11.863s][info ][gc             ] GC(17) Pause Young (Allocation Failure) 1849M->209M(2084M) 31.947ms
[11.863s][info ][gc,cpu         ] GC(17) User=0.16s Sys=0.00s Real=0.04s
[11.863s][info ][safepoint      ] Leaving safepoint region
[11.863s][info ][safepoint      ] Total time for which application threads were stopped: 0.0324771 seconds, Stopping threads took: 0.0003123 seconds
[11.928s][info ][safepoint      ] Application time: 0.0653908 seconds
[11.928s][info ][safepoint      ] Entering safepoint region: RevokeBias
[11.928s][info ][safepoint      ] Leaving safepoint region
[11.928s][info ][safepoint      ] Total time for which application threads were stopped: 0.0003981 seconds, Stopping threads took: 0.0002071 seconds
[12.067s][info ][safepoint      ] Application time: 0.1381054 seconds
[12.067s][info ][safepoint      ] Entering safepoint region: ICBufferFull
[12.067s][info ][safepoint      ] Leaving safepoint region
[12.067s][info ][safepoint      ] Total time for which application threads were stopped: 0.0004121 seconds, Stopping threads took: 0.0001845 seconds
[12.182s][info ][safepoint      ] Application time: 0.1152936 seconds
[12.182s][info ][safepoint      ] Entering safepoint region: ParallelGCFailedAllocation
[12.183s][info ][gc,start       ] GC(18) Pause Young (Allocation Failure)
[12.220s][debug][gc,phases      ] GC(18) Scavenge 37.083ms
[12.220s][debug][gc,ref         ] GC(18) Skipped phase1 of Reference Processing due to unavailable references
[12.220s][debug][gc,ref         ] GC(18) Skipped phase3 of Reference Processing due to unavailable references
[12.220s][debug][gc,phases      ] GC(18) Reference Processing 0.138ms
[12.220s][debug][gc,phases      ] GC(18) Weak Processing 0.153ms
[12.221s][debug][gc,phases      ] GC(18) Scrub String Table 0.453ms
[12.221s][debug][gc,age         ] GC(18) Desired survivor size 170917888 bytes, new threshold 12 (max threshold 15)
[12.221s][info ][gc,heap        ] GC(18) PSYoungGen: 1814721K->71457K(1914368K)
[12.221s][info ][gc,heap        ] GC(18) ParOldGen: 138595K->138603K(212992K)
[12.221s][info ][gc,metaspace   ] GC(18) Metaspace: 59249K->59249K(1103872K)
[12.221s][info ][gc             ] GC(18) Pause Young (Allocation Failure) 1907M->205M(2077M) 37.988ms
[12.221s][info ][gc,cpu         ] GC(18) User=0.09s Sys=0.06s Real=0.03s
[12.221s][info ][safepoint      ] Leaving safepoint region
[12.221s][info ][safepoint      ] Total time for which application threads were stopped: 0.0384718 seconds, Stopping threads took: 0.0002074 seconds
[12.441s][info ][safepoint      ] Application time: 0.2205093 seconds
[12.441s][info ][safepoint      ] Entering safepoint region: RevokeBias
[12.442s][info ][safepoint      ] Leaving safepoint region
[12.442s][info ][safepoint      ] Total time for which application threads were stopped: 0.0004858 seconds, Stopping threads took: 0.0001899 seconds
[12.515s][info ][safepoint      ] Application time: 0.0729232 seconds
[12.515s][info ][safepoint      ] Entering safepoint region: RevokeBias
[12.515s][info ][safepoint      ] Leaving safepoint region
[12.515s][info ][safepoint      ] Total time for which application threads were stopped: 0.0004344 seconds, Stopping threads took: 0.0002053 seconds
[12.538s][info ][safepoint      ] Application time: 0.0225927 seconds
[12.538s][info ][safepoint      ] Entering safepoint region: ParallelGCFailedAllocation
[12.538s][info ][gc,start       ] GC(19) Pause Young (Allocation Failure)
[12.559s][debug][gc,phases      ] GC(19) Scavenge 20.358ms
[12.559s][debug][gc,ref         ] GC(19) Skipped phase1 of Reference Processing due to unavailable references
[12.559s][debug][gc,ref         ] GC(19) Skipped phase3 of Reference Processing due to unavailable references
[12.559s][debug][gc,phases      ] GC(19) Reference Processing 0.148ms
[12.559s][debug][gc,phases      ] GC(19) Weak Processing 0.160ms
[12.559s][debug][gc,phases      ] GC(19) Scrub String Table 0.449ms
[12.560s][debug][gc,age         ] GC(19) Desired survivor size 162529280 bytes, new threshold 13 (max threshold 15)
[12.560s][info ][gc,heap        ] GC(19) PSYoungGen: 1810209K->53329K(1938432K)
[12.560s][info ][gc,heap        ] GC(19) ParOldGen: 138603K->138611K(212992K)
[12.560s][info ][gc,metaspace   ] GC(19) Metaspace: 60096K->60096K(1103872K)
[12.560s][info ][gc             ] GC(19) Pause Young (Allocation Failure) 1903M->187M(2101M) 21.263ms
[12.560s][info ][gc,cpu         ] GC(19) User=0.08s Sys=0.00s Real=0.02s
[12.560s][info ][safepoint      ] Leaving safepoint region
[12.560s][info ][safepoint      ] Total time for which application threads were stopped: 0.0217989 seconds, Stopping threads took: 0.0002859 seconds
[12.638s][info ][safepoint      ] Application time: 0.0784066 seconds
[12.638s][info ][safepoint      ] Entering safepoint region: Deoptimize
[12.640s][info ][safepoint      ] Leaving safepoint region
[12.640s][info ][safepoint      ] Total time for which application threads were stopped: 0.0017720 seconds, Stopping threads took: 0.0002293 seconds
[12.646s][info ][safepoint      ] Application time: 0.0057190 seconds
[12.646s][info ][safepoint      ] Entering safepoint region: Deoptimize
[12.647s][info ][safepoint      ] Leaving safepoint region
[12.647s][info ][safepoint      ] Total time for which application threads were stopped: 0.0014560 seconds, Stopping threads took: 0.0001867 seconds
[12.709s][info ][safepoint      ] Application time: 0.0622827 seconds
[12.710s][info ][safepoint      ] Entering safepoint region: ICBufferFull
[12.710s][info ][safepoint      ] Leaving safepoint region
[12.710s][info ][safepoint      ] Total time for which application threads were stopped: 0.0006561 seconds, Stopping threads took: 0.0003922 seconds
[12.764s][info ][safepoint      ] Application time: 0.0541276 seconds
[12.764s][info ][safepoint      ] Entering safepoint region: ICBufferFull
[12.765s][info ][safepoint      ] Leaving safepoint region
[12.765s][info ][safepoint      ] Total time for which application threads were stopped: 0.0004089 seconds, Stopping threads took: 0.0001715 seconds
[12.831s][info ][safepoint      ] Application time: 0.0659825 seconds
[12.831s][info ][safepoint      ] Entering safepoint region: ICBufferFull
[12.831s][info ][safepoint      ] Leaving safepoint region
[12.831s][info ][safepoint      ] Total time for which application threads were stopped: 0.0005658 seconds, Stopping threads took: 0.0002997 seconds
[12.876s][info ][safepoint      ] Application time: 0.0446098 seconds
[12.877s][info ][safepoint      ] Entering safepoint region: ICBufferFull
[12.877s][info ][safepoint      ] Leaving safepoint region
[12.877s][info ][safepoint      ] Total time for which application threads were stopped: 0.0010063 seconds, Stopping threads took: 0.0007581 seconds
[12.919s][info ][safepoint      ] Application time: 0.0424286 seconds
[12.920s][info ][safepoint      ] Entering safepoint region: ParallelGCFailedAllocation
[12.920s][info ][gc,start       ] GC(20) Pause Young (Allocation Failure)
[12.944s][debug][gc,phases      ] GC(20) Scavenge 23.693ms
[12.944s][debug][gc,ref         ] GC(20) Skipped phase1 of Reference Processing due to unavailable references
[12.944s][debug][gc,ref         ] GC(20) Skipped phase3 of Reference Processing due to unavailable references
[12.944s][debug][gc,phases      ] GC(20) Reference Processing 0.139ms
[12.944s][debug][gc,phases      ] GC(20) Weak Processing 0.159ms
[12.945s][debug][gc,phases      ] GC(20) Scrub String Table 0.446ms
[12.945s][debug][gc,age         ] GC(20) Desired survivor size 154664960 bytes, new threshold 14 (max threshold 15)
[12.945s][info ][gc,heap        ] GC(20) PSYoungGen: 1824849K->53945K(1930240K)
[12.945s][info ][gc,heap        ] GC(20) ParOldGen: 138611K->138624K(212992K)
[12.945s][info ][gc,metaspace   ] GC(20) Metaspace: 60589K->60589K(1103872K)
[12.945s][info ][gc             ] GC(20) Pause Young (Allocation Failure) 1917M->188M(2093M) 24.597ms
[12.945s][info ][gc,cpu         ] GC(20) User=0.08s Sys=0.02s Real=0.03s
[12.945s][info ][safepoint      ] Leaving safepoint region
[12.945s][info ][safepoint      ] Total time for which application threads were stopped: 0.0253047 seconds, Stopping threads took: 0.0004628 seconds
[13.259s][info ][safepoint      ] Application time: 0.3142511 seconds
[13.259s][info ][safepoint      ] Entering safepoint region: ParallelGCFailedAllocation
[13.260s][info ][gc,start       ] GC(21) Pause Young (Allocation Failure)
[13.280s][debug][gc,phases      ] GC(21) Scavenge 20.733ms
[13.280s][debug][gc,ref         ] GC(21) Skipped phase1 of Reference Processing due to unavailable references
[13.281s][debug][gc,ref         ] GC(21) Skipped phase3 of Reference Processing due to unavailable references
[13.281s][debug][gc,phases      ] GC(21) Reference Processing 0.157ms
[13.281s][debug][gc,phases      ] GC(21) Weak Processing 0.247ms
[13.282s][debug][gc,phases      ] GC(21) Scrub String Table 0.761ms
[13.282s][debug][gc,age         ] GC(21) Desired survivor size 147324928 bytes, new threshold 15 (max threshold 15)
[13.282s][info ][gc,heap        ] GC(21) PSYoungGen: 1825465K->54329K(1953280K)
[13.282s][info ][gc,heap        ] GC(21) ParOldGen: 138624K->138632K(212992K)
[13.282s][info ][gc,metaspace   ] GC(21) Metaspace: 60728K->60728K(1103872K)
[13.282s][info ][gc             ] GC(21) Pause Young (Allocation Failure) 1918M->188M(2115M) 22.095ms
[13.282s][info ][gc,cpu         ] GC(21) User=0.09s Sys=0.00s Real=0.03s
[13.282s][info ][safepoint      ] Leaving safepoint region
[13.282s][info ][safepoint      ] Total time for which application threads were stopped: 0.0227348 seconds, Stopping threads took: 0.0001783 seconds
[13.626s][info ][safepoint      ] Application time: 0.3444036 seconds
[13.626s][info ][safepoint      ] Entering safepoint region: ParallelGCFailedAllocation
[13.627s][info ][gc,start       ] GC(22) Pause Young (Allocation Failure)
[13.654s][debug][gc,phases      ] GC(22) Scavenge 27.340ms
[13.654s][debug][gc,ref         ] GC(22) Skipped phase1 of Reference Processing due to unavailable references
[13.654s][debug][gc,ref         ] GC(22) Skipped phase3 of Reference Processing due to unavailable references
[13.654s][debug][gc,phases      ] GC(22) Reference Processing 0.136ms
[13.654s][debug][gc,phases      ] GC(22) Weak Processing 0.162ms
[13.655s][debug][gc,phases      ] GC(22) Scrub String Table 0.450ms
[13.655s][debug][gc,age         ] GC(22) Desired survivor size 140509184 bytes, new threshold 15 (max threshold 15)
[13.655s][info ][gc,heap        ] GC(22) PSYoungGen: 1856569K->54713K(1946112K)
[13.655s][info ][gc,heap        ] GC(22) ParOldGen: 138632K->138632K(212992K)
[13.655s][info ][gc,metaspace   ] GC(22) Metaspace: 60853K->60853K(1103872K)
[13.655s][info ][gc             ] GC(22) Pause Young (Allocation Failure) 1948M->188M(2108M) 28.246ms
[13.655s][info ][gc,cpu         ] GC(22) User=0.10s Sys=0.04s Real=0.03s
[13.655s][info ][safepoint      ] Leaving safepoint region
[13.655s][info ][safepoint      ] Total time for which application threads were stopped: 0.0287782 seconds, Stopping threads took: 0.0002269 seconds
[13.982s][info ][safepoint      ] Application time: 0.3273394 seconds
[13.983s][info ][safepoint      ] Entering safepoint region: ParallelGCFailedAllocation
[13.983s][info ][gc,start       ] GC(23) Pause Young (Allocation Failure)
[14.005s][debug][gc,phases      ] GC(23) Scavenge 22.572ms
[14.005s][debug][gc,ref         ] GC(23) Skipped phase1 of Reference Processing due to unavailable references
[14.006s][debug][gc,ref         ] GC(23) Skipped phase3 of Reference Processing due to unavailable references
[14.006s][debug][gc,phases      ] GC(23) Reference Processing 0.139ms
[14.006s][debug][gc,phases      ] GC(23) Weak Processing 0.179ms
[14.006s][debug][gc,phases      ] GC(23) Scrub String Table 0.454ms
[14.006s][debug][gc,age         ] GC(23) Desired survivor size 134217728 bytes, new threshold 15 (max threshold 15)
[14.006s][info ][gc,heap        ] GC(23) PSYoungGen: 1856953K->53033K(1966080K)
[14.006s][info ][gc,heap        ] GC(23) ParOldGen: 138632K->140704K(212992K)
[14.006s][info ][gc,metaspace   ] GC(23) Metaspace: 60894K->60894K(1103872K)
[14.006s][info ][gc             ] GC(23) Pause Young (Allocation Failure) 1948M->189M(2128M) 23.501ms
[14.006s][info ][gc,cpu         ] GC(23) User=0.08s Sys=0.01s Real=0.02s
[14.006s][info ][safepoint      ] Leaving safepoint region
[14.006s][info ][safepoint      ] Total time for which application threads were stopped: 0.0239567 seconds, Stopping threads took: 0.0001958 seconds
[14.328s][info ][safepoint      ] Application time: 0.3213433 seconds
[14.330s][info ][safepoint      ] Entering safepoint region: ICBufferFull
[14.330s][info ][safepoint      ] Leaving safepoint region
[14.330s][info ][safepoint      ] Total time for which application threads were stopped: 0.0022274 seconds, Stopping threads took: 0.0019319 seconds
[14.333s][info ][safepoint      ] Application time: 0.0034420 seconds
[14.334s][info ][safepoint      ] Entering safepoint region: ICBufferFull
[14.334s][info ][safepoint      ] Leaving safepoint region
[14.334s][info ][safepoint      ] Total time for which application threads were stopped: 0.0004231 seconds, Stopping threads took: 0.0001711 seconds
[14.344s][info ][safepoint      ] Application time: 0.0105775 seconds
[14.345s][info ][safepoint      ] Entering safepoint region: ParallelGCFailedAllocation
[14.345s][info ][gc,start       ] GC(24) Pause Young (Allocation Failure)
[14.370s][debug][gc,phases      ] GC(24) Scavenge 24.883ms
[14.370s][debug][gc,ref         ] GC(24) Skipped phase1 of Reference Processing due to unavailable references
[14.370s][debug][gc,ref         ] GC(24) Skipped phase3 of Reference Processing due to unavailable references
[14.370s][debug][gc,phases      ] GC(24) Reference Processing 0.139ms
[14.370s][debug][gc,phases      ] GC(24) Weak Processing 0.162ms
[14.371s][debug][gc,phases      ] GC(24) Scrub String Table 0.448ms
[14.371s][debug][gc,age         ] GC(24) Desired survivor size 128450560 bytes, new threshold 15 (max threshold 15)
[14.371s][info ][gc,heap        ] GC(24) PSYoungGen: 1881897K->52553K(1959936K)
[14.371s][info ][gc,heap        ] GC(24) ParOldGen: 140704K->141624K(212992K)
[14.371s][info ][gc,metaspace   ] GC(24) Metaspace: 60963K->60963K(1103872K)
[14.371s][info ][gc             ] GC(24) Pause Young (Allocation Failure) 1975M->189M(2122M) 25.787ms
[14.371s][info ][gc,cpu         ] GC(24) User=0.08s Sys=0.02s Real=0.02s
[14.371s][info ][safepoint      ] Leaving safepoint region
[14.371s][info ][safepoint      ] Total time for which application threads were stopped: 0.0263386 seconds, Stopping threads took: 0.0001468 seconds
[14.701s][info ][safepoint      ] Application time: 0.3302598 seconds
[14.702s][info ][safepoint      ] Entering safepoint region: ParallelGCFailedAllocation
[14.702s][info ][gc,start       ] GC(25) Pause Young (Allocation Failure)
[14.722s][debug][gc,phases      ] GC(25) Scavenge 19.366ms
[14.722s][debug][gc,ref         ] GC(25) Skipped phase1 of Reference Processing due to unavailable references
[14.722s][debug][gc,ref         ] GC(25) Skipped phase3 of Reference Processing due to unavailable references
[14.722s][debug][gc,phases      ] GC(25) Reference Processing 0.142ms
[14.722s][debug][gc,phases      ] GC(25) Weak Processing 0.250ms
[14.723s][debug][gc,phases      ] GC(25) Scrub String Table 0.837ms
[14.723s][debug][gc,age         ] GC(25) Desired survivor size 123731968 bytes, new threshold 15 (max threshold 15)
[14.723s][info ][gc,heap        ] GC(25) PSYoungGen: 1881417K->50649K(1976320K)
[14.723s][info ][gc,heap        ] GC(25) ParOldGen: 141624K->143984K(212992K)
[14.723s][info ][gc,metaspace   ] GC(25) Metaspace: 61022K->61022K(1105920K)
[14.723s][info ][gc             ] GC(25) Pause Young (Allocation Failure) 1975M->190M(2138M) 20.768ms
[14.723s][info ][gc,cpu         ] GC(25) User=0.09s Sys=0.00s Real=0.02s
[14.723s][info ][safepoint      ] Leaving safepoint region
[14.723s][info ][safepoint      ] Total time for which application threads were stopped: 0.0220624 seconds, Stopping threads took: 0.0007988 seconds
[14.973s][info ][safepoint      ] Application time: 0.2493893 seconds
[14.973s][info ][safepoint      ] Entering safepoint region: ICBufferFull
[14.973s][info ][safepoint      ] Leaving safepoint region
[14.973s][info ][safepoint      ] Total time for which application threads were stopped: 0.0004209 seconds, Stopping threads took: 0.0001800 seconds
[15.063s][info ][safepoint      ] Application time: 0.0893991 seconds
[15.063s][info ][safepoint      ] Entering safepoint region: ParallelGCFailedAllocation
[15.063s][info ][gc,start       ] GC(26) Pause Young (Allocation Failure)
[15.084s][debug][gc,phases      ] GC(26) Scavenge 20.478ms
[15.084s][debug][gc,ref         ] GC(26) Skipped phase1 of Reference Processing due to unavailable references
[15.084s][debug][gc,ref         ] GC(26) Skipped phase3 of Reference Processing due to unavailable references
[15.084s][debug][gc,phases      ] GC(26) Reference Processing 0.205ms
[15.084s][debug][gc,phases      ] GC(26) Weak Processing 0.154ms
[15.084s][debug][gc,phases      ] GC(26) Scrub String Table 0.452ms
[15.084s][debug][gc,age         ] GC(26) Desired survivor size 119013376 bytes, new threshold 15 (max threshold 15)
[15.084s][info ][gc,heap        ] GC(26) PSYoungGen: 1901529K->48329K(1971712K)
[15.084s][info ][gc,heap        ] GC(26) ParOldGen: 143984K->146640K(212992K)
[15.084s][info ][gc,metaspace   ] GC(26) Metaspace: 61030K->61030K(1105920K)
[15.084s][info ][gc             ] GC(26) Pause Young (Allocation Failure) 1997M->190M(2133M) 21.462ms
[15.084s][info ][gc,cpu         ] GC(26) User=0.07s Sys=0.01s Real=0.02s
[15.084s][info ][safepoint      ] Leaving safepoint region
[15.085s][info ][safepoint      ] Total time for which application threads were stopped: 0.0218967 seconds, Stopping threads took: 0.0001510 seconds
[15.501s][info ][safepoint      ] Application time: 0.4161740 seconds
[15.501s][info ][safepoint      ] Entering safepoint region: ParallelGCFailedAllocation
[15.501s][info ][gc,start       ] GC(27) Pause Young (Allocation Failure)
[15.520s][debug][gc,phases      ] GC(27) Scavenge 18.417ms
[15.520s][debug][gc,ref         ] GC(27) Skipped phase1 of Reference Processing due to unavailable references
[15.520s][debug][gc,ref         ] GC(27) Skipped phase3 of Reference Processing due to unavailable references
[15.520s][debug][gc,phases      ] GC(27) Reference Processing 0.141ms
[15.520s][debug][gc,phases      ] GC(27) Weak Processing 0.156ms
[15.520s][debug][gc,phases      ] GC(27) Scrub String Table 0.514ms
[15.520s][debug][gc,age         ] GC(27) Desired survivor size 115343360 bytes, new threshold 15 (max threshold 15)
[15.520s][info ][gc,heap        ] GC(27) PSYoungGen: 1899209K->44873K(1984512K)
[15.520s][info ][gc,heap        ] GC(27) ParOldGen: 146640K->150608K(212992K)
[15.520s][info ][gc,metaspace   ] GC(27) Metaspace: 61040K->61040K(1105920K)
[15.521s][info ][gc             ] GC(27) Pause Young (Allocation Failure) 1997M->190M(2146M) 19.392ms
[15.521s][info ][gc,cpu         ] GC(27) User=0.08s Sys=0.00s Real=0.02s
[15.521s][info ][safepoint      ] Leaving safepoint region
[15.521s][info ][safepoint      ] Total time for which application threads were stopped: 0.0198471 seconds, Stopping threads took: 0.0001733 seconds
[15.854s][info ][safepoint      ] Application time: 0.3329388 seconds
[15.854s][info ][safepoint      ] Entering safepoint region: ParallelGCFailedAllocation
[15.854s][info ][gc,start       ] GC(28) Pause Young (Allocation Failure)
[15.869s][debug][gc,phases      ] GC(28) Scavenge 14.775ms
[15.869s][debug][gc,ref         ] GC(28) Skipped phase1 of Reference Processing due to unavailable references
[15.869s][debug][gc,ref         ] GC(28) Skipped phase3 of Reference Processing due to unavailable references
[15.869s][debug][gc,phases      ] GC(28) Reference Processing 0.102ms
[15.869s][debug][gc,phases      ] GC(28) Weak Processing 0.157ms
[15.870s][debug][gc,phases      ] GC(28) Scrub String Table 0.500ms
[15.870s][debug][gc,age         ] GC(28) Desired survivor size 112197632 bytes, new threshold 15 (max threshold 15)
[15.870s][info ][gc,heap        ] GC(28) PSYoungGen: 1913161K->43753K(1980928K)
[15.870s][info ][gc,heap        ] GC(28) ParOldGen: 150608K->152352K(212992K)
[15.870s][info ][gc,metaspace   ] GC(28) Metaspace: 61072K->61072K(1105920K)
[15.870s][info ][gc             ] GC(28) Pause Young (Allocation Failure) 2015M->191M(2142M) 15.770ms
[15.870s][info ][gc,cpu         ] GC(28) User=0.06s Sys=0.00s Real=0.01s
[15.870s][info ][safepoint      ] Leaving safepoint region
[15.870s][info ][safepoint      ] Total time for which application threads were stopped: 0.0163063 seconds, Stopping threads took: 0.0002693 seconds
[16.202s][info ][safepoint      ] Application time: 0.3324574 seconds
[16.203s][info ][safepoint      ] Entering safepoint region: ParallelGCFailedAllocation
[16.203s][info ][gc,start       ] GC(29) Pause Young (Allocation Failure)
[16.220s][debug][gc,phases      ] GC(29) Scavenge 17.019ms
[16.220s][debug][gc,ref         ] GC(29) Skipped phase1 of Reference Processing due to unavailable references
[16.220s][debug][gc,ref         ] GC(29) Skipped phase3 of Reference Processing due to unavailable references
[16.220s][debug][gc,phases      ] GC(29) Reference Processing 0.067ms
[16.220s][debug][gc,phases      ] GC(29) Weak Processing 0.175ms
[16.221s][debug][gc,phases      ] GC(29) Scrub String Table 1.263ms
[16.221s][debug][gc,age         ] GC(29) Desired survivor size 109051904 bytes, new threshold 15 (max threshold 15)
[16.221s][info ][gc,heap        ] GC(29) PSYoungGen: 1912041K->39704K(1990656K)
[16.221s][info ][gc,heap        ] GC(29) ParOldGen: 152352K->157874K(212992K)
[16.221s][info ][gc,metaspace   ] GC(29) Metaspace: 61079K->61079K(1105920K)
[16.221s][info ][gc             ] GC(29) Pause Young (Allocation Failure) 2016M->192M(2152M) 18.704ms
[16.221s][info ][gc,cpu         ] GC(29) User=0.07s Sys=0.00s Real=0.01s
[16.221s][info ][safepoint      ] Leaving safepoint region
[16.221s][info ][safepoint      ] Total time for which application threads were stopped: 0.0191112 seconds, Stopping threads took: 0.0001273 seconds
[16.563s][info ][safepoint      ] Application time: 0.3417339 seconds
[16.563s][info ][safepoint      ] Entering safepoint region: ParallelGCFailedAllocation
[16.564s][info ][gc,start       ] GC(30) Pause Young (Allocation Failure)
[16.579s][debug][gc,phases      ] GC(30) Scavenge 14.969ms
[16.579s][debug][gc,ref         ] GC(30) Skipped phase1 of Reference Processing due to unavailable references
[16.579s][debug][gc,ref         ] GC(30) Skipped phase3 of Reference Processing due to unavailable references
[16.579s][debug][gc,phases      ] GC(30) Reference Processing 0.063ms
[16.579s][debug][gc,phases      ] GC(30) Weak Processing 0.203ms
[16.580s][debug][gc,phases      ] GC(30) Scrub String Table 0.786ms
[16.580s][debug][gc,age         ] GC(30) Desired survivor size 106954752 bytes, new threshold 15 (max threshold 15)
[16.580s][info ][gc,heap        ] GC(30) PSYoungGen: 1920792K->35416K(1987584K)
[16.580s][info ][gc,heap        ] GC(30) ParOldGen: 157874K->162967K(212992K)
[16.580s][info ][gc,metaspace   ] GC(30) Metaspace: 61086K->61086K(1105920K)
[16.580s][info ][gc             ] GC(30) Pause Young (Allocation Failure) 2029M->193M(2149M) 16.232ms
[16.580s][info ][gc,cpu         ] GC(30) User=0.06s Sys=0.01s Real=0.01s
[16.580s][info ][safepoint      ] Leaving safepoint region
[16.580s][info ][safepoint      ] Total time for which application threads were stopped: 0.0166151 seconds, Stopping threads took: 0.0001494 seconds
[16.970s][info ][safepoint      ] Application time: 0.3905249 seconds
[16.971s][info ][safepoint      ] Entering safepoint region: ParallelGCFailedAllocation
[16.971s][info ][gc,start       ] GC(31) Pause Young (Allocation Failure)
[16.987s][debug][gc,phases      ] GC(31) Scavenge 15.709ms
[16.987s][debug][gc,ref         ] GC(31) Skipped phase1 of Reference Processing due to unavailable references
[16.987s][debug][gc,ref         ] GC(31) Skipped phase3 of Reference Processing due to unavailable references
[16.987s][debug][gc,phases      ] GC(31) Reference Processing 0.058ms
[16.987s][debug][gc,phases      ] GC(31) Weak Processing 0.205ms
[16.988s][debug][gc,phases      ] GC(31) Scrub String Table 0.796ms
[16.988s][debug][gc,age         ] GC(31) Desired survivor size 105906176 bytes, new threshold 15 (max threshold 15)
[16.988s][info ][gc,heap        ] GC(31) PSYoungGen: 1916504K->29304K(1993728K)
[16.988s][info ][gc,heap        ] GC(31) ParOldGen: 162967K->170437K(212992K)
[16.988s][info ][gc,metaspace   ] GC(31) Metaspace: 61106K->61106K(1105920K)
[16.988s][info ][gc             ] GC(31) Pause Young (Allocation Failure) 2030M->195M(2155M) 16.985ms
[16.988s][info ][gc,cpu         ] GC(31) User=0.05s Sys=0.02s Real=0.02s
[16.988s][info ][safepoint      ] Leaving safepoint region
[16.988s][info ][safepoint      ] Total time for which application threads were stopped: 0.0179545 seconds, Stopping threads took: 0.0006174 seconds
[17.322s][info ][safepoint      ] Application time: 0.3335457 seconds
[17.322s][info ][safepoint      ] Entering safepoint region: ParallelGCFailedAllocation
[17.322s][info ][gc,start       ] GC(32) Pause Young (Allocation Failure)
[17.340s][debug][gc,phases      ] GC(32) Scavenge 17.424ms
[17.340s][debug][gc,ref         ] GC(32) Skipped phase1 of Reference Processing due to unavailable references
[17.340s][debug][gc,ref         ] GC(32) Skipped phase3 of Reference Processing due to unavailable references
[17.340s][debug][gc,phases      ] GC(32) Reference Processing 0.055ms
[17.340s][debug][gc,phases      ] GC(32) Weak Processing 0.119ms
[17.341s][debug][gc,phases      ] GC(32) Scrub String Table 0.399ms
[17.341s][debug][gc,age         ] GC(32) Desired survivor size 105381888 bytes, new threshold 15 (max threshold 15)
[17.341s][info ][gc,heap        ] GC(32) PSYoungGen: 1918584K->21336K(1992704K)
[17.341s][info ][gc,heap        ] GC(32) ParOldGen: 170437K->181071K(212992K)
[17.341s][info ][gc,metaspace   ] GC(32) Metaspace: 61232K->61232K(1105920K)
[17.341s][info ][gc             ] GC(32) Pause Young (Allocation Failure) 2040M->197M(2154M) 18.159ms
[17.341s][info ][gc,cpu         ] GC(32) User=0.08s Sys=0.00s Real=0.01s
[17.341s][info ][safepoint      ] Leaving safepoint region
[17.341s][info ][safepoint      ] Total time for which application threads were stopped: 0.0186878 seconds, Stopping threads took: 0.0001494 seconds
[17.748s][info ][safepoint      ] Application time: 0.4070608 seconds
[17.748s][info ][safepoint      ] Entering safepoint region: ICBufferFull
[17.748s][info ][safepoint      ] Leaving safepoint region
[17.748s][info ][safepoint      ] Total time for which application threads were stopped: 0.0005018 seconds, Stopping threads took: 0.0002121 seconds
[17.763s][info ][safepoint      ] Application time: 0.0147069 seconds
[17.763s][info ][safepoint      ] Entering safepoint region: ParallelGCFailedAllocation
[17.763s][info ][gc,start       ] GC(33) Pause Young (Allocation Failure)
[17.781s][debug][gc,phases      ] GC(33) Scavenge 17.656ms
[17.781s][debug][gc,ref         ] GC(33) Skipped phase1 of Reference Processing due to unavailable references
[17.781s][debug][gc,ref         ] GC(33) Skipped phase3 of Reference Processing due to unavailable references
[17.781s][debug][gc,ref         ] GC(33) Skipped phase4 of Reference Processing due to unavailable references
[17.781s][debug][gc,phases      ] GC(33) Reference Processing 0.052ms
[17.781s][debug][gc,phases      ] GC(33) Weak Processing 0.113ms
[17.782s][debug][gc,phases      ] GC(33) Scrub String Table 0.391ms
[17.782s][debug][gc,age         ] GC(33) Desired survivor size 105381888 bytes, new threshold 15 (max threshold 15)
[17.782s][info ][gc,heap        ] GC(33) PSYoungGen: 1910616K->11576K(1994240K)
[17.782s][info ][gc,heap        ] GC(33) ParOldGen: 181071K->192745K(212992K)
[17.782s][info ][gc,metaspace   ] GC(33) Metaspace: 61240K->61240K(1105920K)
[17.782s][info ][gc             ] GC(33) Pause Young (Allocation Failure) 2042M->199M(2155M) 18.377ms
[17.782s][info ][gc,cpu         ] GC(33) User=0.08s Sys=0.00s Real=0.02s
[17.782s][debug][gc,phases      ] GC(34) Pre Compact 0.014ms
[17.782s][info ][gc,start       ] GC(34) Pause Full (Ergonomics)
[17.782s][info ][gc,phases,start] GC(34) Marking Phase
[17.927s][debug][gc,phases      ] GC(34) Par Mark 144.483ms
[17.927s][debug][gc,ref         ] GC(34) Skipped phase1 of Reference Processing due to unavailable references
[17.927s][debug][gc,ref         ] GC(34) Skipped phase3 of Reference Processing due to unavailable references
[17.927s][debug][gc,phases      ] GC(34) Reference Processing 0.150ms
[17.927s][debug][gc,phases      ] GC(34) Weak Processing 0.151ms
[17.928s][debug][gc,phases      ] GC(34) ClassLoaderData 0.653ms
[17.928s][debug][gc,phases      ] GC(34) ProtectionDomainCacheTable 0.004ms
[17.928s][debug][gc,phases      ] GC(34) ResolvedMethodTable 0.193ms
[17.934s][debug][gc,phases      ] GC(34) Class Unloading 6.620ms
[17.934s][debug][gc,phases      ] GC(34) Scrub String Table 0.502ms
[17.940s][debug][gc,phases      ] GC(34) Scrub Symbol Table 6.387ms
[17.941s][info ][gc,phases      ] GC(34) Marking Phase 158.712ms
[17.941s][info ][gc,phases,start] GC(34) Summary Phase
[17.941s][info ][gc,phases      ] GC(34) Summary Phase 0.016ms
[17.941s][info ][gc,phases,start] GC(34) Adjust Roots
[17.958s][info ][gc,phases      ] GC(34) Adjust Roots 17.820ms
[17.958s][info ][gc,phases,start] GC(34) Compaction Phase
[18.066s][info ][gc,phases      ] GC(34) Compaction Phase 107.407ms
[18.066s][info ][gc,phases,start] GC(34) Post Compact
[18.067s][info ][gc,phases      ] GC(34) Post Compact 1.522ms
[18.068s][info ][gc,heap        ] GC(34) PSYoungGen: 11576K->0K(1994240K)
[18.068s][info ][gc,heap        ] GC(34) ParOldGen: 192745K->200791K(249856K)
[18.068s][info ][gc,metaspace   ] GC(34) Metaspace: 61240K->61240K(1105920K)
[18.068s][info ][gc             ] GC(34) Pause Full (Ergonomics) 199M->196M(2191M) 285.811ms
[18.068s][info ][gc,cpu         ] GC(34) User=1.01s Sys=0.02s Real=0.28s
[18.068s][info ][safepoint      ] Leaving safepoint region
[18.068s][info ][safepoint      ] Total time for which application threads were stopped: 0.3046081 seconds, Stopping threads took: 0.0001242 seconds
[18.492s][info ][safepoint      ] Application time: 0.4238719 seconds
[18.492s][info ][safepoint      ] Entering safepoint region: ParallelGCFailedAllocation
[18.492s][info ][gc,start       ] GC(35) Pause Young (Allocation Failure)
[18.503s][debug][gc,phases      ] GC(35) Scavenge 10.796ms
[18.503s][debug][gc,ref         ] GC(35) Skipped phase1 of Reference Processing due to unavailable references
[18.503s][debug][gc,ref         ] GC(35) Skipped phase2 of Reference Processing due to unavailable references
[18.503s][debug][gc,ref         ] GC(35) Skipped phase3 of Reference Processing due to unavailable references
[18.503s][debug][gc,ref         ] GC(35) Skipped phase4 of Reference Processing due to unavailable references
[18.503s][debug][gc,phases      ] GC(35) Reference Processing 0.038ms
[18.503s][debug][gc,phases      ] GC(35) Weak Processing 0.103ms
[18.503s][debug][gc,phases      ] GC(35) Scrub String Table 0.371ms
[18.503s][debug][gc,age         ] GC(35) Desired survivor size 105381888 bytes, new threshold 15 (max threshold 15)
[18.504s][info ][gc,heap        ] GC(35) PSYoungGen: 1891328K->8448K(1994240K)
[18.504s][info ][gc,heap        ] GC(35) ParOldGen: 200791K->200791K(249856K)
[18.504s][info ][gc,metaspace   ] GC(35) Metaspace: 61240K->61240K(1105920K)
[18.504s][info ][gc             ] GC(35) Pause Young (Allocation Failure) 2043M->204M(2191M) 11.613ms
[18.504s][info ][gc,cpu         ] GC(35) User=0.04s Sys=0.00s Real=0.02s
[18.504s][info ][safepoint      ] Leaving safepoint region
[18.504s][info ][safepoint      ] Total time for which application threads were stopped: 0.0121573 seconds, Stopping threads took: 0.0002067 seconds
[18.909s][info ][safepoint      ] Application time: 0.4049358 seconds
[18.909s][info ][safepoint      ] Entering safepoint region: ParallelGCFailedAllocation
[18.909s][info ][gc,start       ] GC(36) Pause Young (Allocation Failure)
[18.918s][debug][gc,phases      ] GC(36) Scavenge 8.850ms
[18.918s][debug][gc,ref         ] GC(36) Skipped phase1 of Reference Processing due to unavailable references
[18.918s][debug][gc,ref         ] GC(36) Skipped phase2 of Reference Processing due to unavailable references
[18.918s][debug][gc,ref         ] GC(36) Skipped phase3 of Reference Processing due to unavailable references
[18.918s][debug][gc,ref         ] GC(36) Skipped phase4 of Reference Processing due to unavailable references
[18.918s][debug][gc,phases      ] GC(36) Reference Processing 0.038ms
[18.918s][debug][gc,phases      ] GC(36) Weak Processing 0.162ms
[18.919s][debug][gc,phases      ] GC(36) Scrub String Table 0.380ms
[18.919s][debug][gc,age         ] GC(36) Desired survivor size 104333312 bytes, new threshold 15 (max threshold 15)
[18.919s][info ][gc,heap        ] GC(36) PSYoungGen: 1899776K->8864K(1994240K)
[18.919s][info ][gc,heap        ] GC(36) ParOldGen: 200791K->200791K(249856K)
[18.919s][info ][gc,metaspace   ] GC(36) Metaspace: 61241K->61241K(1105920K)
[18.919s][info ][gc             ] GC(36) Pause Young (Allocation Failure) 2051M->204M(2191M) 9.586ms
[18.919s][info ][gc,cpu         ] GC(36) User=0.03s Sys=0.00s Real=0.01s
[18.919s][info ][safepoint      ] Leaving safepoint region
[18.919s][info ][safepoint      ] Total time for which application threads were stopped: 0.0100980 seconds, Stopping threads took: 0.0001973 seconds
[19.332s][info ][safepoint      ] Application time: 0.4135738 seconds
[19.333s][info ][safepoint      ] Entering safepoint region: ParallelGCFailedAllocation
[19.333s][info ][gc,start       ] GC(37) Pause Young (Allocation Failure)
[19.342s][debug][gc,phases      ] GC(37) Scavenge 9.502ms
[19.342s][debug][gc,ref         ] GC(37) Skipped phase1 of Reference Processing due to unavailable references
[19.342s][debug][gc,ref         ] GC(37) Skipped phase2 of Reference Processing due to unavailable references
[19.342s][debug][gc,ref         ] GC(37) Skipped phase3 of Reference Processing due to unavailable references
[19.342s][debug][gc,ref         ] GC(37) Skipped phase4 of Reference Processing due to unavailable references
[19.342s][debug][gc,phases      ] GC(37) Reference Processing 0.038ms
[19.342s][debug][gc,phases      ] GC(37) Weak Processing 0.104ms
[19.343s][debug][gc,phases      ] GC(37) Scrub String Table 0.379ms
[19.343s][debug][gc,age         ] GC(37) Desired survivor size 102760448 bytes, new threshold 15 (max threshold 15)
[19.343s][info ][gc,heap        ] GC(37) PSYoungGen: 1900192K->9408K(1996800K)
[19.343s][info ][gc,heap        ] GC(37) ParOldGen: 200791K->200791K(249856K)
[19.343s][info ][gc,metaspace   ] GC(37) Metaspace: 61242K->61242K(1105920K)
[19.343s][info ][gc             ] GC(37) Pause Young (Allocation Failure) 2051M->205M(2194M) 10.169ms
[19.343s][info ][gc,cpu         ] GC(37) User=0.04s Sys=0.00s Real=0.02s
[19.343s][info ][safepoint      ] Leaving safepoint region
[19.343s][info ][safepoint      ] Total time for which application threads were stopped: 0.0105644 seconds, Stopping threads took: 0.0001506 seconds
[19.766s][info ][safepoint      ] Application time: 0.4227724 seconds
[19.766s][info ][safepoint      ] Entering safepoint region: ParallelGCFailedAllocation
[19.766s][info ][gc,start       ] GC(38) Pause Young (Allocation Failure)
[19.776s][debug][gc,phases      ] GC(38) Scavenge 10.050ms
[19.776s][debug][gc,ref         ] GC(38) Skipped phase1 of Reference Processing due to unavailable references
[19.777s][debug][gc,ref         ] GC(38) Skipped phase2 of Reference Processing due to unavailable references
[19.777s][debug][gc,ref         ] GC(38) Skipped phase3 of Reference Processing due to unavailable references
[19.777s][debug][gc,ref         ] GC(38) Skipped phase4 of Reference Processing due to unavailable references
[19.777s][debug][gc,phases      ] GC(38) Reference Processing 0.053ms
[19.777s][debug][gc,phases      ] GC(38) Weak Processing 0.119ms
[19.778s][debug][gc,phases      ] GC(38) Scrub String Table 1.130ms
[19.778s][debug][gc,age         ] GC(38) Desired survivor size 100139008 bytes, new threshold 15 (max threshold 15)
[19.778s][info ][gc,heap        ] GC(38) PSYoungGen: 1904320K->10048K(1995264K)
[19.778s][info ][gc,heap        ] GC(38) ParOldGen: 200791K->200791K(249856K)
[19.778s][info ][gc,metaspace   ] GC(38) Metaspace: 61242K->61242K(1105920K)
[19.778s][info ][gc             ] GC(38) Pause Young (Allocation Failure) 2055M->205M(2192M) 11.610ms
[19.778s][info ][gc,cpu         ] GC(38) User=0.04s Sys=0.00s Real=0.01s
[19.778s][info ][safepoint      ] Leaving safepoint region
[19.778s][info ][safepoint      ] Total time for which application threads were stopped: 0.0121172 seconds, Stopping threads took: 0.0002314 seconds
[20.231s][info ][safepoint      ] Application time: 0.4535470 seconds
[20.232s][info ][safepoint      ] Entering safepoint region: ParallelGCFailedAllocation
[20.232s][info ][gc,start       ] GC(39) Pause Young (Allocation Failure)
[20.242s][debug][gc,phases      ] GC(39) Scavenge 9.644ms
[20.242s][debug][gc,ref         ] GC(39) Skipped phase1 of Reference Processing due to unavailable references
[20.242s][debug][gc,ref         ] GC(39) Skipped phase2 of Reference Processing due to unavailable references
[20.242s][debug][gc,ref         ] GC(39) Skipped phase3 of Reference Processing due to unavailable references
[20.242s][debug][gc,ref         ] GC(39) Skipped phase4 of Reference Processing due to unavailable references
[20.242s][debug][gc,phases      ] GC(39) Reference Processing 0.037ms
[20.242s][debug][gc,phases      ] GC(39) Weak Processing 0.210ms
[20.242s][debug][gc,phases      ] GC(39) Scrub String Table 0.694ms
[20.243s][debug][gc,age         ] GC(39) Desired survivor size 96993280 bytes, new threshold 15 (max threshold 15)
[20.243s][info ][gc,heap        ] GC(39) PSYoungGen: 1904960K->10784K(2002432K)
[20.243s][info ][gc,heap        ] GC(39) ParOldGen: 200791K->200791K(249856K)
[20.243s][info ][gc,metaspace   ] GC(39) Metaspace: 61242K->61242K(1105920K)
[20.243s][info ][gc             ] GC(39) Pause Young (Allocation Failure) 2056M->206M(2199M) 10.737ms
[20.243s][info ][gc,cpu         ] GC(39) User=0.04s Sys=0.00s Real=0.02s
[20.243s][info ][safepoint      ] Leaving safepoint region
[20.243s][info ][safepoint      ] Total time for which application threads were stopped: 0.0110918 seconds, Stopping threads took: 0.0001305 seconds
[20.735s][info ][safepoint      ] Application time: 0.4918694 seconds
[20.735s][info ][safepoint      ] Entering safepoint region: ParallelGCFailedAllocation
[20.735s][info ][gc,start       ] GC(40) Pause Young (Allocation Failure)
[20.746s][debug][gc,phases      ] GC(40) Scavenge 10.800ms
[20.746s][debug][gc,ref         ] GC(40) Skipped phase1 of Reference Processing due to unavailable references
[20.746s][debug][gc,ref         ] GC(40) Skipped phase2 of Reference Processing due to unavailable references
[20.746s][debug][gc,ref         ] GC(40) Skipped phase3 of Reference Processing due to unavailable references
[20.746s][debug][gc,ref         ] GC(40) Skipped phase4 of Reference Processing due to unavailable references
[20.746s][debug][gc,phases      ] GC(40) Reference Processing 0.039ms
[20.746s][debug][gc,phases      ] GC(40) Weak Processing 0.196ms
[20.747s][debug][gc,phases      ] GC(40) Scrub String Table 0.708ms
[20.747s][debug][gc,age         ] GC(40) Desired survivor size 93323264 bytes, new threshold 15 (max threshold 15)
[20.747s][info ][gc,heap        ] GC(40) PSYoungGen: 1915424K->12128K(1999360K)
[20.747s][info ][gc,heap        ] GC(40) ParOldGen: 200791K->200791K(249856K)
[20.747s][info ][gc,metaspace   ] GC(40) Metaspace: 61246K->61246K(1105920K)
[20.747s][info ][gc             ] GC(40) Pause Young (Allocation Failure) 2066M->207M(2196M) 11.889ms
[20.747s][info ][gc,cpu         ] GC(40) User=0.05s Sys=0.00s Real=0.01s
[20.747s][info ][safepoint      ] Leaving safepoint region
[20.747s][info ][safepoint      ] Total time for which application threads were stopped: 0.0124179 seconds, Stopping threads took: 0.0002662 seconds
[21.747s][info ][safepoint      ] Application time: 1.0001330 seconds
[21.747s][info ][safepoint      ] Entering safepoint region: Cleanup
[21.747s][info ][safepoint      ] Leaving safepoint region
[21.747s][info ][safepoint      ] Total time for which application threads were stopped: 0.0001283 seconds, Stopping threads took: 0.0000170 seconds
[22.145s][info ][safepoint      ] Application time: 0.3980626 seconds
[22.145s][info ][safepoint      ] Entering safepoint region: RevokeBias
[22.145s][info ][safepoint      ] Leaving safepoint region
[22.145s][info ][safepoint      ] Total time for which application threads were stopped: 0.0001489 seconds, Stopping threads took: 0.0000536 seconds
[22.154s][info ][safepoint      ] Application time: 0.0087697 seconds
[22.154s][info ][safepoint      ] Entering safepoint region: RevokeBias
[22.154s][info ][safepoint      ] Leaving safepoint region
[22.154s][info ][safepoint      ] Total time for which application threads were stopped: 0.0001149 seconds, Stopping threads took: 0.0000229 seconds
[22.155s][info ][safepoint      ] Application time: 0.0005158 seconds
[22.155s][info ][safepoint      ] Entering safepoint region: RevokeBias
[22.155s][info ][safepoint      ] Leaving safepoint region
[22.155s][info ][safepoint      ] Total time for which application threads were stopped: 0.0000541 seconds, Stopping threads took: 0.0000102 seconds
[22.169s][info ][safepoint      ] Application time: 0.0141084 seconds
[22.169s][info ][safepoint      ] Entering safepoint region: ICBufferFull
[22.169s][info ][safepoint      ] Leaving safepoint region
[22.169s][info ][safepoint      ] Total time for which application threads were stopped: 0.0003043 seconds, Stopping threads took: 0.0000718 seconds
[22.210s][info ][safepoint      ] Application time: 0.0408891 seconds
[22.210s][info ][safepoint      ] Entering safepoint region: RevokeBias
[22.211s][info ][safepoint      ] Leaving safepoint region
[22.211s][info ][safepoint      ] Total time for which application threads were stopped: 0.0002519 seconds, Stopping threads took: 0.0000392 seconds
[22.215s][info ][safepoint      ] Application time: 0.0044249 seconds
[22.215s][info ][safepoint      ] Entering safepoint region: RevokeBias
[22.215s][info ][safepoint      ] Leaving safepoint region
[22.215s][info ][safepoint      ] Total time for which application threads were stopped: 0.0001279 seconds, Stopping threads took: 0.0000563 seconds
[22.241s][info ][safepoint      ] Application time: 0.0254592 seconds
[22.241s][info ][safepoint      ] Entering safepoint region: RevokeBias
[22.241s][info ][safepoint      ] Leaving safepoint region
[22.241s][info ][safepoint      ] Total time for which application threads were stopped: 0.0001208 seconds, Stopping threads took: 0.0000174 seconds
[22.367s][info ][safepoint      ] Application time: 0.1263161 seconds
[22.367s][info ][safepoint      ] Entering safepoint region: RevokeBias
[22.367s][info ][safepoint      ] Leaving safepoint region
[22.367s][info ][safepoint      ] Total time for which application threads were stopped: 0.0001942 seconds, Stopping threads took: 0.0000388 seconds
[23.367s][info ][safepoint      ] Application time: 1.0001391 seconds
[23.368s][info ][safepoint      ] Entering safepoint region: Cleanup
[23.368s][info ][safepoint      ] Leaving safepoint region
[23.368s][info ][safepoint      ] Total time for which application threads were stopped: 0.0001812 seconds, Stopping threads took: 0.0000463 seconds
[23.825s][info ][safepoint      ] Application time: 0.4570379 seconds
[23.825s][info ][safepoint      ] Entering safepoint region: RevokeBias
[23.825s][info ][safepoint      ] Leaving safepoint region
[23.825s][info ][safepoint      ] Total time for which application threads were stopped: 0.0001594 seconds, Stopping threads took: 0.0000746 seconds
[23.842s][info ][safepoint      ] Application time: 0.0172440 seconds
[23.842s][info ][safepoint      ] Entering safepoint region: RevokeBias
[23.842s][info ][safepoint      ] Leaving safepoint region
[23.842s][info ][safepoint      ] Total time for which application threads were stopped: 0.0001415 seconds, Stopping threads took: 0.0000138 seconds
[23.844s][info ][safepoint      ] Application time: 0.0011671 seconds
[23.844s][info ][safepoint      ] Entering safepoint region: RevokeBias
[23.844s][info ][safepoint      ] Leaving safepoint region
[23.844s][info ][safepoint      ] Total time for which application threads were stopped: 0.0000861 seconds, Stopping threads took: 0.0000101 seconds
[23.863s][info ][safepoint      ] Application time: 0.0191476 seconds
[23.863s][info ][safepoint      ] Entering safepoint region: RevokeBias
[23.863s][info ][safepoint      ] Leaving safepoint region
[23.863s][info ][safepoint      ] Total time for which application threads were stopped: 0.0001349 seconds, Stopping threads took: 0.0000371 seconds
[23.863s][info ][safepoint      ] Application time: 0.0000522 seconds
[23.863s][info ][safepoint      ] Entering safepoint region: RevokeBias
[23.863s][info ][safepoint      ] Leaving safepoint region
[23.863s][info ][safepoint      ] Total time for which application threads were stopped: 0.0000842 seconds, Stopping threads took: 0.0000475 seconds
[23.863s][info ][safepoint      ] Application time: 0.0000379 seconds
[23.863s][info ][safepoint      ] Entering safepoint region: RevokeBias
[23.863s][info ][safepoint      ] Leaving safepoint region
[23.863s][info ][safepoint      ] Total time for which application threads were stopped: 0.0000698 seconds, Stopping threads took: 0.0000368 seconds
[23.870s][info ][safepoint      ] Application time: 0.0068598 seconds
[23.870s][info ][safepoint      ] Entering safepoint region: RevokeBias
[23.870s][info ][safepoint      ] Leaving safepoint region
[23.870s][info ][safepoint      ] Total time for which application threads were stopped: 0.0001121 seconds, Stopping threads took: 0.0000346 seconds
[23.870s][info ][safepoint      ] Application time: 0.0000748 seconds
[23.870s][info ][safepoint      ] Entering safepoint region: RevokeBias
[23.870s][info ][safepoint      ] Leaving safepoint region
[23.870s][info ][safepoint      ] Total time for which application threads were stopped: 0.0000595 seconds, Stopping threads took: 0.0000208 seconds
[23.877s][info ][safepoint      ] Application time: 0.0067341 seconds
[23.877s][info ][safepoint      ] Entering safepoint region: RevokeBias
[23.877s][info ][safepoint      ] Leaving safepoint region
[23.877s][info ][safepoint      ] Total time for which application threads were stopped: 0.0000660 seconds, Stopping threads took: 0.0000127 seconds
[23.906s][info ][safepoint      ] Application time: 0.0287422 seconds
[23.906s][info ][safepoint      ] Entering safepoint region: RevokeBias
[23.906s][info ][safepoint      ] Leaving safepoint region
[23.906s][info ][safepoint      ] Total time for which application threads were stopped: 0.0001103 seconds, Stopping threads took: 0.0000174 seconds
[23.976s][info ][safepoint      ] Application time: 0.0697311 seconds
[23.976s][info ][safepoint      ] Entering safepoint region: Deoptimize
[23.977s][info ][safepoint      ] Leaving safepoint region
[23.977s][info ][safepoint      ] Total time for which application threads were stopped: 0.0015579 seconds, Stopping threads took: 0.0000178 seconds
[24.009s][info ][safepoint      ] Application time: 0.0318589 seconds
[24.009s][info ][safepoint      ] Entering safepoint region: RevokeBias
[24.009s][info ][safepoint      ] Leaving safepoint region
[24.009s][info ][safepoint      ] Total time for which application threads were stopped: 0.0001592 seconds, Stopping threads took: 0.0000383 seconds
[24.092s][info ][safepoint      ] Application time: 0.0824562 seconds
[24.092s][info ][safepoint      ] Entering safepoint region: RevokeBias
[24.092s][info ][safepoint      ] Leaving safepoint region
[24.092s][info ][safepoint      ] Total time for which application threads were stopped: 0.0001951 seconds, Stopping threads took: 0.0000744 seconds
[24.709s][info ][safepoint      ] Application time: 0.6171988 seconds
[24.709s][info ][safepoint      ] Entering safepoint region: Deoptimize
[24.711s][info ][safepoint      ] Leaving safepoint region
[24.711s][info ][safepoint      ] Total time for which application threads were stopped: 0.0017921 seconds, Stopping threads took: 0.0000393 seconds
[24.713s][info ][safepoint      ] Application time: 0.0013755 seconds
[24.713s][info ][safepoint      ] Entering safepoint region: RevokeBias
[24.713s][info ][safepoint      ] Leaving safepoint region
[24.713s][info ][safepoint      ] Total time for which application threads were stopped: 0.0000979 seconds, Stopping threads took: 0.0000444 seconds
[24.713s][info ][safepoint      ] Application time: 0.0004624 seconds
[24.713s][info ][safepoint      ] Entering safepoint region: Deoptimize
[24.714s][info ][safepoint      ] Leaving safepoint region
[24.714s][info ][safepoint      ] Total time for which application threads were stopped: 0.0006317 seconds, Stopping threads took: 0.0000335 seconds
[24.720s][info ][safepoint      ] Application time: 0.0056852 seconds
[24.720s][info ][safepoint      ] Entering safepoint region: RevokeBias
[24.720s][info ][safepoint      ] Leaving safepoint region
[24.720s][info ][safepoint      ] Total time for which application threads were stopped: 0.0001455 seconds, Stopping threads took: 0.0000687 seconds
[24.730s][info ][safepoint      ] Application time: 0.0107029 seconds
[24.730s][info ][safepoint      ] Entering safepoint region: RevokeBias
[24.731s][info ][safepoint      ] Leaving safepoint region
[24.731s][info ][safepoint      ] Total time for which application threads were stopped: 0.0001026 seconds, Stopping threads took: 0.0000324 seconds
[24.918s][info ][safepoint      ] Application time: 0.1872256 seconds
[24.918s][info ][safepoint      ] Entering safepoint region: ICBufferFull
[24.918s][info ][safepoint      ] Leaving safepoint region
[24.918s][info ][safepoint      ] Total time for which application threads were stopped: 0.0002632 seconds, Stopping threads took: 0.0000562 seconds
[24.922s][info ][safepoint      ] Application time: 0.0036986 seconds
[24.922s][info ][safepoint      ] Entering safepoint region: BulkRevokeBias
[24.922s][info ][safepoint      ] Leaving safepoint region
[24.922s][info ][safepoint      ] Total time for which application threads were stopped: 0.0003703 seconds, Stopping threads took: 0.0000553 seconds
[24.969s][info ][safepoint      ] Application time: 0.0464099 seconds
[24.969s][info ][safepoint      ] Entering safepoint region: RevokeBias
[24.969s][info ][safepoint      ] Leaving safepoint region
[24.969s][info ][safepoint      ] Total time for which application threads were stopped: 0.0004890 seconds, Stopping threads took: 0.0001445 seconds
[25.036s][info ][safepoint      ] Application time: 0.0670955 seconds
[25.036s][info ][safepoint      ] Entering safepoint region: ICBufferFull
[25.036s][info ][safepoint      ] Leaving safepoint region
[25.036s][info ][safepoint      ] Total time for which application threads were stopped: 0.0002375 seconds, Stopping threads took: 0.0000195 seconds
[25.430s][info ][safepoint      ] Application time: 0.3934691 seconds
[25.430s][info ][safepoint      ] Entering safepoint region: ICBufferFull
[25.430s][info ][safepoint      ] Leaving safepoint region
[25.430s][info ][safepoint      ] Total time for which application threads were stopped: 0.0002609 seconds, Stopping threads took: 0.0000192 seconds
[25.712s][info ][safepoint      ] Application time: 0.2820633 seconds
[25.712s][info ][safepoint      ] Entering safepoint region: ICBufferFull
[25.713s][info ][safepoint      ] Leaving safepoint region
[25.713s][info ][safepoint      ] Total time for which application threads were stopped: 0.0002341 seconds, Stopping threads took: 0.0000162 seconds
[25.751s][info ][safepoint      ] Application time: 0.0386846 seconds
[25.751s][info ][safepoint      ] Entering safepoint region: Deoptimize
[25.753s][info ][safepoint      ] Leaving safepoint region
[25.753s][info ][safepoint      ] Total time for which application threads were stopped: 0.0017332 seconds, Stopping threads took: 0.0000366 seconds
[25.985s][info ][safepoint      ] Application time: 0.2325054 seconds
[25.986s][info ][safepoint      ] Entering safepoint region: RevokeBias
[25.986s][info ][safepoint      ] Leaving safepoint region
[25.986s][info ][safepoint      ] Total time for which application threads were stopped: 0.0003685 seconds, Stopping threads took: 0.0001161 seconds
[26.192s][info ][safepoint      ] Application time: 0.2065157 seconds
[26.192s][info ][safepoint      ] Entering safepoint region: RevokeBias
[26.193s][info ][safepoint      ] Leaving safepoint region
[26.193s][info ][safepoint      ] Total time for which application threads were stopped: 0.0002261 seconds, Stopping threads took: 0.0000563 seconds
[26.193s][info ][safepoint      ] Application time: 0.0000528 seconds
[26.193s][info ][safepoint      ] Entering safepoint region: RevokeBias
[26.193s][info ][safepoint      ] Leaving safepoint region
[26.193s][info ][safepoint      ] Total time for which application threads were stopped: 0.0000999 seconds, Stopping threads took: 0.0000469 seconds
[27.073s][info ][safepoint      ] Application time: 0.8797436 seconds
[27.073s][info ][safepoint      ] Entering safepoint region: ICBufferFull
[27.073s][info ][safepoint      ] Leaving safepoint region
[27.073s][info ][safepoint      ] Total time for which application threads were stopped: 0.0003354 seconds, Stopping threads took: 0.0000729 seconds
[27.659s][info ][safepoint      ] Application time: 0.5858213 seconds
[27.659s][info ][safepoint      ] Entering safepoint region: ICBufferFull
[27.659s][info ][safepoint      ] Leaving safepoint region
[27.659s][info ][safepoint      ] Total time for which application threads were stopped: 0.0002242 seconds, Stopping threads took: 0.0000199 seconds
[27.874s][info ][safepoint      ] Application time: 0.2146056 seconds
[27.874s][info ][safepoint      ] Entering safepoint region: ICBufferFull
[27.874s][info ][safepoint      ] Leaving safepoint region
[27.874s][info ][safepoint      ] Total time for which application threads were stopped: 0.0002698 seconds, Stopping threads took: 0.0000215 seconds
[28.874s][info ][safepoint      ] Application time: 1.0000885 seconds
[28.874s][info ][safepoint      ] Entering safepoint region: Cleanup
[28.874s][info ][safepoint      ] Leaving safepoint region
[28.874s][info ][safepoint      ] Total time for which application threads were stopped: 0.0002343 seconds, Stopping threads took: 0.0000401 seconds
[28.923s][info ][safepoint      ] Application time: 0.0487714 seconds
[28.923s][info ][safepoint      ] Entering safepoint region: ICBufferFull
[28.924s][info ][safepoint      ] Leaving safepoint region
[28.924s][info ][safepoint      ] Total time for which application threads were stopped: 0.0006526 seconds, Stopping threads took: 0.0000816 seconds
[29.310s][info ][safepoint      ] Application time: 0.3865816 seconds
[29.311s][info ][safepoint      ] Entering safepoint region: ICBufferFull
[29.311s][info ][safepoint      ] Leaving safepoint region
[29.311s][info ][safepoint      ] Total time for which application threads were stopped: 0.0003080 seconds, Stopping threads took: 0.0000439 seconds
[29.713s][info ][safepoint      ] Application time: 0.4023701 seconds
[29.713s][info ][safepoint      ] Entering safepoint region: RevokeBias
[29.713s][info ][safepoint      ] Leaving safepoint region
[29.713s][info ][safepoint      ] Total time for which application threads were stopped: 0.0002433 seconds, Stopping threads took: 0.0000377 seconds
[29.714s][info ][safepoint      ] Application time: 0.0001298 seconds
[29.714s][info ][safepoint      ] Entering safepoint region: RevokeBias
[29.714s][info ][safepoint      ] Leaving safepoint region
[29.714s][info ][safepoint      ] Total time for which application threads were stopped: 0.0000776 seconds, Stopping threads took: 0.0000392 seconds
[30.210s][info ][safepoint      ] Application time: 0.4959874 seconds
[30.210s][info ][safepoint      ] Entering safepoint region: ICBufferFull
[30.210s][info ][safepoint      ] Leaving safepoint region
[30.210s][info ][safepoint      ] Total time for which application threads were stopped: 0.0003090 seconds, Stopping threads took: 0.0000630 seconds
[30.667s][info ][safepoint      ] Application time: 0.4570633 seconds
[30.667s][info ][safepoint      ] Entering safepoint region: ICBufferFull
[30.667s][info ][safepoint      ] Leaving safepoint region
[30.667s][info ][safepoint      ] Total time for which application threads were stopped: 0.0002607 seconds, Stopping threads took: 0.0000340 seconds
[31.560s][info ][safepoint      ] Application time: 0.8921147 seconds
[31.560s][info ][safepoint      ] Entering safepoint region: ICBufferFull
[31.560s][info ][safepoint      ] Leaving safepoint region
[31.560s][info ][safepoint      ] Total time for which application threads were stopped: 0.0002939 seconds, Stopping threads took: 0.0000392 seconds
[32.358s][info ][safepoint      ] Application time: 0.7980833 seconds
[32.358s][info ][safepoint      ] Entering safepoint region: ParallelGCFailedAllocation
[32.358s][info ][gc,start       ] GC(41) Pause Young (Allocation Failure)
[32.390s][debug][gc,phases      ] GC(41) Scavenge 31.973ms
[32.390s][debug][gc,ref         ] GC(41) Skipped phase1 of Reference Processing due to unavailable references
[32.390s][debug][gc,ref         ] GC(41) Skipped phase3 of Reference Processing due to unavailable references
[32.390s][debug][gc,phases      ] GC(41) Reference Processing 0.150ms
[32.391s][debug][gc,phases      ] GC(41) Weak Processing 0.171ms
[32.391s][debug][gc,phases      ] GC(41) Scrub String Table 0.524ms
[32.391s][debug][gc,age         ] GC(41) Desired survivor size 101187584 bytes, new threshold 15 (max threshold 15)
[32.391s][info ][gc,heap        ] GC(41) PSYoungGen: 1916768K->65938K(1990656K)
[32.391s][info ][gc,heap        ] GC(41) ParOldGen: 200791K->200799K(249856K)
[32.391s][info ][gc,metaspace   ] GC(41) Metaspace: 71166K->71166K(1114112K)
[32.391s][info ][gc             ] GC(41) Pause Young (Allocation Failure) 2067M->260M(2188M) 32.979ms
[32.391s][info ][gc,cpu         ] GC(41) User=0.12s Sys=0.04s Real=0.03s
[32.391s][info ][safepoint      ] Leaving safepoint region
[32.391s][info ][safepoint      ] Total time for which application threads were stopped: 0.0332966 seconds, Stopping threads took: 0.0000215 seconds
[32.392s][info ][safepoint      ] Application time: 0.0005784 seconds
[32.392s][info ][safepoint      ] Entering safepoint region: RevokeBias
[32.392s][info ][safepoint      ] Leaving safepoint region
[32.392s][info ][safepoint      ] Total time for which application threads were stopped: 0.0001315 seconds, Stopping threads took: 0.0000516 seconds
[33.392s][info ][safepoint      ] Application time: 1.0000883 seconds
[33.392s][info ][safepoint      ] Entering safepoint region: Cleanup
[33.392s][info ][safepoint      ] Leaving safepoint region
[33.392s][info ][safepoint      ] Total time for which application threads were stopped: 0.0002533 seconds, Stopping threads took: 0.0000908 seconds
[34.393s][info ][safepoint      ] Application time: 1.0000832 seconds
[34.393s][info ][safepoint      ] Entering safepoint region: Cleanup
[34.393s][info ][safepoint      ] Leaving safepoint region
[34.393s][info ][safepoint      ] Total time for which application threads were stopped: 0.0001656 seconds, Stopping threads took: 0.0000191 seconds
[34.714s][info ][safepoint      ] Application time: 0.3211721 seconds
[34.714s][info ][safepoint      ] Entering safepoint region: RevokeBias
[34.714s][info ][safepoint      ] Leaving safepoint region
[34.714s][info ][safepoint      ] Total time for which application threads were stopped: 0.0002030 seconds, Stopping threads took: 0.0000957 seconds
[34.715s][info ][safepoint      ] Application time: 0.0013310 seconds
[34.715s][info ][safepoint      ] Entering safepoint region: RevokeBias
[34.716s][info ][safepoint      ] Leaving safepoint region
[34.716s][info ][safepoint      ] Total time for which application threads were stopped: 0.0000818 seconds, Stopping threads took: 0.0000257 seconds
[34.716s][info ][safepoint      ] Application time: 0.0000642 seconds
[34.716s][info ][safepoint      ] Entering safepoint region: RevokeBias
[34.716s][info ][safepoint      ] Leaving safepoint region
[34.716s][info ][safepoint      ] Total time for which application threads were stopped: 0.0000831 seconds, Stopping threads took: 0.0000489 seconds
[34.716s][info ][safepoint      ] Application time: 0.0000939 seconds
[34.716s][info ][safepoint      ] Entering safepoint region: RevokeBias
[34.716s][info ][safepoint      ] Leaving safepoint region
[34.716s][info ][safepoint      ] Total time for which application threads were stopped: 0.0000711 seconds, Stopping threads took: 0.0000370 seconds
[34.716s][info ][safepoint      ] Application time: 0.0001339 seconds
[34.716s][info ][safepoint      ] Entering safepoint region: RevokeBias
[34.716s][info ][safepoint      ] Leaving safepoint region
[34.716s][info ][safepoint      ] Total time for which application threads were stopped: 0.0000689 seconds, Stopping threads took: 0.0000356 seconds
[35.716s][info ][safepoint      ] Application time: 1.0000948 seconds
[35.716s][info ][safepoint      ] Entering safepoint region: Cleanup
[35.716s][info ][safepoint      ] Leaving safepoint region
[35.716s][info ][safepoint      ] Total time for which application threads were stopped: 0.0001924 seconds, Stopping threads took: 0.0000583 seconds
[36.200s][info ][safepoint      ] Application time: 0.4835844 seconds
[36.200s][info ][safepoint      ] Entering safepoint region: ICBufferFull
[36.200s][info ][safepoint      ] Leaving safepoint region
[36.200s][info ][safepoint      ] Total time for which application threads were stopped: 0.0002480 seconds, Stopping threads took: 0.0000200 seconds
[37.200s][info ][safepoint      ] Application time: 1.0000981 seconds
[37.200s][info ][safepoint      ] Entering safepoint region: Cleanup
[37.201s][info ][safepoint      ] Leaving safepoint region
[37.201s][info ][safepoint      ] Total time for which application threads were stopped: 0.0002317 seconds, Stopping threads took: 0.0000201 seconds
[38.201s][info ][safepoint      ] Application time: 1.0001341 seconds
[38.201s][info ][safepoint      ] Entering safepoint region: Cleanup
[38.201s][info ][safepoint      ] Leaving safepoint region
[38.201s][info ][safepoint      ] Total time for which application threads were stopped: 0.0001433 seconds, Stopping threads took: 0.0000184 seconds
[39.201s][info ][safepoint      ] Application time: 1.0002594 seconds
[39.201s][info ][safepoint      ] Entering safepoint region: Cleanup
[39.201s][info ][safepoint      ] Leaving safepoint region
[39.201s][info ][safepoint      ] Total time for which application threads were stopped: 0.0001422 seconds, Stopping threads took: 0.0000366 seconds
[40.202s][info ][safepoint      ] Application time: 1.0001184 seconds
[40.202s][info ][safepoint      ] Entering safepoint region: Cleanup
[40.202s][info ][safepoint      ] Leaving safepoint region
[40.202s][info ][safepoint      ] Total time for which application threads were stopped: 0.0001604 seconds, Stopping threads took: 0.0000215 seconds
[41.202s][info ][safepoint      ] Application time: 1.0000859 seconds
[41.202s][info ][safepoint      ] Entering safepoint region: Cleanup
[41.202s][info ][safepoint      ] Leaving safepoint region
[41.202s][info ][safepoint      ] Total time for which application threads were stopped: 0.0001114 seconds, Stopping threads took: 0.0000224 seconds
[42.202s][info ][safepoint      ] Application time: 1.0000984 seconds
[42.202s][info ][safepoint      ] Entering safepoint region: Cleanup
[42.202s][info ][safepoint      ] Leaving safepoint region
[42.202s][info ][safepoint      ] Total time for which application threads were stopped: 0.0001022 seconds, Stopping threads took: 0.0000180 seconds
[43.202s][info ][safepoint      ] Application time: 1.0000832 seconds
[43.202s][info ][safepoint      ] Entering safepoint region: Cleanup
[43.203s][info ][safepoint      ] Leaving safepoint region
[43.203s][info ][safepoint      ] Total time for which application threads were stopped: 0.0001229 seconds, Stopping threads took: 0.0000188 seconds
[44.203s][info ][safepoint      ] Application time: 1.0001315 seconds
[44.203s][info ][safepoint      ] Entering safepoint region: Cleanup
[44.203s][info ][safepoint      ] Leaving safepoint region
[44.203s][info ][safepoint      ] Total time for which application threads were stopped: 0.0001089 seconds, Stopping threads took: 0.0000181 seconds
[45.203s][info ][safepoint      ] Application time: 1.0002354 seconds
[45.203s][info ][safepoint      ] Entering safepoint region: Cleanup
[45.203s][info ][safepoint      ] Leaving safepoint region
[45.203s][info ][safepoint      ] Total time for which application threads were stopped: 0.0001019 seconds, Stopping threads took: 0.0000181 seconds
[46.203s][info ][safepoint      ] Application time: 1.0000882 seconds
[46.203s][info ][safepoint      ] Entering safepoint region: Cleanup
[46.203s][info ][safepoint      ] Leaving safepoint region
[46.203s][info ][safepoint      ] Total time for which application threads were stopped: 0.0001292 seconds, Stopping threads took: 0.0000189 seconds
[47.204s][info ][safepoint      ] Application time: 1.0000774 seconds
[47.204s][info ][safepoint      ] Entering safepoint region: Cleanup
[47.204s][info ][safepoint      ] Leaving safepoint region
[47.204s][info ][safepoint      ] Total time for which application threads were stopped: 0.0001505 seconds, Stopping threads took: 0.0000201 seconds
[47.624s][info ][safepoint      ] Application time: 0.4199891 seconds
[47.624s][info ][safepoint      ] Entering safepoint region: ParallelGCFailedAllocation
[47.624s][info ][gc,start       ] GC(42) Pause Young (Allocation Failure)
[47.646s][debug][gc,phases      ] GC(42) Scavenge 21.647ms
[47.646s][debug][gc,ref         ] GC(42) Skipped phase1 of Reference Processing due to unavailable references
[47.646s][debug][gc,phases      ] GC(42) Reference Processing 0.157ms
[47.646s][debug][gc,phases      ] GC(42) Weak Processing 0.170ms
[47.647s][debug][gc,phases      ] GC(42) Scrub String Table 0.544ms
[47.647s][debug][gc,age         ] GC(42) Desired survivor size 107479040 bytes, new threshold 15 (max threshold 15)
[47.647s][info ][gc,heap        ] GC(42) PSYoungGen: 1965458K->66040K(1965568K)
[47.647s][info ][gc,heap        ] GC(42) ParOldGen: 200799K->200815K(249856K)
[47.647s][info ][gc,metaspace   ] GC(42) Metaspace: 71567K->71567K(1114112K)
[47.647s][info ][gc             ] GC(42) Pause Young (Allocation Failure) 2115M->260M(2163M) 22.676ms
[47.647s][info ][gc,cpu         ] GC(42) User=0.08s Sys=0.00s Real=0.02s
[47.647s][info ][safepoint      ] Leaving safepoint region
[47.647s][info ][safepoint      ] Total time for which application threads were stopped: 0.0229363 seconds, Stopping threads took: 0.0000187 seconds
[48.647s][info ][safepoint      ] Application time: 1.0000962 seconds
[48.647s][info ][safepoint      ] Entering safepoint region: Cleanup
[48.647s][info ][safepoint      ] Leaving safepoint region
[48.647s][info ][safepoint      ] Total time for which application threads were stopped: 0.0001253 seconds, Stopping threads took: 0.0000211 seconds
[49.647s][info ][safepoint      ] Application time: 1.0000877 seconds
[49.647s][info ][safepoint      ] Entering safepoint region: Cleanup
[49.647s][info ][safepoint      ] Leaving safepoint region
[49.647s][info ][safepoint      ] Total time for which application threads were stopped: 0.0001699 seconds, Stopping threads took: 0.0000403 seconds
[50.647s][info ][safepoint      ] Application time: 1.0001206 seconds
[50.647s][info ][safepoint      ] Entering safepoint region: Cleanup
[50.648s][info ][safepoint      ] Leaving safepoint region
[50.648s][info ][safepoint      ] Total time for which application threads were stopped: 0.0001170 seconds, Stopping threads took: 0.0000176 seconds
[51.648s][info ][safepoint      ] Application time: 1.0001231 seconds
[51.648s][info ][safepoint      ] Entering safepoint region: Cleanup
[51.648s][info ][safepoint      ] Leaving safepoint region
[51.648s][info ][safepoint      ] Total time for which application threads were stopped: 0.0001519 seconds, Stopping threads took: 0.0000195 seconds
[52.648s][info ][safepoint      ] Application time: 1.0000984 seconds
[52.648s][info ][safepoint      ] Entering safepoint region: Cleanup
[52.648s][info ][safepoint      ] Leaving safepoint region
[52.648s][info ][safepoint      ] Total time for which application threads were stopped: 0.0001532 seconds, Stopping threads took: 0.0000184 seconds
[53.648s][info ][safepoint      ] Application time: 1.0000871 seconds
[53.648s][info ][safepoint      ] Entering safepoint region: Cleanup
[53.648s][info ][safepoint      ] Leaving safepoint region
[53.648s][info ][safepoint      ] Total time for which application threads were stopped: 0.0001135 seconds, Stopping threads took: 0.0000224 seconds
[54.648s][info ][safepoint      ] Application time: 1.0000968 seconds
[54.649s][info ][safepoint      ] Entering safepoint region: Cleanup
[54.649s][info ][safepoint      ] Leaving safepoint region
[54.649s][info ][safepoint      ] Total time for which application threads were stopped: 0.0001422 seconds, Stopping threads took: 0.0000206 seconds
[55.649s][info ][safepoint      ] Application time: 1.0001168 seconds
[55.649s][info ][safepoint      ] Entering safepoint region: Cleanup
[55.649s][info ][safepoint      ] Leaving safepoint region
[55.649s][info ][safepoint      ] Total time for which application threads were stopped: 0.0001127 seconds, Stopping threads took: 0.0000193 seconds
[56.649s][info ][safepoint      ] Application time: 1.0000860 seconds
[56.649s][info ][safepoint      ] Entering safepoint region: Cleanup
[56.649s][info ][safepoint      ] Leaving safepoint region
[56.649s][info ][safepoint      ] Total time for which application threads were stopped: 0.0001053 seconds, Stopping threads took: 0.0000223 seconds
[57.649s][info ][safepoint      ] Application time: 1.0000783 seconds
[57.649s][info ][safepoint      ] Entering safepoint region: Cleanup
[57.649s][info ][safepoint      ] Leaving safepoint region
[57.649s][info ][safepoint      ] Total time for which application threads were stopped: 0.0001161 seconds, Stopping threads took: 0.0000209 seconds
[58.650s][info ][safepoint      ] Application time: 1.0001423 seconds
[58.650s][info ][safepoint      ] Entering safepoint region: Cleanup
[58.650s][info ][safepoint      ] Leaving safepoint region
[58.650s][info ][safepoint      ] Total time for which application threads were stopped: 0.0001122 seconds, Stopping threads took: 0.0000189 seconds
[59.650s][info ][safepoint      ] Application time: 1.0001284 seconds
[59.650s][info ][safepoint      ] Entering safepoint region: Cleanup
[59.650s][info ][safepoint      ] Leaving safepoint region
[59.650s][info ][safepoint      ] Total time for which application threads were stopped: 0.0001120 seconds, Stopping threads took: 0.0000188 seconds
[60.650s][info ][safepoint      ] Application time: 1.0000920 seconds
[60.650s][info ][safepoint      ] Entering safepoint region: Cleanup
[60.650s][info ][safepoint      ] Leaving safepoint region
[60.650s][info ][safepoint      ] Total time for which application threads were stopped: 0.0001268 seconds, Stopping threads took: 0.0000366 seconds
[61.650s][info ][safepoint      ] Application time: 1.0001231 seconds
[61.650s][info ][safepoint      ] Entering safepoint region: Cleanup
[61.651s][info ][safepoint      ] Leaving safepoint region
[61.651s][info ][safepoint      ] Total time for which application threads were stopped: 0.0001291 seconds, Stopping threads took: 0.0000342 seconds
[62.651s][info ][safepoint      ] Application time: 1.0000719 seconds
[62.651s][info ][safepoint      ] Entering safepoint region: Cleanup
[62.651s][info ][safepoint      ] Leaving safepoint region
[62.651s][info ][safepoint      ] Total time for which application threads were stopped: 0.0001440 seconds, Stopping threads took: 0.0000366 seconds
[63.111s][info ][safepoint      ] Application time: 0.4597198 seconds
[63.111s][info ][safepoint      ] Entering safepoint region: ParallelGCFailedAllocation
[63.111s][info ][gc,start       ] GC(43) Pause Young (Allocation Failure)
[63.132s][debug][gc,phases      ] GC(43) Scavenge 21.616ms
[63.132s][debug][gc,ref         ] GC(43) Skipped phase1 of Reference Processing due to unavailable references
[63.133s][debug][gc,ref         ] GC(43) Skipped phase3 of Reference Processing due to unavailable references
[63.133s][debug][gc,phases      ] GC(43) Reference Processing 0.100ms
[63.133s][debug][gc,phases      ] GC(43) Weak Processing 0.191ms
[63.133s][debug][gc,phases      ] GC(43) Scrub String Table 0.628ms
[63.133s][debug][gc,age         ] GC(43) Desired survivor size 112197632 bytes, new threshold 15 (max threshold 15)
[63.133s][info ][gc,heap        ] GC(43) PSYoungGen: 1965560K->66321K(1982976K)
[63.133s][info ][gc,heap        ] GC(43) ParOldGen: 200815K->200823K(249856K)
[63.133s][info ][gc,metaspace   ] GC(43) Metaspace: 71703K->71703K(1114112K)
[63.133s][info ][gc             ] GC(43) Pause Young (Allocation Failure) 2115M->260M(2180M) 22.708ms
[63.134s][info ][gc,cpu         ] GC(43) User=0.08s Sys=0.00s Real=0.02s
[63.134s][info ][safepoint      ] Leaving safepoint region
[63.134s][info ][safepoint      ] Total time for which application threads were stopped: 0.0230006 seconds, Stopping threads took: 0.0000186 seconds
[64.134s][info ][safepoint      ] Application time: 1.0001304 seconds
[64.134s][info ][safepoint      ] Entering safepoint region: Cleanup
[64.134s][info ][safepoint      ] Leaving safepoint region
[64.134s][info ][safepoint      ] Total time for which application threads were stopped: 0.0001102 seconds, Stopping threads took: 0.0000189 seconds
[65.134s][info ][safepoint      ] Application time: 1.0001255 seconds
[65.134s][info ][safepoint      ] Entering safepoint region: Cleanup
[65.134s][info ][safepoint      ] Leaving safepoint region
[65.134s][info ][safepoint      ] Total time for which application threads were stopped: 0.0000969 seconds, Stopping threads took: 0.0000178 seconds
[66.134s][info ][safepoint      ] Application time: 1.0000693 seconds
[66.134s][info ][safepoint      ] Entering safepoint region: Cleanup
[66.134s][info ][safepoint      ] Leaving safepoint region
[66.134s][info ][safepoint      ] Total time for which application threads were stopped: 0.0001669 seconds, Stopping threads took: 0.0000661 seconds
[67.135s][info ][safepoint      ] Application time: 1.0001579 seconds
[67.135s][info ][safepoint      ] Entering safepoint region: Cleanup
[67.135s][info ][safepoint      ] Leaving safepoint region
[67.135s][info ][safepoint      ] Total time for which application threads were stopped: 0.0001764 seconds, Stopping threads took: 0.0000202 seconds
[68.135s][info ][safepoint      ] Application time: 1.0001017 seconds
[68.135s][info ][safepoint      ] Entering safepoint region: Cleanup
[68.135s][info ][safepoint      ] Leaving safepoint region
[68.135s][info ][safepoint      ] Total time for which application threads were stopped: 0.0001964 seconds, Stopping threads took: 0.0000182 seconds
[69.135s][info ][safepoint      ] Application time: 1.0001031 seconds
[69.135s][info ][safepoint      ] Entering safepoint region: Cleanup
[69.135s][info ][safepoint      ] Leaving safepoint region
[69.135s][info ][safepoint      ] Total time for which application threads were stopped: 0.0001078 seconds, Stopping threads took: 0.0000214 seconds
[70.135s][info ][safepoint      ] Application time: 1.0000805 seconds
[70.136s][info ][safepoint      ] Entering safepoint region: Cleanup
[70.136s][info ][safepoint      ] Leaving safepoint region
[70.136s][info ][safepoint      ] Total time for which application threads were stopped: 0.0001295 seconds, Stopping threads took: 0.0000340 seconds
[71.136s][info ][safepoint      ] Application time: 1.0000934 seconds
[71.136s][info ][safepoint      ] Entering safepoint region: Cleanup
[71.136s][info ][safepoint      ] Leaving safepoint region
[71.136s][info ][safepoint      ] Total time for which application threads were stopped: 0.0001429 seconds, Stopping threads took: 0.0000184 seconds
[71.207s][info ][safepoint      ] Application time: 0.0706372 seconds
[71.207s][info ][safepoint      ] Entering safepoint region: RevokeBias
[71.207s][info ][safepoint      ] Leaving safepoint region
[71.207s][info ][safepoint      ] Total time for which application threads were stopped: 0.0001194 seconds, Stopping threads took: 0.0000196 seconds
[72.207s][info ][safepoint      ] Application time: 1.0000866 seconds
[72.207s][info ][safepoint      ] Entering safepoint region: Cleanup
[72.207s][info ][safepoint      ] Leaving safepoint region
[72.207s][info ][safepoint      ] Total time for which application threads were stopped: 0.0002591 seconds, Stopping threads took: 0.0000646 seconds
[72.436s][info ][safepoint      ] Application time: 0.2293795 seconds
[72.437s][info ][safepoint      ] Entering safepoint region: ICBufferFull
[72.437s][info ][safepoint      ] Leaving safepoint region
[72.437s][info ][safepoint      ] Total time for which application threads were stopped: 0.0002848 seconds, Stopping threads took: 0.0000659 seconds
[73.229s][info ][safepoint      ] Application time: 0.7920689 seconds
[73.229s][info ][safepoint      ] Entering safepoint region: ICBufferFull
[73.229s][info ][safepoint      ] Leaving safepoint region
[73.229s][info ][safepoint      ] Total time for which application threads were stopped: 0.0002828 seconds, Stopping threads took: 0.0000496 seconds
[73.698s][info ][safepoint      ] Application time: 0.4687905 seconds
[73.698s][info ][safepoint      ] Entering safepoint region: ICBufferFull
[73.698s][info ][safepoint      ] Leaving safepoint region
[73.698s][info ][safepoint      ] Total time for which application threads were stopped: 0.0003527 seconds, Stopping threads took: 0.0000166 seconds
[74.699s][info ][safepoint      ] Application time: 1.0001165 seconds
[74.699s][info ][safepoint      ] Entering safepoint region: Cleanup
[74.699s][info ][safepoint      ] Leaving safepoint region
[74.699s][info ][safepoint      ] Total time for which application threads were stopped: 0.0001365 seconds, Stopping threads took: 0.0000201 seconds
[75.699s][info ][safepoint      ] Application time: 1.0001116 seconds
[75.699s][info ][safepoint      ] Entering safepoint region: Cleanup
[75.699s][info ][safepoint      ] Leaving safepoint region
[75.699s][info ][safepoint      ] Total time for which application threads were stopped: 0.0000969 seconds, Stopping threads took: 0.0000208 seconds
[76.699s][info ][safepoint      ] Application time: 1.0000966 seconds
[76.699s][info ][safepoint      ] Entering safepoint region: Cleanup
[76.699s][info ][safepoint      ] Leaving safepoint region
[76.699s][info ][safepoint      ] Total time for which application threads were stopped: 0.0000940 seconds, Stopping threads took: 0.0000200 seconds
[77.699s][info ][safepoint      ] Application time: 1.0000872 seconds
[77.699s][info ][safepoint      ] Entering safepoint region: Cleanup
[77.699s][info ][safepoint      ] Leaving safepoint region
[77.699s][info ][safepoint      ] Total time for which application threads were stopped: 0.0000877 seconds, Stopping threads took: 0.0000194 seconds
[78.699s][info ][safepoint      ] Application time: 1.0000842 seconds
[78.699s][info ][safepoint      ] Entering safepoint region: Cleanup
[78.700s][info ][safepoint      ] Leaving safepoint region
[78.700s][info ][safepoint      ] Total time for which application threads were stopped: 0.0000918 seconds, Stopping threads took: 0.0000205 seconds
[79.700s][info ][safepoint      ] Application time: 1.0001131 seconds
[79.700s][info ][safepoint      ] Entering safepoint region: Cleanup
[79.700s][info ][safepoint      ] Leaving safepoint region
[79.700s][info ][safepoint      ] Total time for which application threads were stopped: 0.0001039 seconds, Stopping threads took: 0.0000200 seconds
[80.018s][info ][safepoint      ] Application time: 0.3186111 seconds
[80.018s][info ][safepoint      ] Entering safepoint region: ParallelGCFailedAllocation
[80.019s][info ][gc,start       ] GC(44) Pause Young (Allocation Failure)
[80.042s][debug][gc,phases      ] GC(44) Scavenge 23.378ms
[80.042s][debug][gc,ref         ] GC(44) Skipped phase1 of Reference Processing due to unavailable references
[80.042s][debug][gc,ref         ] GC(44) Skipped phase3 of Reference Processing due to unavailable references
[80.042s][debug][gc,phases      ] GC(44) Reference Processing 0.108ms
[80.043s][debug][gc,phases      ] GC(44) Weak Processing 0.309ms
[80.043s][debug][gc,phases      ] GC(44) Scrub String Table 0.914ms
[80.043s][debug][gc,age         ] GC(44) Desired survivor size 115343360 bytes, new threshold 15 (max threshold 15)
[80.043s][info ][gc,heap        ] GC(44) PSYoungGen: 1944337K->65234K(1943552K)
[80.043s][info ][gc,heap        ] GC(44) ParOldGen: 200823K->200831K(249856K)
[80.044s][info ][gc,metaspace   ] GC(44) Metaspace: 72328K->72328K(1116160K)
[80.044s][info ][gc             ] GC(44) Pause Young (Allocation Failure) 2094M->259M(2142M) 24.884ms
[80.044s][info ][gc,cpu         ] GC(44) User=0.10s Sys=0.00s Real=0.03s
[80.044s][info ][safepoint      ] Leaving safepoint region
[80.044s][info ][safepoint      ] Total time for which application threads were stopped: 0.0251471 seconds, Stopping threads took: 0.0000191 seconds
[80.044s][info ][safepoint      ] Application time: 0.0001837 seconds
[80.044s][info ][safepoint      ] Entering safepoint region: RevokeBias
[80.044s][info ][safepoint      ] Leaving safepoint region
[80.044s][info ][safepoint      ] Total time for which application threads were stopped: 0.0002315 seconds, Stopping threads took: 0.0001347 seconds
[80.834s][info ][safepoint      ] Application time: 0.7899536 seconds
[80.834s][info ][safepoint      ] Entering safepoint region: RevokeBias
[80.834s][info ][safepoint      ] Leaving safepoint region
[80.834s][info ][safepoint      ] Total time for which application threads were stopped: 0.0001230 seconds, Stopping threads took: 0.0000184 seconds
[82.834s][info ][safepoint      ] Application time: 2.0001289 seconds
[82.834s][info ][safepoint      ] Entering safepoint region: Cleanup
[82.834s][info ][safepoint      ] Leaving safepoint region
[82.834s][info ][safepoint      ] Total time for which application threads were stopped: 0.0001162 seconds, Stopping threads took: 0.0000190 seconds
[83.835s][info ][safepoint      ] Application time: 1.0000935 seconds
[83.835s][info ][safepoint      ] Entering safepoint region: Cleanup
[83.835s][info ][safepoint      ] Leaving safepoint region
[83.835s][info ][safepoint      ] Total time for which application threads were stopped: 0.0001030 seconds, Stopping threads took: 0.0000206 seconds
[86.835s][info ][safepoint      ] Application time: 3.0004042 seconds
[86.835s][info ][safepoint      ] Entering safepoint region: Cleanup
[86.835s][info ][safepoint      ] Leaving safepoint region
[86.835s][info ][safepoint      ] Total time for which application threads were stopped: 0.0001063 seconds, Stopping threads took: 0.0000204 seconds
[87.835s][info ][safepoint      ] Application time: 1.0001115 seconds
[87.835s][info ][safepoint      ] Entering safepoint region: Cleanup
[87.836s][info ][safepoint      ] Leaving safepoint region
[87.836s][info ][safepoint      ] Total time for which application threads were stopped: 0.0000962 seconds, Stopping threads took: 0.0000202 seconds
[97.837s][info ][safepoint      ] Application time: 10.0010073 seconds
[97.837s][info ][safepoint      ] Entering safepoint region: Cleanup
[97.837s][info ][safepoint      ] Leaving safepoint region
[97.837s][info ][safepoint      ] Total time for which application threads were stopped: 0.0001098 seconds, Stopping threads took: 0.0000323 seconds
[106.838s][info ][safepoint      ] Application time: 9.0007685 seconds
[106.838s][info ][safepoint      ] Entering safepoint region: Cleanup
[106.838s][info ][safepoint      ] Leaving safepoint region
[106.838s][info ][safepoint      ] Total time for which application threads were stopped: 0.0001172 seconds, Stopping threads took: 0.0000215 seconds
[113.838s][info ][safepoint      ] Application time: 7.0006240 seconds
[113.838s][info ][safepoint      ] Entering safepoint region: Cleanup
[113.838s][info ][safepoint      ] Leaving safepoint region
[113.838s][info ][safepoint      ] Total time for which application threads were stopped: 0.0001016 seconds, Stopping threads took: 0.0000215 seconds
[114.839s][info ][safepoint      ] Application time: 1.0000886 seconds
[114.839s][info ][safepoint      ] Entering safepoint region: Cleanup
[114.839s][info ][safepoint      ] Leaving safepoint region
[114.839s][info ][safepoint      ] Total time for which application threads were stopped: 0.0000980 seconds, Stopping threads took: 0.0000209 seconds
[119.839s][info ][safepoint      ] Application time: 5.0005672 seconds
[119.839s][info ][safepoint      ] Entering safepoint region: Cleanup
[119.839s][info ][safepoint      ] Leaving safepoint region
[119.839s][info ][safepoint      ] Total time for which application threads were stopped: 0.0001030 seconds, Stopping threads took: 0.0000213 seconds
[123.840s][info ][safepoint      ] Application time: 4.0005235 seconds
[123.840s][info ][safepoint      ] Entering safepoint region: Cleanup
[123.840s][info ][safepoint      ] Leaving safepoint region
[123.840s][info ][safepoint      ] Total time for which application threads were stopped: 0.0001128 seconds, Stopping threads took: 0.0000362 seconds
[124.840s][info ][safepoint      ] Application time: 1.0001404 seconds
[124.840s][info ][safepoint      ] Entering safepoint region: Cleanup
[124.840s][info ][safepoint      ] Leaving safepoint region
[124.840s][info ][safepoint      ] Total time for which application threads were stopped: 0.0000985 seconds, Stopping threads took: 0.0000213 seconds
[132.841s][info ][safepoint      ] Application time: 8.0007820 seconds
[132.841s][info ][safepoint      ] Entering safepoint region: Cleanup
[132.841s][info ][safepoint      ] Leaving safepoint region
[132.841s][info ][safepoint      ] Total time for which application threads were stopped: 0.0001030 seconds, Stopping threads took: 0.0000209 seconds
[133.719s][info ][safepoint      ] Application time: 0.8781483 seconds
[133.720s][info ][safepoint      ] Entering safepoint region: RevokeBias
[133.720s][info ][safepoint      ] Leaving safepoint region
[133.720s][info ][safepoint      ] Total time for which application threads were stopped: 0.0001095 seconds, Stopping threads took: 0.0000200 seconds
[133.720s][info ][safepoint      ] Application time: 0.0007216 seconds
[133.720s][info ][safepoint      ] Entering safepoint region: RevokeBias
[133.720s][info ][safepoint      ] Leaving safepoint region
[133.720s][info ][safepoint      ] Total time for which application threads were stopped: 0.0000675 seconds, Stopping threads took: 0.0000110 seconds
[133.723s][info ][safepoint      ] Application time: 0.0029435 seconds
[133.723s][info ][safepoint      ] Entering safepoint region: RevokeBias
[133.723s][info ][safepoint      ] Leaving safepoint region
[133.723s][info ][safepoint      ] Total time for which application threads were stopped: 0.0000477 seconds, Stopping threads took: 0.0000106 seconds
[140.834s][info ][safepoint      ] Application time: 7.1104495 seconds
[140.834s][info ][safepoint      ] Entering safepoint region: RevokeBias
[140.834s][info ][safepoint      ] Leaving safepoint region
[140.834s][info ][safepoint      ] Total time for which application threads were stopped: 0.0001011 seconds, Stopping threads took: 0.0000186 seconds
[146.521s][info ][safepoint      ] Application time: 5.6868917 seconds
[146.521s][info ][safepoint      ] Entering safepoint region: RevokeBias
[146.521s][info ][safepoint      ] Leaving safepoint region
[146.521s][info ][safepoint      ] Total time for which application threads were stopped: 0.0000966 seconds, Stopping threads took: 0.0000329 seconds
[200.834s][info ][safepoint      ] Application time: 54.3128669 seconds
[200.834s][info ][safepoint      ] Entering safepoint region: RevokeBias
[200.834s][info ][safepoint      ] Leaving safepoint region
[200.834s][info ][safepoint      ] Total time for which application threads were stopped: 0.0001166 seconds, Stopping threads took: 0.0000347 seconds
[204.834s][info ][safepoint      ] Application time: 4.0003359 seconds
[204.834s][info ][safepoint      ] Entering safepoint region: Cleanup
[204.835s][info ][safepoint      ] Leaving safepoint region
[204.835s][info ][safepoint      ] Total time for which application threads were stopped: 0.0000806 seconds, Stopping threads took: 0.0000180 seconds
[206.521s][info ][safepoint      ] Application time: 1.6864327 seconds
[206.521s][info ][safepoint      ] Entering safepoint region: RevokeBias
[206.521s][info ][safepoint      ] Leaving safepoint region
[206.521s][info ][safepoint      ] Total time for which application threads were stopped: 0.0000800 seconds, Stopping threads took: 0.0000180 seconds
[220.523s][info ][safepoint      ] Application time: 14.0016236 seconds
[220.523s][info ][safepoint      ] Entering safepoint region: Cleanup
[220.523s][info ][safepoint      ] Leaving safepoint region
[220.523s][info ][safepoint      ] Total time for which application threads were stopped: 0.0000984 seconds, Stopping threads took: 0.0000333 seconds
[222.523s][info ][safepoint      ] Application time: 2.0002021 seconds
[222.523s][info ][safepoint      ] Entering safepoint region: Cleanup
[222.523s][info ][safepoint      ] Leaving safepoint region
[222.523s][info ][safepoint      ] Total time for which application threads were stopped: 0.0000973 seconds, Stopping threads took: 0.0000188 seconds
[224.523s][info ][safepoint      ] Application time: 2.0002166 seconds
[224.523s][info ][safepoint      ] Entering safepoint region: Cleanup
[224.524s][info ][safepoint      ] Leaving safepoint region
[224.524s][info ][safepoint      ] Total time for which application threads were stopped: 0.0000751 seconds, Stopping threads took: 0.0000155 seconds
[245.526s][info ][safepoint      ] Application time: 21.0024848 seconds
[245.526s][info ][safepoint      ] Entering safepoint region: Cleanup
[245.526s][info ][safepoint      ] Leaving safepoint region
[245.526s][info ][safepoint      ] Total time for which application threads were stopped: 0.0000840 seconds, Stopping threads took: 0.0000191 seconds
[260.834s][info ][safepoint      ] Application time: 15.3077593 seconds
[260.834s][info ][safepoint      ] Entering safepoint region: RevokeBias
[260.834s][info ][safepoint      ] Leaving safepoint region
[260.834s][info ][safepoint      ] Total time for which application threads were stopped: 0.0001142 seconds, Stopping threads took: 0.0000384 seconds
[266.521s][info ][safepoint      ] Application time: 5.6868407 seconds
[266.521s][info ][safepoint      ] Entering safepoint region: RevokeBias
[266.521s][info ][safepoint      ] Leaving safepoint region
[266.521s][info ][safepoint      ] Total time for which application threads were stopped: 0.0000765 seconds, Stopping threads took: 0.0000160 seconds
[312.526s][info ][safepoint      ] Application time: 46.0046787 seconds
[312.526s][info ][safepoint      ] Entering safepoint region: Cleanup
[312.526s][info ][safepoint      ] Leaving safepoint region
[312.526s][info ][safepoint      ] Total time for which application threads were stopped: 0.0001354 seconds, Stopping threads took: 0.0000202 seconds
[320.834s][info ][safepoint      ] Application time: 8.3080304 seconds
[320.834s][info ][safepoint      ] Entering safepoint region: RevokeBias
[320.834s][info ][safepoint      ] Leaving safepoint region
[320.834s][info ][safepoint      ] Total time for which application threads were stopped: 0.0001035 seconds, Stopping threads took: 0.0000355 seconds
[324.835s][info ][safepoint      ] Application time: 4.0004763 seconds
[324.835s][info ][safepoint      ] Entering safepoint region: Cleanup
[324.835s][info ][safepoint      ] Leaving safepoint region
[324.835s][info ][safepoint      ] Total time for which application threads were stopped: 0.0001014 seconds, Stopping threads took: 0.0000322 seconds
[326.521s][info ][safepoint      ] Application time: 1.6862207 seconds
[326.521s][info ][safepoint      ] Entering safepoint region: RevokeBias
[326.521s][info ][safepoint      ] Leaving safepoint region
[326.521s][info ][safepoint      ] Total time for which application threads were stopped: 0.0001110 seconds, Stopping threads took: 0.0000169 seconds
[346.523s][info ][safepoint      ] Application time: 20.0021563 seconds
[346.523s][info ][safepoint      ] Entering safepoint region: Cleanup
[346.523s][info ][safepoint      ] Leaving safepoint region
[346.523s][info ][safepoint      ] Total time for which application threads were stopped: 0.0000853 seconds, Stopping threads took: 0.0000179 seconds
[372.494s][info ][safepoint      ] Application time: 25.9705545 seconds
[372.494s][info ][safepoint      ] Entering safepoint region: RevokeBias
[372.494s][info ][safepoint      ] Leaving safepoint region
[372.494s][info ][safepoint      ] Total time for which application threads were stopped: 0.0001192 seconds, Stopping threads took: 0.0000353 seconds
[372.494s][info ][safepoint      ] Application time: 0.0001798 seconds
[372.494s][info ][safepoint      ] Entering safepoint region: RevokeBias
[372.494s][info ][safepoint      ] Leaving safepoint region
[372.494s][info ][safepoint      ] Total time for which application threads were stopped: 0.0001263 seconds, Stopping threads took: 0.0000754 seconds
[380.834s][info ][safepoint      ] Application time: 8.3396407 seconds
[380.834s][info ][safepoint      ] Entering safepoint region: RevokeBias
[380.834s][info ][safepoint      ] Leaving safepoint region
[380.834s][info ][safepoint      ] Total time for which application threads were stopped: 0.0002011 seconds, Stopping threads took: 0.0000604 seconds
[386.521s][info ][safepoint      ] Application time: 5.6866291 seconds
[386.521s][info ][safepoint      ] Entering safepoint region: RevokeBias
[386.521s][info ][safepoint      ] Leaving safepoint region
[386.521s][info ][safepoint      ] Total time for which application threads were stopped: 0.0000929 seconds, Stopping threads took: 0.0000343 seconds
[390.521s][info ][safepoint      ] Application time: 4.0003619 seconds
[390.521s][info ][safepoint      ] Entering safepoint region: Cleanup
[390.522s][info ][safepoint      ] Leaving safepoint region
[390.522s][info ][safepoint      ] Total time for which application threads were stopped: 0.0000809 seconds, Stopping threads took: 0.0000204 seconds
[405.523s][info ][safepoint      ] Application time: 15.0016046 seconds
[405.523s][info ][safepoint      ] Entering safepoint region: Cleanup
[405.523s][info ][safepoint      ] Leaving safepoint region
[405.523s][info ][safepoint      ] Total time for which application threads were stopped: 0.0000690 seconds, Stopping threads took: 0.0000156 seconds
[406.523s][info ][safepoint      ] Application time: 1.0000773 seconds
[406.523s][info ][safepoint      ] Entering safepoint region: Cleanup
[406.523s][info ][safepoint      ] Leaving safepoint region
[406.523s][info ][safepoint      ] Total time for which application threads were stopped: 0.0000786 seconds, Stopping threads took: 0.0000148 seconds
[432.526s][info ][safepoint      ] Application time: 26.0026886 seconds
[432.526s][info ][safepoint      ] Entering safepoint region: Cleanup
[432.526s][info ][safepoint      ] Leaving safepoint region
[432.526s][info ][safepoint      ] Total time for which application threads were stopped: 0.0000843 seconds, Stopping threads took: 0.0000149 seconds
[432.705s][info ][safepoint      ] Application time: 0.1788396 seconds
[432.705s][info ][safepoint      ] Entering safepoint region: RevokeBias
[432.705s][info ][safepoint      ] Leaving safepoint region
[432.705s][info ][safepoint      ] Total time for which application threads were stopped: 0.0001886 seconds, Stopping threads took: 0.0001167 seconds
[432.705s][info ][safepoint      ] Application time: 0.0000625 seconds
[432.705s][info ][safepoint      ] Entering safepoint region: RevokeBias
[432.705s][info ][safepoint      ] Leaving safepoint region
[432.705s][info ][safepoint      ] Total time for which application threads were stopped: 0.0000292 seconds, Stopping threads took: 0.0000068 seconds
[432.706s][info ][safepoint      ] Application time: 0.0000511 seconds
[432.706s][info ][safepoint      ] Entering safepoint region: RevokeBias
[432.706s][info ][safepoint      ] Leaving safepoint region
[432.706s][info ][safepoint      ] Total time for which application threads were stopped: 0.0000249 seconds, Stopping threads took: 0.0000059 seconds
[432.706s][info ][safepoint      ] Application time: 0.0000457 seconds
[432.706s][info ][safepoint      ] Entering safepoint region: RevokeBias
[432.706s][info ][safepoint      ] Leaving safepoint region
[432.706s][info ][safepoint      ] Total time for which application threads were stopped: 0.0000553 seconds, Stopping threads took: 0.0000359 seconds
[432.706s][info ][safepoint      ] Application time: 0.0001817 seconds
[432.706s][info ][safepoint      ] Entering safepoint region: RevokeBias
[432.706s][info ][safepoint      ] Leaving safepoint region
[432.706s][info ][safepoint      ] Total time for which application threads were stopped: 0.0000256 seconds, Stopping threads took: 0.0000059 seconds
[432.706s][info ][safepoint      ] Application time: 0.0000483 seconds
[432.706s][info ][safepoint      ] Entering safepoint region: RevokeBias
[432.706s][info ][safepoint      ] Leaving safepoint region
[432.706s][info ][safepoint      ] Total time for which application threads were stopped: 0.0000249 seconds, Stopping threads took: 0.0000060 seconds
[432.706s][info ][safepoint      ] Application time: 0.0000442 seconds
[432.706s][info ][safepoint      ] Entering safepoint region: RevokeBias
[432.706s][info ][safepoint      ] Leaving safepoint region
[432.706s][info ][safepoint      ] Total time for which application threads were stopped: 0.0000237 seconds, Stopping threads took: 0.0000057 seconds
[432.707s][info ][safepoint      ] Application time: 0.0009735 seconds
[432.707s][info ][safepoint      ] Entering safepoint region: RevokeBias
[432.707s][info ][safepoint      ] Leaving safepoint region
[432.707s][info ][safepoint      ] Total time for which application threads were stopped: 0.0000435 seconds, Stopping threads took: 0.0000086 seconds
[432.707s][info ][safepoint      ] Application time: 0.0001481 seconds
[432.707s][info ][safepoint      ] Entering safepoint region: RevokeBias
[432.707s][info ][safepoint      ] Leaving safepoint region
[432.707s][info ][safepoint      ] Total time for which application threads were stopped: 0.0000558 seconds, Stopping threads took: 0.0000354 seconds
[432.707s][info ][safepoint      ] Application time: 0.0000932 seconds
[432.707s][info ][safepoint      ] Entering safepoint region: RevokeBias
[432.707s][info ][safepoint      ] Leaving safepoint region
[432.707s][info ][safepoint      ] Total time for which application threads were stopped: 0.0000257 seconds, Stopping threads took: 0.0000058 seconds
[432.708s][info ][safepoint      ] Application time: 0.0003419 seconds
[432.708s][info ][safepoint      ] Entering safepoint region: RevokeBias
[432.708s][info ][safepoint      ] Leaving safepoint region
[432.708s][info ][safepoint      ] Total time for which application threads were stopped: 0.0000674 seconds, Stopping threads took: 0.0000309 seconds
[432.708s][info ][safepoint      ] Application time: 0.0002722 seconds
[432.708s][info ][safepoint      ] Entering safepoint region: RevokeBias
[432.708s][info ][safepoint      ] Leaving safepoint region
[432.708s][info ][safepoint      ] Total time for which application threads were stopped: 0.0002140 seconds, Stopping threads took: 0.0000576 seconds
[432.708s][info ][safepoint      ] Application time: 0.0000658 seconds
[432.709s][info ][safepoint      ] Entering safepoint region: RevokeBias
[432.709s][info ][safepoint      ] Leaving safepoint region
[432.709s][info ][safepoint      ] Total time for which application threads were stopped: 0.0002382 seconds, Stopping threads took: 0.0002087 seconds
[432.709s][info ][safepoint      ] Application time: 0.0000998 seconds
[432.709s][info ][safepoint      ] Entering safepoint region: RevokeBias
[432.709s][info ][safepoint      ] Leaving safepoint region
[432.709s][info ][safepoint      ] Total time for which application threads were stopped: 0.0000373 seconds, Stopping threads took: 0.0000100 seconds
[432.710s][info ][safepoint      ] Application time: 0.0008498 seconds
[432.710s][info ][safepoint      ] Entering safepoint region: RevokeBias
[432.710s][info ][safepoint      ] Leaving safepoint region
[432.710s][info ][safepoint      ] Total time for which application threads were stopped: 0.0001025 seconds, Stopping threads took: 0.0000564 seconds
[432.711s][info ][safepoint      ] Application time: 0.0015306 seconds
[432.711s][info ][safepoint      ] Entering safepoint region: RevokeBias
[432.711s][info ][safepoint      ] Leaving safepoint region
[432.711s][info ][safepoint      ] Total time for which application threads were stopped: 0.0000427 seconds, Stopping threads took: 0.0000089 seconds
[432.712s][info ][gc,heap,exit   ] Heap
[432.712s][info ][gc,heap,exit   ]  PSYoungGen      total 1943552K, used 1081972K [0x0000000780000000, 0x0000000800000000, 0x0000000800000000)
[432.712s][info ][gc,heap,exit   ]   eden space 1878016K, 54% used [0x0000000780000000,0x00000007be0e85a0,0x00000007f2a00000)
[432.712s][info ][gc,heap,exit   ]   from space 65536K, 99% used [0x00000007f2a00000,0x00000007f69b4b80,0x00000007f6a00000)
[432.712s][info ][gc,heap,exit   ]   to   space 112640K, 0% used [0x00000007f9200000,0x00000007f9200000,0x0000000800000000)
[432.712s][info ][gc,heap,exit   ]  ParOldGen       total 249856K, used 200831K [0x0000000740000000, 0x000000074f400000, 0x0000000780000000)
[432.712s][info ][gc,heap,exit   ]   object space 249856K, 80% used [0x0000000740000000,0x000000074c41fdc0,0x000000074f400000)
[432.712s][info ][gc,heap,exit   ]  Metaspace       used 72411K, capacity 77294K, committed 77480K, reserved 1116160K
[432.712s][info ][gc,heap,exit   ]   class space    used 9620K, capacity 11752K, committed 11776K, reserved 1048576K
[432.712s][info ][safepoint      ] Application time: 0.0005568 seconds
[432.712s][info ][safepoint      ] Entering safepoint region: Halt
