[0.007s][info][gc] Using Parallel
[0.007s][info][gc,heap,coops] Heap address: 0x0000000740000000, size: 3072 MB, Compressed Oops mode: Zero based, Oop shift amount: 3
[0.072s][info][safepoint    ] Entering safepoint region: EnableBiasedLocking
[0.073s][info][safepoint    ] Leaving safepoint region
[0.073s][info][safepoint    ] Total time for which application threads were stopped: 0.0001336 seconds, Stopping threads took: 0.0000708 seconds
[0.077s][info][safepoint    ] Application time: 0.0034334 seconds
[0.077s][info][safepoint    ] Entering safepoint region: RevokeBias
[0.077s][info][safepoint    ] Leaving safepoint region
[0.077s][info][safepoint    ] Total time for which application threads were stopped: 0.0001483 seconds, Stopping threads took: 0.0001123 seconds
[0.182s][info][safepoint    ] Application time: 0.1051767 seconds
[0.182s][info][safepoint    ] Entering safepoint region: Deoptimize
[0.182s][info][safepoint    ] Leaving safepoint region
[0.182s][info][safepoint    ] Total time for which application threads were stopped: 0.0000645 seconds, Stopping threads took: 0.0000080 seconds
[0.418s][info][safepoint    ] Application time: 0.2358688 seconds
[0.418s][info][safepoint    ] Entering safepoint region: Deoptimize
[0.418s][info][safepoint    ] Leaving safepoint region
[0.418s][info][safepoint    ] Total time for which application threads were stopped: 0.0001679 seconds, Stopping threads took: 0.0000075 seconds
[0.456s][info][safepoint    ] Application time: 0.0376302 seconds
[0.456s][info][safepoint    ] Entering safepoint region: Deoptimize
[0.456s][info][safepoint    ] Leaving safepoint region
[0.456s][info][safepoint    ] Total time for which application threads were stopped: 0.0001210 seconds, Stopping threads took: 0.0000093 seconds
[1.456s][info][safepoint    ] Application time: 1.0000896 seconds
[1.456s][info][safepoint    ] Entering safepoint region: Cleanup
[1.456s][info][safepoint    ] Leaving safepoint region
[1.456s][info][safepoint    ] Total time for which application threads were stopped: 0.0000900 seconds, Stopping threads took: 0.0000150 seconds
[1.488s][info][safepoint    ] Application time: 0.0318593 seconds
[1.488s][info][safepoint    ] Entering safepoint region: Deoptimize
[1.489s][info][safepoint    ] Leaving safepoint region
[1.489s][info][safepoint    ] Total time for which application threads were stopped: 0.0001632 seconds, Stopping threads took: 0.0000080 seconds
[1.652s][info][safepoint    ] Application time: 0.1631623 seconds
[1.652s][info][safepoint    ] Entering safepoint region: Deoptimize
[1.652s][info][safepoint    ] Leaving safepoint region
[1.652s][info][safepoint    ] Total time for which application threads were stopped: 0.0002824 seconds, Stopping threads took: 0.0000075 seconds
[1.797s][info][safepoint    ] Application time: 0.1444798 seconds
[1.797s][info][safepoint    ] Entering safepoint region: CollectForMetadataAllocation
[1.797s][info][gc,start     ] GC(0) Pause Young (Metadata GC Threshold)
[1.802s][debug][gc,phases    ] GC(0) Scavenge 5.088ms
[1.802s][debug][gc,ref       ] GC(0) Skipped phase1 of Reference Processing due to unavailable references
[1.802s][debug][gc,ref       ] GC(0) Skipped phase3 of Reference Processing due to unavailable references
[1.802s][debug][gc,phases    ] GC(0) Reference Processing 0.127ms
[1.802s][debug][gc,phases    ] GC(0) Weak Processing 0.035ms
[1.802s][debug][gc,phases    ] GC(0) Scrub String Table 0.195ms
[1.802s][debug][gc,age       ] GC(0) Desired survivor size 536870912 bytes, new threshold 7 (max threshold 15)
[1.802s][info ][gc,heap      ] GC(0) PSYoungGen: 83886K->7092K(1572864K)
[1.802s][info ][gc,heap      ] GC(0) ParOldGen: 0K->88K(6144K)
[1.802s][info ][gc,metaspace ] GC(0) Metaspace: 20654K->20654K(1069056K)
[1.802s][info ][gc           ] GC(0) Pause Young (Metadata GC Threshold) 81M->7M(1542M) 5.581ms
[1.802s][info ][gc,cpu       ] GC(0) User=0.02s Sys=0.00s Real=0.00s
[1.802s][debug][gc,phases    ] GC(1) Pre Compact 0.011ms
[1.802s][info ][gc,start     ] GC(1) Pause Full (Metadata GC Threshold)
[1.802s][info ][gc,phases,start] GC(1) Marking Phase
[1.807s][debug][gc,phases      ] GC(1) Par Mark 4.774ms
[1.807s][debug][gc,ref         ] GC(1) Skipped phase1 of Reference Processing due to unavailable references
[1.807s][debug][gc,ref         ] GC(1) Skipped phase3 of Reference Processing due to unavailable references
[1.807s][debug][gc,phases      ] GC(1) Reference Processing 0.070ms
[1.807s][debug][gc,phases      ] GC(1) Weak Processing 0.014ms
[1.807s][debug][gc,phases      ] GC(1) ClassLoaderData 0.211ms
[1.807s][debug][gc,phases      ] GC(1) ProtectionDomainCacheTable 0.003ms
[1.807s][debug][gc,phases      ] GC(1) ResolvedMethodTable 0.019ms
[1.808s][debug][gc,phases      ] GC(1) Class Unloading 0.868ms
[1.808s][debug][gc,phases      ] GC(1) Scrub String Table 0.076ms
[1.810s][debug][gc,phases      ] GC(1) Scrub Symbol Table 1.869ms
[1.810s][info ][gc,phases      ] GC(1) Marking Phase 7.806ms
[1.810s][info ][gc,phases,start] GC(1) Summary Phase
[1.810s][info ][gc,phases      ] GC(1) Summary Phase 0.007ms
[1.810s][info ][gc,phases,start] GC(1) Adjust Roots
[1.815s][info ][gc,phases      ] GC(1) Adjust Roots 4.856ms
[1.815s][info ][gc,phases,start] GC(1) Compaction Phase
[1.822s][info ][gc,phases      ] GC(1) Compaction Phase 7.130ms
[1.822s][info ][gc,phases,start] GC(1) Post Compact
[1.822s][info ][gc,phases      ] GC(1) Post Compact 0.211ms
[1.822s][info ][gc,heap        ] GC(1) PSYoungGen: 7092K->1414K(1572864K)
[1.822s][info ][gc,heap        ] GC(1) ParOldGen: 88K->5697K(6144K)
[1.822s][info ][gc,metaspace   ] GC(1) Metaspace: 20654K->20654K(1069056K)
[1.822s][info ][gc             ] GC(1) Pause Full (Metadata GC Threshold) 7M->6M(1542M) 20.126ms
[1.822s][info ][gc,cpu         ] GC(1) User=0.05s Sys=0.00s Real=0.02s
[1.822s][info ][safepoint      ] Leaving safepoint region
[1.822s][info ][safepoint      ] Total time for which application threads were stopped: 0.0259350 seconds, Stopping threads took: 0.0000075 seconds
[1.823s][info ][safepoint      ] Application time: 0.0002975 seconds
[1.823s][info ][safepoint      ] Entering safepoint region: RevokeBias
[1.823s][info ][safepoint      ] Leaving safepoint region
[1.823s][info ][safepoint      ] Total time for which application threads were stopped: 0.0002145 seconds, Stopping threads took: 0.0001609 seconds
[1.823s][info ][safepoint      ] Application time: 0.0000696 seconds
[1.823s][info ][safepoint      ] Entering safepoint region: RevokeBias
[1.823s][info ][safepoint      ] Leaving safepoint region
[1.823s][info ][safepoint      ] Total time for which application threads were stopped: 0.0000851 seconds, Stopping threads took: 0.0000362 seconds
[1.823s][info ][safepoint      ] Application time: 0.0000457 seconds
[1.823s][info ][safepoint      ] Entering safepoint region: RevokeBias
[1.823s][info ][safepoint      ] Leaving safepoint region
[1.823s][info ][safepoint      ] Total time for which application threads were stopped: 0.0000596 seconds, Stopping threads took: 0.0000343 seconds
[2.109s][info ][safepoint      ] Application time: 0.2861139 seconds
[2.109s][info ][safepoint      ] Entering safepoint region: ICBufferFull
[2.110s][info ][safepoint      ] Leaving safepoint region
[2.110s][info ][safepoint      ] Total time for which application threads were stopped: 0.0001558 seconds, Stopping threads took: 0.0000080 seconds
[2.224s][info ][safepoint      ] Application time: 0.1143157 seconds
[2.224s][info ][safepoint      ] Entering safepoint region: ICBufferFull
[2.224s][info ][safepoint      ] Leaving safepoint region
[2.224s][info ][safepoint      ] Total time for which application threads were stopped: 0.0001790 seconds, Stopping threads took: 0.0000387 seconds
[2.403s][info ][safepoint      ] Application time: 0.1792402 seconds
[2.403s][info ][safepoint      ] Entering safepoint region: ICBufferFull
[2.404s][info ][safepoint      ] Leaving safepoint region
[2.404s][info ][safepoint      ] Total time for which application threads were stopped: 0.0001712 seconds, Stopping threads took: 0.0000072 seconds
[3.265s][info ][safepoint      ] Application time: 0.8614297 seconds
[3.265s][info ][safepoint      ] Entering safepoint region: ICBufferFull
[3.265s][info ][safepoint      ] Leaving safepoint region
[3.265s][info ][safepoint      ] Total time for which application threads were stopped: 0.0002330 seconds, Stopping threads took: 0.0000239 seconds
[3.559s][info ][safepoint      ] Application time: 0.2939305 seconds
[3.559s][info ][safepoint      ] Entering safepoint region: ICBufferFull
[3.559s][info ][safepoint      ] Leaving safepoint region
[3.559s][info ][safepoint      ] Total time for which application threads were stopped: 0.0001948 seconds, Stopping threads took: 0.0000537 seconds
[3.572s][info ][safepoint      ] Application time: 0.0128526 seconds
[3.572s][info ][safepoint      ] Entering safepoint region: RevokeBias
[3.572s][info ][safepoint      ] Leaving safepoint region
[3.572s][info ][safepoint      ] Total time for which application threads were stopped: 0.0001552 seconds, Stopping threads took: 0.0000692 seconds
[3.573s][info ][safepoint      ] Application time: 0.0000508 seconds
[3.573s][info ][safepoint      ] Entering safepoint region: RevokeBias
[3.573s][info ][safepoint      ] Leaving safepoint region
[3.573s][info ][safepoint      ] Total time for which application threads were stopped: 0.0005528 seconds, Stopping threads took: 0.0005106 seconds
[3.573s][info ][safepoint      ] Application time: 0.0000775 seconds
[3.573s][info ][safepoint      ] Entering safepoint region: RevokeBias
[3.573s][info ][safepoint      ] Leaving safepoint region
[3.573s][info ][safepoint      ] Total time for which application threads were stopped: 0.0000626 seconds, Stopping threads took: 0.0000346 seconds
[3.573s][info ][safepoint      ] Application time: 0.0001299 seconds
[3.573s][info ][safepoint      ] Entering safepoint region: RevokeBias
[3.573s][info ][safepoint      ] Leaving safepoint region
[3.573s][info ][safepoint      ] Total time for which application threads were stopped: 0.0000768 seconds, Stopping threads took: 0.0000476 seconds
[3.577s][info ][safepoint      ] Application time: 0.0034595 seconds
[3.577s][info ][safepoint      ] Entering safepoint region: RevokeBias
[3.577s][info ][safepoint      ] Leaving safepoint region
[3.577s][info ][safepoint      ] Total time for which application threads were stopped: 0.0002553 seconds, Stopping threads took: 0.0002037 seconds
[3.578s][info ][safepoint      ] Application time: 0.0009672 seconds
[3.578s][info ][safepoint      ] Entering safepoint region: RevokeBias
[3.578s][info ][safepoint      ] Leaving safepoint region
[3.578s][info ][safepoint      ] Total time for which application threads were stopped: 0.0001832 seconds, Stopping threads took: 0.0000787 seconds
[3.578s][info ][safepoint      ] Application time: 0.0000577 seconds
[3.578s][info ][safepoint      ] Entering safepoint region: RevokeBias
[3.579s][info ][safepoint      ] Leaving safepoint region
[3.579s][info ][safepoint      ] Total time for which application threads were stopped: 0.0000967 seconds, Stopping threads took: 0.0000560 seconds
[3.579s][info ][safepoint      ] Application time: 0.0002193 seconds
[3.579s][info ][safepoint      ] Entering safepoint region: RevokeBias
[3.579s][info ][safepoint      ] Leaving safepoint region
[3.579s][info ][safepoint      ] Total time for which application threads were stopped: 0.0004054 seconds, Stopping threads took: 0.0003317 seconds
[3.579s][info ][safepoint      ] Application time: 0.0001688 seconds
[3.580s][info ][safepoint      ] Entering safepoint region: RevokeBias
[3.580s][info ][safepoint      ] Leaving safepoint region
[3.580s][info ][safepoint      ] Total time for which application threads were stopped: 0.0008978 seconds, Stopping threads took: 0.0007897 seconds
[3.580s][info ][safepoint      ] Application time: 0.0002004 seconds
[3.581s][info ][safepoint      ] Entering safepoint region: RevokeBias
[3.581s][info ][safepoint      ] Leaving safepoint region
[3.581s][info ][safepoint      ] Total time for which application threads were stopped: 0.0001107 seconds, Stopping threads took: 0.0000499 seconds
[3.581s][info ][safepoint      ] Application time: 0.0000507 seconds
[3.581s][info ][safepoint      ] Entering safepoint region: RevokeBias
[3.581s][info ][safepoint      ] Leaving safepoint region
[3.581s][info ][safepoint      ] Total time for which application threads were stopped: 0.0004719 seconds, Stopping threads took: 0.0004211 seconds
[3.581s][info ][safepoint      ] Application time: 0.0000600 seconds
[3.581s][info ][safepoint      ] Entering safepoint region: RevokeBias
[3.581s][info ][safepoint      ] Leaving safepoint region
[3.581s][info ][safepoint      ] Total time for which application threads were stopped: 0.0000519 seconds, Stopping threads took: 0.0000162 seconds
[3.581s][info ][safepoint      ] Application time: 0.0000882 seconds
[3.582s][info ][safepoint      ] Entering safepoint region: RevokeBias
[3.582s][info ][safepoint      ] Leaving safepoint region
[3.582s][info ][safepoint      ] Total time for which application threads were stopped: 0.0002390 seconds, Stopping threads took: 0.0001979 seconds
[3.582s][info ][safepoint      ] Application time: 0.0001472 seconds
[3.582s][info ][safepoint      ] Entering safepoint region: RevokeBias
[3.582s][info ][safepoint      ] Leaving safepoint region
[3.582s][info ][safepoint      ] Total time for which application threads were stopped: 0.0001638 seconds, Stopping threads took: 0.0000906 seconds
[3.582s][info ][safepoint      ] Application time: 0.0005122 seconds
[3.583s][info ][safepoint      ] Entering safepoint region: RevokeBias
[3.583s][info ][safepoint      ] Leaving safepoint region
[3.583s][info ][safepoint      ] Total time for which application threads were stopped: 0.0001573 seconds, Stopping threads took: 0.0001028 seconds
[3.583s][info ][safepoint      ] Application time: 0.0002228 seconds
[3.583s][info ][safepoint      ] Entering safepoint region: RevokeBias
[3.583s][info ][safepoint      ] Leaving safepoint region
[3.583s][info ][safepoint      ] Total time for which application threads were stopped: 0.0001092 seconds, Stopping threads took: 0.0000565 seconds
[3.584s][info ][safepoint      ] Application time: 0.0012509 seconds
[3.584s][info ][safepoint      ] Entering safepoint region: RevokeBias
[3.584s][info ][safepoint      ] Leaving safepoint region
[3.584s][info ][safepoint      ] Total time for which application threads were stopped: 0.0001133 seconds, Stopping threads took: 0.0000084 seconds
[3.586s][info ][safepoint      ] Application time: 0.0018835 seconds
[3.587s][info ][safepoint      ] Entering safepoint region: RevokeBias
[3.587s][info ][safepoint      ] Leaving safepoint region
[3.587s][info ][safepoint      ] Total time for which application threads were stopped: 0.0004054 seconds, Stopping threads took: 0.0003129 seconds
[3.587s][info ][safepoint      ] Application time: 0.0001302 seconds
[3.587s][info ][safepoint      ] Entering safepoint region: RevokeBias
[3.587s][info ][safepoint      ] Leaving safepoint region
[3.587s][info ][safepoint      ] Total time for which application threads were stopped: 0.0002002 seconds, Stopping threads took: 0.0001275 seconds
[3.588s][info ][safepoint      ] Application time: 0.0005684 seconds
[3.588s][info ][safepoint      ] Entering safepoint region: RevokeBias
[3.588s][info ][safepoint      ] Leaving safepoint region
[3.588s][info ][safepoint      ] Total time for which application threads were stopped: 0.0001172 seconds, Stopping threads took: 0.0000518 seconds
[3.588s][info ][safepoint      ] Application time: 0.0003146 seconds
[3.588s][info ][safepoint      ] Entering safepoint region: RevokeBias
[3.588s][info ][safepoint      ] Leaving safepoint region
[3.588s][info ][safepoint      ] Total time for which application threads were stopped: 0.0001430 seconds, Stopping threads took: 0.0000684 seconds
[3.593s][info ][safepoint      ] Application time: 0.0046454 seconds
[3.593s][info ][safepoint      ] Entering safepoint region: RevokeBias
[3.593s][info ][safepoint      ] Leaving safepoint region
[3.593s][info ][safepoint      ] Total time for which application threads were stopped: 0.0003614 seconds, Stopping threads took: 0.0000782 seconds
[3.594s][info ][safepoint      ] Application time: 0.0004782 seconds
[3.594s][info ][safepoint      ] Entering safepoint region: RevokeBias
[3.594s][info ][safepoint      ] Leaving safepoint region
[3.594s][info ][safepoint      ] Total time for which application threads were stopped: 0.0004945 seconds, Stopping threads took: 0.0004359 seconds
[3.595s][info ][safepoint      ] Application time: 0.0009385 seconds
[3.595s][info ][safepoint      ] Entering safepoint region: RevokeBias
[3.595s][info ][safepoint      ] Leaving safepoint region
[3.595s][info ][safepoint      ] Total time for which application threads were stopped: 0.0001372 seconds, Stopping threads took: 0.0000628 seconds
[3.595s][info ][safepoint      ] Application time: 0.0000569 seconds
[3.595s][info ][safepoint      ] Entering safepoint region: RevokeBias
[3.596s][info ][safepoint      ] Leaving safepoint region
[3.596s][info ][safepoint      ] Total time for which application threads were stopped: 0.0001477 seconds, Stopping threads took: 0.0000974 seconds
[3.603s][info ][safepoint      ] Application time: 0.0072885 seconds
[3.603s][info ][safepoint      ] Entering safepoint region: RevokeBias
[3.603s][info ][safepoint      ] Leaving safepoint region
[3.603s][info ][safepoint      ] Total time for which application threads were stopped: 0.0001232 seconds, Stopping threads took: 0.0000268 seconds
[3.606s][info ][safepoint      ] Application time: 0.0030730 seconds
[3.606s][info ][safepoint      ] Entering safepoint region: RevokeBias
[3.606s][info ][safepoint      ] Leaving safepoint region
[3.606s][info ][safepoint      ] Total time for which application threads were stopped: 0.0000768 seconds, Stopping threads took: 0.0000081 seconds
[3.606s][info ][safepoint      ] Application time: 0.0002820 seconds
[3.606s][info ][safepoint      ] Entering safepoint region: RevokeBias
[3.607s][info ][safepoint      ] Leaving safepoint region
[3.607s][info ][safepoint      ] Total time for which application threads were stopped: 0.0001122 seconds, Stopping threads took: 0.0000609 seconds
[3.611s][info ][safepoint      ] Application time: 0.0041624 seconds
[3.611s][info ][safepoint      ] Entering safepoint region: RevokeBias
[3.611s][info ][safepoint      ] Leaving safepoint region
[3.611s][info ][safepoint      ] Total time for which application threads were stopped: 0.0001386 seconds, Stopping threads took: 0.0000707 seconds
[3.612s][info ][safepoint      ] Application time: 0.0007394 seconds
[3.612s][info ][safepoint      ] Entering safepoint region: RevokeBias
[3.612s][info ][safepoint      ] Leaving safepoint region
[3.612s][info ][safepoint      ] Total time for which application threads were stopped: 0.0000639 seconds, Stopping threads took: 0.0000078 seconds
[3.615s][info ][safepoint      ] Application time: 0.0030141 seconds
[3.615s][info ][safepoint      ] Entering safepoint region: RevokeBias
[3.615s][info ][safepoint      ] Leaving safepoint region
[3.615s][info ][safepoint      ] Total time for which application threads were stopped: 0.0000736 seconds, Stopping threads took: 0.0000077 seconds
[3.617s][info ][safepoint      ] Application time: 0.0024765 seconds
[3.618s][info ][safepoint      ] Entering safepoint region: RevokeBias
[3.618s][info ][safepoint      ] Leaving safepoint region
[3.618s][info ][safepoint      ] Total time for which application threads were stopped: 0.0002964 seconds, Stopping threads took: 0.0002558 seconds
[3.621s][info ][safepoint      ] Application time: 0.0034766 seconds
[3.621s][info ][safepoint      ] Entering safepoint region: RevokeBias
[3.621s][info ][safepoint      ] Leaving safepoint region
[3.621s][info ][safepoint      ] Total time for which application threads were stopped: 0.0000723 seconds, Stopping threads took: 0.0000073 seconds
[3.624s][info ][safepoint      ] Application time: 0.0027778 seconds
[3.624s][info ][safepoint      ] Entering safepoint region: RevokeBias
[3.624s][info ][safepoint      ] Leaving safepoint region
[3.624s][info ][safepoint      ] Total time for which application threads were stopped: 0.0001240 seconds, Stopping threads took: 0.0000743 seconds
[3.628s][info ][safepoint      ] Application time: 0.0040068 seconds
[3.628s][info ][safepoint      ] Entering safepoint region: RevokeBias
[3.628s][info ][safepoint      ] Leaving safepoint region
[3.628s][info ][safepoint      ] Total time for which application threads were stopped: 0.0003635 seconds, Stopping threads took: 0.0002969 seconds
[3.629s][info ][safepoint      ] Application time: 0.0002534 seconds
[3.629s][info ][safepoint      ] Entering safepoint region: RevokeBias
[3.629s][info ][safepoint      ] Leaving safepoint region
[3.629s][info ][safepoint      ] Total time for which application threads were stopped: 0.0001117 seconds, Stopping threads took: 0.0000615 seconds
[3.630s][info ][safepoint      ] Application time: 0.0010225 seconds
[3.630s][info ][safepoint      ] Entering safepoint region: RevokeBias
[3.630s][info ][safepoint      ] Leaving safepoint region
[3.630s][info ][safepoint      ] Total time for which application threads were stopped: 0.0000976 seconds, Stopping threads took: 0.0000498 seconds
[3.631s][info ][safepoint      ] Application time: 0.0007924 seconds
[3.631s][info ][safepoint      ] Entering safepoint region: RevokeBias
[3.631s][info ][safepoint      ] Leaving safepoint region
[3.631s][info ][safepoint      ] Total time for which application threads were stopped: 0.0001475 seconds, Stopping threads took: 0.0000843 seconds
[3.637s][info ][safepoint      ] Application time: 0.0060400 seconds
[3.637s][info ][safepoint      ] Entering safepoint region: RevokeBias
[3.637s][info ][safepoint      ] Leaving safepoint region
[3.637s][info ][safepoint      ] Total time for which application threads were stopped: 0.0001009 seconds, Stopping threads took: 0.0000318 seconds
[3.639s][info ][safepoint      ] Application time: 0.0023360 seconds
[3.639s][info ][safepoint      ] Entering safepoint region: RevokeBias
[3.640s][info ][safepoint      ] Leaving safepoint region
[3.640s][info ][safepoint      ] Total time for which application threads were stopped: 0.0000721 seconds, Stopping threads took: 0.0000074 seconds
[3.640s][info ][safepoint      ] Application time: 0.0007920 seconds
[3.641s][info ][safepoint      ] Entering safepoint region: RevokeBias
[3.641s][info ][safepoint      ] Leaving safepoint region
[3.641s][info ][safepoint      ] Total time for which application threads were stopped: 0.0002322 seconds, Stopping threads took: 0.0001722 seconds
[3.643s][info ][safepoint      ] Application time: 0.0020396 seconds
[3.643s][info ][safepoint      ] Entering safepoint region: RevokeBias
[3.643s][info ][safepoint      ] Leaving safepoint region
[3.643s][info ][safepoint      ] Total time for which application threads were stopped: 0.0000857 seconds, Stopping threads took: 0.0000080 seconds
[3.644s][info ][safepoint      ] Application time: 0.0015084 seconds
[3.644s][info ][safepoint      ] Entering safepoint region: RevokeBias
[3.644s][info ][safepoint      ] Leaving safepoint region
[3.644s][info ][safepoint      ] Total time for which application threads were stopped: 0.0001086 seconds, Stopping threads took: 0.0000515 seconds
[3.645s][info ][safepoint      ] Application time: 0.0008251 seconds
[3.645s][info ][safepoint      ] Entering safepoint region: BulkRevokeBias
[3.646s][info ][safepoint      ] Leaving safepoint region
[3.646s][info ][safepoint      ] Total time for which application threads were stopped: 0.0003345 seconds, Stopping threads took: 0.0001398 seconds
[3.671s][info ][safepoint      ] Application time: 0.0256969 seconds
[3.671s][info ][safepoint      ] Entering safepoint region: CollectForMetadataAllocation
[3.671s][info ][gc,start       ] GC(2) Pause Young (Metadata GC Threshold)
[3.712s][debug][gc,phases      ] GC(2) Scavenge 40.921ms
[3.713s][debug][gc,ref         ] GC(2) Skipped phase1 of Reference Processing due to unavailable references
[3.713s][debug][gc,ref         ] GC(2) Skipped phase3 of Reference Processing due to unavailable references
[3.713s][debug][gc,phases      ] GC(2) Reference Processing 0.249ms
[3.713s][debug][gc,phases      ] GC(2) Weak Processing 0.171ms
[3.714s][debug][gc,phases      ] GC(2) Scrub String Table 1.144ms
[3.714s][debug][gc,age         ] GC(2) Desired survivor size 536870912 bytes, new threshold 7 (max threshold 15)
[3.714s][info ][gc,heap        ] GC(2) PSYoungGen: 432733K->46957K(1572864K)
[3.714s][info ][gc,heap        ] GC(2) ParOldGen: 5697K->5705K(6144K)
[3.714s][info ][gc,metaspace   ] GC(2) Metaspace: 33909K->33909K(1079296K)
[3.714s][info ][gc             ] GC(2) Pause Young (Metadata GC Threshold) 428M->51M(1542M) 42.735ms
[3.714s][info ][gc,cpu         ] GC(2) User=0.16s Sys=0.02s Real=0.04s
[3.714s][debug][gc,phases      ] GC(3) Pre Compact 0.061ms
[3.714s][info ][gc,start       ] GC(3) Pause Full (Metadata GC Threshold)
[3.714s][info ][gc,phases,start] GC(3) Marking Phase
[3.750s][debug][gc,phases      ] GC(3) Par Mark 35.326ms
[3.750s][debug][gc,ref         ] GC(3) Skipped phase1 of Reference Processing due to unavailable references
[3.750s][debug][gc,ref         ] GC(3) Skipped phase3 of Reference Processing due to unavailable references
[3.750s][debug][gc,phases      ] GC(3) Reference Processing 0.159ms
[3.750s][debug][gc,phases      ] GC(3) Weak Processing 0.086ms
[3.751s][debug][gc,phases      ] GC(3) ClassLoaderData 1.269ms
[3.751s][debug][gc,phases      ] GC(3) Dictionary 0.023ms
[3.751s][debug][gc,phases      ] GC(3) ProtectionDomainCacheTable 0.003ms
[3.752s][debug][gc,phases      ] GC(3) ResolvedMethodTable 0.086ms
[3.782s][debug][gc,phases      ] GC(3) Class Unloading 31.589ms
[3.782s][debug][gc,phases      ] GC(3) Scrub String Table 0.359ms
[3.788s][debug][gc,phases      ] GC(3) Scrub Symbol Table 6.242ms
[3.788s][info ][gc,phases      ] GC(3) Marking Phase 74.061ms
[3.788s][info ][gc,phases,start] GC(3) Summary Phase
[3.788s][info ][gc,phases      ] GC(3) Summary Phase 0.010ms
[3.788s][info ][gc,phases,start] GC(3) Adjust Roots
[3.803s][info ][gc,phases      ] GC(3) Adjust Roots 14.722ms
[3.803s][info ][gc,phases,start] GC(3) Compaction Phase
[4.192s][info ][gc,phases      ] GC(3) Compaction Phase 388.708ms
[4.192s][info ][gc,phases,start] GC(3) Post Compact
[4.192s][info ][gc,phases      ] GC(3) Post Compact 0.521ms
[4.192s][info ][gc,heap        ] GC(3) PSYoungGen: 46957K->46324K(1572864K)
[4.192s][info ][gc,heap        ] GC(3) ParOldGen: 5705K->6129K(6144K)
[4.192s][info ][gc,metaspace   ] GC(3) Metaspace: 33909K->33873K(1079296K)
[4.192s][info ][gc             ] GC(3) Pause Full (Metadata GC Threshold) 51M->51M(1542M) 478.183ms
[4.193s][info ][gc,cpu         ] GC(3) User=1.68s Sys=0.04s Real=0.48s
[4.193s][info ][safepoint      ] Leaving safepoint region
[4.193s][info ][safepoint      ] Total time for which application threads were stopped: 0.5213224 seconds, Stopping threads took: 0.0000481 seconds
[4.194s][info ][safepoint      ] Application time: 0.0013678 seconds
[4.194s][info ][safepoint      ] Entering safepoint region: RevokeBias
[4.194s][info ][safepoint      ] Leaving safepoint region
[4.194s][info ][safepoint      ] Total time for which application threads were stopped: 0.0004107 seconds, Stopping threads took: 0.0002927 seconds
[4.195s][info ][safepoint      ] Application time: 0.0001285 seconds
[4.195s][info ][safepoint      ] Entering safepoint region: RevokeBias
[4.195s][info ][safepoint      ] Leaving safepoint region
[4.195s][info ][safepoint      ] Total time for which application threads were stopped: 0.0000449 seconds, Stopping threads took: 0.0000061 seconds
[4.195s][info ][safepoint      ] Application time: 0.0005218 seconds
[4.195s][info ][safepoint      ] Entering safepoint region: RevokeBias
[4.195s][info ][safepoint      ] Leaving safepoint region
[4.195s][info ][safepoint      ] Total time for which application threads were stopped: 0.0001694 seconds, Stopping threads took: 0.0000473 seconds
[4.205s][info ][safepoint      ] Application time: 0.0100664 seconds
[4.205s][info ][safepoint      ] Entering safepoint region: RevokeBias
[4.205s][info ][safepoint      ] Leaving safepoint region
[4.205s][info ][safepoint      ] Total time for which application threads were stopped: 0.0001276 seconds, Stopping threads took: 0.0000364 seconds
[4.206s][info ][safepoint      ] Application time: 0.0000571 seconds
[4.206s][info ][safepoint      ] Entering safepoint region: RevokeBias
[4.206s][info ][safepoint      ] Leaving safepoint region
[4.206s][info ][safepoint      ] Total time for which application threads were stopped: 0.0000375 seconds, Stopping threads took: 0.0000082 seconds
[4.219s][info ][safepoint      ] Application time: 0.0130460 seconds
[4.219s][info ][safepoint      ] Entering safepoint region: RevokeBias
[4.219s][info ][safepoint      ] Leaving safepoint region
[4.219s][info ][safepoint      ] Total time for which application threads were stopped: 0.0001084 seconds, Stopping threads took: 0.0000290 seconds
[4.240s][info ][safepoint      ] Application time: 0.0210375 seconds
[4.240s][info ][safepoint      ] Entering safepoint region: RevokeBias
[4.240s][info ][safepoint      ] Leaving safepoint region
[4.240s][info ][safepoint      ] Total time for which application threads were stopped: 0.0002147 seconds, Stopping threads took: 0.0000529 seconds
[4.244s][info ][safepoint      ] Application time: 0.0042024 seconds
[4.244s][info ][safepoint      ] Entering safepoint region: RevokeBias
[4.244s][info ][safepoint      ] Leaving safepoint region
[4.244s][info ][safepoint      ] Total time for which application threads were stopped: 0.0001542 seconds, Stopping threads took: 0.0000425 seconds
[4.244s][info ][safepoint      ] Application time: 0.0000533 seconds
[4.245s][info ][safepoint      ] Entering safepoint region: RevokeBias
[4.245s][info ][safepoint      ] Leaving safepoint region
[4.245s][info ][safepoint      ] Total time for which application threads were stopped: 0.0001059 seconds, Stopping threads took: 0.0000305 seconds
[4.261s][info ][safepoint      ] Application time: 0.0160834 seconds
[4.261s][info ][safepoint      ] Entering safepoint region: RevokeBias
[4.261s][info ][safepoint      ] Leaving safepoint region
[4.261s][info ][safepoint      ] Total time for which application threads were stopped: 0.0002634 seconds, Stopping threads took: 0.0000330 seconds
[4.264s][info ][safepoint      ] Application time: 0.0034055 seconds
[4.264s][info ][safepoint      ] Entering safepoint region: RevokeBias
[4.265s][info ][safepoint      ] Leaving safepoint region
[4.265s][info ][safepoint      ] Total time for which application threads were stopped: 0.0005315 seconds, Stopping threads took: 0.0000425 seconds
[4.270s][info ][safepoint      ] Application time: 0.0049308 seconds
[4.270s][info ][safepoint      ] Entering safepoint region: RevokeBias
[4.270s][info ][safepoint      ] Leaving safepoint region
[4.270s][info ][safepoint      ] Total time for which application threads were stopped: 0.0000695 seconds, Stopping threads took: 0.0000140 seconds
[4.270s][info ][safepoint      ] Application time: 0.0003610 seconds
[4.271s][info ][safepoint      ] Entering safepoint region: RevokeBias
[4.271s][info ][safepoint      ] Leaving safepoint region
[4.271s][info ][safepoint      ] Total time for which application threads were stopped: 0.0002542 seconds, Stopping threads took: 0.0002156 seconds
[4.272s][info ][safepoint      ] Application time: 0.0015374 seconds
[4.272s][info ][safepoint      ] Entering safepoint region: RevokeBias
[4.272s][info ][safepoint      ] Leaving safepoint region
[4.272s][info ][safepoint      ] Total time for which application threads were stopped: 0.0001593 seconds, Stopping threads took: 0.0000421 seconds
[4.280s][info ][safepoint      ] Application time: 0.0077490 seconds
[4.280s][info ][safepoint      ] Entering safepoint region: RevokeBias
[4.280s][info ][safepoint      ] Leaving safepoint region
[4.280s][info ][safepoint      ] Total time for which application threads were stopped: 0.0000936 seconds, Stopping threads took: 0.0000265 seconds
[4.283s][info ][safepoint      ] Application time: 0.0023847 seconds
[4.283s][info ][safepoint      ] Entering safepoint region: RevokeBias
[4.283s][info ][safepoint      ] Leaving safepoint region
[4.283s][info ][safepoint      ] Total time for which application threads were stopped: 0.0001858 seconds, Stopping threads took: 0.0000667 seconds
[4.287s][info ][safepoint      ] Application time: 0.0037584 seconds
[4.287s][info ][safepoint      ] Entering safepoint region: RevokeBias
[4.287s][info ][safepoint      ] Leaving safepoint region
[4.287s][info ][safepoint      ] Total time for which application threads were stopped: 0.0000771 seconds, Stopping threads took: 0.0000188 seconds
[4.289s][info ][safepoint      ] Application time: 0.0026310 seconds
[4.289s][info ][safepoint      ] Entering safepoint region: RevokeBias
[4.289s][info ][safepoint      ] Leaving safepoint region
[4.289s][info ][safepoint      ] Total time for which application threads were stopped: 0.0000752 seconds, Stopping threads took: 0.0000313 seconds
[4.294s][info ][safepoint      ] Application time: 0.0044940 seconds
[4.294s][info ][safepoint      ] Entering safepoint region: RevokeBias
[4.294s][info ][safepoint      ] Leaving safepoint region
[4.294s][info ][safepoint      ] Total time for which application threads were stopped: 0.0001275 seconds, Stopping threads took: 0.0000329 seconds
[4.296s][info ][safepoint      ] Application time: 0.0017043 seconds
[4.296s][info ][safepoint      ] Entering safepoint region: RevokeBias
[4.296s][info ][safepoint      ] Leaving safepoint region
[4.296s][info ][safepoint      ] Total time for which application threads were stopped: 0.0001495 seconds, Stopping threads took: 0.0000503 seconds
[4.296s][info ][safepoint      ] Application time: 0.0000528 seconds
[4.296s][info ][safepoint      ] Entering safepoint region: BulkRevokeBias
[4.296s][info ][safepoint      ] Leaving safepoint region
[4.296s][info ][safepoint      ] Total time for which application threads were stopped: 0.0002148 seconds, Stopping threads took: 0.0000271 seconds
[4.327s][info ][safepoint      ] Application time: 0.0310248 seconds
[4.327s][info ][safepoint      ] Entering safepoint region: RevokeBias
[4.327s][info ][safepoint      ] Leaving safepoint region
[4.327s][info ][safepoint      ] Total time for which application threads were stopped: 0.0002240 seconds, Stopping threads took: 0.0000977 seconds
[4.328s][info ][safepoint      ] Application time: 0.0001522 seconds
[4.328s][info ][safepoint      ] Entering safepoint region: RevokeBias
[4.328s][info ][safepoint      ] Leaving safepoint region
[4.328s][info ][safepoint      ] Total time for which application threads were stopped: 0.0001219 seconds, Stopping threads took: 0.0000600 seconds
[4.328s][info ][safepoint      ] Application time: 0.0007756 seconds
[4.329s][info ][safepoint      ] Entering safepoint region: RevokeBias
[4.329s][info ][safepoint      ] Leaving safepoint region
[4.329s][info ][safepoint      ] Total time for which application threads were stopped: 0.0001669 seconds, Stopping threads took: 0.0000955 seconds
[4.329s][info ][safepoint      ] Application time: 0.0001623 seconds
[4.329s][info ][safepoint      ] Entering safepoint region: RevokeBias
[4.329s][info ][safepoint      ] Leaving safepoint region
[4.329s][info ][safepoint      ] Total time for which application threads were stopped: 0.0002203 seconds, Stopping threads took: 0.0001528 seconds
[4.331s][info ][safepoint      ] Application time: 0.0014368 seconds
[4.331s][info ][safepoint      ] Entering safepoint region: RevokeBias
[4.331s][info ][safepoint      ] Leaving safepoint region
[4.331s][info ][safepoint      ] Total time for which application threads were stopped: 0.0004559 seconds, Stopping threads took: 0.0002713 seconds
[4.332s][info ][safepoint      ] Application time: 0.0008794 seconds
[4.332s][info ][safepoint      ] Entering safepoint region: RevokeBias
[4.332s][info ][safepoint      ] Leaving safepoint region
[4.332s][info ][safepoint      ] Total time for which application threads were stopped: 0.0002085 seconds, Stopping threads took: 0.0001107 seconds
[4.332s][info ][safepoint      ] Application time: 0.0003243 seconds
[4.333s][info ][safepoint      ] Entering safepoint region: RevokeBias
[4.333s][info ][safepoint      ] Leaving safepoint region
[4.333s][info ][safepoint      ] Total time for which application threads were stopped: 0.0003284 seconds, Stopping threads took: 0.0002047 seconds
[4.342s][info ][safepoint      ] Application time: 0.0092090 seconds
[4.343s][info ][safepoint      ] Entering safepoint region: RevokeBias
[4.343s][info ][safepoint      ] Leaving safepoint region
[4.343s][info ][safepoint      ] Total time for which application threads were stopped: 0.0007660 seconds, Stopping threads took: 0.0006073 seconds
[4.351s][info ][safepoint      ] Application time: 0.0085732 seconds
[4.352s][info ][safepoint      ] Entering safepoint region: RevokeBias
[4.352s][info ][safepoint      ] Leaving safepoint region
[4.352s][info ][safepoint      ] Total time for which application threads were stopped: 0.0003564 seconds, Stopping threads took: 0.0002073 seconds
[4.353s][info ][safepoint      ] Application time: 0.0007920 seconds
[4.353s][info ][safepoint      ] Entering safepoint region: RevokeBias
[4.353s][info ][safepoint      ] Leaving safepoint region
[4.353s][info ][safepoint      ] Total time for which application threads were stopped: 0.0001606 seconds, Stopping threads took: 0.0001024 seconds
[4.353s][info ][safepoint      ] Application time: 0.0001139 seconds
[4.353s][info ][safepoint      ] Entering safepoint region: RevokeBias
[4.353s][info ][safepoint      ] Leaving safepoint region
[4.353s][info ][safepoint      ] Total time for which application threads were stopped: 0.0003738 seconds, Stopping threads took: 0.0001117 seconds
[4.353s][info ][safepoint      ] Application time: 0.0002071 seconds
[4.354s][info ][safepoint      ] Entering safepoint region: RevokeBias
[4.354s][info ][safepoint      ] Leaving safepoint region
[4.354s][info ][safepoint      ] Total time for which application threads were stopped: 0.0002749 seconds, Stopping threads took: 0.0000871 seconds
[4.355s][info ][safepoint      ] Application time: 0.0016151 seconds
[4.355s][info ][safepoint      ] Entering safepoint region: RevokeBias
[4.356s][info ][safepoint      ] Leaving safepoint region
[4.356s][info ][safepoint      ] Total time for which application threads were stopped: 0.0002442 seconds, Stopping threads took: 0.0001572 seconds
[4.357s][info ][safepoint      ] Application time: 0.0010364 seconds
[4.357s][info ][safepoint      ] Entering safepoint region: RevokeBias
[4.357s][info ][safepoint      ] Leaving safepoint region
[4.357s][info ][safepoint      ] Total time for which application threads were stopped: 0.0003188 seconds, Stopping threads took: 0.0001353 seconds
[4.358s][info ][safepoint      ] Application time: 0.0005976 seconds
[4.358s][info ][safepoint      ] Entering safepoint region: RevokeBias
[4.358s][info ][safepoint      ] Leaving safepoint region
[4.358s][info ][safepoint      ] Total time for which application threads were stopped: 0.0002112 seconds, Stopping threads took: 0.0000965 seconds
[4.361s][info ][safepoint      ] Application time: 0.0032917 seconds
[4.361s][info ][safepoint      ] Entering safepoint region: BulkRevokeBias
[4.362s][info ][safepoint      ] Leaving safepoint region
[4.362s][info ][safepoint      ] Total time for which application threads were stopped: 0.0007149 seconds, Stopping threads took: 0.0002304 seconds
[4.368s][info ][safepoint      ] Application time: 0.0063942 seconds
[4.368s][info ][safepoint      ] Entering safepoint region: RevokeBias
[4.369s][info ][safepoint      ] Leaving safepoint region
[4.369s][info ][safepoint      ] Total time for which application threads were stopped: 0.0004730 seconds, Stopping threads took: 0.0002240 seconds
[4.369s][info ][safepoint      ] Application time: 0.0006204 seconds
[4.369s][info ][safepoint      ] Entering safepoint region: RevokeBias
[4.370s][info ][safepoint      ] Leaving safepoint region
[4.370s][info ][safepoint      ] Total time for which application threads were stopped: 0.0003145 seconds, Stopping threads took: 0.0001456 seconds
[4.373s][info ][safepoint      ] Application time: 0.0029923 seconds
[4.373s][info ][safepoint      ] Entering safepoint region: RevokeBias
[4.373s][info ][safepoint      ] Leaving safepoint region
[4.373s][info ][safepoint      ] Total time for which application threads were stopped: 0.0004365 seconds, Stopping threads took: 0.0002128 seconds
[4.374s][info ][safepoint      ] Application time: 0.0009664 seconds
[4.374s][info ][safepoint      ] Entering safepoint region: RevokeBias
[4.375s][info ][safepoint      ] Leaving safepoint region
[4.375s][info ][safepoint      ] Total time for which application threads were stopped: 0.0004816 seconds, Stopping threads took: 0.0002970 seconds
[4.375s][info ][safepoint      ] Application time: 0.0004807 seconds
[4.375s][info ][safepoint      ] Entering safepoint region: RevokeBias
[4.375s][info ][safepoint      ] Leaving safepoint region
[4.375s][info ][safepoint      ] Total time for which application threads were stopped: 0.0003288 seconds, Stopping threads took: 0.0001727 seconds
[4.376s][info ][safepoint      ] Application time: 0.0010248 seconds
[4.377s][info ][safepoint      ] Entering safepoint region: RevokeBias
[4.377s][info ][safepoint      ] Leaving safepoint region
[4.377s][info ][safepoint      ] Total time for which application threads were stopped: 0.0002693 seconds, Stopping threads took: 0.0001187 seconds
[4.384s][info ][safepoint      ] Application time: 0.0069773 seconds
[4.389s][info ][safepoint      ] Entering safepoint region: RevokeBias
[4.389s][info ][safepoint      ] Leaving safepoint region
[4.389s][info ][safepoint      ] Total time for which application threads were stopped: 0.0053219 seconds, Stopping threads took: 0.0051733 seconds
[4.392s][info ][safepoint      ] Application time: 0.0027471 seconds
[4.392s][info ][safepoint      ] Entering safepoint region: RevokeBias
[4.392s][info ][safepoint      ] Leaving safepoint region
[4.393s][info ][safepoint      ] Total time for which application threads were stopped: 0.0006532 seconds, Stopping threads took: 0.0003097 seconds
[4.393s][info ][safepoint      ] Application time: 0.0002664 seconds
[4.393s][info ][safepoint      ] Entering safepoint region: RevokeBias
[4.393s][info ][safepoint      ] Leaving safepoint region
[4.393s][info ][safepoint      ] Total time for which application threads were stopped: 0.0007080 seconds, Stopping threads took: 0.0004604 seconds
[4.400s][info ][safepoint      ] Application time: 0.0060529 seconds
[4.400s][info ][safepoint      ] Entering safepoint region: RevokeBias
[4.400s][info ][safepoint      ] Leaving safepoint region
[4.400s][info ][safepoint      ] Total time for which application threads were stopped: 0.0007759 seconds, Stopping threads took: 0.0005130 seconds
[4.401s][info ][safepoint      ] Application time: 0.0002464 seconds
[4.401s][info ][safepoint      ] Entering safepoint region: RevokeBias
[4.401s][info ][safepoint      ] Leaving safepoint region
[4.401s][info ][safepoint      ] Total time for which application threads were stopped: 0.0003968 seconds, Stopping threads took: 0.0000657 seconds
[4.403s][info ][safepoint      ] Application time: 0.0015902 seconds
[4.403s][info ][safepoint      ] Entering safepoint region: RevokeBias
[4.403s][info ][safepoint      ] Leaving safepoint region
[4.403s][info ][safepoint      ] Total time for which application threads were stopped: 0.0003948 seconds, Stopping threads took: 0.0001542 seconds
[4.411s][info ][safepoint      ] Application time: 0.0083946 seconds
[4.412s][info ][safepoint      ] Entering safepoint region: RevokeBias
[4.412s][info ][safepoint      ] Leaving safepoint region
[4.412s][info ][safepoint      ] Total time for which application threads were stopped: 0.0009080 seconds, Stopping threads took: 0.0006940 seconds
[4.414s][info ][safepoint      ] Application time: 0.0013872 seconds
[4.414s][info ][safepoint      ] Entering safepoint region: BulkRevokeBias
[4.415s][info ][safepoint      ] Leaving safepoint region
[4.415s][info ][safepoint      ] Total time for which application threads were stopped: 0.0010241 seconds, Stopping threads took: 0.0001397 seconds
[4.416s][info ][safepoint      ] Application time: 0.0017197 seconds
[4.420s][info ][safepoint      ] Entering safepoint region: RevokeBias
[4.420s][info ][safepoint      ] Leaving safepoint region
[4.420s][info ][safepoint      ] Total time for which application threads were stopped: 0.0039228 seconds, Stopping threads took: 0.0037404 seconds
[4.422s][info ][safepoint      ] Application time: 0.0013953 seconds
[4.422s][info ][safepoint      ] Entering safepoint region: RevokeBias
[4.422s][info ][safepoint      ] Leaving safepoint region
[4.422s][info ][safepoint      ] Total time for which application threads were stopped: 0.0003512 seconds, Stopping threads took: 0.0001657 seconds
[4.423s][info ][safepoint      ] Application time: 0.0012784 seconds
[4.424s][info ][safepoint      ] Entering safepoint region: RevokeBias
[4.424s][info ][safepoint      ] Leaving safepoint region
[4.424s][info ][safepoint      ] Total time for which application threads were stopped: 0.0003397 seconds, Stopping threads took: 0.0001779 seconds
[4.425s][info ][safepoint      ] Application time: 0.0008167 seconds
[4.425s][info ][safepoint      ] Entering safepoint region: RevokeBias
[4.425s][info ][safepoint      ] Leaving safepoint region
[4.425s][info ][safepoint      ] Total time for which application threads were stopped: 0.0004026 seconds, Stopping threads took: 0.0002291 seconds
[4.433s][info ][safepoint      ] Application time: 0.0078475 seconds
[4.433s][info ][safepoint      ] Entering safepoint region: RevokeBias
[4.433s][info ][safepoint      ] Leaving safepoint region
[4.433s][info ][safepoint      ] Total time for which application threads were stopped: 0.0005537 seconds, Stopping threads took: 0.0002746 seconds
[4.435s][info ][safepoint      ] Application time: 0.0012351 seconds
[4.435s][info ][safepoint      ] Entering safepoint region: RevokeBias
[4.435s][info ][safepoint      ] Leaving safepoint region
[4.435s][info ][safepoint      ] Total time for which application threads were stopped: 0.0003722 seconds, Stopping threads took: 0.0001622 seconds
[4.435s][info ][safepoint      ] Application time: 0.0002600 seconds
[4.435s][info ][safepoint      ] Entering safepoint region: RevokeBias
[4.436s][info ][safepoint      ] Leaving safepoint region
[4.436s][info ][safepoint      ] Total time for which application threads were stopped: 0.0002774 seconds, Stopping threads took: 0.0001093 seconds
[4.436s][info ][safepoint      ] Application time: 0.0007952 seconds
[4.437s][info ][safepoint      ] Entering safepoint region: RevokeBias
[4.437s][info ][safepoint      ] Leaving safepoint region
[4.437s][info ][safepoint      ] Total time for which application threads were stopped: 0.0003356 seconds, Stopping threads took: 0.0001174 seconds
[4.439s][info ][safepoint      ] Application time: 0.0020006 seconds
[4.440s][info ][safepoint      ] Entering safepoint region: RevokeBias
[4.440s][info ][safepoint      ] Leaving safepoint region
[4.440s][info ][safepoint      ] Total time for which application threads were stopped: 0.0015101 seconds, Stopping threads took: 0.0012995 seconds
[4.441s][info ][safepoint      ] Application time: 0.0001963 seconds
[4.441s][info ][safepoint      ] Entering safepoint region: RevokeBias
[4.441s][info ][safepoint      ] Leaving safepoint region
[4.441s][info ][safepoint      ] Total time for which application threads were stopped: 0.0007742 seconds, Stopping threads took: 0.0005720 seconds
[4.442s][info ][safepoint      ] Application time: 0.0004835 seconds
[4.442s][info ][safepoint      ] Entering safepoint region: RevokeBias
[4.443s][info ][safepoint      ] Leaving safepoint region
[4.443s][info ][safepoint      ] Total time for which application threads were stopped: 0.0008795 seconds, Stopping threads took: 0.0001598 seconds
[4.540s][info ][safepoint      ] Application time: 0.0973035 seconds
[4.540s][info ][safepoint      ] Entering safepoint region: ICBufferFull
[4.540s][info ][safepoint      ] Leaving safepoint region
[4.541s][info ][safepoint      ] Total time for which application threads were stopped: 0.0004329 seconds, Stopping threads took: 0.0001818 seconds
[4.543s][info ][safepoint      ] Application time: 0.0023634 seconds
[4.543s][info ][safepoint      ] Entering safepoint region: Deoptimize
[4.544s][info ][safepoint      ] Leaving safepoint region
[4.544s][info ][safepoint      ] Total time for which application threads were stopped: 0.0012766 seconds, Stopping threads took: 0.0005122 seconds
[4.594s][info ][safepoint      ] Application time: 0.0500118 seconds
[4.595s][info ][safepoint      ] Entering safepoint region: RevokeBias
[4.595s][info ][safepoint      ] Leaving safepoint region
[4.595s][info ][safepoint      ] Total time for which application threads were stopped: 0.0009202 seconds, Stopping threads took: 0.0005255 seconds
[4.602s][info ][safepoint      ] Application time: 0.0066171 seconds
[4.602s][info ][safepoint      ] Entering safepoint region: Deoptimize
[4.603s][info ][safepoint      ] Leaving safepoint region
[4.603s][info ][safepoint      ] Total time for which application threads were stopped: 0.0008575 seconds, Stopping threads took: 0.0001934 seconds
[4.605s][info ][safepoint      ] Application time: 0.0025299 seconds
[4.605s][info ][safepoint      ] Entering safepoint region: Deoptimize
[4.606s][info ][safepoint      ] Leaving safepoint region
[4.606s][info ][safepoint      ] Total time for which application threads were stopped: 0.0004441 seconds, Stopping threads took: 0.0001601 seconds
[4.642s][info ][safepoint      ] Application time: 0.0360412 seconds
[4.642s][info ][safepoint      ] Entering safepoint region: RevokeBias
[4.642s][info ][safepoint      ] Leaving safepoint region
[4.642s][info ][safepoint      ] Total time for which application threads were stopped: 0.0003680 seconds, Stopping threads took: 0.0000968 seconds
[4.651s][info ][safepoint      ] Application time: 0.0090995 seconds
[4.651s][info ][safepoint      ] Entering safepoint region: RevokeBias
[4.652s][info ][safepoint      ] Leaving safepoint region
[4.652s][info ][safepoint      ] Total time for which application threads were stopped: 0.0003336 seconds, Stopping threads took: 0.0001476 seconds
[4.661s][info ][safepoint      ] Application time: 0.0094045 seconds
[4.665s][info ][safepoint      ] Entering safepoint region: RevokeBias
[4.665s][info ][safepoint      ] Leaving safepoint region
[4.665s][info ][safepoint      ] Total time for which application threads were stopped: 0.0043847 seconds, Stopping threads took: 0.0041128 seconds
[4.674s][info ][safepoint      ] Application time: 0.0085867 seconds
[4.675s][info ][safepoint      ] Entering safepoint region: RevokeBias
[4.675s][info ][safepoint      ] Leaving safepoint region
[4.675s][info ][safepoint      ] Total time for which application threads were stopped: 0.0010354 seconds, Stopping threads took: 0.0006643 seconds
[4.683s][info ][safepoint      ] Application time: 0.0079186 seconds
[4.683s][info ][safepoint      ] Entering safepoint region: RevokeBias
[4.683s][info ][safepoint      ] Leaving safepoint region
[4.683s][info ][safepoint      ] Total time for which application threads were stopped: 0.0003560 seconds, Stopping threads took: 0.0001703 seconds
[4.684s][info ][safepoint      ] Application time: 0.0004808 seconds
[4.684s][info ][safepoint      ] Entering safepoint region: RevokeBias
[4.684s][info ][safepoint      ] Leaving safepoint region
[4.684s][info ][safepoint      ] Total time for which application threads were stopped: 0.0004523 seconds, Stopping threads took: 0.0001850 seconds
[4.685s][info ][safepoint      ] Application time: 0.0008758 seconds
[4.685s][info ][safepoint      ] Entering safepoint region: RevokeBias
[4.686s][info ][safepoint      ] Leaving safepoint region
[4.686s][info ][safepoint      ] Total time for which application threads were stopped: 0.0003258 seconds, Stopping threads took: 0.0001492 seconds
[4.686s][info ][safepoint      ] Application time: 0.0001015 seconds
[4.686s][info ][safepoint      ] Entering safepoint region: RevokeBias
[4.686s][info ][safepoint      ] Leaving safepoint region
[4.686s][info ][safepoint      ] Total time for which application threads were stopped: 0.0003043 seconds, Stopping threads took: 0.0000816 seconds
[4.689s][info ][safepoint      ] Application time: 0.0029788 seconds
[4.689s][info ][safepoint      ] Entering safepoint region: RevokeBias
[4.689s][info ][safepoint      ] Leaving safepoint region
[4.689s][info ][safepoint      ] Total time for which application threads were stopped: 0.0002595 seconds, Stopping threads took: 0.0001060 seconds
[4.703s][info ][safepoint      ] Application time: 0.0132445 seconds
[4.703s][info ][safepoint      ] Entering safepoint region: RevokeBias
[4.703s][info ][safepoint      ] Leaving safepoint region
[4.703s][info ][safepoint      ] Total time for which application threads were stopped: 0.0005603 seconds, Stopping threads took: 0.0001173 seconds
[4.708s][info ][safepoint      ] Application time: 0.0046752 seconds
[4.708s][info ][safepoint      ] Entering safepoint region: RevokeBias
[4.708s][info ][safepoint      ] Leaving safepoint region
[4.708s][info ][safepoint      ] Total time for which application threads were stopped: 0.0003724 seconds, Stopping threads took: 0.0002268 seconds
[4.709s][info ][safepoint      ] Application time: 0.0010988 seconds
[4.709s][info ][safepoint      ] Entering safepoint region: RevokeBias
[4.710s][info ][safepoint      ] Leaving safepoint region
[4.710s][info ][safepoint      ] Total time for which application threads were stopped: 0.0002302 seconds, Stopping threads took: 0.0001324 seconds
[4.712s][info ][safepoint      ] Application time: 0.0028712 seconds
[4.713s][info ][safepoint      ] Entering safepoint region: RevokeBias
[4.713s][info ][safepoint      ] Leaving safepoint region
[4.713s][info ][safepoint      ] Total time for which application threads were stopped: 0.0006904 seconds, Stopping threads took: 0.0005727 seconds
[4.724s][info ][safepoint      ] Application time: 0.0107140 seconds
[4.724s][info ][safepoint      ] Entering safepoint region: RevokeBias
[4.725s][info ][safepoint      ] Leaving safepoint region
[4.725s][info ][safepoint      ] Total time for which application threads were stopped: 0.0007985 seconds, Stopping threads took: 0.0004917 seconds
[4.726s][info ][safepoint      ] Application time: 0.0012092 seconds
[4.726s][info ][safepoint      ] Entering safepoint region: RevokeBias
[4.726s][info ][safepoint      ] Leaving safepoint region
[4.726s][info ][safepoint      ] Total time for which application threads were stopped: 0.0001919 seconds, Stopping threads took: 0.0000777 seconds
[4.730s][info ][safepoint      ] Application time: 0.0041469 seconds
[4.730s][info ][safepoint      ] Entering safepoint region: RevokeBias
[4.731s][info ][safepoint      ] Leaving safepoint region
[4.731s][info ][safepoint      ] Total time for which application threads were stopped: 0.0003582 seconds, Stopping threads took: 0.0001636 seconds
[4.734s][info ][safepoint      ] Application time: 0.0032207 seconds
[4.734s][info ][safepoint      ] Entering safepoint region: BulkRevokeBias
[4.735s][info ][safepoint      ] Leaving safepoint region
[4.735s][info ][safepoint      ] Total time for which application threads were stopped: 0.0008829 seconds, Stopping threads took: 0.0001509 seconds
[4.863s][info ][safepoint      ] Application time: 0.1281487 seconds
[4.864s][info ][safepoint      ] Entering safepoint region: ICBufferFull
[4.864s][info ][safepoint      ] Leaving safepoint region
[4.864s][info ][safepoint      ] Total time for which application threads were stopped: 0.0014724 seconds, Stopping threads took: 0.0012633 seconds
[4.909s][info ][safepoint      ] Application time: 0.0447446 seconds
[4.912s][info ][safepoint      ] Entering safepoint region: Deoptimize
[4.913s][info ][safepoint      ] Leaving safepoint region
[4.913s][info ][safepoint      ] Total time for which application threads were stopped: 0.0039123 seconds, Stopping threads took: 0.0031764 seconds
[4.993s][info ][safepoint      ] Application time: 0.0801097 seconds
[4.994s][info ][safepoint      ] Entering safepoint region: ICBufferFull
[4.994s][info ][safepoint      ] Leaving safepoint region
[4.994s][info ][safepoint      ] Total time for which application threads were stopped: 0.0008668 seconds, Stopping threads took: 0.0005999 seconds
[5.010s][info ][safepoint      ] Application time: 0.0163306 seconds
[5.011s][info ][safepoint      ] Entering safepoint region: Deoptimize
[5.012s][info ][safepoint      ] Leaving safepoint region
[5.012s][info ][safepoint      ] Total time for which application threads were stopped: 0.0010303 seconds, Stopping threads took: 0.0001277 seconds
[5.103s][info ][safepoint      ] Application time: 0.0917652 seconds
[5.103s][info ][safepoint      ] Entering safepoint region: ICBufferFull
[5.104s][info ][safepoint      ] Leaving safepoint region
[5.104s][info ][safepoint      ] Total time for which application threads were stopped: 0.0003766 seconds, Stopping threads took: 0.0001407 seconds
[5.116s][info ][safepoint      ] Application time: 0.0119546 seconds
[5.116s][info ][safepoint      ] Entering safepoint region: Deoptimize
[5.116s][info ][safepoint      ] Leaving safepoint region
[5.117s][info ][safepoint      ] Total time for which application threads were stopped: 0.0008202 seconds, Stopping threads took: 0.0001283 seconds
[5.247s][info ][safepoint      ] Application time: 0.1300260 seconds
[5.248s][info ][safepoint      ] Entering safepoint region: Deoptimize
[5.248s][info ][safepoint      ] Leaving safepoint region
[5.248s][info ][safepoint      ] Total time for which application threads were stopped: 0.0018299 seconds, Stopping threads took: 0.0009901 seconds
[5.418s][info ][safepoint      ] Application time: 0.1700106 seconds
[5.419s][info ][safepoint      ] Entering safepoint region: ParallelGCFailedAllocation
[5.419s][debug][gc,phases      ] GC(4) Pre Compact 0.023ms
[5.419s][info ][gc,start       ] GC(4) Pause Full (Ergonomics)
[5.419s][info ][gc,phases,start] GC(4) Marking Phase
[5.549s][debug][gc,phases      ] GC(4) Par Mark 129.076ms
[5.549s][debug][gc,ref         ] GC(4) Skipped phase1 of Reference Processing due to unavailable references
[5.549s][debug][gc,ref         ] GC(4) Skipped phase3 of Reference Processing due to unavailable references
[5.550s][debug][gc,phases      ] GC(4) Reference Processing 0.724ms
[5.550s][debug][gc,phases      ] GC(4) Weak Processing 0.132ms
[5.551s][debug][gc,phases      ] GC(4) ClassLoaderData 1.193ms
[5.551s][debug][gc,phases      ] GC(4) Dictionary 0.022ms
[5.551s][debug][gc,phases      ] GC(4) ProtectionDomainCacheTable 0.003ms
[5.551s][debug][gc,phases      ] GC(4) ResolvedMethodTable 0.145ms
[5.562s][debug][gc,phases      ] GC(4) Class Unloading 12.145ms
[5.563s][debug][gc,phases      ] GC(4) Scrub String Table 0.511ms
[5.569s][debug][gc,phases      ] GC(4) Scrub Symbol Table 5.981ms
[5.569s][info ][gc,phases      ] GC(4) Marking Phase 149.109ms
[5.569s][info ][gc,phases,start] GC(4) Summary Phase
[5.569s][info ][gc,phases      ] GC(4) Summary Phase 0.043ms
[5.569s][info ][gc,phases,start] GC(4) Adjust Roots
[5.592s][info ][gc,phases      ] GC(4) Adjust Roots 23.759ms
[5.592s][info ][gc,phases,start] GC(4) Compaction Phase
[5.885s][info ][gc,phases      ] GC(4) Compaction Phase 292.732ms
[5.885s][info ][gc,phases,start] GC(4) Post Compact
[5.894s][info ][gc,phases      ] GC(4) Post Compact 9.080ms
[5.894s][info ][gc,heap        ] GC(4) PSYoungGen: 1094900K->128059K(1572864K)
[5.895s][info ][gc,heap        ] GC(4) ParOldGen: 6129K->6130K(18944K)
[5.895s][info ][gc,metaspace   ] GC(4) Metaspace: 46786K->46701K(1091584K)
[5.895s][info ][gc             ] GC(4) Pause Full (Ergonomics) 1075M->131M(1554M) 475.117ms
[5.895s][info ][gc,cpu         ] GC(4) User=1.57s Sys=0.02s Real=0.47s
[5.895s][info ][safepoint      ] Leaving safepoint region
[5.895s][info ][safepoint      ] Total time for which application threads were stopped: 0.4763740 seconds, Stopping threads took: 0.0007284 seconds
[5.903s][info ][safepoint      ] Application time: 0.0084472 seconds
[5.904s][info ][safepoint      ] Entering safepoint region: RevokeBias
[5.904s][info ][safepoint      ] Leaving safepoint region
[5.904s][info ][safepoint      ] Total time for which application threads were stopped: 0.0006370 seconds, Stopping threads took: 0.0004160 seconds
[5.904s][info ][safepoint      ] Application time: 0.0000631 seconds
[5.904s][info ][safepoint      ] Entering safepoint region: RevokeBias
[5.904s][info ][safepoint      ] Leaving safepoint region
[5.904s][info ][safepoint      ] Total time for which application threads were stopped: 0.0000821 seconds, Stopping threads took: 0.0000051 seconds
[6.021s][info ][safepoint      ] Application time: 0.1167745 seconds
[6.021s][info ][safepoint      ] Entering safepoint region: ICBufferFull
[6.021s][info ][safepoint      ] Leaving safepoint region
[6.021s][info ][safepoint      ] Total time for which application threads were stopped: 0.0004129 seconds, Stopping threads took: 0.0001656 seconds
[6.073s][info ][safepoint      ] Application time: 0.0513894 seconds
[6.073s][info ][safepoint      ] Entering safepoint region: ParallelGCFailedAllocation
[6.073s][info ][gc,start       ] GC(5) Pause Young (Allocation Failure)
[6.176s][debug][gc,phases      ] GC(5) Scavenge 102.672ms
[6.176s][debug][gc,ref         ] GC(5) Skipped phase1 of Reference Processing due to unavailable references
[6.176s][debug][gc,ref         ] GC(5) Skipped phase3 of Reference Processing due to unavailable references
[6.176s][debug][gc,phases      ] GC(5) Reference Processing 0.293ms
[6.177s][debug][gc,phases      ] GC(5) Weak Processing 0.337ms
[6.178s][debug][gc,phases      ] GC(5) Scrub String Table 1.133ms
[6.178s][debug][gc,age         ] GC(5) Desired survivor size 536870912 bytes, new threshold 7 (max threshold 15)
[6.178s][info ][gc,heap        ] GC(5) PSYoungGen: 1048576K->130527K(1572864K)
[6.178s][info ][gc,heap        ] GC(5) ParOldGen: 6130K->6138K(18944K)
[6.178s][info ][gc,metaspace   ] GC(5) Metaspace: 48506K->48506K(1093632K)
[6.178s][info ][gc             ] GC(5) Pause Young (Allocation Failure) 1029M->133M(1554M) 104.598ms
[6.178s][info ][gc,cpu         ] GC(5) User=0.35s Sys=0.08s Real=0.11s
[6.178s][info ][safepoint      ] Leaving safepoint region
[6.178s][info ][safepoint      ] Total time for which application threads were stopped: 0.1050339 seconds, Stopping threads took: 0.0002096 seconds
[6.252s][info ][safepoint      ] Application time: 0.0737690 seconds
[6.252s][info ][safepoint      ] Entering safepoint region: Deoptimize
[6.253s][info ][safepoint      ] Leaving safepoint region
[6.253s][info ][safepoint      ] Total time for which application threads were stopped: 0.0010875 seconds, Stopping threads took: 0.0001795 seconds
[6.256s][info ][safepoint      ] Application time: 0.0031173 seconds
[6.256s][info ][safepoint      ] Entering safepoint region: RevokeBias
[6.256s][info ][safepoint      ] Leaving safepoint region
[6.256s][info ][safepoint      ] Total time for which application threads were stopped: 0.0004885 seconds, Stopping threads took: 0.0003398 seconds
[6.259s][info ][safepoint      ] Application time: 0.0028066 seconds
[6.259s][info ][safepoint      ] Entering safepoint region: RevokeBias
[6.260s][info ][safepoint      ] Leaving safepoint region
[6.260s][info ][safepoint      ] Total time for which application threads were stopped: 0.0005119 seconds, Stopping threads took: 0.0003686 seconds
[6.260s][info ][safepoint      ] Application time: 0.0001694 seconds
[6.260s][info ][safepoint      ] Entering safepoint region: RevokeBias
[6.260s][info ][safepoint      ] Leaving safepoint region
[6.260s][info ][safepoint      ] Total time for which application threads were stopped: 0.0003150 seconds, Stopping threads took: 0.0001285 seconds
[6.260s][info ][safepoint      ] Application time: 0.0000472 seconds
[6.260s][info ][safepoint      ] Entering safepoint region: RevokeBias
[6.260s][info ][safepoint      ] Leaving safepoint region
[6.260s][info ][safepoint      ] Total time for which application threads were stopped: 0.0001527 seconds, Stopping threads took: 0.0000204 seconds
[6.261s][info ][safepoint      ] Application time: 0.0004762 seconds
[6.261s][info ][safepoint      ] Entering safepoint region: RevokeBias
[6.261s][info ][safepoint      ] Leaving safepoint region
[6.261s][info ][safepoint      ] Total time for which application threads were stopped: 0.0003354 seconds, Stopping threads took: 0.0001514 seconds
[6.262s][info ][safepoint      ] Application time: 0.0008616 seconds
[6.262s][info ][safepoint      ] Entering safepoint region: RevokeBias
[6.262s][info ][safepoint      ] Leaving safepoint region
[6.262s][info ][safepoint      ] Total time for which application threads were stopped: 0.0003247 seconds, Stopping threads took: 0.0001869 seconds
[6.263s][info ][safepoint      ] Application time: 0.0004631 seconds
[6.263s][info ][safepoint      ] Entering safepoint region: RevokeBias
[6.263s][info ][safepoint      ] Leaving safepoint region
[6.263s][info ][safepoint      ] Total time for which application threads were stopped: 0.0003176 seconds, Stopping threads took: 0.0002179 seconds
[6.264s][info ][safepoint      ] Application time: 0.0004790 seconds
[6.264s][info ][safepoint      ] Entering safepoint region: RevokeBias
[6.264s][info ][safepoint      ] Leaving safepoint region
[6.264s][info ][safepoint      ] Total time for which application threads were stopped: 0.0003563 seconds, Stopping threads took: 0.0002052 seconds
[6.280s][info ][safepoint      ] Application time: 0.0160699 seconds
[6.286s][info ][safepoint      ] Entering safepoint region: RevokeBias
[6.286s][info ][safepoint      ] Leaving safepoint region
[6.286s][info ][safepoint      ] Total time for which application threads were stopped: 0.0057148 seconds, Stopping threads took: 0.0055416 seconds
[6.286s][info ][safepoint      ] Application time: 0.0002534 seconds
[6.286s][info ][safepoint      ] Entering safepoint region: RevokeBias
[6.286s][info ][safepoint      ] Leaving safepoint region
[6.286s][info ][safepoint      ] Total time for which application threads were stopped: 0.0003449 seconds, Stopping threads took: 0.0001950 seconds
[6.292s][info ][safepoint      ] Application time: 0.0058261 seconds
[6.293s][info ][safepoint      ] Entering safepoint region: RevokeBias
[6.293s][info ][safepoint      ] Leaving safepoint region
[6.293s][info ][safepoint      ] Total time for which application threads were stopped: 0.0004267 seconds, Stopping threads took: 0.0003041 seconds
[6.356s][info ][safepoint      ] Application time: 0.0633372 seconds
[6.360s][info ][safepoint      ] Entering safepoint region: RevokeBias
[6.360s][info ][safepoint      ] Leaving safepoint region
[6.360s][info ][safepoint      ] Total time for which application threads were stopped: 0.0037844 seconds, Stopping threads took: 0.0036104 seconds
[6.559s][info ][safepoint      ] Application time: 0.1995856 seconds
[6.560s][info ][safepoint      ] Entering safepoint region: ParallelGCFailedAllocation
[6.561s][info ][gc,start       ] GC(6) Pause Young (Allocation Failure)
[6.674s][debug][gc,phases      ] GC(6) Scavenge 112.963ms
[6.674s][debug][gc,ref         ] GC(6) Skipped phase1 of Reference Processing due to unavailable references
[6.674s][debug][gc,ref         ] GC(6) Skipped phase3 of Reference Processing due to unavailable references
[6.674s][debug][gc,phases      ] GC(6) Reference Processing 0.324ms
[6.675s][debug][gc,phases      ] GC(6) Weak Processing 0.472ms
[6.677s][debug][gc,phases      ] GC(6) Scrub String Table 1.752ms
[6.677s][debug][gc,age         ] GC(6) Desired survivor size 536870912 bytes, new threshold 7 (max threshold 15)
[6.677s][info ][gc,heap        ] GC(6) PSYoungGen: 1179103K->136271K(1572864K)
[6.677s][info ][gc,heap        ] GC(6) ParOldGen: 6138K->6146K(18944K)
[6.677s][info ][gc,metaspace   ] GC(6) Metaspace: 49437K->49437K(1093632K)
[6.677s][info ][gc             ] GC(6) Pause Young (Allocation Failure) 1157M->139M(1554M) 115.679ms
[6.677s][info ][gc,cpu         ] GC(6) User=0.35s Sys=0.11s Real=0.12s
[6.677s][info ][safepoint      ] Leaving safepoint region
[6.677s][info ][safepoint      ] Total time for which application threads were stopped: 0.1172285 seconds, Stopping threads took: 0.0005075 seconds
[6.883s][info ][safepoint      ] Application time: 0.2061146 seconds
[6.885s][info ][safepoint      ] Entering safepoint region: ParallelGCFailedAllocation
[6.885s][info ][gc,start       ] GC(7) Pause Young (Allocation Failure)
[6.981s][debug][gc,phases      ] GC(7) Scavenge 96.264ms
[6.981s][debug][gc,ref         ] GC(7) Skipped phase1 of Reference Processing due to unavailable references
[6.982s][debug][gc,ref         ] GC(7) Skipped phase3 of Reference Processing due to unavailable references
[6.982s][debug][gc,phases      ] GC(7) Reference Processing 0.251ms
[6.982s][debug][gc,phases      ] GC(7) Weak Processing 0.277ms
[6.983s][debug][gc,phases      ] GC(7) Scrub String Table 1.121ms
[6.983s][debug][gc,age         ] GC(7) Desired survivor size 212336640 bytes, new threshold 8 (max threshold 15)
[6.983s][info ][gc,heap        ] GC(7) PSYoungGen: 1184847K->138989K(1889792K)
[6.983s][info ][gc,heap        ] GC(7) ParOldGen: 6146K->6154K(18944K)
[6.983s][info ][gc,metaspace   ] GC(7) Metaspace: 49450K->49450K(1093632K)
[6.983s][info ][gc             ] GC(7) Pause Young (Allocation Failure) 1163M->141M(1864M) 98.085ms
[6.983s][info ][gc,cpu         ] GC(7) User=0.38s Sys=0.01s Real=0.10s
[6.983s][info ][safepoint      ] Leaving safepoint region
[6.983s][info ][safepoint      ] Total time for which application threads were stopped: 0.1003339 seconds, Stopping threads took: 0.0019778 seconds
[7.235s][info ][safepoint      ] Application time: 0.2512903 seconds
[7.236s][info ][safepoint      ] Entering safepoint region: ParallelGCFailedAllocation
[7.236s][info ][gc,start       ] GC(8) Pause Young (Allocation Failure)
[7.350s][debug][gc,phases      ] GC(8) Scavenge 114.544ms
[7.350s][debug][gc,ref         ] GC(8) Skipped phase1 of Reference Processing due to unavailable references
[7.351s][debug][gc,ref         ] GC(8) Skipped phase3 of Reference Processing due to unavailable references
[7.351s][debug][gc,phases      ] GC(8) Reference Processing 0.804ms
[7.352s][debug][gc,phases      ] GC(8) Weak Processing 0.331ms
[7.353s][debug][gc,phases      ] GC(8) Scrub String Table 1.206ms
[7.353s][debug][gc,age         ] GC(8) Desired survivor size 223346688 bytes, new threshold 9 (max threshold 15)
[7.353s][info ][gc,heap        ] GC(8) PSYoungGen: 1504493K->143842K(1572864K)
[7.353s][info ][gc,heap        ] GC(8) ParOldGen: 6154K->6162K(18944K)
[7.353s][info ][gc,metaspace   ] GC(8) Metaspace: 49659K->49659K(1093632K)
[7.353s][info ][gc             ] GC(8) Pause Young (Allocation Failure) 1475M->146M(1554M) 117.050ms
[7.353s][info ][gc,cpu         ] GC(8) User=0.45s Sys=0.11s Real=0.12s
[7.353s][info ][safepoint      ] Leaving safepoint region
[7.353s][info ][safepoint      ] Total time for which application threads were stopped: 0.1182701 seconds, Stopping threads took: 0.0009604 seconds
[7.364s][info ][safepoint      ] Application time: 0.0106807 seconds
[7.369s][info ][safepoint      ] Entering safepoint region: RevokeBias
[7.369s][info ][safepoint      ] Leaving safepoint region
[7.369s][info ][safepoint      ] Total time for which application threads were stopped: 0.0057315 seconds, Stopping threads took: 0.0055771 seconds
[7.369s][info ][safepoint      ] Application time: 0.0001479 seconds
[7.370s][info ][safepoint      ] Entering safepoint region: RevokeBias
[7.370s][info ][safepoint      ] Leaving safepoint region
[7.370s][info ][safepoint      ] Total time for which application threads were stopped: 0.0002517 seconds, Stopping threads took: 0.0001735 seconds
[7.377s][info ][safepoint      ] Application time: 0.0069927 seconds
[7.377s][info ][safepoint      ] Entering safepoint region: RevokeBias
[7.377s][info ][safepoint      ] Leaving safepoint region
[7.377s][info ][safepoint      ] Total time for which application threads were stopped: 0.0005551 seconds, Stopping threads took: 0.0003845 seconds
[7.388s][info ][safepoint      ] Application time: 0.0107294 seconds
[7.388s][info ][safepoint      ] Entering safepoint region: RevokeBias
[7.389s][info ][safepoint      ] Leaving safepoint region
[7.389s][info ][safepoint      ] Total time for which application threads were stopped: 0.0005470 seconds, Stopping threads took: 0.0003909 seconds
[7.396s][info ][safepoint      ] Application time: 0.0070273 seconds
[7.396s][info ][safepoint      ] Entering safepoint region: RevokeBias
[7.396s][info ][safepoint      ] Leaving safepoint region
[7.396s][info ][safepoint      ] Total time for which application threads were stopped: 0.0005189 seconds, Stopping threads took: 0.0003638 seconds
[7.406s][info ][safepoint      ] Application time: 0.0096483 seconds
[7.406s][info ][safepoint      ] Entering safepoint region: RevokeBias
[7.406s][info ][safepoint      ] Leaving safepoint region
[7.406s][info ][safepoint      ] Total time for which application threads were stopped: 0.0003639 seconds, Stopping threads took: 0.0002034 seconds
[7.413s][info ][safepoint      ] Application time: 0.0069318 seconds
[7.413s][info ][safepoint      ] Entering safepoint region: RevokeBias
[7.414s][info ][safepoint      ] Leaving safepoint region
[7.414s][info ][safepoint      ] Total time for which application threads were stopped: 0.0003490 seconds, Stopping threads took: 0.0002070 seconds
[7.434s][info ][safepoint      ] Application time: 0.0207964 seconds
[7.435s][info ][safepoint      ] Entering safepoint region: RevokeBias
[7.436s][info ][safepoint      ] Leaving safepoint region
[7.436s][info ][safepoint      ] Total time for which application threads were stopped: 0.0011341 seconds, Stopping threads took: 0.0009583 seconds
[7.481s][info ][safepoint      ] Application time: 0.0450474 seconds
[7.481s][info ][safepoint      ] Entering safepoint region: RevokeBias
[7.481s][info ][safepoint      ] Leaving safepoint region
[7.481s][info ][safepoint      ] Total time for which application threads were stopped: 0.0003368 seconds, Stopping threads took: 0.0001666 seconds
[7.620s][info ][safepoint      ] Application time: 0.1387555 seconds
[7.621s][info ][safepoint      ] Entering safepoint region: ParallelGCFailedAllocation
[7.621s][info ][gc,start       ] GC(9) Pause Young (Allocation Failure)
[7.739s][debug][gc,phases      ] GC(9) Scavenge 117.822ms
[7.739s][debug][gc,ref         ] GC(9) Skipped phase1 of Reference Processing due to unavailable references
[7.740s][debug][gc,ref         ] GC(9) Skipped phase3 of Reference Processing due to unavailable references
[7.740s][debug][gc,phases      ] GC(9) Reference Processing 0.339ms
[7.741s][debug][gc,phases      ] GC(9) Weak Processing 1.176ms
[7.744s][debug][gc,phases      ] GC(9) Scrub String Table 3.493ms
[7.744s][debug][gc,age         ] GC(9) Desired survivor size 229638144 bytes, new threshold 10 (max threshold 15)
[7.744s][info ][gc,heap        ] GC(9) PSYoungGen: 1509346K->144545K(1866752K)
[7.744s][info ][gc,heap        ] GC(9) ParOldGen: 6162K->6170K(18944K)
[7.744s][info ][gc,metaspace   ] GC(9) Metaspace: 50939K->50939K(1095680K)
[7.744s][info ][gc             ] GC(9) Pause Young (Allocation Failure) 1479M->147M(1841M) 123.138ms
[7.744s][info ][gc,cpu         ] GC(9) User=0.48s Sys=0.12s Real=0.12s
[7.745s][info ][safepoint      ] Leaving safepoint region
[7.745s][info ][safepoint      ] Total time for which application threads were stopped: 0.1246767 seconds, Stopping threads took: 0.0009143 seconds
[7.875s][info ][safepoint      ] Application time: 0.1308105 seconds
[7.876s][info ][safepoint      ] Entering safepoint region: ICBufferFull
[7.876s][info ][safepoint      ] Leaving safepoint region
[7.876s][info ][safepoint      ] Total time for which application threads were stopped: 0.0004953 seconds, Stopping threads took: 0.0002321 seconds
[7.916s][info ][safepoint      ] Application time: 0.0404537 seconds
[7.917s][info ][safepoint      ] Entering safepoint region: Deoptimize
[7.918s][info ][safepoint      ] Leaving safepoint region
[7.918s][info ][safepoint      ] Total time for which application threads were stopped: 0.0013074 seconds, Stopping threads took: 0.0002307 seconds
[8.035s][info ][safepoint      ] Application time: 0.1171337 seconds
[8.035s][info ][safepoint      ] Entering safepoint region: ParallelGCFailedAllocation
[8.036s][info ][gc,start       ] GC(10) Pause Young (Allocation Failure)
[8.141s][debug][gc,phases      ] GC(10) Scavenge 105.017ms
[8.141s][debug][gc,ref         ] GC(10) Skipped phase1 of Reference Processing due to unavailable references
[8.141s][debug][gc,ref         ] GC(10) Skipped phase3 of Reference Processing due to unavailable references
[8.141s][debug][gc,phases      ] GC(10) Reference Processing 0.412ms
[8.142s][debug][gc,phases      ] GC(10) Weak Processing 0.469ms
[8.144s][debug][gc,phases      ] GC(10) Scrub String Table 1.820ms
[8.144s][debug][gc,age         ] GC(10) Desired survivor size 229638144 bytes, new threshold 11 (max threshold 15)
[8.144s][info ][gc,heap        ] GC(10) PSYoungGen: 1793185K->138690K(1872896K)
[8.144s][info ][gc,heap        ] GC(10) ParOldGen: 6170K->6178K(18944K)
[8.144s][info ][gc,metaspace   ] GC(10) Metaspace: 51574K->51574K(1095680K)
[8.144s][info ][gc             ] GC(10) Pause Young (Allocation Failure) 1757M->141M(1847M) 108.009ms
[8.144s][info ][gc,cpu         ] GC(10) User=0.32s Sys=0.09s Real=0.11s
[8.144s][info ][safepoint      ] Leaving safepoint region
[8.144s][info ][safepoint      ] Total time for which application threads were stopped: 0.1088824 seconds, Stopping threads took: 0.0005073 seconds
[8.285s][info ][safepoint      ] Application time: 0.1415337 seconds
[8.287s][info ][safepoint      ] Entering safepoint region: ICBufferFull
[8.287s][info ][safepoint      ] Leaving safepoint region
[8.287s][info ][safepoint      ] Total time for which application threads were stopped: 0.0018293 seconds, Stopping threads took: 0.0015292 seconds
[8.424s][info ][safepoint      ] Application time: 0.1370112 seconds
[8.425s][info ][safepoint      ] Entering safepoint region: ParallelGCFailedAllocation
[8.425s][info ][gc,start       ] GC(11) Pause Young (Allocation Failure)
[8.514s][debug][gc,phases      ] GC(11) Scavenge 88.514ms
[8.514s][debug][gc,ref         ] GC(11) Skipped phase1 of Reference Processing due to unavailable references
[8.514s][debug][gc,ref         ] GC(11) Skipped phase3 of Reference Processing due to unavailable references
[8.514s][debug][gc,phases      ] GC(11) Reference Processing 0.346ms
[8.514s][debug][gc,phases      ] GC(11) Weak Processing 0.425ms
[8.516s][debug][gc,phases      ] GC(11) Scrub String Table 1.456ms
[8.516s][debug][gc,age         ] GC(11) Desired survivor size 229113856 bytes, new threshold 12 (max threshold 15)
[8.516s][info ][gc,heap        ] GC(11) PSYoungGen: 1787330K->140849K(1873408K)
[8.516s][info ][gc,heap        ] GC(11) ParOldGen: 6178K->6186K(18944K)
[8.516s][info ][gc,metaspace   ] GC(11) Metaspace: 51640K->51640K(1095680K)
[8.516s][info ][gc             ] GC(11) Pause Young (Allocation Failure) 1751M->143M(1848M) 90.938ms
[8.516s][info ][gc,cpu         ] GC(11) User=0.38s Sys=0.00s Real=0.10s
[8.516s][info ][safepoint      ] Leaving safepoint region
[8.516s][info ][safepoint      ] Total time for which application threads were stopped: 0.0918098 seconds, Stopping threads took: 0.0004951 seconds
[8.642s][info ][safepoint      ] Application time: 0.1257187 seconds
[8.642s][info ][safepoint      ] Entering safepoint region: ICBufferFull
[8.642s][info ][safepoint      ] Leaving safepoint region
[8.642s][info ][safepoint      ] Total time for which application threads were stopped: 0.0004160 seconds, Stopping threads took: 0.0001783 seconds
[8.771s][info ][safepoint      ] Application time: 0.1284714 seconds
[8.771s][info ][safepoint      ] Entering safepoint region: ParallelGCFailedAllocation
[8.771s][info ][gc,start       ] GC(12) Pause Young (Allocation Failure)
[8.859s][debug][gc,phases      ] GC(12) Scavenge 87.495ms
[8.859s][debug][gc,ref         ] GC(12) Skipped phase1 of Reference Processing due to unavailable references
[8.859s][debug][gc,ref         ] GC(12) Skipped phase3 of Reference Processing due to unavailable references
[8.859s][debug][gc,phases      ] GC(12) Reference Processing 0.365ms
[8.860s][debug][gc,phases      ] GC(12) Weak Processing 0.304ms
[8.861s][debug][gc,phases      ] GC(12) Scrub String Table 1.174ms
[8.861s][debug][gc,age         ] GC(12) Desired survivor size 229638144 bytes, new threshold 13 (max threshold 15)
[8.861s][info ][gc,heap        ] GC(12) PSYoungGen: 1790001K->144834K(1872896K)
[8.861s][info ][gc,heap        ] GC(12) ParOldGen: 6186K->6194K(18944K)
[8.861s][info ][gc,metaspace   ] GC(12) Metaspace: 51650K->51650K(1095680K)
[8.861s][info ][gc             ] GC(12) Pause Young (Allocation Failure) 1754M->147M(1847M) 89.542ms
[8.861s][info ][gc,cpu         ] GC(12) User=0.35s Sys=0.01s Real=0.09s
[8.861s][info ][safepoint      ] Leaving safepoint region
[8.861s][info ][safepoint      ] Total time for which application threads were stopped: 0.0903203 seconds, Stopping threads took: 0.0003470 seconds
[8.928s][info ][safepoint      ] Application time: 0.0670172 seconds
[8.928s][info ][safepoint      ] Entering safepoint region: Deoptimize
[8.929s][info ][safepoint      ] Leaving safepoint region
[8.929s][info ][safepoint      ] Total time for which application threads were stopped: 0.0012801 seconds, Stopping threads took: 0.0002437 seconds
[8.975s][info ][safepoint      ] Application time: 0.0452442 seconds
[8.975s][info ][safepoint      ] Entering safepoint region: RevokeBias
[8.975s][info ][safepoint      ] Leaving safepoint region
[8.975s][info ][safepoint      ] Total time for which application threads were stopped: 0.0004624 seconds, Stopping threads took: 0.0002133 seconds
[9.006s][info ][safepoint      ] Application time: 0.0305273 seconds
[9.006s][info ][safepoint      ] Entering safepoint region: RevokeBias
[9.006s][info ][safepoint      ] Leaving safepoint region
[9.006s][info ][safepoint      ] Total time for which application threads were stopped: 0.0003747 seconds, Stopping threads took: 0.0002262 seconds
[9.006s][info ][safepoint      ] Application time: 0.0000637 seconds
[9.006s][info ][safepoint      ] Entering safepoint region: RevokeBias
[9.006s][info ][safepoint      ] Leaving safepoint region
[9.006s][info ][safepoint      ] Total time for which application threads were stopped: 0.0001393 seconds, Stopping threads took: 0.0000614 seconds
[9.006s][info ][safepoint      ] Application time: 0.0000388 seconds
[9.006s][info ][safepoint      ] Entering safepoint region: RevokeBias
[9.006s][info ][safepoint      ] Leaving safepoint region
[9.006s][info ][safepoint      ] Total time for which application threads were stopped: 0.0001179 seconds, Stopping threads took: 0.0000462 seconds
[9.008s][info ][safepoint      ] Application time: 0.0015571 seconds
[9.008s][info ][safepoint      ] Entering safepoint region: RevokeBias
[9.008s][info ][safepoint      ] Leaving safepoint region
[9.008s][info ][safepoint      ] Total time for which application threads were stopped: 0.0003900 seconds, Stopping threads took: 0.0003041 seconds
[9.009s][info ][safepoint      ] Application time: 0.0001566 seconds
[9.009s][info ][safepoint      ] Entering safepoint region: RevokeBias
[9.009s][info ][safepoint      ] Leaving safepoint region
[9.009s][info ][safepoint      ] Total time for which application threads were stopped: 0.0002889 seconds, Stopping threads took: 0.0001752 seconds
[9.139s][info ][safepoint      ] Application time: 0.1302670 seconds
[9.139s][info ][safepoint      ] Entering safepoint region: ParallelGCFailedAllocation
[9.140s][info ][gc,start       ] GC(13) Pause Young (Allocation Failure)
[9.227s][debug][gc,phases      ] GC(13) Scavenge 87.395ms
[9.227s][debug][gc,ref         ] GC(13) Skipped phase1 of Reference Processing due to unavailable references
[9.227s][debug][gc,ref         ] GC(13) Skipped phase3 of Reference Processing due to unavailable references
[9.228s][debug][gc,phases      ] GC(13) Reference Processing 0.414ms
[9.228s][debug][gc,phases      ] GC(13) Weak Processing 0.469ms
[9.230s][debug][gc,phases      ] GC(13) Scrub String Table 1.603ms
[9.230s][debug][gc,age         ] GC(13) Desired survivor size 230162432 bytes, new threshold 14 (max threshold 15)
[9.230s][info ][gc,heap        ] GC(13) PSYoungGen: 1793986K->146481K(1871872K)
[9.230s][info ][gc,heap        ] GC(13) ParOldGen: 6194K->6202K(18944K)
[9.230s][info ][gc,metaspace   ] GC(13) Metaspace: 52457K->52457K(1097728K)
[9.230s][info ][gc             ] GC(13) Pause Young (Allocation Failure) 1757M->149M(1846M) 90.068ms
[9.230s][info ][gc,cpu         ] GC(13) User=0.36s Sys=0.00s Real=0.09s
[9.230s][info ][safepoint      ] Leaving safepoint region
[9.230s][info ][safepoint      ] Total time for which application threads were stopped: 0.0905594 seconds, Stopping threads took: 0.0002140 seconds
[9.284s][info ][safepoint      ] Application time: 0.0537480 seconds
[9.284s][info ][safepoint      ] Entering safepoint region: Deoptimize
[9.285s][info ][safepoint      ] Leaving safepoint region
[9.285s][info ][safepoint      ] Total time for which application threads were stopped: 0.0018425 seconds, Stopping threads took: 0.0007260 seconds
[9.289s][info ][safepoint      ] Application time: 0.0033859 seconds
[9.289s][info ][safepoint      ] Entering safepoint region: Deoptimize
[9.290s][info ][safepoint      ] Leaving safepoint region
[9.290s][info ][safepoint      ] Total time for which application threads were stopped: 0.0012996 seconds, Stopping threads took: 0.0001520 seconds
[9.293s][info ][safepoint      ] Application time: 0.0033861 seconds
[9.298s][info ][safepoint      ] Entering safepoint region: RevokeBias
[9.298s][info ][safepoint      ] Leaving safepoint region
[9.298s][info ][safepoint      ] Total time for which application threads were stopped: 0.0044909 seconds, Stopping threads took: 0.0043640 seconds
[9.298s][info ][safepoint      ] Application time: 0.0001409 seconds
[9.298s][info ][safepoint      ] Entering safepoint region: RevokeBias
[9.298s][info ][safepoint      ] Leaving safepoint region
[9.298s][info ][safepoint      ] Total time for which application threads were stopped: 0.0001944 seconds, Stopping threads took: 0.0001076 seconds
[9.316s][info ][safepoint      ] Application time: 0.0177042 seconds
[9.316s][info ][safepoint      ] Entering safepoint region: RevokeBias
[9.316s][info ][safepoint      ] Leaving safepoint region
[9.316s][info ][safepoint      ] Total time for which application threads were stopped: 0.0003102 seconds, Stopping threads took: 0.0001792 seconds
[9.340s][info ][safepoint      ] Application time: 0.0238461 seconds
[9.341s][info ][safepoint      ] Entering safepoint region: Deoptimize
[9.342s][info ][safepoint      ] Leaving safepoint region
[9.342s][info ][safepoint      ] Total time for which application threads were stopped: 0.0014339 seconds, Stopping threads took: 0.0002353 seconds
[9.397s][info ][safepoint      ] Application time: 0.0550291 seconds
[9.397s][info ][safepoint      ] Entering safepoint region: RevokeBias
[9.397s][info ][safepoint      ] Leaving safepoint region
[9.397s][info ][safepoint      ] Total time for which application threads were stopped: 0.0003192 seconds, Stopping threads took: 0.0001701 seconds
[9.457s][info ][safepoint      ] Application time: 0.0594068 seconds
[9.457s][info ][safepoint      ] Entering safepoint region: RevokeBias
[9.459s][info ][safepoint      ] Leaving safepoint region
[9.459s][info ][safepoint      ] Total time for which application threads were stopped: 0.0021998 seconds, Stopping threads took: 0.0001601 seconds
[9.459s][info ][safepoint      ] Application time: 0.0004759 seconds
[9.459s][info ][safepoint      ] Entering safepoint region: RevokeBias
[9.460s][info ][safepoint      ] Leaving safepoint region
[9.460s][info ][safepoint      ] Total time for which application threads were stopped: 0.0002889 seconds, Stopping threads took: 0.0001704 seconds
[9.467s][info ][safepoint      ] Application time: 0.0070694 seconds
[9.467s][info ][safepoint      ] Entering safepoint region: RevokeBias
[9.467s][info ][safepoint      ] Leaving safepoint region
[9.467s][info ][safepoint      ] Total time for which application threads were stopped: 0.0003358 seconds, Stopping threads took: 0.0001835 seconds
[9.478s][info ][safepoint      ] Application time: 0.0106590 seconds
[9.478s][info ][safepoint      ] Entering safepoint region: BulkRevokeBias
[9.482s][info ][safepoint      ] Leaving safepoint region
[9.482s][info ][safepoint      ] Total time for which application threads were stopped: 0.0039356 seconds, Stopping threads took: 0.0003400 seconds
[9.520s][info ][safepoint      ] Application time: 0.0382819 seconds
[9.520s][info ][safepoint      ] Entering safepoint region: ParallelGCFailedAllocation
[9.521s][info ][gc,start       ] GC(14) Pause Young (Allocation Failure)
[9.608s][debug][gc,phases      ] GC(14) Scavenge 87.842ms
[9.608s][debug][gc,ref         ] GC(14) Skipped phase1 of Reference Processing due to unavailable references
[9.609s][debug][gc,ref         ] GC(14) Skipped phase3 of Reference Processing due to unavailable references
[9.609s][debug][gc,phases      ] GC(14) Reference Processing 0.402ms
[9.609s][debug][gc,phases      ] GC(14) Weak Processing 0.351ms
[9.610s][debug][gc,phases      ] GC(14) Scrub String Table 1.264ms
[9.611s][debug][gc,age         ] GC(14) Desired survivor size 230162432 bytes, new threshold 15 (max threshold 15)
[9.611s][info ][gc,heap        ] GC(14) PSYoungGen: 1794097K->148642K(1872384K)
[9.611s][info ][gc,heap        ] GC(14) ParOldGen: 6202K->6210K(18944K)
[9.611s][info ][gc,metaspace   ] GC(14) Metaspace: 55810K->55810K(1099776K)
[9.611s][info ][gc             ] GC(14) Pause Young (Allocation Failure) 1758M->151M(1847M) 90.015ms
[9.611s][info ][gc,cpu         ] GC(14) User=0.36s Sys=0.00s Real=0.09s
[9.611s][info ][safepoint      ] Leaving safepoint region
[9.611s][info ][safepoint      ] Total time for which application threads were stopped: 0.0905830 seconds, Stopping threads took: 0.0003239 seconds
[9.618s][info ][safepoint      ] Application time: 0.0070600 seconds
[9.618s][info ][safepoint      ] Entering safepoint region: RevokeBias
[9.618s][info ][safepoint      ] Leaving safepoint region
[9.618s][info ][safepoint      ] Total time for which application threads were stopped: 0.0003988 seconds, Stopping threads took: 0.0002339 seconds
[9.618s][info ][safepoint      ] Application time: 0.0000378 seconds
[9.618s][info ][safepoint      ] Entering safepoint region: RevokeBias
[9.618s][info ][safepoint      ] Leaving safepoint region
[9.618s][info ][safepoint      ] Total time for which application threads were stopped: 0.0001271 seconds, Stopping threads took: 0.0000333 seconds
[9.658s][info ][safepoint      ] Application time: 0.0392384 seconds
[9.658s][info ][safepoint      ] Entering safepoint region: RevokeBias
[9.658s][info ][safepoint      ] Leaving safepoint region
[9.658s][info ][safepoint      ] Total time for which application threads were stopped: 0.0002699 seconds, Stopping threads took: 0.0001219 seconds
[9.683s][info ][safepoint      ] Application time: 0.0247306 seconds
[9.683s][info ][safepoint      ] Entering safepoint region: RevokeBias
[9.683s][info ][safepoint      ] Leaving safepoint region
[9.683s][info ][safepoint      ] Total time for which application threads were stopped: 0.0003076 seconds, Stopping threads took: 0.0001868 seconds
[9.683s][info ][safepoint      ] Application time: 0.0004943 seconds
[9.684s][info ][safepoint      ] Entering safepoint region: RevokeBias
[9.684s][info ][safepoint      ] Leaving safepoint region
[9.684s][info ][safepoint      ] Total time for which application threads were stopped: 0.0002599 seconds, Stopping threads took: 0.0001519 seconds
[9.759s][info ][safepoint      ] Application time: 0.0755180 seconds
[9.759s][info ][safepoint      ] Entering safepoint region: Deoptimize
[9.761s][info ][safepoint      ] Leaving safepoint region
[9.761s][info ][safepoint      ] Total time for which application threads were stopped: 0.0013515 seconds, Stopping threads took: 0.0001942 seconds
[9.765s][info ][safepoint      ] Application time: 0.0045350 seconds
[9.766s][info ][safepoint      ] Entering safepoint region: RevokeBias
[9.766s][info ][safepoint      ] Leaving safepoint region
[9.766s][info ][safepoint      ] Total time for which application threads were stopped: 0.0007675 seconds, Stopping threads took: 0.0006306 seconds
[9.774s][info ][safepoint      ] Application time: 0.0076009 seconds
[9.774s][info ][safepoint      ] Entering safepoint region: RevokeBias
[9.774s][info ][safepoint      ] Leaving safepoint region
[9.774s][info ][safepoint      ] Total time for which application threads were stopped: 0.0003380 seconds, Stopping threads took: 0.0001872 seconds
[9.774s][info ][safepoint      ] Application time: 0.0004576 seconds
[9.775s][info ][safepoint      ] Entering safepoint region: RevokeBias
[9.775s][info ][safepoint      ] Leaving safepoint region
[9.775s][info ][safepoint      ] Total time for which application threads were stopped: 0.0003302 seconds, Stopping threads took: 0.0001968 seconds
[9.775s][info ][safepoint      ] Application time: 0.0002880 seconds
[9.775s][info ][safepoint      ] Entering safepoint region: RevokeBias
[9.775s][info ][safepoint      ] Leaving safepoint region
[9.775s][info ][safepoint      ] Total time for which application threads were stopped: 0.0002230 seconds, Stopping threads took: 0.0000935 seconds
[9.810s][info ][safepoint      ] Application time: 0.0347193 seconds
[9.810s][info ][safepoint      ] Entering safepoint region: RevokeBias
[9.810s][info ][safepoint      ] Leaving safepoint region
[9.810s][info ][safepoint      ] Total time for which application threads were stopped: 0.0003598 seconds, Stopping threads took: 0.0002105 seconds
[9.811s][info ][safepoint      ] Application time: 0.0002642 seconds
[9.811s][info ][safepoint      ] Entering safepoint region: RevokeBias
[9.811s][info ][safepoint      ] Leaving safepoint region
[9.811s][info ][safepoint      ] Total time for which application threads were stopped: 0.0003194 seconds, Stopping threads took: 0.0002126 seconds
[9.813s][info ][safepoint      ] Application time: 0.0020118 seconds
[9.813s][info ][safepoint      ] Entering safepoint region: RevokeBias
[9.813s][info ][safepoint      ] Leaving safepoint region
[9.813s][info ][safepoint      ] Total time for which application threads were stopped: 0.0004999 seconds, Stopping threads took: 0.0003824 seconds
[9.837s][info ][safepoint      ] Application time: 0.0232947 seconds
[9.837s][info ][safepoint      ] Entering safepoint region: RevokeBias
[9.837s][info ][safepoint      ] Leaving safepoint region
[9.837s][info ][safepoint      ] Total time for which application threads were stopped: 0.0004036 seconds, Stopping threads took: 0.0002292 seconds
[9.837s][info ][safepoint      ] Application time: 0.0002305 seconds
[9.838s][info ][safepoint      ] Entering safepoint region: RevokeBias
[9.838s][info ][safepoint      ] Leaving safepoint region
[9.838s][info ][safepoint      ] Total time for which application threads were stopped: 0.0003324 seconds, Stopping threads took: 0.0001829 seconds
[9.875s][info ][safepoint      ] Application time: 0.0373540 seconds
[9.876s][info ][safepoint      ] Entering safepoint region: ParallelGCFailedAllocation
[9.877s][info ][gc,start       ] GC(15) Pause Young (Allocation Failure)
[9.965s][debug][gc,phases      ] GC(15) Scavenge 88.881ms
[9.966s][debug][gc,ref         ] GC(15) Skipped phase1 of Reference Processing due to unavailable references
[9.966s][debug][gc,ref         ] GC(15) Skipped phase3 of Reference Processing due to unavailable references
[9.966s][debug][gc,phases      ] GC(15) Reference Processing 0.445ms
[9.966s][debug][gc,phases      ] GC(15) Weak Processing 0.492ms
[9.968s][debug][gc,phases      ] GC(15) Scrub String Table 1.581ms
[9.968s][debug][gc,age         ] GC(15) Desired survivor size 232783872 bytes, new threshold 15 (max threshold 15)
[9.968s][info ][gc,heap        ] GC(15) PSYoungGen: 1796258K->156963K(1867264K)
[9.968s][info ][gc,heap        ] GC(15) ParOldGen: 6210K->6218K(18944K)
[9.968s][info ][gc,metaspace   ] GC(15) Metaspace: 57433K->57433K(1101824K)
[9.968s][info ][gc             ] GC(15) Pause Young (Allocation Failure) 1760M->159M(1842M) 91.583ms
[9.968s][info ][gc,cpu         ] GC(15) User=0.44s Sys=0.00s Real=0.09s
[9.968s][info ][safepoint      ] Leaving safepoint region
[9.968s][info ][safepoint      ] Total time for which application threads were stopped: 0.0929853 seconds, Stopping threads took: 0.0010265 seconds
[10.158s][info ][safepoint      ] Application time: 0.1893375 seconds
[10.158s][info ][safepoint      ] Entering safepoint region: RevokeBias
[10.158s][info ][safepoint      ] Leaving safepoint region
[10.158s][info ][safepoint      ] Total time for which application threads were stopped: 0.0003800 seconds, Stopping threads took: 0.0001971 seconds
[10.229s][info ][safepoint      ] Application time: 0.0711493 seconds
[10.229s][info ][safepoint      ] Entering safepoint region: RevokeBias
[10.229s][info ][safepoint      ] Leaving safepoint region
[10.229s][info ][safepoint      ] Total time for which application threads were stopped: 0.0003018 seconds, Stopping threads took: 0.0001335 seconds
[10.247s][info ][safepoint      ] Application time: 0.0171267 seconds
[10.247s][info ][safepoint      ] Entering safepoint region: ParallelGCFailedAllocation
[10.247s][info ][gc,start       ] GC(16) Pause Young (Allocation Failure)
[10.349s][debug][gc,phases      ] GC(16) Scavenge 101.591ms
[10.349s][debug][gc,ref         ] GC(16) Skipped phase1 of Reference Processing due to unavailable references
[10.349s][debug][gc,ref         ] GC(16) Skipped phase3 of Reference Processing due to unavailable references
[10.349s][debug][gc,phases      ] GC(16) Reference Processing 0.386ms
[10.350s][debug][gc,phases      ] GC(16) Weak Processing 0.334ms
[10.351s][debug][gc,phases      ] GC(16) Scrub String Table 1.226ms
[10.351s][debug][gc,age         ] GC(16) Desired survivor size 238026752 bytes, new threshold 15 (max threshold 15)
[10.351s][info ][gc,heap        ] GC(16) PSYoungGen: 1799459K->166306K(1808896K)
[10.351s][info ][gc,heap        ] GC(16) ParOldGen: 6218K->6218K(18944K)
[10.351s][info ][gc,metaspace   ] GC(16) Metaspace: 57772K->57772K(1101824K)
[10.351s][info ][gc             ] GC(16) Pause Young (Allocation Failure) 1763M->168M(1785M) 103.709ms
[10.351s][info ][gc,cpu         ] GC(16) User=0.38s Sys=0.03s Real=0.11s
[10.351s][info ][safepoint      ] Leaving safepoint region
[10.351s][info ][safepoint      ] Total time for which application threads were stopped: 0.1044256 seconds, Stopping threads took: 0.0004776 seconds
[10.544s][info ][safepoint      ] Application time: 0.1928233 seconds
[10.548s][info ][safepoint      ] Entering safepoint region: ICBufferFull
[10.548s][info ][safepoint      ] Leaving safepoint region
[10.548s][info ][safepoint      ] Total time for which application threads were stopped: 0.0044128 seconds, Stopping threads took: 0.0041487 seconds
[10.628s][info ][safepoint      ] Application time: 0.0791603 seconds
[10.628s][info ][safepoint      ] Entering safepoint region: ParallelGCFailedAllocation
[10.628s][info ][gc,start       ] GC(17) Pause Young (Allocation Failure)
[10.726s][debug][gc,phases      ] GC(17) Scavenge 98.170ms
[10.726s][debug][gc,ref         ] GC(17) Skipped phase1 of Reference Processing due to unavailable references
[10.727s][debug][gc,ref         ] GC(17) Skipped phase3 of Reference Processing due to unavailable references
[10.727s][debug][gc,phases      ] GC(17) Reference Processing 0.483ms
[10.727s][debug][gc,phases      ] GC(17) Weak Processing 0.322ms
[10.728s][debug][gc,phases      ] GC(17) Scrub String Table 1.145ms
[10.728s][debug][gc,age         ] GC(17) Desired survivor size 246415360 bytes, new threshold 15 (max threshold 15)
[10.728s][info ][gc,heap        ] GC(17) PSYoungGen: 1808802K->180416K(1848320K)
[10.728s][info ][gc,heap        ] GC(17) ParOldGen: 6218K->6218K(18944K)
[10.728s][info ][gc,metaspace   ] GC(17) Metaspace: 58063K->58063K(1101824K)
[10.728s][info ][gc             ] GC(17) Pause Young (Allocation Failure) 1772M->182M(1823M) 100.307ms
[10.728s][info ][gc,cpu         ] GC(17) User=0.39s Sys=0.01s Real=0.11s
[10.728s][info ][safepoint      ] Leaving safepoint region
[10.728s][info ][safepoint      ] Total time for which application threads were stopped: 0.1007682 seconds, Stopping threads took: 0.0001842 seconds
[10.773s][info ][safepoint      ] Application time: 0.0448244 seconds
[10.774s][info ][safepoint      ] Entering safepoint region: RevokeBias
[10.774s][info ][safepoint      ] Leaving safepoint region
[10.774s][info ][safepoint      ] Total time for which application threads were stopped: 0.0009649 seconds, Stopping threads took: 0.0007654 seconds
[10.774s][info ][safepoint      ] Application time: 0.0000643 seconds
[10.774s][info ][safepoint      ] Entering safepoint region: RevokeBias
[10.774s][info ][safepoint      ] Leaving safepoint region
[10.774s][info ][safepoint      ] Total time for which application threads were stopped: 0.0002379 seconds, Stopping threads took: 0.0000610 seconds
[11.001s][info ][safepoint      ] Application time: 0.2263020 seconds
[11.007s][info ][safepoint      ] Entering safepoint region: ICBufferFull
[11.007s][info ][safepoint      ] Leaving safepoint region
[11.007s][info ][safepoint      ] Total time for which application threads were stopped: 0.0065288 seconds, Stopping threads took: 0.0062433 seconds
[11.012s][info ][safepoint      ] Application time: 0.0042235 seconds
[11.012s][info ][safepoint      ] Entering safepoint region: ParallelGCFailedAllocation
[11.012s][info ][gc,start       ] GC(18) Pause Young (Allocation Failure)
[11.118s][debug][gc,phases      ] GC(18) Scavenge 105.610ms
[11.118s][debug][gc,ref         ] GC(18) Skipped phase1 of Reference Processing due to unavailable references
[11.118s][debug][gc,ref         ] GC(18) Skipped phase3 of Reference Processing due to unavailable references
[11.118s][debug][gc,phases      ] GC(18) Reference Processing 0.398ms
[11.119s][debug][gc,phases      ] GC(18) Weak Processing 0.441ms
[11.120s][debug][gc,phases      ] GC(18) Scrub String Table 1.492ms
[11.120s][debug][gc,age         ] GC(18) Desired survivor size 259522560 bytes, new threshold 15 (max threshold 15)
[11.120s][info ][gc,heap        ] GC(18) PSYoungGen: 1796288K->198466K(1814528K)
[11.120s][info ][gc,heap        ] GC(18) ParOldGen: 6218K->7266K(18944K)
[11.120s][info ][gc,metaspace   ] GC(18) Metaspace: 58141K->58141K(1101824K)
[11.120s][info ][gc             ] GC(18) Pause Young (Allocation Failure) 1760M->200M(1790M) 108.122ms
[11.120s][info ][gc,cpu         ] GC(18) User=0.39s Sys=0.03s Real=0.11s
[11.120s][info ][safepoint      ] Leaving safepoint region
[11.120s][info ][safepoint      ] Total time for which application threads were stopped: 0.1087310 seconds, Stopping threads took: 0.0003532 seconds
[11.265s][info ][safepoint      ] Application time: 0.1442533 seconds
[11.266s][info ][safepoint      ] Entering safepoint region: Deoptimize
[11.267s][info ][safepoint      ] Leaving safepoint region
[11.267s][info ][safepoint      ] Total time for which application threads were stopped: 0.0025776 seconds, Stopping threads took: 0.0012581 seconds
[11.278s][info ][safepoint      ] Application time: 0.0112130 seconds
[11.279s][info ][safepoint      ] Entering safepoint region: RevokeBias
[11.279s][info ][safepoint      ] Leaving safepoint region
[11.279s][info ][safepoint      ] Total time for which application threads were stopped: 0.0003829 seconds, Stopping threads took: 0.0001676 seconds
[11.283s][info ][safepoint      ] Application time: 0.0045183 seconds
[11.284s][info ][safepoint      ] Entering safepoint region: RevokeBias
[11.284s][info ][safepoint      ] Leaving safepoint region
[11.284s][info ][safepoint      ] Total time for which application threads were stopped: 0.0004736 seconds, Stopping threads took: 0.0002555 seconds
[11.400s][info ][safepoint      ] Application time: 0.1161888 seconds
[11.400s][info ][safepoint      ] Entering safepoint region: ParallelGCFailedAllocation
[11.401s][info ][gc,start       ] GC(19) Pause Young (Allocation Failure)
[11.530s][debug][gc,phases      ] GC(19) Scavenge 129.028ms
[11.530s][debug][gc,ref         ] GC(19) Skipped phase1 of Reference Processing due to unavailable references
[11.530s][debug][gc,ref         ] GC(19) Skipped phase3 of Reference Processing due to unavailable references
[11.530s][debug][gc,phases      ] GC(19) Reference Processing 0.388ms
[11.531s][debug][gc,phases      ] GC(19) Weak Processing 0.375ms
[11.532s][debug][gc,phases      ] GC(19) Scrub String Table 1.270ms
[11.532s][debug][gc,age         ] GC(19) Desired survivor size 258473984 bytes, new threshold 15 (max threshold 15)
[11.532s][info ][gc,heap        ] GC(19) PSYoungGen: 1814338K->168414K(1844736K)
[11.532s][info ][gc,heap        ] GC(19) ParOldGen: 7266K->52453K(52736K)
[11.532s][info ][gc,metaspace   ] GC(19) Metaspace: 58364K->58364K(1101824K)
[11.532s][info ][gc             ] GC(19) Pause Young (Allocation Failure) 1778M->215M(1853M) 131.258ms
[11.532s][info ][gc,cpu         ] GC(19) User=0.47s Sys=0.07s Real=0.13s
[11.532s][debug][gc,phases      ] GC(20) Pre Compact 0.076ms
[11.532s][info ][gc,start       ] GC(20) Pause Full (Ergonomics)
[11.532s][info ][gc,phases,start] GC(20) Marking Phase
[11.673s][debug][gc,phases      ] GC(20) Par Mark 139.934ms
[11.673s][debug][gc,ref         ] GC(20) Skipped phase1 of Reference Processing due to unavailable references
[11.673s][debug][gc,ref         ] GC(20) Skipped phase3 of Reference Processing due to unavailable references
[11.673s][debug][gc,phases      ] GC(20) Reference Processing 0.257ms
[11.673s][debug][gc,phases      ] GC(20) Weak Processing 0.145ms
[11.677s][debug][gc,phases      ] GC(20) ClassLoaderData 3.649ms
[11.677s][debug][gc,phases      ] GC(20) Dictionary 0.024ms
[11.677s][debug][gc,phases      ] GC(20) ProtectionDomainCacheTable 0.004ms
[11.677s][debug][gc,phases      ] GC(20) ResolvedMethodTable 0.252ms
[11.715s][debug][gc,phases      ] GC(20) Class Unloading 42.097ms
[11.716s][debug][gc,phases      ] GC(20) Scrub String Table 0.543ms
[11.725s][debug][gc,phases      ] GC(20) Scrub Symbol Table 9.205ms
[11.725s][info ][gc,phases      ] GC(20) Marking Phase 192.852ms
[11.725s][info ][gc,phases,start] GC(20) Summary Phase
[11.725s][info ][gc,phases      ] GC(20) Summary Phase 0.014ms
[11.725s][info ][gc,phases,start] GC(20) Adjust Roots
[11.764s][info ][gc,phases      ] GC(20) Adjust Roots 38.878ms
[11.764s][info ][gc,phases,start] GC(20) Compaction Phase
[12.449s][info ][gc,phases      ] GC(20) Compaction Phase 685.179ms
[12.449s][info ][gc,phases,start] GC(20) Post Compact
[12.451s][info ][gc,phases      ] GC(20) Post Compact 1.688ms
[12.451s][info ][gc,heap        ] GC(20) PSYoungGen: 168414K->166871K(1844736K)
[12.451s][info ][gc,heap        ] GC(20) ParOldGen: 52453K->52066K(87552K)
[12.451s][info ][gc,metaspace   ] GC(20) Metaspace: 58364K->58355K(1101824K)
[12.451s][info ][gc             ] GC(20) Pause Full (Ergonomics) 215M->213M(1887M) 918.928ms
[12.451s][info ][gc,cpu         ] GC(20) User=3.17s Sys=0.09s Real=0.92s
[12.451s][info ][safepoint      ] Leaving safepoint region
[12.451s][info ][safepoint      ] Total time for which application threads were stopped: 1.0509031 seconds, Stopping threads took: 0.0000675 seconds
[12.495s][info ][safepoint      ] Application time: 0.0435063 seconds
[12.495s][info ][safepoint      ] Entering safepoint region: ICBufferFull
[12.496s][info ][safepoint      ] Leaving safepoint region
[12.496s][info ][safepoint      ] Total time for which application threads were stopped: 0.0009794 seconds, Stopping threads took: 0.0002882 seconds
[12.632s][info ][safepoint      ] Application time: 0.1362591 seconds
[12.632s][info ][safepoint      ] Entering safepoint region: ICBufferFull
[12.632s][info ][safepoint      ] Leaving safepoint region
[12.632s][info ][safepoint      ] Total time for which application threads were stopped: 0.0004460 seconds, Stopping threads took: 0.0001815 seconds
[12.710s][info ][safepoint      ] Application time: 0.0774533 seconds
[12.710s][info ][safepoint      ] Entering safepoint region: ParallelGCFailedAllocation
[12.710s][info ][gc,start       ] GC(21) Pause Young (Allocation Failure)
[12.846s][debug][gc,phases      ] GC(21) Scavenge 135.333ms
[12.846s][debug][gc,ref         ] GC(21) Skipped phase1 of Reference Processing due to unavailable references
[12.846s][debug][gc,ref         ] GC(21) Skipped phase3 of Reference Processing due to unavailable references
[12.846s][debug][gc,phases      ] GC(21) Reference Processing 0.164ms
[12.846s][debug][gc,phases      ] GC(21) Weak Processing 0.307ms
[12.847s][debug][gc,phases      ] GC(21) Scrub String Table 0.723ms
[12.847s][debug][gc,age         ] GC(21) Desired survivor size 261095424 bytes, new threshold 14 (max threshold 15)
[12.847s][info ][gc,heap        ] GC(21) PSYoungGen: 1758167K->65684K(1657344K)
[12.847s][info ][gc,heap        ] GC(21) ParOldGen: 52066K->136435K(136704K)
[12.847s][info ][gc,metaspace   ] GC(21) Metaspace: 59036K->59036K(1103872K)
[12.847s][info ][gc             ] GC(21) Pause Young (Allocation Failure) 1767M->197M(1752M) 136.687ms
[12.847s][info ][gc,cpu         ] GC(21) User=0.48s Sys=0.06s Real=0.13s
[12.847s][debug][gc,phases      ] GC(22) Pre Compact 0.014ms
[12.847s][info ][gc,start       ] GC(22) Pause Full (Ergonomics)
[12.847s][info ][gc,phases,start] GC(22) Marking Phase
[12.980s][debug][gc,phases      ] GC(22) Par Mark 132.293ms
[12.980s][debug][gc,ref         ] GC(22) Skipped phase1 of Reference Processing due to unavailable references
[12.980s][debug][gc,ref         ] GC(22) Skipped phase3 of Reference Processing due to unavailable references
[12.980s][debug][gc,phases      ] GC(22) Reference Processing 0.135ms
[12.980s][debug][gc,phases      ] GC(22) Weak Processing 0.164ms
[12.981s][debug][gc,phases      ] GC(22) ClassLoaderData 0.511ms
[12.981s][debug][gc,phases      ] GC(22) ProtectionDomainCacheTable 0.003ms
[12.981s][debug][gc,phases      ] GC(22) ResolvedMethodTable 0.189ms
[12.984s][debug][gc,phases      ] GC(22) Class Unloading 4.398ms
[12.985s][debug][gc,phases      ] GC(22) Scrub String Table 0.469ms
[12.992s][debug][gc,phases      ] GC(22) Scrub Symbol Table 6.742ms
[12.992s][info ][gc,phases      ] GC(22) Marking Phase 144.780ms
[12.992s][info ][gc,phases,start] GC(22) Summary Phase
[12.992s][info ][gc,phases      ] GC(22) Summary Phase 0.012ms
[12.992s][info ][gc,phases,start] GC(22) Adjust Roots
[13.019s][info ][gc,phases      ] GC(22) Adjust Roots 27.474ms
[13.019s][info ][gc,phases,start] GC(22) Compaction Phase
[13.811s][info ][gc,phases      ] GC(22) Compaction Phase 792.094ms
[13.811s][info ][gc,phases,start] GC(22) Post Compact
[13.818s][info ][gc,phases      ] GC(22) Post Compact 6.246ms
[13.818s][info ][gc,heap        ] GC(22) PSYoungGen: 65684K->64084K(1657344K)
[13.818s][info ][gc,heap        ] GC(22) ParOldGen: 136435K->136636K(206848K)
[13.818s][info ][gc,metaspace   ] GC(22) Metaspace: 59036K->59036K(1103872K)
[13.818s][info ][gc             ] GC(22) Pause Full (Ergonomics) 197M->196M(1820M) 971.268ms
[13.818s][info ][gc,cpu         ] GC(22) User=3.55s Sys=0.06s Real=0.98s
[13.818s][info ][safepoint      ] Leaving safepoint region
[13.818s][info ][safepoint      ] Total time for which application threads were stopped: 1.1086393 seconds, Stopping threads took: 0.0001561 seconds
[14.101s][info ][safepoint      ] Application time: 0.2828813 seconds
[14.102s][info ][safepoint      ] Entering safepoint region: ICBufferFull
[14.102s][info ][safepoint      ] Leaving safepoint region
[14.102s][info ][safepoint      ] Total time for which application threads were stopped: 0.0008825 seconds, Stopping threads took: 0.0002539 seconds
[14.119s][info ][safepoint      ] Application time: 0.0164363 seconds
[14.125s][info ][safepoint      ] Entering safepoint region: ParallelGCFailedAllocation
[14.125s][info ][gc,start       ] GC(23) Pause Young (Allocation Failure)
[14.196s][debug][gc,phases      ] GC(23) Scavenge 70.852ms
[14.196s][debug][gc,ref         ] GC(23) Skipped phase1 of Reference Processing due to unavailable references
[14.196s][debug][gc,ref         ] GC(23) Skipped phase3 of Reference Processing due to unavailable references
[14.196s][debug][gc,phases      ] GC(23) Reference Processing 0.173ms
[14.197s][debug][gc,phases      ] GC(23) Weak Processing 0.257ms
[14.198s][debug][gc,phases      ] GC(23) Scrub String Table 1.486ms
[14.198s][debug][gc,age         ] GC(23) Desired survivor size 263716864 bytes, new threshold 15 (max threshold 15)
[14.198s][info ][gc,heap        ] GC(23) PSYoungGen: 1655380K->50641K(1837056K)
[14.198s][info ][gc,heap        ] GC(23) ParOldGen: 136636K->140439K(206848K)
[14.198s][info ][gc,metaspace   ] GC(23) Metaspace: 59648K->59648K(1103872K)
[14.198s][info ][gc             ] GC(23) Pause Young (Allocation Failure) 1750M->186M(1996M) 73.011ms
[14.198s][info ][gc,cpu         ] GC(23) User=0.21s Sys=0.06s Real=0.08s
[14.198s][info ][safepoint      ] Leaving safepoint region
[14.198s][info ][safepoint      ] Total time for which application threads were stopped: 0.0794990 seconds, Stopping threads took: 0.0062121 seconds
[14.205s][info ][safepoint      ] Application time: 0.0066896 seconds
[14.205s][info ][safepoint      ] Entering safepoint region: RevokeBias
[14.205s][info ][safepoint      ] Leaving safepoint region
[14.205s][info ][safepoint      ] Total time for which application threads were stopped: 0.0003420 seconds, Stopping threads took: 0.0001836 seconds
[14.307s][info ][safepoint      ] Application time: 0.1017315 seconds
[14.307s][info ][safepoint      ] Entering safepoint region: Deoptimize
[14.313s][info ][safepoint      ] Leaving safepoint region
[14.313s][info ][safepoint      ] Total time for which application threads were stopped: 0.0062824 seconds, Stopping threads took: 0.0002565 seconds
[14.320s][info ][safepoint      ] Application time: 0.0066497 seconds
[14.324s][info ][safepoint      ] Entering safepoint region: Deoptimize
[14.325s][info ][safepoint      ] Leaving safepoint region
[14.325s][info ][safepoint      ] Total time for which application threads were stopped: 0.0049078 seconds, Stopping threads took: 0.0035725 seconds
[14.364s][info ][safepoint      ] Application time: 0.0390239 seconds
[14.364s][info ][safepoint      ] Entering safepoint region: RevokeBias
[14.364s][info ][safepoint      ] Leaving safepoint region
[14.364s][info ][safepoint      ] Total time for which application threads were stopped: 0.0004793 seconds, Stopping threads took: 0.0002685 seconds
[14.449s][info ][safepoint      ] Application time: 0.0843463 seconds
[14.449s][info ][safepoint      ] Entering safepoint region: ICBufferFull
[14.449s][info ][safepoint      ] Leaving safepoint region
[14.449s][info ][safepoint      ] Total time for which application threads were stopped: 0.0005395 seconds, Stopping threads took: 0.0002328 seconds
[14.500s][info ][safepoint      ] Application time: 0.0500890 seconds
[14.500s][info ][safepoint      ] Entering safepoint region: ParallelGCFailedAllocation
[14.500s][info ][gc,start       ] GC(24) Pause Young (Allocation Failure)
[14.524s][debug][gc,phases      ] GC(24) Scavenge 24.285ms
[14.524s][debug][gc,ref         ] GC(24) Skipped phase1 of Reference Processing due to unavailable references
[14.525s][debug][gc,ref         ] GC(24) Skipped phase3 of Reference Processing due to unavailable references
[14.525s][debug][gc,phases      ] GC(24) Reference Processing 0.148ms
[14.525s][debug][gc,phases      ] GC(24) Weak Processing 0.162ms
[14.525s][debug][gc,phases      ] GC(24) Scrub String Table 0.467ms
[14.525s][debug][gc,age         ] GC(24) Desired survivor size 263716864 bytes, new threshold 15 (max threshold 15)
[14.525s][info ][gc,heap        ] GC(24) PSYoungGen: 1632721K->50953K(1839616K)
[14.525s][info ][gc,heap        ] GC(24) ParOldGen: 140439K->140447K(206848K)
[14.525s][info ][gc,metaspace   ] GC(24) Metaspace: 60228K->60228K(1103872K)
[14.525s][info ][gc             ] GC(24) Pause Young (Allocation Failure) 1731M->186M(1998M) 25.229ms
[14.525s][info ][gc,cpu         ] GC(24) User=0.07s Sys=0.01s Real=0.02s
[14.525s][info ][safepoint      ] Leaving safepoint region
[14.525s][info ][safepoint      ] Total time for which application threads were stopped: 0.0258209 seconds, Stopping threads took: 0.0002445 seconds
[14.776s][info ][safepoint      ] Application time: 0.2508987 seconds
[14.777s][info ][safepoint      ] Entering safepoint region: ParallelGCFailedAllocation
[14.777s][info ][gc,start       ] GC(25) Pause Young (Allocation Failure)
[14.796s][debug][gc,phases      ] GC(25) Scavenge 18.579ms
[14.796s][debug][gc,ref         ] GC(25) Skipped phase1 of Reference Processing due to unavailable references
[14.796s][debug][gc,ref         ] GC(25) Skipped phase3 of Reference Processing due to unavailable references
[14.796s][debug][gc,ref         ] GC(25) Skipped phase4 of Reference Processing due to unavailable references
[14.796s][debug][gc,phases      ] GC(25) Reference Processing 0.253ms
[14.796s][debug][gc,phases      ] GC(25) Weak Processing 0.207ms
[14.797s][debug][gc,phases      ] GC(25) Scrub String Table 0.482ms
[14.797s][debug][gc,age         ] GC(25) Desired survivor size 262144000 bytes, new threshold 15 (max threshold 15)
[14.797s][info ][gc,heap        ] GC(25) PSYoungGen: 1633033K->50297K(1841152K)
[14.797s][info ][gc,heap        ] GC(25) ParOldGen: 140447K->141495K(206848K)
[14.797s][info ][gc,metaspace   ] GC(25) Metaspace: 60383K->60383K(1103872K)
[14.797s][info ][gc             ] GC(25) Pause Young (Allocation Failure) 1731M->187M(2000M) 19.734ms
[14.797s][info ][gc,cpu         ] GC(25) User=0.07s Sys=0.00s Real=0.02s
[14.797s][info ][safepoint      ] Leaving safepoint region
[14.797s][info ][safepoint      ] Total time for which application threads were stopped: 0.0204102 seconds, Stopping threads took: 0.0002305 seconds
[15.050s][info ][safepoint      ] Application time: 0.2533863 seconds
[15.051s][info ][safepoint      ] Entering safepoint region: ParallelGCFailedAllocation
[15.051s][info ][gc,start       ] GC(26) Pause Young (Allocation Failure)
[15.072s][debug][gc,phases      ] GC(26) Scavenge 20.182ms
[15.072s][debug][gc,ref         ] GC(26) Skipped phase1 of Reference Processing due to unavailable references
[15.072s][debug][gc,ref         ] GC(26) Skipped phase3 of Reference Processing due to unavailable references
[15.072s][debug][gc,ref         ] GC(26) Skipped phase4 of Reference Processing due to unavailable references
[15.072s][debug][gc,phases      ] GC(26) Reference Processing 0.135ms
[15.072s][debug][gc,phases      ] GC(26) Weak Processing 0.195ms
[15.072s][debug][gc,phases      ] GC(26) Scrub String Table 0.469ms
[15.072s][debug][gc,age         ] GC(26) Desired survivor size 258473984 bytes, new threshold 15 (max threshold 15)
[15.073s][info ][gc,heap        ] GC(26) PSYoungGen: 1633913K->48457K(1839616K)
[15.073s][info ][gc,heap        ] GC(26) ParOldGen: 141495K->143555K(206848K)
[15.073s][info ][gc,metaspace   ] GC(26) Metaspace: 60411K->60411K(1103872K)
[15.073s][info ][gc             ] GC(26) Pause Young (Allocation Failure) 1733M->187M(1998M) 21.147ms
[15.073s][info ][gc,cpu         ] GC(26) User=0.11s Sys=0.00s Real=0.02s
[15.073s][info ][safepoint      ] Leaving safepoint region
[15.073s][info ][safepoint      ] Total time for which application threads were stopped: 0.0223045 seconds, Stopping threads took: 0.0008394 seconds
[15.354s][info ][safepoint      ] Application time: 0.2813603 seconds
[15.354s][info ][safepoint      ] Entering safepoint region: ParallelGCFailedAllocation
[15.355s][info ][gc,start       ] GC(27) Pause Young (Allocation Failure)
[15.373s][debug][gc,phases      ] GC(27) Scavenge 18.761ms
[15.373s][debug][gc,ref         ] GC(27) Skipped phase1 of Reference Processing due to unavailable references
[15.374s][debug][gc,ref         ] GC(27) Skipped phase3 of Reference Processing due to unavailable references
[15.374s][debug][gc,phases      ] GC(27) Reference Processing 0.122ms
[15.374s][debug][gc,phases      ] GC(27) Weak Processing 0.157ms
[15.374s][debug][gc,phases      ] GC(27) Scrub String Table 0.585ms
[15.374s][debug][gc,age         ] GC(27) Desired survivor size 253755392 bytes, new threshold 15 (max threshold 15)
[15.374s][info ][gc,heap        ] GC(27) PSYoungGen: 1632073K->47993K(1849344K)
[15.374s][info ][gc,heap        ] GC(27) ParOldGen: 143555K->144395K(206848K)
[15.374s][info ][gc,metaspace   ] GC(27) Metaspace: 60490K->60490K(1103872K)
[15.374s][info ][gc             ] GC(27) Pause Young (Allocation Failure) 1734M->187M(2008M) 19.795ms
[15.374s][info ][gc,cpu         ] GC(27) User=0.09s Sys=0.01s Real=0.02s
[15.374s][info ][safepoint      ] Leaving safepoint region
[15.374s][info ][safepoint      ] Total time for which application threads were stopped: 0.0204885 seconds, Stopping threads took: 0.0002119 seconds
[15.618s][info ][safepoint      ] Application time: 0.2436184 seconds
[15.618s][info ][safepoint      ] Entering safepoint region: ParallelGCFailedAllocation
[15.619s][info ][gc,start       ] GC(28) Pause Young (Allocation Failure)
[15.635s][debug][gc,phases      ] GC(28) Scavenge 16.154ms
[15.635s][debug][gc,ref         ] GC(28) Skipped phase1 of Reference Processing due to unavailable references
[15.635s][debug][gc,ref         ] GC(28) Skipped phase3 of Reference Processing due to unavailable references
[15.635s][debug][gc,ref         ] GC(28) Skipped phase4 of Reference Processing due to unavailable references
[15.635s][debug][gc,phases      ] GC(28) Reference Processing 0.133ms
[15.635s][debug][gc,phases      ] GC(28) Weak Processing 0.159ms
[15.636s][debug][gc,phases      ] GC(28) Scrub String Table 0.436ms
[15.636s][debug][gc,age         ] GC(28) Desired survivor size 248512512 bytes, new threshold 15 (max threshold 15)
[15.636s][info ][gc,heap        ] GC(28) PSYoungGen: 1644921K->46025K(1844736K)
[15.636s][info ][gc,heap        ] GC(28) ParOldGen: 144395K->146603K(206848K)
[15.636s][info ][gc,metaspace   ] GC(28) Metaspace: 60537K->60537K(1103872K)
[15.636s][info ][gc             ] GC(28) Pause Young (Allocation Failure) 1747M->188M(2003M) 17.045ms
[15.636s][info ][gc,cpu         ] GC(28) User=0.07s Sys=0.00s Real=0.01s
[15.636s][info ][safepoint      ] Leaving safepoint region
[15.636s][info ][safepoint      ] Total time for which application threads were stopped: 0.0175655 seconds, Stopping threads took: 0.0002255 seconds
[15.917s][info ][safepoint      ] Application time: 0.2809843 seconds
[15.917s][info ][safepoint      ] Entering safepoint region: ParallelGCFailedAllocation
[15.917s][info ][gc,start       ] GC(29) Pause Young (Allocation Failure)
[15.934s][debug][gc,phases      ] GC(29) Scavenge 16.646ms
[15.934s][debug][gc,ref         ] GC(29) Skipped phase1 of Reference Processing due to unavailable references
[15.934s][debug][gc,ref         ] GC(29) Skipped phase3 of Reference Processing due to unavailable references
[15.934s][debug][gc,phases      ] GC(29) Reference Processing 0.137ms
[15.934s][debug][gc,phases      ] GC(29) Weak Processing 0.287ms
[15.935s][debug][gc,phases      ] GC(29) Scrub String Table 0.458ms
[15.935s][debug][gc,age         ] GC(29) Desired survivor size 242745344 bytes, new threshold 15 (max threshold 15)
[15.935s][info ][gc,heap        ] GC(29) PSYoungGen: 1642953K->42313K(1860096K)
[15.935s][info ][gc,heap        ] GC(29) ParOldGen: 146603K->150635K(206848K)
[15.935s][info ][gc,metaspace   ] GC(29) Metaspace: 60599K->60599K(1103872K)
[15.935s][info ][gc             ] GC(29) Pause Young (Allocation Failure) 1747M->188M(2018M) 17.696ms
[15.935s][info ][gc,cpu         ] GC(29) User=0.07s Sys=0.00s Real=0.01s
[15.935s][info ][safepoint      ] Leaving safepoint region
[15.935s][info ][safepoint      ] Total time for which application threads were stopped: 0.0182758 seconds, Stopping threads took: 0.0001771 seconds
[16.231s][info ][safepoint      ] Application time: 0.2958949 seconds
[16.233s][info ][safepoint      ] Entering safepoint region: ParallelGCFailedAllocation
[16.234s][info ][gc,start       ] GC(30) Pause Young (Allocation Failure)
[16.250s][debug][gc,phases      ] GC(30) Scavenge 15.914ms
[16.250s][debug][gc,ref         ] GC(30) Skipped phase1 of Reference Processing due to unavailable references
[16.250s][debug][gc,ref         ] GC(30) Skipped phase3 of Reference Processing due to unavailable references
[16.250s][debug][gc,ref         ] GC(30) Skipped phase4 of Reference Processing due to unavailable references
[16.250s][debug][gc,phases      ] GC(30) Reference Processing 0.101ms
[16.250s][debug][gc,phases      ] GC(30) Weak Processing 0.197ms
[16.251s][debug][gc,phases      ] GC(30) Scrub String Table 1.159ms
[16.251s][debug][gc,age         ] GC(30) Desired survivor size 235929600 bytes, new threshold 15 (max threshold 15)
[16.251s][info ][gc,heap        ] GC(30) PSYoungGen: 1659721K->40905K(1854464K)
[16.251s][info ][gc,heap        ] GC(30) ParOldGen: 150635K->152291K(206848K)
[16.251s][info ][gc,metaspace   ] GC(30) Metaspace: 60648K->60648K(1103872K)
[16.251s][info ][gc             ] GC(30) Pause Young (Allocation Failure) 1767M->188M(2013M) 17.661ms
[16.251s][info ][gc,cpu         ] GC(30) User=0.07s Sys=0.01s Real=0.02s
[16.251s][info ][safepoint      ] Leaving safepoint region
[16.251s][info ][safepoint      ] Total time for which application threads were stopped: 0.0203155 seconds, Stopping threads took: 0.0022853 seconds
[16.556s][info ][safepoint      ] Application time: 0.3044409 seconds
[16.560s][info ][safepoint      ] Entering safepoint region: ParallelGCFailedAllocation
[16.560s][info ][gc,start       ] GC(31) Pause Young (Allocation Failure)
[16.575s][debug][gc,phases      ] GC(31) Scavenge 14.682ms
[16.575s][debug][gc,ref         ] GC(31) Skipped phase1 of Reference Processing due to unavailable references
[16.575s][debug][gc,ref         ] GC(31) Skipped phase3 of Reference Processing due to unavailable references
[16.575s][debug][gc,ref         ] GC(31) Skipped phase4 of Reference Processing due to unavailable references
[16.575s][debug][gc,phases      ] GC(31) Reference Processing 0.084ms
[16.575s][debug][gc,phases      ] GC(31) Weak Processing 0.150ms
[16.576s][debug][gc,phases      ] GC(31) Scrub String Table 0.435ms
[16.576s][debug][gc,age         ] GC(31) Desired survivor size 229113856 bytes, new threshold 15 (max threshold 15)
[16.576s][info ][gc,heap        ] GC(31) PSYoungGen: 1658313K->39144K(1873408K)
[16.576s][info ][gc,heap        ] GC(31) ParOldGen: 152291K->154449K(206848K)
[16.576s][info ][gc,metaspace   ] GC(31) Metaspace: 60665K->60665K(1103872K)
[16.576s][info ][gc             ] GC(31) Pause Young (Allocation Failure) 1768M->189M(2031M) 15.518ms
[16.576s][info ][gc,cpu         ] GC(31) User=0.06s Sys=0.00s Real=0.01s
[16.576s][info ][safepoint      ] Leaving safepoint region
[16.576s][info ][safepoint      ] Total time for which application threads were stopped: 0.0198812 seconds, Stopping threads took: 0.0039695 seconds
[16.866s][info ][safepoint      ] Application time: 0.2898919 seconds
[16.866s][info ][safepoint      ] Entering safepoint region: ParallelGCFailedAllocation
[16.866s][info ][gc,start       ] GC(32) Pause Young (Allocation Failure)
[16.880s][debug][gc,phases      ] GC(32) Scavenge 14.305ms
[16.880s][debug][gc,ref         ] GC(32) Skipped phase1 of Reference Processing due to unavailable references
[16.880s][debug][gc,ref         ] GC(32) Skipped phase3 of Reference Processing due to unavailable references
[16.881s][debug][gc,ref         ] GC(32) Skipped phase4 of Reference Processing due to unavailable references
[16.881s][debug][gc,phases      ] GC(32) Reference Processing 0.067ms
[16.881s][debug][gc,phases      ] GC(32) Weak Processing 0.145ms
[16.881s][debug][gc,phases      ] GC(32) Scrub String Table 0.404ms
[16.881s][debug][gc,age         ] GC(32) Desired survivor size 222298112 bytes, new threshold 15 (max threshold 15)
[16.881s][info ][gc,heap        ] GC(32) PSYoungGen: 1682152K->36408K(1866752K)
[16.881s][info ][gc,heap        ] GC(32) ParOldGen: 154449K->158193K(206848K)
[16.881s][info ][gc,metaspace   ] GC(32) Metaspace: 60673K->60673K(1103872K)
[16.881s][info ][gc             ] GC(32) Pause Young (Allocation Failure) 1793M->190M(2025M) 15.079ms
[16.881s][info ][gc,cpu         ] GC(32) User=0.05s Sys=0.00s Real=0.02s
[16.881s][info ][safepoint      ] Leaving safepoint region
[16.881s][info ][safepoint      ] Total time for which application threads were stopped: 0.0155967 seconds, Stopping threads took: 0.0002264 seconds
[17.149s][info ][safepoint      ] Application time: 0.2676903 seconds
[17.149s][info ][safepoint      ] Entering safepoint region: ParallelGCFailedAllocation
[17.149s][info ][gc,start       ] GC(33) Pause Young (Allocation Failure)
[17.164s][debug][gc,phases      ] GC(33) Scavenge 14.882ms
[17.164s][debug][gc,ref         ] GC(33) Skipped phase1 of Reference Processing due to unavailable references
[17.164s][debug][gc,ref         ] GC(33) Skipped phase3 of Reference Processing due to unavailable references
[17.164s][debug][gc,ref         ] GC(33) Skipped phase4 of Reference Processing due to unavailable references
[17.164s][debug][gc,phases      ] GC(33) Reference Processing 0.078ms
[17.165s][debug][gc,phases      ] GC(33) Weak Processing 0.135ms
[17.165s][debug][gc,phases      ] GC(33) Scrub String Table 0.389ms
[17.165s][debug][gc,age         ] GC(33) Desired survivor size 214958080 bytes, new threshold 15 (max threshold 15)
[17.165s][info ][gc,heap        ] GC(33) PSYoungGen: 1679416K->33576K(1887232K)
[17.165s][info ][gc,heap        ] GC(33) ParOldGen: 158193K->162330K(206848K)
[17.165s][info ][gc,metaspace   ] GC(33) Metaspace: 60702K->60702K(1103872K)
[17.165s][info ][gc             ] GC(33) Pause Young (Allocation Failure) 1794M->191M(2045M) 15.647ms
[17.165s][info ][gc,cpu         ] GC(33) User=0.08s Sys=0.00s Real=0.01s
[17.165s][info ][safepoint      ] Leaving safepoint region
[17.165s][info ][safepoint      ] Total time for which application threads were stopped: 0.0161097 seconds, Stopping threads took: 0.0001526 seconds
[17.443s][info ][safepoint      ] Application time: 0.2777257 seconds
[17.443s][info ][safepoint      ] Entering safepoint region: ParallelGCFailedAllocation
[17.443s][info ][gc,start       ] GC(34) Pause Young (Allocation Failure)
[17.459s][debug][gc,phases      ] GC(34) Scavenge 15.673ms
[17.459s][debug][gc,ref         ] GC(34) Skipped phase1 of Reference Processing due to unavailable references
[17.459s][debug][gc,ref         ] GC(34) Skipped phase3 of Reference Processing due to unavailable references
[17.459s][debug][gc,ref         ] GC(34) Skipped phase4 of Reference Processing due to unavailable references
[17.459s][debug][gc,phases      ] GC(34) Reference Processing 0.060ms
[17.459s][debug][gc,phases      ] GC(34) Weak Processing 0.133ms
[17.460s][debug][gc,phases      ] GC(34) Scrub String Table 0.393ms
[17.460s][debug][gc,age         ] GC(34) Desired survivor size 208666624 bytes, new threshold 15 (max threshold 15)
[17.460s][info ][gc,heap        ] GC(34) PSYoungGen: 1703720K->28568K(1880064K)
[17.460s][info ][gc,heap        ] GC(34) ParOldGen: 162330K->168047K(206848K)
[17.460s][info ][gc,metaspace   ] GC(34) Metaspace: 60712K->60712K(1103872K)
[17.460s][info ][gc             ] GC(34) Pause Young (Allocation Failure) 1822M->192M(2038M) 16.422ms
[17.460s][info ][gc,cpu         ] GC(34) User=0.07s Sys=0.00s Real=0.02s
[17.460s][info ][safepoint      ] Leaving safepoint region
[17.460s][info ][safepoint      ] Total time for which application threads were stopped: 0.0170731 seconds, Stopping threads took: 0.0003978 seconds
[17.730s][info ][safepoint      ] Application time: 0.2696348 seconds
[17.730s][info ][safepoint      ] Entering safepoint region: ParallelGCFailedAllocation
[17.730s][info ][gc,start       ] GC(35) Pause Young (Allocation Failure)
[17.744s][debug][gc,phases      ] GC(35) Scavenge 14.117ms
[17.744s][debug][gc,ref         ] GC(35) Skipped phase1 of Reference Processing due to unavailable references
[17.744s][debug][gc,ref         ] GC(35) Skipped phase3 of Reference Processing due to unavailable references
[17.744s][debug][gc,ref         ] GC(35) Skipped phase4 of Reference Processing due to unavailable references
[17.744s][debug][gc,phases      ] GC(35) Reference Processing 0.061ms
[17.744s][debug][gc,phases      ] GC(35) Weak Processing 0.123ms
[17.745s][debug][gc,phases      ] GC(35) Scrub String Table 0.387ms
[17.745s][debug][gc,age         ] GC(35) Desired survivor size 202899456 bytes, new threshold 15 (max threshold 15)
[17.745s][info ][gc,heap        ] GC(35) PSYoungGen: 1698712K->21160K(1899008K)
[17.745s][info ][gc,heap        ] GC(35) ParOldGen: 168047K->176481K(206848K)
[17.745s][info ][gc,metaspace   ] GC(35) Metaspace: 60717K->60717K(1103872K)
[17.745s][info ][gc             ] GC(35) Pause Young (Allocation Failure) 1823M->193M(2056M) 14.849ms
[17.745s][info ][gc,cpu         ] GC(35) User=0.06s Sys=0.00s Real=0.01s
[17.745s][info ][safepoint      ] Leaving safepoint region
[17.745s][info ][safepoint      ] Total time for which application threads were stopped: 0.0152841 seconds, Stopping threads took: 0.0001843 seconds
[18.062s][info ][safepoint      ] Application time: 0.3174204 seconds
[18.063s][info ][safepoint      ] Entering safepoint region: ParallelGCFailedAllocation
[18.063s][info ][gc,start       ] GC(36) Pause Young (Allocation Failure)
[18.078s][debug][gc,phases      ] GC(36) Scavenge 14.502ms
[18.078s][debug][gc,ref         ] GC(36) Skipped phase1 of Reference Processing due to unavailable references
[18.078s][debug][gc,ref         ] GC(36) Skipped phase3 of Reference Processing due to unavailable references
[18.078s][debug][gc,phases      ] GC(36) Reference Processing 0.054ms
[18.078s][debug][gc,phases      ] GC(36) Weak Processing 0.125ms
[18.079s][debug][gc,phases      ] GC(36) Scrub String Table 0.384ms
[18.079s][debug][gc,age         ] GC(36) Desired survivor size 198180864 bytes, new threshold 15 (max threshold 15)
[18.079s][info ][gc,heap        ] GC(36) PSYoungGen: 1716392K->11208K(1893376K)
[18.079s][info ][gc,heap        ] GC(36) ParOldGen: 176481K->187864K(206848K)
[18.079s][info ][gc,metaspace   ] GC(36) Metaspace: 60850K->60850K(1103872K)
[18.079s][info ][gc             ] GC(36) Pause Young (Allocation Failure) 1848M->194M(2051M) 15.244ms
[18.079s][info ][gc,cpu         ] GC(36) User=0.04s Sys=0.02s Real=0.02s
[18.079s][debug][gc,phases      ] GC(37) Pre Compact 0.067ms
[18.079s][info ][gc,start       ] GC(37) Pause Full (Ergonomics)
[18.079s][info ][gc,phases,start] GC(37) Marking Phase
[18.222s][debug][gc,phases      ] GC(37) Par Mark 142.725ms
[18.222s][debug][gc,ref         ] GC(37) Skipped phase1 of Reference Processing due to unavailable references
[18.222s][debug][gc,ref         ] GC(37) Skipped phase3 of Reference Processing due to unavailable references
[18.223s][debug][gc,phases      ] GC(37) Reference Processing 0.445ms
[18.223s][debug][gc,phases      ] GC(37) Weak Processing 0.272ms
[18.223s][debug][gc,phases      ] GC(37) ClassLoaderData 0.543ms
[18.223s][debug][gc,phases      ] GC(37) ProtectionDomainCacheTable 0.005ms
[18.224s][debug][gc,phases      ] GC(37) ResolvedMethodTable 0.321ms
[18.237s][debug][gc,phases      ] GC(37) Class Unloading 13.894ms
[18.237s][debug][gc,phases      ] GC(37) Scrub String Table 0.453ms
[18.249s][debug][gc,phases      ] GC(37) Scrub Symbol Table 11.682ms
[18.249s][info ][gc,phases      ] GC(37) Marking Phase 170.104ms
[18.249s][info ][gc,phases,start] GC(37) Summary Phase
[18.249s][info ][gc,phases      ] GC(37) Summary Phase 0.016ms
[18.249s][info ][gc,phases,start] GC(37) Adjust Roots
[18.268s][info ][gc,phases      ] GC(37) Adjust Roots 19.254ms
[18.268s][info ][gc,phases,start] GC(37) Compaction Phase
[18.370s][info ][gc,phases      ] GC(37) Compaction Phase 101.354ms
[18.370s][info ][gc,phases,start] GC(37) Post Compact
[18.371s][info ][gc,phases      ] GC(37) Post Compact 1.386ms
[18.371s][info ][gc,heap        ] GC(37) PSYoungGen: 11208K->0K(1903616K)
[18.371s][info ][gc,heap        ] GC(37) ParOldGen: 187864K->195640K(256512K)
[18.371s][info ][gc,metaspace   ] GC(37) Metaspace: 60850K->60850K(1103872K)
[18.371s][info ][gc             ] GC(37) Pause Full (Ergonomics) 194M->191M(2109M) 292.483ms
[18.371s][info ][gc,cpu         ] GC(37) User=0.97s Sys=0.04s Real=0.29s
[18.371s][info ][safepoint      ] Leaving safepoint region
[18.371s][info ][safepoint      ] Total time for which application threads were stopped: 0.3089995 seconds, Stopping threads took: 0.0002626 seconds
[18.677s][info ][safepoint      ] Application time: 0.3053200 seconds
[18.677s][info ][safepoint      ] Entering safepoint region: ParallelGCFailedAllocation
[18.677s][info ][gc,start       ] GC(38) Pause Young (Allocation Failure)
[18.684s][debug][gc,phases      ] GC(38) Scavenge 6.406ms
[18.684s][debug][gc,ref         ] GC(38) Skipped phase1 of Reference Processing due to unavailable references
[18.684s][debug][gc,ref         ] GC(38) Skipped phase2 of Reference Processing due to unavailable references
[18.684s][debug][gc,ref         ] GC(38) Skipped phase3 of Reference Processing due to unavailable references
[18.684s][debug][gc,ref         ] GC(38) Skipped phase4 of Reference Processing due to unavailable references
[18.684s][debug][gc,phases      ] GC(38) Reference Processing 0.058ms
[18.684s][debug][gc,phases      ] GC(38) Weak Processing 0.109ms
[18.684s][debug][gc,phases      ] GC(38) Scrub String Table 0.389ms
[18.684s][debug][gc,age         ] GC(38) Desired survivor size 193986560 bytes, new threshold 15 (max threshold 15)
[18.684s][info ][gc,heap        ] GC(38) PSYoungGen: 1710080K->2176K(1903616K)
[18.684s][info ][gc,heap        ] GC(38) ParOldGen: 195640K->195640K(256512K)
[18.684s][info ][gc,metaspace   ] GC(38) Metaspace: 60879K->60879K(1103872K)
[18.684s][info ][gc             ] GC(38) Pause Young (Allocation Failure) 1861M->193M(2109M) 7.133ms
[18.684s][info ][gc,cpu         ] GC(38) User=0.03s Sys=0.00s Real=0.00s
[18.684s][info ][safepoint      ] Leaving safepoint region
[18.684s][info ][safepoint      ] Total time for which application threads were stopped: 0.0076839 seconds, Stopping threads took: 0.0002396 seconds
[19.028s][info ][safepoint      ] Application time: 0.3436675 seconds
[19.028s][info ][safepoint      ] Entering safepoint region: ParallelGCFailedAllocation
[19.029s][info ][gc,start       ] GC(39) Pause Young (Allocation Failure)
[19.033s][debug][gc,phases      ] GC(39) Scavenge 4.138ms
[19.033s][debug][gc,ref         ] GC(39) Skipped phase1 of Reference Processing due to unavailable references
[19.033s][debug][gc,ref         ] GC(39) Skipped phase2 of Reference Processing due to unavailable references
[19.033s][debug][gc,ref         ] GC(39) Skipped phase3 of Reference Processing due to unavailable references
[19.033s][debug][gc,ref         ] GC(39) Skipped phase4 of Reference Processing due to unavailable references
[19.033s][debug][gc,phases      ] GC(39) Reference Processing 0.037ms
[19.033s][debug][gc,phases      ] GC(39) Weak Processing 0.102ms
[19.033s][debug][gc,phases      ] GC(39) Scrub String Table 0.359ms
[19.033s][debug][gc,age         ] GC(39) Desired survivor size 188219392 bytes, new threshold 15 (max threshold 15)
[19.033s][info ][gc,heap        ] GC(39) PSYoungGen: 1712256K->2976K(1913344K)
[19.033s][info ][gc,heap        ] GC(39) ParOldGen: 195640K->195640K(256512K)
[19.033s][info ][gc,metaspace   ] GC(39) Metaspace: 60899K->60899K(1103872K)
[19.033s][info ][gc             ] GC(39) Pause Young (Allocation Failure) 1863M->193M(2119M) 4.760ms
[19.033s][info ][gc,cpu         ] GC(39) User=0.03s Sys=0.00s Real=0.00s
[19.033s][info ][safepoint      ] Leaving safepoint region
[19.033s][info ][safepoint      ] Total time for which application threads were stopped: 0.0052699 seconds, Stopping threads took: 0.0002539 seconds
[19.386s][info ][safepoint      ] Application time: 0.3530568 seconds
[19.387s][info ][safepoint      ] Entering safepoint region: ParallelGCFailedAllocation
[19.388s][info ][gc,start       ] GC(40) Pause Young (Allocation Failure)
[19.402s][debug][gc,phases      ] GC(40) Scavenge 14.239ms
[19.402s][debug][gc,ref         ] GC(40) Skipped phase1 of Reference Processing due to unavailable references
[19.402s][debug][gc,ref         ] GC(40) Skipped phase2 of Reference Processing due to unavailable references
[19.402s][debug][gc,ref         ] GC(40) Skipped phase3 of Reference Processing due to unavailable references
[19.402s][debug][gc,ref         ] GC(40) Skipped phase4 of Reference Processing due to unavailable references
[19.402s][debug][gc,phases      ] GC(40) Reference Processing 0.036ms
[19.402s][debug][gc,phases      ] GC(40) Weak Processing 0.104ms
[19.403s][debug][gc,phases      ] GC(40) Scrub String Table 0.593ms
[19.403s][debug][gc,age         ] GC(40) Desired survivor size 180355072 bytes, new threshold 15 (max threshold 15)
[19.403s][info ][gc,heap        ] GC(40) PSYoungGen: 1726880K->11392K(1907712K)
[19.403s][info ][gc,heap        ] GC(40) ParOldGen: 195640K->195640K(256512K)
[19.403s][info ][gc,metaspace   ] GC(40) Metaspace: 60906K->60906K(1103872K)
[19.403s][info ][gc             ] GC(40) Pause Young (Allocation Failure) 1877M->202M(2113M) 15.141ms
[19.403s][info ][gc,cpu         ] GC(40) User=0.05s Sys=0.00s Real=0.02s
[19.403s][info ][safepoint      ] Leaving safepoint region
[19.403s][info ][safepoint      ] Total time for which application threads were stopped: 0.0163445 seconds, Stopping threads took: 0.0009063 seconds
[19.746s][info ][safepoint      ] Application time: 0.3435585 seconds
[19.747s][info ][safepoint      ] Entering safepoint region: ParallelGCFailedAllocation
[19.747s][info ][gc,start       ] GC(41) Pause Young (Allocation Failure)
[19.759s][debug][gc,phases      ] GC(41) Scavenge 11.504ms
[19.759s][debug][gc,ref         ] GC(41) Skipped phase1 of Reference Processing due to unavailable references
[19.759s][debug][gc,ref         ] GC(41) Skipped phase2 of Reference Processing due to unavailable references
[19.759s][debug][gc,ref         ] GC(41) Skipped phase3 of Reference Processing due to unavailable references
[19.759s][debug][gc,ref         ] GC(41) Skipped phase4 of Reference Processing due to unavailable references
[19.759s][debug][gc,phases      ] GC(41) Reference Processing 0.039ms
[19.759s][debug][gc,phases      ] GC(41) Weak Processing 0.113ms
[19.759s][debug][gc,phases      ] GC(41) Scrub String Table 0.375ms
[19.759s][debug][gc,age         ] GC(41) Desired survivor size 172490752 bytes, new threshold 15 (max threshold 15)
[19.759s][info ][gc,heap        ] GC(41) PSYoungGen: 1735296K->11712K(1928704K)
[19.759s][info ][gc,heap        ] GC(41) ParOldGen: 195640K->195640K(256512K)
[19.759s][info ][gc,metaspace   ] GC(41) Metaspace: 60907K->60907K(1103872K)
[19.759s][info ][gc             ] GC(41) Pause Young (Allocation Failure) 1885M->202M(2134M) 12.185ms
[19.759s][info ][gc,cpu         ] GC(41) User=0.04s Sys=0.00s Real=0.02s
[19.759s][info ][safepoint      ] Leaving safepoint region
[19.759s][info ][safepoint      ] Total time for which application threads were stopped: 0.0128239 seconds, Stopping threads took: 0.0003033 seconds
[20.100s][info ][safepoint      ] Application time: 0.3407656 seconds
[20.100s][info ][safepoint      ] Entering safepoint region: ParallelGCFailedAllocation
[20.100s][info ][gc,start       ] GC(42) Pause Young (Allocation Failure)
[20.112s][debug][gc,phases      ] GC(42) Scavenge 11.942ms
[20.112s][debug][gc,ref         ] GC(42) Skipped phase1 of Reference Processing due to unavailable references
[20.113s][debug][gc,ref         ] GC(42) Skipped phase2 of Reference Processing due to unavailable references
[20.113s][debug][gc,ref         ] GC(42) Skipped phase3 of Reference Processing due to unavailable references
[20.113s][debug][gc,ref         ] GC(42) Skipped phase4 of Reference Processing due to unavailable references
[20.113s][debug][gc,phases      ] GC(42) Reference Processing 0.038ms
[20.113s][debug][gc,phases      ] GC(42) Weak Processing 0.200ms
[20.113s][debug][gc,phases      ] GC(42) Scrub String Table 0.671ms
[20.113s][debug][gc,age         ] GC(42) Desired survivor size 164626432 bytes, new threshold 15 (max threshold 15)
[20.113s][info ][gc,heap        ] GC(42) PSYoungGen: 1764288K->12128K(1921024K)
[20.113s][info ][gc,heap        ] GC(42) ParOldGen: 195640K->195640K(256512K)
[20.113s][info ][gc,metaspace   ] GC(42) Metaspace: 60917K->60917K(1103872K)
[20.113s][info ][gc             ] GC(42) Pause Young (Allocation Failure) 1913M->202M(2126M) 13.017ms
[20.114s][info ][gc,cpu         ] GC(42) User=0.04s Sys=0.01s Real=0.01s
[20.114s][info ][safepoint      ] Leaving safepoint region
[20.114s][info ][safepoint      ] Total time for which application threads were stopped: 0.0134833 seconds, Stopping threads took: 0.0001330 seconds
[20.460s][info ][safepoint      ] Application time: 0.3467154 seconds
[20.461s][info ][safepoint      ] Entering safepoint region: ParallelGCFailedAllocation
[20.461s][info ][gc,start       ] GC(43) Pause Young (Allocation Failure)
[20.473s][debug][gc,phases      ] GC(43) Scavenge 11.593ms
[20.473s][debug][gc,ref         ] GC(43) Skipped phase1 of Reference Processing due to unavailable references
[20.473s][debug][gc,ref         ] GC(43) Skipped phase2 of Reference Processing due to unavailable references
[20.473s][debug][gc,ref         ] GC(43) Skipped phase3 of Reference Processing due to unavailable references
[20.473s][debug][gc,ref         ] GC(43) Skipped phase4 of Reference Processing due to unavailable references
[20.473s][debug][gc,phases      ] GC(43) Reference Processing 0.053ms
[20.473s][debug][gc,phases      ] GC(43) Weak Processing 0.204ms
[20.474s][debug][gc,phases      ] GC(43) Scrub String Table 0.675ms
[20.474s][debug][gc,age         ] GC(43) Desired survivor size 156237824 bytes, new threshold 15 (max threshold 15)
[20.474s][info ][gc,heap        ] GC(43) PSYoungGen: 1764704K->12640K(1944576K)
[20.474s][info ][gc,heap        ] GC(43) ParOldGen: 195640K->195640K(256512K)
[20.474s][info ][gc,metaspace   ] GC(43) Metaspace: 60929K->60929K(1103872K)
[20.474s][info ][gc             ] GC(43) Pause Young (Allocation Failure) 1914M->203M(2149M) 12.687ms
[20.474s][info ][gc,cpu         ] GC(43) User=0.05s Sys=0.00s Real=0.01s
[20.474s][info ][safepoint      ] Leaving safepoint region
[20.474s][info ][safepoint      ] Total time for which application threads were stopped: 0.0134968 seconds, Stopping threads took: 0.0005542 seconds
[20.832s][info ][safepoint      ] Application time: 0.3582217 seconds
[20.832s][info ][safepoint      ] Entering safepoint region: ParallelGCFailedAllocation
[20.833s][info ][gc,start       ] GC(44) Pause Young (Allocation Failure)
[20.844s][debug][gc,phases      ] GC(44) Scavenge 10.991ms
[20.844s][debug][gc,ref         ] GC(44) Skipped phase1 of Reference Processing due to unavailable references
[20.844s][debug][gc,ref         ] GC(44) Skipped phase2 of Reference Processing due to unavailable references
[20.844s][debug][gc,ref         ] GC(44) Skipped phase3 of Reference Processing due to unavailable references
[20.844s][debug][gc,ref         ] GC(44) Skipped phase4 of Reference Processing due to unavailable references
[20.844s][debug][gc,phases      ] GC(44) Reference Processing 0.039ms
[20.844s][debug][gc,phases      ] GC(44) Weak Processing 0.125ms
[20.844s][debug][gc,phases      ] GC(44) Scrub String Table 0.388ms
[20.844s][debug][gc,age         ] GC(44) Desired survivor size 147849216 bytes, new threshold 15 (max threshold 15)
[20.844s][info ][gc,heap        ] GC(44) PSYoungGen: 1796448K->13184K(1936384K)
[20.844s][info ][gc,heap        ] GC(44) ParOldGen: 195640K->195640K(256512K)
[20.844s][info ][gc,metaspace   ] GC(44) Metaspace: 60929K->60929K(1103872K)
[20.844s][info ][gc             ] GC(44) Pause Young (Allocation Failure) 1945M->203M(2141M) 11.709ms
[20.844s][info ][gc,cpu         ] GC(44) User=0.05s Sys=0.00s Real=0.01s
[20.844s][info ][safepoint      ] Leaving safepoint region
[20.844s][info ][safepoint      ] Total time for which application threads were stopped: 0.0122653 seconds, Stopping threads took: 0.0002003 seconds
[21.232s][info ][safepoint      ] Application time: 0.3876174 seconds
[21.232s][info ][safepoint      ] Entering safepoint region: ParallelGCFailedAllocation
[21.232s][info ][gc,start       ] GC(45) Pause Young (Allocation Failure)
[21.246s][debug][gc,phases      ] GC(45) Scavenge 13.823ms
[21.246s][debug][gc,ref         ] GC(45) Skipped phase1 of Reference Processing due to unavailable references
[21.246s][debug][gc,ref         ] GC(45) Skipped phase2 of Reference Processing due to unavailable references
[21.246s][debug][gc,ref         ] GC(45) Skipped phase3 of Reference Processing due to unavailable references
[21.246s][debug][gc,ref         ] GC(45) Skipped phase4 of Reference Processing due to unavailable references
[21.246s][debug][gc,phases      ] GC(45) Reference Processing 0.039ms
[21.247s][debug][gc,phases      ] GC(45) Weak Processing 0.114ms
[21.247s][debug][gc,phases      ] GC(45) Scrub String Table 0.411ms
[21.247s][debug][gc,age         ] GC(45) Desired survivor size 139984896 bytes, new threshold 15 (max threshold 15)
[21.247s][info ][gc,heap        ] GC(45) PSYoungGen: 1796992K->13888K(1960448K)
[21.247s][info ][gc,heap        ] GC(45) ParOldGen: 195640K->195640K(256512K)
[21.247s][info ][gc,metaspace   ] GC(45) Metaspace: 60929K->60929K(1103872K)
[21.247s][info ][gc             ] GC(45) Pause Young (Allocation Failure) 1945M->204M(2165M) 14.533ms
[21.247s][info ][gc,cpu         ] GC(45) User=0.05s Sys=0.01s Real=0.01s
[21.247s][info ][safepoint      ] Leaving safepoint region
[21.247s][info ][safepoint      ] Total time for which application threads were stopped: 0.0150391 seconds, Stopping threads took: 0.0002438 seconds
[21.663s][info ][safepoint      ] Application time: 0.4160589 seconds
[21.663s][info ][safepoint      ] Entering safepoint region: ParallelGCFailedAllocation
[21.664s][info ][gc,start       ] GC(46) Pause Young (Allocation Failure)
[21.679s][debug][gc,phases      ] GC(46) Scavenge 15.691ms
[21.679s][debug][gc,ref         ] GC(46) Skipped phase1 of Reference Processing due to unavailable references
[21.679s][debug][gc,ref         ] GC(46) Skipped phase2 of Reference Processing due to unavailable references
[21.679s][debug][gc,ref         ] GC(46) Skipped phase3 of Reference Processing due to unavailable references
[21.679s][debug][gc,ref         ] GC(46) Skipped phase4 of Reference Processing due to unavailable references
[21.679s][debug][gc,phases      ] GC(46) Reference Processing 0.039ms
[21.679s][debug][gc,phases      ] GC(46) Weak Processing 0.130ms
[21.680s][debug][gc,phases      ] GC(46) Scrub String Table 0.412ms
[21.680s][debug][gc,age         ] GC(46) Desired survivor size 132120576 bytes, new threshold 15 (max threshold 15)
[21.680s][info ][gc,heap        ] GC(46) PSYoungGen: 1829952K->14976K(1952768K)
[21.680s][info ][gc,heap        ] GC(46) ParOldGen: 195640K->195640K(256512K)
[21.680s][info ][gc,metaspace   ] GC(46) Metaspace: 60930K->60930K(1103872K)
[21.680s][info ][gc             ] GC(46) Pause Young (Allocation Failure) 1978M->205M(2157M) 16.422ms
[21.680s][info ][gc,cpu         ] GC(46) User=0.02s Sys=0.04s Real=0.02s
[21.680s][info ][safepoint      ] Leaving safepoint region
[21.680s][info ][safepoint      ] Total time for which application threads were stopped: 0.0168626 seconds, Stopping threads took: 0.0001379 seconds
[22.680s][info ][safepoint      ] Application time: 1.0001384 seconds
[22.680s][info ][safepoint      ] Entering safepoint region: Cleanup
[22.680s][info ][safepoint      ] Leaving safepoint region
[22.680s][info ][safepoint      ] Total time for which application threads were stopped: 0.0002462 seconds, Stopping threads took: 0.0000529 seconds
[23.681s][info ][safepoint      ] Application time: 1.0000889 seconds
[23.681s][info ][safepoint      ] Entering safepoint region: Cleanup
[23.681s][info ][safepoint      ] Leaving safepoint region
[23.681s][info ][safepoint      ] Total time for which application threads were stopped: 0.0002435 seconds, Stopping threads took: 0.0000888 seconds
[23.695s][info ][safepoint      ] Application time: 0.0139677 seconds
[23.695s][info ][safepoint      ] Entering safepoint region: ICBufferFull
[23.695s][info ][safepoint      ] Leaving safepoint region
[23.695s][info ][safepoint      ] Total time for which application threads were stopped: 0.0002684 seconds, Stopping threads took: 0.0000118 seconds
[23.942s][info ][safepoint      ] Application time: 0.2472565 seconds
[23.942s][info ][safepoint      ] Entering safepoint region: RevokeBias
[23.943s][info ][safepoint      ] Leaving safepoint region
[23.943s][info ][safepoint      ] Total time for which application threads were stopped: 0.0006914 seconds, Stopping threads took: 0.0000177 seconds
[24.943s][info ][safepoint      ] Application time: 1.0000863 seconds
[24.943s][info ][safepoint      ] Entering safepoint region: Cleanup
[24.943s][info ][safepoint      ] Leaving safepoint region
[24.943s][info ][safepoint      ] Total time for which application threads were stopped: 0.0001321 seconds, Stopping threads took: 0.0000167 seconds
[25.633s][info ][safepoint      ] Application time: 0.6898296 seconds
[25.633s][info ][safepoint      ] Entering safepoint region: RevokeBias
[25.633s][info ][safepoint      ] Leaving safepoint region
[25.633s][info ][safepoint      ] Total time for which application threads were stopped: 0.0001804 seconds, Stopping threads took: 0.0000701 seconds
[25.642s][info ][safepoint      ] Application time: 0.0090571 seconds
[25.642s][info ][safepoint      ] Entering safepoint region: RevokeBias
[25.643s][info ][safepoint      ] Leaving safepoint region
[25.643s][info ][safepoint      ] Total time for which application threads were stopped: 0.0001136 seconds, Stopping threads took: 0.0000160 seconds
[25.643s][info ][safepoint      ] Application time: 0.0004414 seconds
[25.643s][info ][safepoint      ] Entering safepoint region: RevokeBias
[25.643s][info ][safepoint      ] Leaving safepoint region
[25.643s][info ][safepoint      ] Total time for which application threads were stopped: 0.0000548 seconds, Stopping threads took: 0.0000089 seconds
[25.693s][info ][safepoint      ] Application time: 0.0499678 seconds
[25.693s][info ][safepoint      ] Entering safepoint region: RevokeBias
[25.693s][info ][safepoint      ] Leaving safepoint region
[25.693s][info ][safepoint      ] Total time for which application threads were stopped: 0.0001088 seconds, Stopping threads took: 0.0000188 seconds
[25.903s][info ][safepoint      ] Application time: 0.2099597 seconds
[25.903s][info ][safepoint      ] Entering safepoint region: RevokeBias
[25.903s][info ][safepoint      ] Leaving safepoint region
[25.903s][info ][safepoint      ] Total time for which application threads were stopped: 0.0001128 seconds, Stopping threads took: 0.0000168 seconds
[25.929s][info ][safepoint      ] Application time: 0.0256271 seconds
[25.929s][info ][safepoint      ] Entering safepoint region: RevokeBias
[25.929s][info ][safepoint      ] Leaving safepoint region
[25.929s][info ][safepoint      ] Total time for which application threads were stopped: 0.0001052 seconds, Stopping threads took: 0.0000161 seconds
[26.918s][info ][safepoint      ] Application time: 0.9884297 seconds
[26.918s][info ][safepoint      ] Entering safepoint region: RevokeBias
[26.918s][info ][safepoint      ] Leaving safepoint region
[26.918s][info ][safepoint      ] Total time for which application threads were stopped: 0.0001466 seconds, Stopping threads took: 0.0000363 seconds
[26.940s][info ][safepoint      ] Application time: 0.0224145 seconds
[26.940s][info ][safepoint      ] Entering safepoint region: RevokeBias
[26.940s][info ][safepoint      ] Leaving safepoint region
[26.940s][info ][safepoint      ] Total time for which application threads were stopped: 0.0001583 seconds, Stopping threads took: 0.0000153 seconds
[26.942s][info ][safepoint      ] Application time: 0.0012685 seconds
[26.942s][info ][safepoint      ] Entering safepoint region: RevokeBias
[26.942s][info ][safepoint      ] Leaving safepoint region
[26.942s][info ][safepoint      ] Total time for which application threads were stopped: 0.0000876 seconds, Stopping threads took: 0.0000111 seconds
[26.961s][info ][safepoint      ] Application time: 0.0194029 seconds
[26.961s][info ][safepoint      ] Entering safepoint region: RevokeBias
[26.961s][info ][safepoint      ] Leaving safepoint region
[26.961s][info ][safepoint      ] Total time for which application threads were stopped: 0.0001250 seconds, Stopping threads took: 0.0000152 seconds
[26.961s][info ][safepoint      ] Application time: 0.0000444 seconds
[26.961s][info ][safepoint      ] Entering safepoint region: RevokeBias
[26.961s][info ][safepoint      ] Leaving safepoint region
[26.961s][info ][safepoint      ] Total time for which application threads were stopped: 0.0000349 seconds, Stopping threads took: 0.0000068 seconds
[26.961s][info ][safepoint      ] Application time: 0.0000358 seconds
[26.961s][info ][safepoint      ] Entering safepoint region: RevokeBias
[26.962s][info ][safepoint      ] Leaving safepoint region
[26.962s][info ][safepoint      ] Total time for which application threads were stopped: 0.0000331 seconds, Stopping threads took: 0.0000060 seconds
[26.968s][info ][safepoint      ] Application time: 0.0067202 seconds
[26.968s][info ][safepoint      ] Entering safepoint region: RevokeBias
[26.968s][info ][safepoint      ] Leaving safepoint region
[26.968s][info ][safepoint      ] Total time for which application threads were stopped: 0.0001120 seconds, Stopping threads took: 0.0000484 seconds
[26.968s][info ][safepoint      ] Application time: 0.0000524 seconds
[26.968s][info ][safepoint      ] Entering safepoint region: RevokeBias
[26.969s][info ][safepoint      ] Leaving safepoint region
[26.969s][info ][safepoint      ] Total time for which application threads were stopped: 0.0000690 seconds, Stopping threads took: 0.0000320 seconds
[26.976s][info ][safepoint      ] Application time: 0.0078089 seconds
[26.976s][info ][safepoint      ] Entering safepoint region: RevokeBias
[26.976s][info ][safepoint      ] Leaving safepoint region
[26.976s][info ][safepoint      ] Total time for which application threads were stopped: 0.0001090 seconds, Stopping threads took: 0.0000351 seconds
[27.008s][info ][safepoint      ] Application time: 0.0317165 seconds
[27.008s][info ][safepoint      ] Entering safepoint region: RevokeBias
[27.008s][info ][safepoint      ] Leaving safepoint region
[27.008s][info ][safepoint      ] Total time for which application threads were stopped: 0.0001056 seconds, Stopping threads took: 0.0000167 seconds
[27.115s][info ][safepoint      ] Application time: 0.1064108 seconds
[27.115s][info ][safepoint      ] Entering safepoint region: Deoptimize
[27.116s][info ][safepoint      ] Leaving safepoint region
[27.116s][info ][safepoint      ] Total time for which application threads were stopped: 0.0016577 seconds, Stopping threads took: 0.0000183 seconds
[27.139s][info ][safepoint      ] Application time: 0.0228685 seconds
[27.139s][info ][safepoint      ] Entering safepoint region: RevokeBias
[27.140s][info ][safepoint      ] Leaving safepoint region
[27.140s][info ][safepoint      ] Total time for which application threads were stopped: 0.0002133 seconds, Stopping threads took: 0.0000963 seconds
[27.141s][info ][safepoint      ] Application time: 0.0010179 seconds
[27.141s][info ][safepoint      ] Entering safepoint region: RevokeBias
[27.141s][info ][safepoint      ] Leaving safepoint region
[27.141s][info ][safepoint      ] Total time for which application threads were stopped: 0.0000478 seconds, Stopping threads took: 0.0000099 seconds
[27.141s][info ][safepoint      ] Application time: 0.0000528 seconds
[27.141s][info ][safepoint      ] Entering safepoint region: RevokeBias
[27.141s][info ][safepoint      ] Leaving safepoint region
[27.141s][info ][safepoint      ] Total time for which application threads were stopped: 0.0000652 seconds, Stopping threads took: 0.0000330 seconds
[27.141s][info ][safepoint      ] Application time: 0.0000684 seconds
[27.141s][info ][safepoint      ] Entering safepoint region: RevokeBias
[27.141s][info ][safepoint      ] Leaving safepoint region
[27.141s][info ][safepoint      ] Total time for which application threads were stopped: 0.0000351 seconds, Stopping threads took: 0.0000070 seconds
[27.141s][info ][safepoint      ] Application time: 0.0000660 seconds
[27.141s][info ][safepoint      ] Entering safepoint region: RevokeBias
[27.141s][info ][safepoint      ] Leaving safepoint region
[27.141s][info ][safepoint      ] Total time for which application threads were stopped: 0.0000594 seconds, Stopping threads took: 0.0000267 seconds
[27.241s][info ][safepoint      ] Application time: 0.0994885 seconds
[27.241s][info ][safepoint      ] Entering safepoint region: RevokeBias
[27.241s][info ][safepoint      ] Leaving safepoint region
[27.241s][info ][safepoint      ] Total time for which application threads were stopped: 0.0002085 seconds, Stopping threads took: 0.0000187 seconds
[27.891s][info ][safepoint      ] Application time: 0.6504442 seconds
[27.891s][info ][safepoint      ] Entering safepoint region: Deoptimize
[27.893s][info ][safepoint      ] Leaving safepoint region
[27.893s][info ][safepoint      ] Total time for which application threads were stopped: 0.0017278 seconds, Stopping threads took: 0.0000183 seconds
[27.894s][info ][safepoint      ] Application time: 0.0013571 seconds
[27.894s][info ][safepoint      ] Entering safepoint region: RevokeBias
[27.894s][info ][safepoint      ] Leaving safepoint region
[27.894s][info ][safepoint      ] Total time for which application threads were stopped: 0.0000568 seconds, Stopping threads took: 0.0000111 seconds
[27.895s][info ][safepoint      ] Application time: 0.0005024 seconds
[27.895s][info ][safepoint      ] Entering safepoint region: Deoptimize
[27.896s][info ][safepoint      ] Leaving safepoint region
[27.896s][info ][safepoint      ] Total time for which application threads were stopped: 0.0005818 seconds, Stopping threads took: 0.0000108 seconds
[27.901s][info ][safepoint      ] Application time: 0.0053190 seconds
[27.901s][info ][safepoint      ] Entering safepoint region: RevokeBias
[27.901s][info ][safepoint      ] Leaving safepoint region
[27.901s][info ][safepoint      ] Total time for which application threads were stopped: 0.0000703 seconds, Stopping threads took: 0.0000112 seconds
[27.929s][info ][safepoint      ] Application time: 0.0278401 seconds
[27.929s][info ][safepoint      ] Entering safepoint region: RevokeBias
[27.929s][info ][safepoint      ] Leaving safepoint region
[27.929s][info ][safepoint      ] Total time for which application threads were stopped: 0.0000959 seconds, Stopping threads took: 0.0000188 seconds
[28.107s][info ][safepoint      ] Application time: 0.1783685 seconds
[28.107s][info ][safepoint      ] Entering safepoint region: ICBufferFull
[28.108s][info ][safepoint      ] Leaving safepoint region
[28.108s][info ][safepoint      ] Total time for which application threads were stopped: 0.0003830 seconds, Stopping threads took: 0.0000653 seconds
[28.114s][info ][safepoint      ] Application time: 0.0063584 seconds
[28.114s][info ][safepoint      ] Entering safepoint region: BulkRevokeBias
[28.114s][info ][safepoint      ] Leaving safepoint region
[28.114s][info ][safepoint      ] Total time for which application threads were stopped: 0.0004008 seconds, Stopping threads took: 0.0000324 seconds
[28.236s][info ][safepoint      ] Application time: 0.1212436 seconds
[28.236s][info ][safepoint      ] Entering safepoint region: RevokeBias
[28.236s][info ][safepoint      ] Leaving safepoint region
[28.236s][info ][safepoint      ] Total time for which application threads were stopped: 0.0005391 seconds, Stopping threads took: 0.0000816 seconds
[28.311s][info ][safepoint      ] Application time: 0.0751464 seconds
[28.312s][info ][safepoint      ] Entering safepoint region: ICBufferFull
[28.312s][info ][safepoint      ] Leaving safepoint region
[28.312s][info ][safepoint      ] Total time for which application threads were stopped: 0.0002527 seconds, Stopping threads took: 0.0000534 seconds
[28.573s][info ][safepoint      ] Application time: 0.2614995 seconds
[28.573s][info ][safepoint      ] Entering safepoint region: ICBufferFull
[28.574s][info ][safepoint      ] Leaving safepoint region
[28.574s][info ][safepoint      ] Total time for which application threads were stopped: 0.0002438 seconds, Stopping threads took: 0.0000169 seconds
[28.796s][info ][safepoint      ] Application time: 0.2222782 seconds
[28.796s][info ][safepoint      ] Entering safepoint region: RevokeBias
[28.796s][info ][safepoint      ] Leaving safepoint region
[28.796s][info ][safepoint      ] Total time for which application threads were stopped: 0.0003639 seconds, Stopping threads took: 0.0001322 seconds
[28.796s][info ][safepoint      ] Application time: 0.0000706 seconds
[28.796s][info ][safepoint      ] Entering safepoint region: RevokeBias
[28.796s][info ][safepoint      ] Leaving safepoint region
[28.796s][info ][safepoint      ] Total time for which application threads were stopped: 0.0000649 seconds, Stopping threads took: 0.0000199 seconds
[28.797s][info ][safepoint      ] Application time: 0.0005750 seconds
[28.797s][info ][safepoint      ] Entering safepoint region: RevokeBias
[28.797s][info ][safepoint      ] Leaving safepoint region
[28.797s][info ][safepoint      ] Total time for which application threads were stopped: 0.0001025 seconds, Stopping threads took: 0.0000109 seconds
[28.864s][info ][safepoint      ] Application time: 0.0670660 seconds
[28.864s][info ][safepoint      ] Entering safepoint region: RevokeBias
[28.864s][info ][safepoint      ] Leaving safepoint region
[28.864s][info ][safepoint      ] Total time for which application threads were stopped: 0.0001529 seconds, Stopping threads took: 0.0000329 seconds
[28.902s][info ][safepoint      ] Application time: 0.0374251 seconds
[28.902s][info ][safepoint      ] Entering safepoint region: RevokeBias
[28.902s][info ][safepoint      ] Leaving safepoint region
[28.902s][info ][safepoint      ] Total time for which application threads were stopped: 0.0002287 seconds, Stopping threads took: 0.0000633 seconds
[28.902s][info ][safepoint      ] Application time: 0.0000607 seconds
[28.902s][info ][safepoint      ] Entering safepoint region: RevokeBias
[28.902s][info ][safepoint      ] Leaving safepoint region
[28.902s][info ][safepoint      ] Total time for which application threads were stopped: 0.0001188 seconds, Stopping threads took: 0.0000608 seconds
[29.298s][info ][safepoint      ] Application time: 0.3957570 seconds
[29.298s][info ][safepoint      ] Entering safepoint region: ICBufferFull
[29.298s][info ][safepoint      ] Leaving safepoint region
[29.298s][info ][safepoint      ] Total time for which application threads were stopped: 0.0002757 seconds, Stopping threads took: 0.0000362 seconds
[29.895s][info ][safepoint      ] Application time: 0.5969869 seconds
[29.895s][info ][safepoint      ] Entering safepoint region: ICBufferFull
[29.896s][info ][safepoint      ] Leaving safepoint region
[29.896s][info ][safepoint      ] Total time for which application threads were stopped: 0.0002405 seconds, Stopping threads took: 0.0000186 seconds
[30.896s][info ][safepoint      ] Application time: 1.0001122 seconds
[30.896s][info ][safepoint      ] Entering safepoint region: Cleanup
[30.896s][info ][safepoint      ] Leaving safepoint region
[30.896s][info ][safepoint      ] Total time for which application threads were stopped: 0.0002351 seconds, Stopping threads took: 0.0000343 seconds
[31.385s][info ][safepoint      ] Application time: 0.4887146 seconds
[31.385s][info ][safepoint      ] Entering safepoint region: ICBufferFull
[31.385s][info ][safepoint      ] Leaving safepoint region
[31.385s][info ][safepoint      ] Total time for which application threads were stopped: 0.0003228 seconds, Stopping threads took: 0.0000479 seconds
[31.635s][info ][safepoint      ] Application time: 0.2495357 seconds
[31.635s][info ][safepoint      ] Entering safepoint region: ICBufferFull
[31.635s][info ][safepoint      ] Leaving safepoint region
[31.635s][info ][safepoint      ] Total time for which application threads were stopped: 0.0003645 seconds, Stopping threads took: 0.0000477 seconds
[31.639s][info ][safepoint      ] Application time: 0.0038463 seconds
[31.639s][info ][safepoint      ] Entering safepoint region: ICBufferFull
[31.639s][info ][safepoint      ] Leaving safepoint region
[31.639s][info ][safepoint      ] Total time for which application threads were stopped: 0.0002426 seconds, Stopping threads took: 0.0000121 seconds
[32.468s][info ][safepoint      ] Application time: 0.8288245 seconds
[32.468s][info ][safepoint      ] Entering safepoint region: ICBufferFull
[32.468s][info ][safepoint      ] Leaving safepoint region
[32.468s][info ][safepoint      ] Total time for which application threads were stopped: 0.0003360 seconds, Stopping threads took: 0.0000823 seconds
[32.895s][info ][safepoint      ] Application time: 0.4267310 seconds
[32.895s][info ][safepoint      ] Entering safepoint region: RevokeBias
[32.895s][info ][safepoint      ] Leaving safepoint region
[32.895s][info ][safepoint      ] Total time for which application threads were stopped: 0.0004305 seconds, Stopping threads took: 0.0001878 seconds
[32.896s][info ][safepoint      ] Application time: 0.0001889 seconds
[32.896s][info ][safepoint      ] Entering safepoint region: RevokeBias
[32.896s][info ][safepoint      ] Leaving safepoint region
[32.896s][info ][safepoint      ] Total time for which application threads were stopped: 0.0001379 seconds, Stopping threads took: 0.0001049 seconds
[33.721s][info ][safepoint      ] Application time: 0.8250748 seconds
[33.721s][info ][safepoint      ] Entering safepoint region: ParallelGCFailedAllocation
[33.721s][info ][gc,start       ] GC(47) Pause Young (Allocation Failure)
[33.750s][debug][gc,phases      ] GC(47) Scavenge 28.985ms
[33.750s][debug][gc,ref         ] GC(47) Skipped phase1 of Reference Processing due to unavailable references
[33.750s][debug][gc,ref         ] GC(47) Skipped phase3 of Reference Processing due to unavailable references
[33.751s][debug][gc,phases      ] GC(47) Reference Processing 0.110ms
[33.751s][debug][gc,phases      ] GC(47) Weak Processing 0.161ms
[33.751s][debug][gc,phases      ] GC(47) Scrub String Table 0.621ms
[33.751s][debug][gc,age         ] GC(47) Desired survivor size 127401984 bytes, new threshold 15 (max threshold 15)
[33.751s][info ][gc,heap        ] GC(47) PSYoungGen: 1831040K->43895K(1972736K)
[33.751s][info ][gc,heap        ] GC(47) ParOldGen: 195640K->195656K(256512K)
[33.751s][info ][gc,metaspace   ] GC(47) Metaspace: 69933K->69933K(1112064K)
[33.751s][info ][gc             ] GC(47) Pause Young (Allocation Failure) 1979M->233M(2177M) 30.052ms
[33.751s][info ][gc,cpu         ] GC(47) User=0.12s Sys=0.01s Real=0.03s
[33.751s][info ][safepoint      ] Leaving safepoint region
[33.751s][info ][safepoint      ] Total time for which application threads were stopped: 0.0305178 seconds, Stopping threads took: 0.0000700 seconds
[33.752s][info ][safepoint      ] Application time: 0.0005151 seconds
[33.752s][info ][safepoint      ] Entering safepoint region: RevokeBias
[33.752s][info ][safepoint      ] Leaving safepoint region
[33.752s][info ][safepoint      ] Total time for which application threads were stopped: 0.0001739 seconds, Stopping threads took: 0.0000570 seconds
[34.752s][info ][safepoint      ] Application time: 1.0000911 seconds
[34.752s][info ][safepoint      ] Entering safepoint region: Cleanup
[34.752s][info ][safepoint      ] Leaving safepoint region
[34.752s][info ][safepoint      ] Total time for which application threads were stopped: 0.0001540 seconds, Stopping threads took: 0.0000181 seconds
[35.753s][info ][safepoint      ] Application time: 1.0001156 seconds
[35.753s][info ][safepoint      ] Entering safepoint region: Cleanup
[35.753s][info ][safepoint      ] Leaving safepoint region
[35.753s][info ][safepoint      ] Total time for which application threads were stopped: 0.0002779 seconds, Stopping threads took: 0.0000650 seconds
[36.753s][info ][safepoint      ] Application time: 1.0001215 seconds
[36.753s][info ][safepoint      ] Entering safepoint region: Cleanup
[36.753s][info ][safepoint      ] Leaving safepoint region
[36.753s][info ][safepoint      ] Total time for which application threads were stopped: 0.0001341 seconds, Stopping threads took: 0.0000182 seconds
[37.753s][info ][safepoint      ] Application time: 1.0001085 seconds
[37.753s][info ][safepoint      ] Entering safepoint region: Cleanup
[37.754s][info ][safepoint      ] Leaving safepoint region
[37.754s][info ][safepoint      ] Total time for which application threads were stopped: 0.0001784 seconds, Stopping threads took: 0.0000182 seconds
[37.896s][info ][safepoint      ] Application time: 0.1426982 seconds
[37.896s][info ][safepoint      ] Entering safepoint region: RevokeBias
[37.896s][info ][safepoint      ] Leaving safepoint region
[37.896s][info ][safepoint      ] Total time for which application threads were stopped: 0.0001637 seconds, Stopping threads took: 0.0000269 seconds
[37.898s][info ][safepoint      ] Application time: 0.0018150 seconds
[37.898s][info ][safepoint      ] Entering safepoint region: RevokeBias
[37.898s][info ][safepoint      ] Leaving safepoint region
[37.898s][info ][safepoint      ] Total time for which application threads were stopped: 0.0000861 seconds, Stopping threads took: 0.0000171 seconds
[37.898s][info ][safepoint      ] Application time: 0.0000760 seconds
[37.898s][info ][safepoint      ] Entering safepoint region: RevokeBias
[37.899s][info ][safepoint      ] Leaving safepoint region
[37.899s][info ][safepoint      ] Total time for which application threads were stopped: 0.0000348 seconds, Stopping threads took: 0.0000076 seconds
[37.899s][info ][safepoint      ] Application time: 0.0001020 seconds
[37.899s][info ][safepoint      ] Entering safepoint region: RevokeBias
[37.899s][info ][safepoint      ] Leaving safepoint region
[37.899s][info ][safepoint      ] Total time for which application threads were stopped: 0.0000317 seconds, Stopping threads took: 0.0000074 seconds
[37.899s][info ][safepoint      ] Application time: 0.0001502 seconds
[37.899s][info ][safepoint      ] Entering safepoint region: RevokeBias
[37.899s][info ][safepoint      ] Leaving safepoint region
[37.899s][info ][safepoint      ] Total time for which application threads were stopped: 0.0000301 seconds, Stopping threads took: 0.0000072 seconds
[38.899s][info ][safepoint      ] Application time: 1.0000765 seconds
[38.899s][info ][safepoint      ] Entering safepoint region: Cleanup
[38.899s][info ][safepoint      ] Leaving safepoint region
[38.899s][info ][safepoint      ] Total time for which application threads were stopped: 0.0001579 seconds, Stopping threads took: 0.0000186 seconds
[39.899s][info ][safepoint      ] Application time: 1.0001207 seconds
[39.899s][info ][safepoint      ] Entering safepoint region: Cleanup
[39.900s][info ][safepoint      ] Leaving safepoint region
[39.900s][info ][safepoint      ] Total time for which application threads were stopped: 0.0002246 seconds, Stopping threads took: 0.0000191 seconds
[40.900s][info ][safepoint      ] Application time: 1.0000864 seconds
[40.900s][info ][safepoint      ] Entering safepoint region: Cleanup
[40.900s][info ][safepoint      ] Leaving safepoint region
[40.900s][info ][safepoint      ] Total time for which application threads were stopped: 0.0001244 seconds, Stopping threads took: 0.0000186 seconds
[41.900s][info ][safepoint      ] Application time: 1.0000877 seconds
[41.900s][info ][safepoint      ] Entering safepoint region: Cleanup
[41.900s][info ][safepoint      ] Leaving safepoint region
[41.900s][info ][safepoint      ] Total time for which application threads were stopped: 0.0001992 seconds, Stopping threads took: 0.0000172 seconds
[42.900s][info ][safepoint      ] Application time: 1.0001145 seconds
[42.900s][info ][safepoint      ] Entering safepoint region: Cleanup
[42.900s][info ][safepoint      ] Leaving safepoint region
[42.900s][info ][safepoint      ] Total time for which application threads were stopped: 0.0001512 seconds, Stopping threads took: 0.0000185 seconds
[43.823s][info ][safepoint      ] Application time: 0.9223399 seconds
[43.823s][info ][safepoint      ] Entering safepoint region: ICBufferFull
[43.823s][info ][safepoint      ] Leaving safepoint region
[43.823s][info ][safepoint      ] Total time for which application threads were stopped: 0.0003946 seconds, Stopping threads took: 0.0000564 seconds
[44.823s][info ][safepoint      ] Application time: 1.0001297 seconds
[44.823s][info ][safepoint      ] Entering safepoint region: Cleanup
[44.824s][info ][safepoint      ] Leaving safepoint region
[44.824s][info ][safepoint      ] Total time for which application threads were stopped: 0.0002640 seconds, Stopping threads took: 0.0000515 seconds
[45.824s][info ][safepoint      ] Application time: 1.0000964 seconds
[45.824s][info ][safepoint      ] Entering safepoint region: Cleanup
[45.824s][info ][safepoint      ] Leaving safepoint region
[45.824s][info ][safepoint      ] Total time for which application threads were stopped: 0.0001708 seconds, Stopping threads took: 0.0000446 seconds
[46.824s][info ][safepoint      ] Application time: 1.0000929 seconds
[46.824s][info ][safepoint      ] Entering safepoint region: Cleanup
[46.824s][info ][safepoint      ] Leaving safepoint region
[46.824s][info ][safepoint      ] Total time for which application threads were stopped: 0.0001806 seconds, Stopping threads took: 0.0000797 seconds
[47.824s][info ][safepoint      ] Application time: 1.0000980 seconds
[47.825s][info ][safepoint      ] Entering safepoint region: Cleanup
[47.825s][info ][safepoint      ] Leaving safepoint region
[47.825s][info ][safepoint      ] Total time for which application threads were stopped: 0.0001940 seconds, Stopping threads took: 0.0000752 seconds
[48.825s][info ][safepoint      ] Application time: 1.0001523 seconds
[48.825s][info ][safepoint      ] Entering safepoint region: Cleanup
[48.825s][info ][safepoint      ] Leaving safepoint region
[48.825s][info ][safepoint      ] Total time for which application threads were stopped: 0.0001615 seconds, Stopping threads took: 0.0000470 seconds
[49.825s][info ][safepoint      ] Application time: 1.0001348 seconds
[49.825s][info ][safepoint      ] Entering safepoint region: Cleanup
[49.825s][info ][safepoint      ] Leaving safepoint region
[49.825s][info ][safepoint      ] Total time for which application threads were stopped: 0.0001441 seconds, Stopping threads took: 0.0000460 seconds
[50.825s][info ][safepoint      ] Application time: 1.0000837 seconds
[50.826s][info ][safepoint      ] Entering safepoint region: Cleanup
[50.826s][info ][safepoint      ] Leaving safepoint region
[50.826s][info ][safepoint      ] Total time for which application threads were stopped: 0.0001529 seconds, Stopping threads took: 0.0000434 seconds
[51.526s][info ][safepoint      ] Application time: 0.7001514 seconds
[51.526s][info ][safepoint      ] Entering safepoint region: ParallelGCFailedAllocation
[51.526s][info ][gc,start       ] GC(48) Pause Young (Allocation Failure)
[51.553s][debug][gc,phases      ] GC(48) Scavenge 27.155ms
[51.553s][debug][gc,ref         ] GC(48) Skipped phase1 of Reference Processing due to unavailable references
[51.553s][debug][gc,phases      ] GC(48) Reference Processing 0.120ms
[51.553s][debug][gc,phases      ] GC(48) Weak Processing 0.123ms
[51.554s][debug][gc,phases      ] GC(48) Scrub String Table 0.640ms
[51.554s][debug][gc,age         ] GC(48) Desired survivor size 123207680 bytes, new threshold 15 (max threshold 15)
[51.554s][info ][gc,heap        ] GC(48) PSYoungGen: 1887607K->44722K(1968128K)
[51.554s][info ][gc,heap        ] GC(48) ParOldGen: 195656K->195664K(256512K)
[51.554s][info ][gc,metaspace   ] GC(48) Metaspace: 70323K->70323K(1114112K)
[51.554s][info ][gc             ] GC(48) Pause Young (Allocation Failure) 2034M->234M(2172M) 28.221ms
[51.554s][info ][gc,cpu         ] GC(48) User=0.09s Sys=0.02s Real=0.03s
[51.554s][info ][safepoint      ] Leaving safepoint region
[51.554s][info ][safepoint      ] Total time for which application threads were stopped: 0.0284447 seconds, Stopping threads took: 0.0000177 seconds
[52.554s][info ][safepoint      ] Application time: 1.0000812 seconds
[52.554s][info ][safepoint      ] Entering safepoint region: Cleanup
[52.555s][info ][safepoint      ] Leaving safepoint region
[52.555s][info ][safepoint      ] Total time for which application threads were stopped: 0.0001260 seconds, Stopping threads took: 0.0000198 seconds
[53.555s][info ][safepoint      ] Application time: 1.0000777 seconds
[53.555s][info ][safepoint      ] Entering safepoint region: Cleanup
[53.555s][info ][safepoint      ] Leaving safepoint region
[53.555s][info ][safepoint      ] Total time for which application threads were stopped: 0.0002035 seconds, Stopping threads took: 0.0000178 seconds
[54.555s][info ][safepoint      ] Application time: 1.0000606 seconds
[54.555s][info ][safepoint      ] Entering safepoint region: Cleanup
[54.555s][info ][safepoint      ] Leaving safepoint region
[54.555s][info ][safepoint      ] Total time for which application threads were stopped: 0.0001491 seconds, Stopping threads took: 0.0000215 seconds
[55.555s][info ][safepoint      ] Application time: 1.0000941 seconds
[55.555s][info ][safepoint      ] Entering safepoint region: Cleanup
[55.555s][info ][safepoint      ] Leaving safepoint region
[55.555s][info ][safepoint      ] Total time for which application threads were stopped: 0.0001176 seconds, Stopping threads took: 0.0000190 seconds
[56.556s][info ][safepoint      ] Application time: 1.0000894 seconds
[56.556s][info ][safepoint      ] Entering safepoint region: Cleanup
[56.556s][info ][safepoint      ] Leaving safepoint region
[56.556s][info ][safepoint      ] Total time for which application threads were stopped: 0.0002090 seconds, Stopping threads took: 0.0000189 seconds
[57.556s][info ][safepoint      ] Application time: 1.0000848 seconds
[57.556s][info ][safepoint      ] Entering safepoint region: Cleanup
[57.556s][info ][safepoint      ] Leaving safepoint region
[57.556s][info ][safepoint      ] Total time for which application threads were stopped: 0.0001536 seconds, Stopping threads took: 0.0000197 seconds
[58.556s][info ][safepoint      ] Application time: 1.0000869 seconds
[58.556s][info ][safepoint      ] Entering safepoint region: Cleanup
[58.556s][info ][safepoint      ] Leaving safepoint region
[58.556s][info ][safepoint      ] Total time for which application threads were stopped: 0.0001232 seconds, Stopping threads took: 0.0000183 seconds
[59.556s][info ][safepoint      ] Application time: 1.0000800 seconds
[59.556s][info ][safepoint      ] Entering safepoint region: Cleanup
[59.556s][info ][safepoint      ] Leaving safepoint region
[59.557s][info ][safepoint      ] Total time for which application threads were stopped: 0.0000939 seconds, Stopping threads took: 0.0000177 seconds
[60.557s][info ][safepoint      ] Application time: 1.0000646 seconds
[60.557s][info ][safepoint      ] Entering safepoint region: Cleanup
[60.557s][info ][safepoint      ] Leaving safepoint region
[60.557s][info ][safepoint      ] Total time for which application threads were stopped: 0.0001225 seconds, Stopping threads took: 0.0000174 seconds
[61.557s][info ][safepoint      ] Application time: 1.0001181 seconds
[61.557s][info ][safepoint      ] Entering safepoint region: Cleanup
[61.557s][info ][safepoint      ] Leaving safepoint region
[61.557s][info ][safepoint      ] Total time for which application threads were stopped: 0.0001415 seconds, Stopping threads took: 0.0000358 seconds
[62.557s][info ][safepoint      ] Application time: 1.0001120 seconds
[62.557s][info ][safepoint      ] Entering safepoint region: Cleanup
[62.557s][info ][safepoint      ] Leaving safepoint region
[62.557s][info ][safepoint      ] Total time for which application threads were stopped: 0.0001124 seconds, Stopping threads took: 0.0000208 seconds
[63.557s][info ][safepoint      ] Application time: 1.0000740 seconds
[63.557s][info ][safepoint      ] Entering safepoint region: Cleanup
[63.558s][info ][safepoint      ] Leaving safepoint region
[63.558s][info ][safepoint      ] Total time for which application threads were stopped: 0.0001177 seconds, Stopping threads took: 0.0000356 seconds
[64.558s][info ][safepoint      ] Application time: 1.0000904 seconds
[64.558s][info ][safepoint      ] Entering safepoint region: Cleanup
[64.558s][info ][safepoint      ] Leaving safepoint region
[64.558s][info ][safepoint      ] Total time for which application threads were stopped: 0.0001118 seconds, Stopping threads took: 0.0000326 seconds
[65.558s][info ][safepoint      ] Application time: 1.0001136 seconds
[65.558s][info ][safepoint      ] Entering safepoint region: Cleanup
[65.558s][info ][safepoint      ] Leaving safepoint region
[65.558s][info ][safepoint      ] Total time for which application threads were stopped: 0.0000979 seconds, Stopping threads took: 0.0000189 seconds
[66.559s][info ][safepoint      ] Application time: 1.0005466 seconds
[66.559s][info ][safepoint      ] Entering safepoint region: Cleanup
[66.559s][info ][safepoint      ] Leaving safepoint region
[66.559s][info ][safepoint      ] Total time for which application threads were stopped: 0.0003040 seconds, Stopping threads took: 0.0001105 seconds
[67.559s][info ][safepoint      ] Application time: 1.0000812 seconds
[67.559s][info ][safepoint      ] Entering safepoint region: Cleanup
[67.559s][info ][safepoint      ] Leaving safepoint region
[67.559s][info ][safepoint      ] Total time for which application threads were stopped: 0.0001380 seconds, Stopping threads took: 0.0000186 seconds
[68.363s][info ][safepoint      ] Application time: 0.8037376 seconds
[68.363s][info ][safepoint      ] Entering safepoint region: ParallelGCFailedAllocation
[68.363s][info ][gc,start       ] GC(49) Pause Young (Allocation Failure)
[68.388s][debug][gc,phases      ] GC(49) Scavenge 25.009ms
[68.388s][debug][gc,ref         ] GC(49) Skipped phase1 of Reference Processing due to unavailable references
[68.388s][debug][gc,ref         ] GC(49) Skipped phase3 of Reference Processing due to unavailable references
[68.388s][debug][gc,phases      ] GC(49) Reference Processing 0.082ms
[68.389s][debug][gc,phases      ] GC(49) Weak Processing 0.137ms
[68.389s][debug][gc,phases      ] GC(49) Scrub String Table 0.851ms
[68.389s][debug][gc,age         ] GC(49) Desired survivor size 120586240 bytes, new threshold 15 (max threshold 15)
[68.389s][info ][gc,heap        ] GC(49) PSYoungGen: 1888434K->49985K(1979392K)
[68.389s][info ][gc,heap        ] GC(49) ParOldGen: 195664K->195672K(256512K)
[68.389s][info ][gc,metaspace   ] GC(49) Metaspace: 70499K->70499K(1114112K)
[68.390s][info ][gc             ] GC(49) Pause Young (Allocation Failure) 2035M->239M(2183M) 26.290ms
[68.390s][info ][gc,cpu         ] GC(49) User=0.10s Sys=0.00s Real=0.03s
[68.390s][info ][safepoint      ] Leaving safepoint region
[68.390s][info ][safepoint      ] Total time for which application threads were stopped: 0.0265591 seconds, Stopping threads took: 0.0000159 seconds
[69.390s][info ][safepoint      ] Application time: 1.0001256 seconds
[69.390s][info ][safepoint      ] Entering safepoint region: Cleanup
[69.390s][info ][safepoint      ] Leaving safepoint region
[69.390s][info ][safepoint      ] Total time for which application threads were stopped: 0.0001240 seconds, Stopping threads took: 0.0000185 seconds
[70.390s][info ][safepoint      ] Application time: 1.0001196 seconds
[70.390s][info ][safepoint      ] Entering safepoint region: Cleanup
[70.390s][info ][safepoint      ] Leaving safepoint region
[70.390s][info ][safepoint      ] Total time for which application threads were stopped: 0.0001039 seconds, Stopping threads took: 0.0000190 seconds
[71.390s][info ][safepoint      ] Application time: 1.0000769 seconds
[71.390s][info ][safepoint      ] Entering safepoint region: Cleanup
[71.390s][info ][safepoint      ] Leaving safepoint region
[71.390s][info ][safepoint      ] Total time for which application threads were stopped: 0.0001126 seconds, Stopping threads took: 0.0000343 seconds
[72.390s][info ][safepoint      ] Application time: 1.0000703 seconds
[72.390s][info ][safepoint      ] Entering safepoint region: Cleanup
[72.391s][info ][safepoint      ] Leaving safepoint region
[72.391s][info ][safepoint      ] Total time for which application threads were stopped: 0.0001043 seconds, Stopping threads took: 0.0000189 seconds
[73.391s][info ][safepoint      ] Application time: 1.0000772 seconds
[73.391s][info ][safepoint      ] Entering safepoint region: Cleanup
[73.391s][info ][safepoint      ] Leaving safepoint region
[73.391s][info ][safepoint      ] Total time for which application threads were stopped: 0.0001035 seconds, Stopping threads took: 0.0000196 seconds
[74.290s][info ][safepoint      ] Application time: 0.8986999 seconds
[74.290s][info ][safepoint      ] Entering safepoint region: ICBufferFull
[74.290s][info ][safepoint      ] Leaving safepoint region
[74.290s][info ][safepoint      ] Total time for which application threads were stopped: 0.0003035 seconds, Stopping threads took: 0.0000574 seconds
[75.290s][info ][safepoint      ] Application time: 1.0000999 seconds
[75.290s][info ][safepoint      ] Entering safepoint region: Cleanup
[75.290s][info ][safepoint      ] Leaving safepoint region
[75.290s][info ][safepoint      ] Total time for which application threads were stopped: 0.0004173 seconds, Stopping threads took: 0.0000196 seconds
[76.016s][info ][safepoint      ] Application time: 0.7253166 seconds
[76.016s][info ][safepoint      ] Entering safepoint region: ICBufferFull
[76.016s][info ][safepoint      ] Leaving safepoint region
[76.016s][info ][safepoint      ] Total time for which application threads were stopped: 0.0002912 seconds, Stopping threads took: 0.0000164 seconds
[77.016s][info ][safepoint      ] Application time: 1.0000817 seconds
[77.016s][info ][safepoint      ] Entering safepoint region: Cleanup
[77.016s][info ][safepoint      ] Leaving safepoint region
[77.016s][info ][safepoint      ] Total time for which application threads were stopped: 0.0001812 seconds, Stopping threads took: 0.0000168 seconds
[78.016s][info ][safepoint      ] Application time: 1.0000819 seconds
[78.017s][info ][safepoint      ] Entering safepoint region: Cleanup
[78.017s][info ][safepoint      ] Leaving safepoint region
[78.017s][info ][safepoint      ] Total time for which application threads were stopped: 0.0001477 seconds, Stopping threads took: 0.0000429 seconds
[79.017s][info ][safepoint      ] Application time: 1.0001179 seconds
[79.017s][info ][safepoint      ] Entering safepoint region: Cleanup
[79.017s][info ][safepoint      ] Leaving safepoint region
[79.017s][info ][safepoint      ] Total time for which application threads were stopped: 0.0001398 seconds, Stopping threads took: 0.0000446 seconds
[80.017s][info ][safepoint      ] Application time: 1.0000870 seconds
[80.017s][info ][safepoint      ] Entering safepoint region: Cleanup
[80.017s][info ][safepoint      ] Leaving safepoint region
[80.017s][info ][safepoint      ] Total time for which application threads were stopped: 0.0001522 seconds, Stopping threads took: 0.0000459 seconds
[81.017s][info ][safepoint      ] Application time: 1.0000789 seconds
[81.017s][info ][safepoint      ] Entering safepoint region: Cleanup
[81.017s][info ][safepoint      ] Leaving safepoint region
[81.017s][info ][safepoint      ] Total time for which application threads were stopped: 0.0001229 seconds, Stopping threads took: 0.0000429 seconds
[81.844s][info ][safepoint      ] Application time: 0.8269723 seconds
[81.844s][info ][safepoint      ] Entering safepoint region: RevokeBias
[81.845s][info ][safepoint      ] Leaving safepoint region
[81.845s][info ][safepoint      ] Total time for which application threads were stopped: 0.0001308 seconds, Stopping threads took: 0.0000183 seconds
[83.845s][info ][safepoint      ] Application time: 2.0001695 seconds
[83.845s][info ][safepoint      ] Entering safepoint region: Cleanup
[83.845s][info ][safepoint      ] Leaving safepoint region
[83.845s][info ][safepoint      ] Total time for which application threads were stopped: 0.0001165 seconds, Stopping threads took: 0.0000175 seconds
[84.845s][info ][safepoint      ] Application time: 1.0000877 seconds
[84.845s][info ][safepoint      ] Entering safepoint region: Cleanup
[84.845s][info ][safepoint      ] Leaving safepoint region
[84.845s][info ][safepoint      ] Total time for which application threads were stopped: 0.0000995 seconds, Stopping threads took: 0.0000189 seconds
[85.845s][info ][safepoint      ] Application time: 1.0000890 seconds
[85.845s][info ][safepoint      ] Entering safepoint region: Cleanup
[85.845s][info ][safepoint      ] Leaving safepoint region
[85.845s][info ][safepoint      ] Total time for which application threads were stopped: 0.0001185 seconds, Stopping threads took: 0.0000226 seconds
[86.846s][info ][safepoint      ] Application time: 1.0001229 seconds
[86.846s][info ][safepoint      ] Entering safepoint region: Cleanup
[86.846s][info ][safepoint      ] Leaving safepoint region
[86.846s][info ][safepoint      ] Total time for which application threads were stopped: 0.0001142 seconds, Stopping threads took: 0.0000178 seconds
[86.986s][info ][safepoint      ] Application time: 0.1401391 seconds
[86.986s][info ][safepoint      ] Entering safepoint region: ParallelGCFailedAllocation
[86.986s][info ][gc,start       ] GC(50) Pause Young (Allocation Failure)
[87.012s][debug][gc,phases      ] GC(50) Scavenge 26.043ms
[87.012s][debug][gc,ref         ] GC(50) Skipped phase1 of Reference Processing due to unavailable references
[87.012s][debug][gc,ref         ] GC(50) Skipped phase3 of Reference Processing due to unavailable references
[87.012s][debug][gc,phases      ] GC(50) Reference Processing 0.092ms
[87.012s][debug][gc,phases      ] GC(50) Weak Processing 0.145ms
[87.013s][debug][gc,phases      ] GC(50) Scrub String Table 0.491ms
[87.013s][debug][gc,age         ] GC(50) Desired survivor size 118489088 bytes, new threshold 15 (max threshold 15)
[87.013s][info ][gc,heap        ] GC(50) PSYoungGen: 1909057K->50530K(1976832K)
[87.013s][info ][gc,heap        ] GC(50) ParOldGen: 195672K->195680K(256512K)
[87.013s][info ][gc,metaspace   ] GC(50) Metaspace: 70915K->70915K(1114112K)
[87.013s][info ][gc             ] GC(50) Pause Young (Allocation Failure) 2055M->240M(2181M) 26.958ms
[87.013s][info ][gc,cpu         ] GC(50) User=0.09s Sys=0.01s Real=0.03s
[87.013s][info ][safepoint      ] Leaving safepoint region
[87.013s][info ][safepoint      ] Total time for which application threads were stopped: 0.0271810 seconds, Stopping threads took: 0.0000172 seconds
[88.013s][info ][safepoint      ] Application time: 1.0000850 seconds
[88.013s][info ][safepoint      ] Entering safepoint region: Cleanup
[88.013s][info ][safepoint      ] Leaving safepoint region
[88.013s][info ][safepoint      ] Total time for which application threads were stopped: 0.0001393 seconds, Stopping threads took: 0.0000184 seconds
[89.013s][info ][safepoint      ] Application time: 1.0000778 seconds
[89.014s][info ][safepoint      ] Entering safepoint region: Cleanup
[89.014s][info ][safepoint      ] Leaving safepoint region
[89.014s][info ][safepoint      ] Total time for which application threads were stopped: 0.0001470 seconds, Stopping threads took: 0.0000563 seconds
[90.014s][info ][safepoint      ] Application time: 1.0001128 seconds
[90.014s][info ][safepoint      ] Entering safepoint region: Cleanup
[90.014s][info ][safepoint      ] Leaving safepoint region
[90.014s][info ][safepoint      ] Total time for which application threads were stopped: 0.0001137 seconds, Stopping threads took: 0.0000197 seconds
[91.014s][info ][safepoint      ] Application time: 1.0000853 seconds
[91.014s][info ][safepoint      ] Entering safepoint region: Cleanup
[91.014s][info ][safepoint      ] Leaving safepoint region
[91.014s][info ][safepoint      ] Total time for which application threads were stopped: 0.0001100 seconds, Stopping threads took: 0.0000177 seconds
[92.014s][info ][safepoint      ] Application time: 1.0001082 seconds
[92.014s][info ][safepoint      ] Entering safepoint region: Cleanup
[92.014s][info ][safepoint      ] Leaving safepoint region
[92.014s][info ][safepoint      ] Total time for which application threads were stopped: 0.0001060 seconds, Stopping threads took: 0.0000286 seconds
[93.014s][info ][safepoint      ] Application time: 1.0000960 seconds
[93.015s][info ][safepoint      ] Entering safepoint region: Cleanup
[93.015s][info ][safepoint      ] Leaving safepoint region
[93.015s][info ][safepoint      ] Total time for which application threads were stopped: 0.0001176 seconds, Stopping threads took: 0.0000203 seconds
[94.015s][info ][safepoint      ] Application time: 1.0000981 seconds
[94.015s][info ][safepoint      ] Entering safepoint region: Cleanup
[94.015s][info ][safepoint      ] Leaving safepoint region
[94.015s][info ][safepoint      ] Total time for which application threads were stopped: 0.0001186 seconds, Stopping threads took: 0.0000339 seconds
[95.015s][info ][safepoint      ] Application time: 1.0001145 seconds
[95.015s][info ][safepoint      ] Entering safepoint region: Cleanup
[95.015s][info ][safepoint      ] Leaving safepoint region
[95.015s][info ][safepoint      ] Total time for which application threads were stopped: 0.0000910 seconds, Stopping threads took: 0.0000172 seconds
[97.015s][info ][safepoint      ] Application time: 2.0001710 seconds
[97.015s][info ][safepoint      ] Entering safepoint region: Cleanup
[97.015s][info ][safepoint      ] Leaving safepoint region
[97.015s][info ][safepoint      ] Total time for which application threads were stopped: 0.0001107 seconds, Stopping threads took: 0.0000172 seconds
[98.016s][info ][safepoint      ] Application time: 1.0000813 seconds
[98.016s][info ][safepoint      ] Entering safepoint region: Cleanup
[98.016s][info ][safepoint      ] Leaving safepoint region
[98.016s][info ][safepoint      ] Total time for which application threads were stopped: 0.0001573 seconds, Stopping threads took: 0.0000330 seconds
[100.016s][info ][safepoint      ] Application time: 2.0002722 seconds
[100.016s][info ][safepoint      ] Entering safepoint region: Cleanup
[100.016s][info ][safepoint      ] Leaving safepoint region
[100.016s][info ][safepoint      ] Total time for which application threads were stopped: 0.0002889 seconds, Stopping threads took: 0.0000916 seconds
[102.017s][info ][safepoint      ] Application time: 2.0007235 seconds
[102.017s][info ][safepoint      ] Entering safepoint region: Cleanup
[102.017s][info ][safepoint      ] Leaving safepoint region
[102.017s][info ][safepoint      ] Total time for which application threads were stopped: 0.0002093 seconds, Stopping threads took: 0.0000662 seconds
[104.018s][info ][safepoint      ] Application time: 2.0001977 seconds
[104.018s][info ][safepoint      ] Entering safepoint region: Cleanup
[104.018s][info ][safepoint      ] Leaving safepoint region
[104.018s][info ][safepoint      ] Total time for which application threads were stopped: 0.0001578 seconds, Stopping threads took: 0.0000579 seconds
[105.018s][info ][safepoint      ] Application time: 1.0000778 seconds
[105.022s][info ][safepoint      ] Entering safepoint region: Cleanup
[105.022s][info ][safepoint      ] Leaving safepoint region
[105.022s][info ][safepoint      ] Total time for which application threads were stopped: 0.0040291 seconds, Stopping threads took: 0.0039248 seconds
[105.127s][info ][safepoint      ] Application time: 0.1051255 seconds
[105.127s][info ][safepoint      ] Entering safepoint region: ParallelGCFailedAllocation
[105.127s][info ][gc,start       ] GC(51) Pause Young (Allocation Failure)
[105.151s][debug][gc,phases      ] GC(51) Scavenge 23.829ms
[105.151s][debug][gc,ref         ] GC(51) Skipped phase1 of Reference Processing due to unavailable references
[105.151s][debug][gc,ref         ] GC(51) Skipped phase3 of Reference Processing due to unavailable references
[105.151s][debug][gc,phases      ] GC(51) Reference Processing 0.084ms
[105.151s][debug][gc,phases      ] GC(51) Weak Processing 0.186ms
[105.152s][debug][gc,phases      ] GC(51) Scrub String Table 0.791ms
[105.152s][debug][gc,age         ] GC(51) Desired survivor size 116391936 bytes, new threshold 15 (max threshold 15)
[105.152s][info ][gc,heap        ] GC(51) PSYoungGen: 1909602K->52470K(1983488K)
[105.152s][info ][gc,heap        ] GC(51) ParOldGen: 195680K->195688K(256512K)
[105.152s][info ][gc,metaspace   ] GC(51) Metaspace: 71052K->71052K(1114112K)
[105.152s][info ][gc             ] GC(51) Pause Young (Allocation Failure) 2055M->242M(2187M) 25.081ms
[105.152s][info ][gc,cpu         ] GC(51) User=0.09s Sys=0.01s Real=0.03s
[105.152s][info ][safepoint      ] Leaving safepoint region
[105.152s][info ][safepoint      ] Total time for which application threads were stopped: 0.0252983 seconds, Stopping threads took: 0.0000183 seconds
[106.152s][info ][safepoint      ] Application time: 1.0000710 seconds
[106.152s][info ][safepoint      ] Entering safepoint region: Cleanup
[106.153s][info ][safepoint      ] Leaving safepoint region
[106.153s][info ][safepoint      ] Total time for which application threads were stopped: 0.0000939 seconds, Stopping threads took: 0.0000190 seconds
[107.153s][info ][safepoint      ] Application time: 1.0000793 seconds
[107.153s][info ][safepoint      ] Entering safepoint region: Cleanup
[107.153s][info ][safepoint      ] Leaving safepoint region
[107.153s][info ][safepoint      ] Total time for which application threads were stopped: 0.0001090 seconds, Stopping threads took: 0.0000321 seconds
[108.153s][info ][safepoint      ] Application time: 1.0000727 seconds
[108.153s][info ][safepoint      ] Entering safepoint region: Cleanup
[108.153s][info ][safepoint      ] Leaving safepoint region
[108.153s][info ][safepoint      ] Total time for which application threads were stopped: 0.0001076 seconds, Stopping threads took: 0.0000202 seconds
[109.153s][info ][safepoint      ] Application time: 1.0000846 seconds
[109.153s][info ][safepoint      ] Entering safepoint region: Cleanup
[109.153s][info ][safepoint      ] Leaving safepoint region
[109.153s][info ][safepoint      ] Total time for which application threads were stopped: 0.0001034 seconds, Stopping threads took: 0.0000186 seconds
[110.153s][info ][safepoint      ] Application time: 1.0000732 seconds
[110.153s][info ][safepoint      ] Entering safepoint region: Cleanup
[110.153s][info ][safepoint      ] Leaving safepoint region
[110.154s][info ][safepoint      ] Total time for which application threads were stopped: 0.0001068 seconds, Stopping threads took: 0.0000196 seconds
[111.154s][info ][safepoint      ] Application time: 1.0000769 seconds
[111.154s][info ][safepoint      ] Entering safepoint region: Cleanup
[111.154s][info ][safepoint      ] Leaving safepoint region
[111.154s][info ][safepoint      ] Total time for which application threads were stopped: 0.0001061 seconds, Stopping threads took: 0.0000216 seconds
[112.155s][info ][safepoint      ] Application time: 1.0009931 seconds
[112.155s][info ][safepoint      ] Entering safepoint region: Cleanup
[112.155s][info ][safepoint      ] Leaving safepoint region
[112.155s][info ][safepoint      ] Total time for which application threads were stopped: 0.0001403 seconds, Stopping threads took: 0.0000212 seconds
[113.155s][info ][safepoint      ] Application time: 1.0001015 seconds
[113.155s][info ][safepoint      ] Entering safepoint region: Cleanup
[113.155s][info ][safepoint      ] Leaving safepoint region
[113.155s][info ][safepoint      ] Total time for which application threads were stopped: 0.0000952 seconds, Stopping threads took: 0.0000199 seconds
[114.155s][info ][safepoint      ] Application time: 1.0001185 seconds
[114.155s][info ][safepoint      ] Entering safepoint region: Cleanup
[114.156s][info ][safepoint      ] Leaving safepoint region
[114.156s][info ][safepoint      ] Total time for which application threads were stopped: 0.0001000 seconds, Stopping threads took: 0.0000193 seconds
[115.156s][info ][safepoint      ] Application time: 1.0000870 seconds
[115.156s][info ][safepoint      ] Entering safepoint region: Cleanup
[115.156s][info ][safepoint      ] Leaving safepoint region
[115.156s][info ][safepoint      ] Total time for which application threads were stopped: 0.0000947 seconds, Stopping threads took: 0.0000187 seconds
[116.156s][info ][safepoint      ] Application time: 1.0000660 seconds
[116.156s][info ][safepoint      ] Entering safepoint region: Cleanup
[116.156s][info ][safepoint      ] Leaving safepoint region
[116.156s][info ][safepoint      ] Total time for which application threads were stopped: 0.0001596 seconds, Stopping threads took: 0.0000187 seconds
[117.156s][info ][safepoint      ] Application time: 1.0003153 seconds
[117.156s][info ][safepoint      ] Entering safepoint region: Cleanup
[117.156s][info ][safepoint      ] Leaving safepoint region
[117.156s][info ][safepoint      ] Total time for which application threads were stopped: 0.0001120 seconds, Stopping threads took: 0.0000194 seconds
[118.157s][info ][safepoint      ] Application time: 1.0000478 seconds
[118.157s][info ][safepoint      ] Entering safepoint region: Cleanup
[118.157s][info ][safepoint      ] Leaving safepoint region
[118.157s][info ][safepoint      ] Total time for which application threads were stopped: 0.0001145 seconds, Stopping threads took: 0.0000194 seconds
[119.157s][info ][safepoint      ] Application time: 1.0000487 seconds
[119.157s][info ][safepoint      ] Entering safepoint region: Cleanup
[119.157s][info ][safepoint      ] Leaving safepoint region
[119.157s][info ][safepoint      ] Total time for which application threads were stopped: 0.0000983 seconds, Stopping threads took: 0.0000214 seconds
[121.157s][info ][safepoint      ] Application time: 2.0002234 seconds
[121.157s][info ][safepoint      ] Entering safepoint region: Cleanup
[121.157s][info ][safepoint      ] Leaving safepoint region
[121.157s][info ][safepoint      ] Total time for which application threads were stopped: 0.0000939 seconds, Stopping threads took: 0.0000193 seconds
[122.157s][info ][safepoint      ] Application time: 1.0001159 seconds
[122.157s][info ][safepoint      ] Entering safepoint region: Cleanup
[122.158s][info ][safepoint      ] Leaving safepoint region
[122.158s][info ][safepoint      ] Total time for which application threads were stopped: 0.0001047 seconds, Stopping threads took: 0.0000195 seconds
[123.158s][info ][safepoint      ] Application time: 1.0001134 seconds
[123.158s][info ][safepoint      ] Entering safepoint region: Cleanup
[123.158s][info ][safepoint      ] Leaving safepoint region
[123.158s][info ][safepoint      ] Total time for which application threads were stopped: 0.0001112 seconds, Stopping threads took: 0.0000192 seconds
[123.831s][info ][safepoint      ] Application time: 0.6729977 seconds
[123.831s][info ][safepoint      ] Entering safepoint region: ParallelGCFailedAllocation
[123.831s][info ][gc,start       ] GC(52) Pause Young (Allocation Failure)
[123.858s][debug][gc,phases      ] GC(52) Scavenge 27.307ms
[123.858s][debug][gc,ref         ] GC(52) Skipped phase1 of Reference Processing due to unavailable references
[123.858s][debug][gc,ref         ] GC(52) Skipped phase3 of Reference Processing due to unavailable references
[123.859s][debug][gc,phases      ] GC(52) Reference Processing 0.080ms
[123.859s][debug][gc,phases      ] GC(52) Weak Processing 0.193ms
[123.859s][debug][gc,phases      ] GC(52) Scrub String Table 0.457ms
[123.859s][debug][gc,age         ] GC(52) Desired survivor size 114294784 bytes, new threshold 15 (max threshold 15)
[123.859s][info ][gc,heap        ] GC(52) PSYoungGen: 1920246K->52385K(1981440K)
[123.859s][info ][gc,heap        ] GC(52) ParOldGen: 195688K->195688K(256512K)
[123.859s][info ][gc,metaspace   ] GC(52) Metaspace: 71138K->71138K(1114112K)
[123.859s][info ][gc             ] GC(52) Pause Young (Allocation Failure) 2066M->242M(2185M) 28.212ms
[123.859s][info ][gc,cpu         ] GC(52) User=0.09s Sys=0.01s Real=0.03s
[123.859s][info ][safepoint      ] Leaving safepoint region
[123.859s][info ][safepoint      ] Total time for which application threads were stopped: 0.0284360 seconds, Stopping threads took: 0.0000343 seconds
[124.859s][info ][safepoint      ] Application time: 1.0000880 seconds
[124.859s][info ][safepoint      ] Entering safepoint region: Cleanup
[124.860s][info ][safepoint      ] Leaving safepoint region
[124.860s][info ][safepoint      ] Total time for which application threads were stopped: 0.0000954 seconds, Stopping threads took: 0.0000193 seconds
[125.860s][info ][safepoint      ] Application time: 1.0000892 seconds
[125.860s][info ][safepoint      ] Entering safepoint region: Cleanup
[125.860s][info ][safepoint      ] Leaving safepoint region
[125.860s][info ][safepoint      ] Total time for which application threads were stopped: 0.0001100 seconds, Stopping threads took: 0.0000197 seconds
[127.860s][info ][safepoint      ] Application time: 2.0002059 seconds
[127.860s][info ][safepoint      ] Entering safepoint region: Cleanup
[127.860s][info ][safepoint      ] Leaving safepoint region
[127.860s][info ][safepoint      ] Total time for which application threads were stopped: 0.0000954 seconds, Stopping threads took: 0.0000180 seconds
[128.860s][info ][safepoint      ] Application time: 1.0000444 seconds
[128.860s][info ][safepoint      ] Entering safepoint region: Cleanup
[128.860s][info ][safepoint      ] Leaving safepoint region
[128.860s][info ][safepoint      ] Total time for which application threads were stopped: 0.0000921 seconds, Stopping threads took: 0.0000195 seconds
[130.861s][info ][safepoint      ] Application time: 2.0001504 seconds
[130.861s][info ][safepoint      ] Entering safepoint region: Cleanup
[130.861s][info ][safepoint      ] Leaving safepoint region
[130.861s][info ][safepoint      ] Total time for which application threads were stopped: 0.0001146 seconds, Stopping threads took: 0.0000345 seconds
[131.861s][info ][safepoint      ] Application time: 1.0001036 seconds
[131.861s][info ][safepoint      ] Entering safepoint region: Cleanup
[131.861s][info ][safepoint      ] Leaving safepoint region
[131.861s][info ][safepoint      ] Total time for which application threads were stopped: 0.0000970 seconds, Stopping threads took: 0.0000196 seconds
[133.861s][info ][safepoint      ] Application time: 2.0001900 seconds
[133.861s][info ][safepoint      ] Entering safepoint region: Cleanup
[133.862s][info ][safepoint      ] Leaving safepoint region
[133.862s][info ][safepoint      ] Total time for which application threads were stopped: 0.0004348 seconds, Stopping threads took: 0.0001936 seconds
[135.862s][info ][safepoint      ] Application time: 2.0000815 seconds
[135.862s][info ][safepoint      ] Entering safepoint region: Cleanup
[135.862s][info ][safepoint      ] Leaving safepoint region
[135.862s][info ][safepoint      ] Total time for which application threads were stopped: 0.0001081 seconds, Stopping threads took: 0.0000186 seconds
[136.201s][info ][safepoint      ] Application time: 0.3389787 seconds
[136.201s][info ][safepoint      ] Entering safepoint region: RevokeBias
[136.201s][info ][safepoint      ] Leaving safepoint region
[136.201s][info ][safepoint      ] Total time for which application threads were stopped: 0.0001419 seconds, Stopping threads took: 0.0000271 seconds
[136.201s][info ][safepoint      ] Application time: 0.0001332 seconds
[136.201s][info ][safepoint      ] Entering safepoint region: RevokeBias
[136.201s][info ][safepoint      ] Leaving safepoint region
[136.201s][info ][safepoint      ] Total time for which application threads were stopped: 0.0000450 seconds, Stopping threads took: 0.0000087 seconds
[136.232s][info ][safepoint      ] Application time: 0.0304978 seconds
[136.232s][info ][safepoint      ] Entering safepoint region: RevokeBias
[136.232s][info ][safepoint      ] Leaving safepoint region
[136.232s][info ][safepoint      ] Total time for which application threads were stopped: 0.0003034 seconds, Stopping threads took: 0.0000512 seconds
[137.232s][info ][safepoint      ] Application time: 1.0000932 seconds
[137.232s][info ][safepoint      ] Entering safepoint region: Cleanup
[137.232s][info ][safepoint      ] Leaving safepoint region
[137.232s][info ][safepoint      ] Total time for which application threads were stopped: 0.0001033 seconds, Stopping threads took: 0.0000315 seconds
[138.232s][info ][safepoint      ] Application time: 1.0000860 seconds
[138.232s][info ][safepoint      ] Entering safepoint region: Cleanup
[138.232s][info ][safepoint      ] Leaving safepoint region
[138.233s][info ][safepoint      ] Total time for which application threads were stopped: 0.0000851 seconds, Stopping threads took: 0.0000175 seconds
[140.233s][info ][safepoint      ] Application time: 2.0002331 seconds
[140.233s][info ][safepoint      ] Entering safepoint region: Cleanup
[140.233s][info ][safepoint      ] Leaving safepoint region
[140.233s][info ][safepoint      ] Total time for which application threads were stopped: 0.0001616 seconds, Stopping threads took: 0.0000587 seconds
[141.233s][info ][safepoint      ] Application time: 1.0000853 seconds
[141.233s][info ][safepoint      ] Entering safepoint region: Cleanup
[141.233s][info ][safepoint      ] Leaving safepoint region
[141.233s][info ][safepoint      ] Total time for which application threads were stopped: 0.0000842 seconds, Stopping threads took: 0.0000166 seconds
[141.847s][info ][safepoint      ] Application time: 0.6138167 seconds
[141.847s][info ][safepoint      ] Entering safepoint region: RevokeBias
[141.851s][info ][safepoint      ] Leaving safepoint region
[141.851s][info ][safepoint      ] Total time for which application threads were stopped: 0.0034542 seconds, Stopping threads took: 0.0002292 seconds
[142.227s][info ][safepoint      ] Application time: 0.3766755 seconds
[142.227s][info ][safepoint      ] Entering safepoint region: ParallelGCFailedAllocation
[142.228s][info ][gc,start       ] GC(53) Pause Young (Allocation Failure)
[142.258s][debug][gc,phases      ] GC(53) Scavenge 30.095ms
[142.258s][debug][gc,ref         ] GC(53) Skipped phase1 of Reference Processing due to unavailable references
[142.258s][debug][gc,ref         ] GC(53) Skipped phase3 of Reference Processing due to unavailable references
[142.258s][debug][gc,phases      ] GC(53) Reference Processing 0.098ms
[142.258s][debug][gc,phases      ] GC(53) Weak Processing 0.223ms
[142.259s][debug][gc,phases      ] GC(53) Scrub String Table 1.136ms
[142.259s][debug][gc,age         ] GC(53) Desired survivor size 111673344 bytes, new threshold 15 (max threshold 15)
[142.259s][info ][gc,heap        ] GC(53) PSYoungGen: 1920161K->50698K(1988096K)
[142.259s][info ][gc,heap        ] GC(53) ParOldGen: 195688K->197624K(256512K)
[142.259s][info ][gc,metaspace   ] GC(53) Metaspace: 71181K->71181K(1114112K)
[142.259s][info ][gc             ] GC(53) Pause Young (Allocation Failure) 2066M->242M(2192M) 31.734ms
[142.259s][info ][gc,cpu         ] GC(53) User=0.11s Sys=0.01s Real=0.04s
[142.259s][info ][safepoint      ] Leaving safepoint region
[142.259s][info ][safepoint      ] Total time for which application threads were stopped: 0.0319462 seconds, Stopping threads took: 0.0000169 seconds
[144.260s][info ][safepoint      ] Application time: 2.0001900 seconds
[144.260s][info ][safepoint      ] Entering safepoint region: Cleanup
[144.260s][info ][safepoint      ] Leaving safepoint region
[144.260s][info ][safepoint      ] Total time for which application threads were stopped: 0.0001057 seconds, Stopping threads took: 0.0000189 seconds
[145.260s][info ][safepoint      ] Application time: 1.0000849 seconds
[145.260s][info ][safepoint      ] Entering safepoint region: Cleanup
[145.260s][info ][safepoint      ] Leaving safepoint region
[145.260s][info ][safepoint      ] Total time for which application threads were stopped: 0.0000861 seconds, Stopping threads took: 0.0000186 seconds
[146.260s][info ][safepoint      ] Application time: 1.0000592 seconds
[146.260s][info ][safepoint      ] Entering safepoint region: Cleanup
[146.260s][info ][safepoint      ] Leaving safepoint region
[146.260s][info ][safepoint      ] Total time for which application threads were stopped: 0.0000923 seconds, Stopping threads took: 0.0000175 seconds
[148.260s][info ][safepoint      ] Application time: 2.0001823 seconds
[148.260s][info ][safepoint      ] Entering safepoint region: Cleanup
[148.260s][info ][safepoint      ] Leaving safepoint region
[148.260s][info ][safepoint      ] Total time for which application threads were stopped: 0.0000929 seconds, Stopping threads took: 0.0000171 seconds
[149.261s][info ][safepoint      ] Application time: 1.0002575 seconds
[149.261s][info ][safepoint      ] Entering safepoint region: Cleanup
[149.261s][info ][safepoint      ] Leaving safepoint region
[149.261s][info ][safepoint      ] Total time for which application threads were stopped: 0.0000905 seconds, Stopping threads took: 0.0000204 seconds
[150.261s][info ][safepoint      ] Application time: 1.0001155 seconds
[150.261s][info ][safepoint      ] Entering safepoint region: Cleanup
[150.261s][info ][safepoint      ] Leaving safepoint region
[150.261s][info ][safepoint      ] Total time for which application threads were stopped: 0.0000971 seconds, Stopping threads took: 0.0000188 seconds
[151.261s][info ][safepoint      ] Application time: 1.0001170 seconds
[151.261s][info ][safepoint      ] Entering safepoint region: Cleanup
[151.261s][info ][safepoint      ] Leaving safepoint region
[151.261s][info ][safepoint      ] Total time for which application threads were stopped: 0.0000890 seconds, Stopping threads took: 0.0000181 seconds
[152.261s][info ][safepoint      ] Application time: 1.0000780 seconds
[152.261s][info ][safepoint      ] Entering safepoint region: Cleanup
[152.262s][info ][safepoint      ] Leaving safepoint region
[152.262s][info ][safepoint      ] Total time for which application threads were stopped: 0.0001480 seconds, Stopping threads took: 0.0000392 seconds
[153.262s][info ][safepoint      ] Application time: 1.0001304 seconds
[153.262s][info ][safepoint      ] Entering safepoint region: Cleanup
[153.262s][info ][safepoint      ] Leaving safepoint region
[153.262s][info ][safepoint      ] Total time for which application threads were stopped: 0.0001190 seconds, Stopping threads took: 0.0000185 seconds
[154.262s][info ][safepoint      ] Application time: 1.0001441 seconds
[154.262s][info ][safepoint      ] Entering safepoint region: Cleanup
[154.262s][info ][safepoint      ] Leaving safepoint region
[154.262s][info ][safepoint      ] Total time for which application threads were stopped: 0.0001587 seconds, Stopping threads took: 0.0000338 seconds
[155.262s][info ][safepoint      ] Application time: 1.0000770 seconds
[155.262s][info ][safepoint      ] Entering safepoint region: Cleanup
[155.263s][info ][safepoint      ] Leaving safepoint region
[155.263s][info ][safepoint      ] Total time for which application threads were stopped: 0.0000882 seconds, Stopping threads took: 0.0000153 seconds
[156.263s][info ][safepoint      ] Application time: 1.0000920 seconds
[156.263s][info ][safepoint      ] Entering safepoint region: Cleanup
[156.263s][info ][safepoint      ] Leaving safepoint region
[156.263s][info ][safepoint      ] Total time for which application threads were stopped: 0.0001087 seconds, Stopping threads took: 0.0000169 seconds
[157.263s][info ][safepoint      ] Application time: 1.0001116 seconds
[157.263s][info ][safepoint      ] Entering safepoint region: Cleanup
[157.263s][info ][safepoint      ] Leaving safepoint region
[157.263s][info ][safepoint      ] Total time for which application threads were stopped: 0.0000927 seconds, Stopping threads took: 0.0000170 seconds
[158.263s][info ][safepoint      ] Application time: 1.0001150 seconds
[158.263s][info ][safepoint      ] Entering safepoint region: Cleanup
[158.263s][info ][safepoint      ] Leaving safepoint region
[158.263s][info ][safepoint      ] Total time for which application threads were stopped: 0.0000863 seconds, Stopping threads took: 0.0000163 seconds
[159.263s][info ][safepoint      ] Application time: 1.0001052 seconds
[159.263s][info ][safepoint      ] Entering safepoint region: Cleanup
[159.264s][info ][safepoint      ] Leaving safepoint region
[159.264s][info ][safepoint      ] Total time for which application threads were stopped: 0.0000836 seconds, Stopping threads took: 0.0000163 seconds
[159.562s][info ][safepoint      ] Application time: 0.2986462 seconds
[159.562s][info ][safepoint      ] Entering safepoint region: RevokeBias
[159.562s][info ][safepoint      ] Leaving safepoint region
[159.562s][info ][safepoint      ] Total time for which application threads were stopped: 0.0001071 seconds, Stopping threads took: 0.0000191 seconds
[159.562s][info ][safepoint      ] Application time: 0.0000636 seconds
[159.562s][info ][safepoint      ] Entering safepoint region: RevokeBias
[159.562s][info ][safepoint      ] Leaving safepoint region
[159.562s][info ][safepoint      ] Total time for which application threads were stopped: 0.0000283 seconds, Stopping threads took: 0.0000072 seconds
[160.275s][info ][safepoint      ] Application time: 0.7123568 seconds
[160.275s][info ][safepoint      ] Entering safepoint region: ParallelGCFailedAllocation
[160.275s][info ][gc,start       ] GC(54) Pause Young (Allocation Failure)
[160.297s][debug][gc,phases      ] GC(54) Scavenge 22.401ms
[160.297s][debug][gc,ref         ] GC(54) Skipped phase1 of Reference Processing due to unavailable references
[160.298s][debug][gc,ref         ] GC(54) Skipped phase3 of Reference Processing due to unavailable references
[160.298s][debug][gc,phases      ] GC(54) Reference Processing 0.080ms
[160.298s][debug][gc,phases      ] GC(54) Weak Processing 0.215ms
[160.299s][debug][gc,phases      ] GC(54) Scrub String Table 0.788ms
[160.299s][debug][gc,age         ] GC(54) Desired survivor size 108527616 bytes, new threshold 15 (max threshold 15)
[160.299s][info ][gc,heap        ] GC(54) PSYoungGen: 1927178K->49960K(1985536K)
[160.299s][info ][gc,heap        ] GC(54) ParOldGen: 197624K->198440K(256512K)
[160.299s][info ][gc,metaspace   ] GC(54) Metaspace: 71225K->71225K(1114112K)
[160.299s][info ][gc             ] GC(54) Pause Young (Allocation Failure) 2075M->242M(2189M) 23.701ms
[160.299s][info ][gc,cpu         ] GC(54) User=0.08s Sys=0.01s Real=0.03s
[160.299s][info ][safepoint      ] Leaving safepoint region
[160.299s][info ][safepoint      ] Total time for which application threads were stopped: 0.0239767 seconds, Stopping threads took: 0.0000165 seconds
[162.299s][info ][safepoint      ] Application time: 2.0002172 seconds
[162.299s][info ][safepoint      ] Entering safepoint region: Cleanup
[162.299s][info ][safepoint      ] Leaving safepoint region
[162.299s][info ][safepoint      ] Total time for which application threads were stopped: 0.0000707 seconds, Stopping threads took: 0.0000147 seconds
[163.299s][info ][safepoint      ] Application time: 1.0000902 seconds
[163.299s][info ][safepoint      ] Entering safepoint region: Cleanup
[163.300s][info ][safepoint      ] Leaving safepoint region
[163.300s][info ][safepoint      ] Total time for which application threads were stopped: 0.0002894 seconds, Stopping threads took: 0.0001118 seconds
[165.300s][info ][safepoint      ] Application time: 2.0001679 seconds
[165.300s][info ][safepoint      ] Entering safepoint region: Cleanup
[165.300s][info ][safepoint      ] Leaving safepoint region
[165.300s][info ][safepoint      ] Total time for which application threads were stopped: 0.0000768 seconds, Stopping threads took: 0.0000158 seconds
[167.300s][info ][safepoint      ] Application time: 2.0001675 seconds
[167.300s][info ][safepoint      ] Entering safepoint region: Cleanup
[167.300s][info ][safepoint      ] Leaving safepoint region
[167.300s][info ][safepoint      ] Total time for which application threads were stopped: 0.0001230 seconds, Stopping threads took: 0.0000584 seconds
[168.300s][info ][safepoint      ] Application time: 1.0000658 seconds
[168.300s][info ][safepoint      ] Entering safepoint region: Cleanup
[168.300s][info ][safepoint      ] Leaving safepoint region
[168.300s][info ][safepoint      ] Total time for which application threads were stopped: 0.0000846 seconds, Stopping threads took: 0.0000168 seconds
[169.301s][info ][safepoint      ] Application time: 1.0001141 seconds
[169.301s][info ][safepoint      ] Entering safepoint region: Cleanup
[169.301s][info ][safepoint      ] Leaving safepoint region
[169.301s][info ][safepoint      ] Total time for which application threads were stopped: 0.0000741 seconds, Stopping threads took: 0.0000167 seconds
[170.301s][info ][safepoint      ] Application time: 1.0001164 seconds
[170.301s][info ][safepoint      ] Entering safepoint region: Cleanup
[170.301s][info ][safepoint      ] Leaving safepoint region
[170.301s][info ][safepoint      ] Total time for which application threads were stopped: 0.0000804 seconds, Stopping threads took: 0.0000170 seconds
[171.301s][info ][safepoint      ] Application time: 1.0000716 seconds
[171.301s][info ][safepoint      ] Entering safepoint region: Cleanup
[171.301s][info ][safepoint      ] Leaving safepoint region
[171.301s][info ][safepoint      ] Total time for which application threads were stopped: 0.0002241 seconds, Stopping threads took: 0.0001346 seconds
[172.301s][info ][safepoint      ] Application time: 1.0000764 seconds
[172.301s][info ][safepoint      ] Entering safepoint region: Cleanup
[172.302s][info ][safepoint      ] Leaving safepoint region
[172.302s][info ][safepoint      ] Total time for which application threads were stopped: 0.0001433 seconds, Stopping threads took: 0.0000709 seconds
[173.302s][info ][safepoint      ] Application time: 1.0000852 seconds
[173.302s][info ][safepoint      ] Entering safepoint region: Cleanup
[173.302s][info ][safepoint      ] Leaving safepoint region
[173.302s][info ][safepoint      ] Total time for which application threads were stopped: 0.0001162 seconds, Stopping threads took: 0.0000328 seconds
[174.302s][info ][safepoint      ] Application time: 1.0000757 seconds
[174.302s][info ][safepoint      ] Entering safepoint region: Cleanup
[174.302s][info ][safepoint      ] Leaving safepoint region
[174.302s][info ][safepoint      ] Total time for which application threads were stopped: 0.0000790 seconds, Stopping threads took: 0.0000158 seconds
[175.302s][info ][safepoint      ] Application time: 1.0000649 seconds
[175.302s][info ][safepoint      ] Entering safepoint region: Cleanup
[175.303s][info ][safepoint      ] Leaving safepoint region
[175.303s][info ][safepoint      ] Total time for which application threads were stopped: 0.0005074 seconds, Stopping threads took: 0.0000198 seconds
[176.303s][info ][safepoint      ] Application time: 1.0000373 seconds
[176.303s][info ][safepoint      ] Entering safepoint region: Cleanup
[176.303s][info ][safepoint      ] Leaving safepoint region
[176.303s][info ][safepoint      ] Total time for which application threads were stopped: 0.0000999 seconds, Stopping threads took: 0.0000169 seconds
[177.303s][info ][safepoint      ] Application time: 1.0000678 seconds
[177.303s][info ][safepoint      ] Entering safepoint region: Cleanup
[177.303s][info ][safepoint      ] Leaving safepoint region
[177.303s][info ][safepoint      ] Total time for which application threads were stopped: 0.0000990 seconds, Stopping threads took: 0.0000283 seconds
[177.570s][info ][safepoint      ] Application time: 0.2666286 seconds
[177.570s][info ][safepoint      ] Entering safepoint region: ParallelGCFailedAllocation
[177.570s][info ][gc,start       ] GC(55) Pause Young (Allocation Failure)
[177.598s][debug][gc,phases      ] GC(55) Scavenge 28.160ms
[177.598s][debug][gc,ref         ] GC(55) Skipped phase1 of Reference Processing due to unavailable references
[177.598s][debug][gc,ref         ] GC(55) Skipped phase3 of Reference Processing due to unavailable references
[177.598s][debug][gc,phases      ] GC(55) Reference Processing 0.086ms
[177.598s][debug][gc,phases      ] GC(55) Weak Processing 0.138ms
[177.599s][debug][gc,phases      ] GC(55) Scrub String Table 0.740ms
[177.599s][debug][gc,age         ] GC(55) Desired survivor size 102760448 bytes, new threshold 15 (max threshold 15)
[177.599s][info ][gc,heap        ] GC(55) PSYoungGen: 1926440K->44595K(1996800K)
[177.599s][info ][gc,heap        ] GC(55) ParOldGen: 198440K->206872K(256512K)
[177.599s][info ][gc,metaspace   ] GC(55) Metaspace: 71281K->71281K(1114112K)
[177.599s][info ][gc             ] GC(55) Pause Young (Allocation Failure) 2075M->245M(2200M) 29.303ms
[177.599s][info ][gc,cpu         ] GC(55) User=0.11s Sys=0.01s Real=0.03s
[177.599s][info ][safepoint      ] Leaving safepoint region
[177.599s][info ][safepoint      ] Total time for which application threads were stopped: 0.0295014 seconds, Stopping threads took: 0.0000164 seconds
[178.599s][info ][safepoint      ] Application time: 1.0000958 seconds
[178.599s][info ][safepoint      ] Entering safepoint region: Cleanup
[178.599s][info ][safepoint      ] Leaving safepoint region
[178.599s][info ][safepoint      ] Total time for which application threads were stopped: 0.0000988 seconds, Stopping threads took: 0.0000181 seconds
[179.600s][info ][safepoint      ] Application time: 1.0000774 seconds
[179.600s][info ][safepoint      ] Entering safepoint region: Cleanup
[179.600s][info ][safepoint      ] Leaving safepoint region
[179.600s][info ][safepoint      ] Total time for which application threads were stopped: 0.0000849 seconds, Stopping threads took: 0.0000172 seconds
[180.600s][info ][safepoint      ] Application time: 1.0000704 seconds
[180.600s][info ][safepoint      ] Entering safepoint region: Cleanup
[180.600s][info ][safepoint      ] Leaving safepoint region
[180.600s][info ][safepoint      ] Total time for which application threads were stopped: 0.0001018 seconds, Stopping threads took: 0.0000173 seconds
[182.600s][info ][safepoint      ] Application time: 2.0001220 seconds
[182.600s][info ][safepoint      ] Entering safepoint region: Cleanup
[182.600s][info ][safepoint      ] Leaving safepoint region
[182.600s][info ][safepoint      ] Total time for which application threads were stopped: 0.0000977 seconds, Stopping threads took: 0.0000302 seconds
[184.600s][info ][safepoint      ] Application time: 2.0001699 seconds
[184.600s][info ][safepoint      ] Entering safepoint region: Cleanup
[184.601s][info ][safepoint      ] Leaving safepoint region
[184.601s][info ][safepoint      ] Total time for which application threads were stopped: 0.0000912 seconds, Stopping threads took: 0.0000187 seconds
[185.601s][info ][safepoint      ] Application time: 1.0001056 seconds
[185.601s][info ][safepoint      ] Entering safepoint region: Cleanup
[185.601s][info ][safepoint      ] Leaving safepoint region
[185.601s][info ][safepoint      ] Total time for which application threads were stopped: 0.0001079 seconds, Stopping threads took: 0.0000176 seconds
[186.601s][info ][safepoint      ] Application time: 1.0000822 seconds
[186.601s][info ][safepoint      ] Entering safepoint region: Cleanup
[186.601s][info ][safepoint      ] Leaving safepoint region
[186.601s][info ][safepoint      ] Total time for which application threads were stopped: 0.0001138 seconds, Stopping threads took: 0.0000188 seconds
[187.601s][info ][safepoint      ] Application time: 1.0001159 seconds
[187.601s][info ][safepoint      ] Entering safepoint region: Cleanup
[187.601s][info ][safepoint      ] Leaving safepoint region
[187.601s][info ][safepoint      ] Total time for which application threads were stopped: 0.0000892 seconds, Stopping threads took: 0.0000180 seconds
[188.602s][info ][safepoint      ] Application time: 1.0009103 seconds
[188.602s][info ][safepoint      ] Entering safepoint region: Cleanup
[188.602s][info ][safepoint      ] Leaving safepoint region
[188.602s][info ][safepoint      ] Total time for which application threads were stopped: 0.0001075 seconds, Stopping threads took: 0.0000189 seconds
[191.603s][info ][safepoint      ] Application time: 3.0002941 seconds
[191.603s][info ][safepoint      ] Entering safepoint region: Cleanup
[191.603s][info ][safepoint      ] Leaving safepoint region
[191.603s][info ][safepoint      ] Total time for which application threads were stopped: 0.0002571 seconds, Stopping threads took: 0.0000961 seconds
[192.603s][info ][safepoint      ] Application time: 1.0001204 seconds
[192.603s][info ][safepoint      ] Entering safepoint region: Cleanup
[192.603s][info ][safepoint      ] Leaving safepoint region
[192.603s][info ][safepoint      ] Total time for which application threads were stopped: 0.0001209 seconds, Stopping threads took: 0.0000176 seconds
[193.603s][info ][safepoint      ] Application time: 1.0000864 seconds
[193.603s][info ][safepoint      ] Entering safepoint region: Cleanup
[193.603s][info ][safepoint      ] Leaving safepoint region
[193.603s][info ][safepoint      ] Total time for which application threads were stopped: 0.0000852 seconds, Stopping threads took: 0.0000175 seconds
[194.604s][info ][safepoint      ] Application time: 1.0000859 seconds
[194.604s][info ][safepoint      ] Entering safepoint region: Cleanup
[194.604s][info ][safepoint      ] Leaving safepoint region
[194.604s][info ][safepoint      ] Total time for which application threads were stopped: 0.0000895 seconds, Stopping threads took: 0.0000179 seconds
[195.382s][info ][safepoint      ] Application time: 0.7787285 seconds
[195.382s][info ][safepoint      ] Entering safepoint region: ParallelGCFailedAllocation
[195.383s][info ][gc,start       ] GC(56) Pause Young (Allocation Failure)
[195.400s][debug][gc,phases      ] GC(56) Scavenge 16.868ms
[195.400s][debug][gc,ref         ] GC(56) Skipped phase1 of Reference Processing due to unavailable references
[195.400s][debug][gc,ref         ] GC(56) Skipped phase3 of Reference Processing due to unavailable references
[195.400s][debug][gc,phases      ] GC(56) Reference Processing 0.093ms
[195.400s][debug][gc,phases      ] GC(56) Weak Processing 0.223ms
[195.401s][debug][gc,phases      ] GC(56) Scrub String Table 1.073ms
[195.401s][debug][gc,age         ] GC(56) Desired survivor size 98041856 bytes, new threshold 15 (max threshold 15)
[195.401s][info ][gc,heap        ] GC(56) PSYoungGen: 1935411K->43930K(1991168K)
[195.401s][info ][gc,heap        ] GC(56) ParOldGen: 206872K->207232K(256512K)
[195.401s][info ][gc,metaspace   ] GC(56) Metaspace: 71322K->71322K(1114112K)
[195.401s][info ][gc             ] GC(56) Pause Young (Allocation Failure) 2092M->245M(2195M) 18.468ms
[195.401s][info ][gc,cpu         ] GC(56) User=0.07s Sys=0.00s Real=0.02s
[195.401s][info ][safepoint      ] Leaving safepoint region
[195.401s][info ][safepoint      ] Total time for which application threads were stopped: 0.0187178 seconds, Stopping threads took: 0.0000165 seconds
[196.401s][info ][safepoint      ] Application time: 1.0000962 seconds
[196.401s][info ][safepoint      ] Entering safepoint region: Cleanup
[196.401s][info ][safepoint      ] Leaving safepoint region
[196.401s][info ][safepoint      ] Total time for which application threads were stopped: 0.0001151 seconds, Stopping threads took: 0.0000164 seconds
[197.401s][info ][safepoint      ] Application time: 1.0000671 seconds
[197.402s][info ][safepoint      ] Entering safepoint region: Cleanup
[197.402s][info ][safepoint      ] Leaving safepoint region
[197.402s][info ][safepoint      ] Total time for which application threads were stopped: 0.0002469 seconds, Stopping threads took: 0.0000293 seconds
[198.402s][info ][safepoint      ] Application time: 1.0000887 seconds
[198.402s][info ][safepoint      ] Entering safepoint region: Cleanup
[198.402s][info ][safepoint      ] Leaving safepoint region
[198.402s][info ][safepoint      ] Total time for which application threads were stopped: 0.0000906 seconds, Stopping threads took: 0.0000180 seconds
[200.402s][info ][safepoint      ] Application time: 2.0001432 seconds
[200.402s][info ][safepoint      ] Entering safepoint region: Cleanup
[200.402s][info ][safepoint      ] Leaving safepoint region
[200.402s][info ][safepoint      ] Total time for which application threads were stopped: 0.0000777 seconds, Stopping threads took: 0.0000163 seconds
[201.402s][info ][safepoint      ] Application time: 1.0001095 seconds
[201.402s][info ][safepoint      ] Entering safepoint region: Cleanup
[201.402s][info ][safepoint      ] Leaving safepoint region
[201.402s][info ][safepoint      ] Total time for which application threads were stopped: 0.0001039 seconds, Stopping threads took: 0.0000170 seconds
[201.846s][info ][safepoint      ] Application time: 0.4439058 seconds
[201.846s][info ][safepoint      ] Entering safepoint region: RevokeBias
[201.847s][info ][safepoint      ] Leaving safepoint region
[201.847s][info ][safepoint      ] Total time for which application threads were stopped: 0.0001103 seconds, Stopping threads took: 0.0000342 seconds
[202.847s][info ][safepoint      ] Application time: 1.0001351 seconds
[202.847s][info ][safepoint      ] Entering safepoint region: Cleanup
[202.847s][info ][safepoint      ] Leaving safepoint region
[202.847s][info ][safepoint      ] Total time for which application threads were stopped: 0.0000971 seconds, Stopping threads took: 0.0000176 seconds
[203.847s][info ][safepoint      ] Application time: 1.0000852 seconds
[203.847s][info ][safepoint      ] Entering safepoint region: Cleanup
[203.847s][info ][safepoint      ] Leaving safepoint region
[203.847s][info ][safepoint      ] Total time for which application threads were stopped: 0.0001194 seconds, Stopping threads took: 0.0000195 seconds
[204.847s][info ][safepoint      ] Application time: 1.0001383 seconds
[204.847s][info ][safepoint      ] Entering safepoint region: Cleanup
[204.847s][info ][safepoint      ] Leaving safepoint region
[204.847s][info ][safepoint      ] Total time for which application threads were stopped: 0.0000903 seconds, Stopping threads took: 0.0000158 seconds
[205.849s][info ][safepoint      ] Application time: 1.0012019 seconds
[205.849s][info ][safepoint      ] Entering safepoint region: Cleanup
[205.849s][info ][safepoint      ] Leaving safepoint region
[205.849s][info ][safepoint      ] Total time for which application threads were stopped: 0.0000886 seconds, Stopping threads took: 0.0000179 seconds
[206.849s][info ][safepoint      ] Application time: 1.0000453 seconds
[206.849s][info ][safepoint      ] Entering safepoint region: Cleanup
[206.849s][info ][safepoint      ] Leaving safepoint region
[206.849s][info ][safepoint      ] Total time for which application threads were stopped: 0.0000905 seconds, Stopping threads took: 0.0000189 seconds
[208.850s][info ][safepoint      ] Application time: 2.0011511 seconds
[208.850s][info ][safepoint      ] Entering safepoint region: Cleanup
[208.850s][info ][safepoint      ] Leaving safepoint region
[208.850s][info ][safepoint      ] Total time for which application threads were stopped: 0.0000919 seconds, Stopping threads took: 0.0000170 seconds
[209.852s][info ][safepoint      ] Application time: 1.0015164 seconds
[209.852s][info ][safepoint      ] Entering safepoint region: Cleanup
[209.852s][info ][safepoint      ] Leaving safepoint region
[209.852s][info ][safepoint      ] Total time for which application threads were stopped: 0.0000913 seconds, Stopping threads took: 0.0000202 seconds
[212.623s][info ][safepoint      ] Application time: 2.7711304 seconds
[212.623s][info ][safepoint      ] Entering safepoint region: ParallelGCFailedAllocation
[212.623s][info ][gc,start       ] GC(57) Pause Young (Allocation Failure)
[212.638s][debug][gc,phases      ] GC(57) Scavenge 14.528ms
[212.638s][debug][gc,ref         ] GC(57) Skipped phase1 of Reference Processing due to unavailable references
[212.638s][debug][gc,ref         ] GC(57) Skipped phase3 of Reference Processing due to unavailable references
[212.638s][debug][gc,phases      ] GC(57) Reference Processing 0.076ms
[212.638s][debug][gc,phases      ] GC(57) Weak Processing 0.128ms
[212.638s][debug][gc,phases      ] GC(57) Scrub String Table 0.434ms
[212.638s][debug][gc,age         ] GC(57) Desired survivor size 93323264 bytes, new threshold 15 (max threshold 15)
[212.638s][info ][gc,heap        ] GC(57) PSYoungGen: 1934746K->44035K(2006016K)
[212.638s][info ][gc,heap        ] GC(57) ParOldGen: 207232K->207632K(256512K)
[212.638s][info ][gc,metaspace   ] GC(57) Metaspace: 71347K->71347K(1114112K)
[212.638s][info ][gc             ] GC(57) Pause Young (Allocation Failure) 2091M->245M(2209M) 15.406ms
[212.639s][info ][gc,cpu         ] GC(57) User=0.05s Sys=0.01s Real=0.02s
[212.639s][info ][safepoint      ] Leaving safepoint region
[212.639s][info ][safepoint      ] Total time for which application threads were stopped: 0.0157965 seconds, Stopping threads took: 0.0000169 seconds
[213.639s][info ][safepoint      ] Application time: 1.0000976 seconds
[213.639s][info ][safepoint      ] Entering safepoint region: Cleanup
[213.639s][info ][safepoint      ] Leaving safepoint region
[213.639s][info ][safepoint      ] Total time for which application threads were stopped: 0.0000836 seconds, Stopping threads took: 0.0000176 seconds
[214.640s][info ][safepoint      ] Application time: 1.0015088 seconds
[214.641s][info ][safepoint      ] Entering safepoint region: Cleanup
[214.641s][info ][safepoint      ] Leaving safepoint region
[214.641s][info ][safepoint      ] Total time for which application threads were stopped: 0.0000871 seconds, Stopping threads took: 0.0000176 seconds
[215.641s][info ][safepoint      ] Application time: 1.0001015 seconds
[215.641s][info ][safepoint      ] Entering safepoint region: Cleanup
[215.641s][info ][safepoint      ] Leaving safepoint region
[215.641s][info ][safepoint      ] Total time for which application threads were stopped: 0.0000918 seconds, Stopping threads took: 0.0000247 seconds
[216.641s][info ][safepoint      ] Application time: 1.0000990 seconds
[216.641s][info ][safepoint      ] Entering safepoint region: Cleanup
[216.641s][info ][safepoint      ] Leaving safepoint region
[216.641s][info ][safepoint      ] Total time for which application threads were stopped: 0.0002867 seconds, Stopping threads took: 0.0000987 seconds
[217.641s][info ][safepoint      ] Application time: 1.0000924 seconds
[217.641s][info ][safepoint      ] Entering safepoint region: Cleanup
[217.642s][info ][safepoint      ] Leaving safepoint region
[217.642s][info ][safepoint      ] Total time for which application threads were stopped: 0.0001079 seconds, Stopping threads took: 0.0000193 seconds
[218.642s][info ][safepoint      ] Application time: 1.0001507 seconds
[218.642s][info ][safepoint      ] Entering safepoint region: Cleanup
[218.642s][info ][safepoint      ] Leaving safepoint region
[218.642s][info ][safepoint      ] Total time for which application threads were stopped: 0.0000948 seconds, Stopping threads took: 0.0000208 seconds
[219.642s][info ][safepoint      ] Application time: 1.0001158 seconds
[219.642s][info ][safepoint      ] Entering safepoint region: Cleanup
[219.642s][info ][safepoint      ] Leaving safepoint region
[219.642s][info ][safepoint      ] Total time for which application threads were stopped: 0.0000896 seconds, Stopping threads took: 0.0000191 seconds
[222.642s][info ][safepoint      ] Application time: 3.0002973 seconds
[222.642s][info ][safepoint      ] Entering safepoint region: Cleanup
[222.643s][info ][safepoint      ] Leaving safepoint region
[222.643s][info ][safepoint      ] Total time for which application threads were stopped: 0.0000885 seconds, Stopping threads took: 0.0000175 seconds
[223.643s][info ][safepoint      ] Application time: 1.0001269 seconds
[223.643s][info ][safepoint      ] Entering safepoint region: Cleanup
[223.643s][info ][safepoint      ] Leaving safepoint region
[223.643s][info ][safepoint      ] Total time for which application threads were stopped: 0.0001342 seconds, Stopping threads took: 0.0000178 seconds
[225.643s][info ][safepoint      ] Application time: 2.0002422 seconds
[225.643s][info ][safepoint      ] Entering safepoint region: Cleanup
[225.643s][info ][safepoint      ] Leaving safepoint region
[225.643s][info ][safepoint      ] Total time for which application threads were stopped: 0.0001060 seconds, Stopping threads took: 0.0000355 seconds
[227.643s][info ][safepoint      ] Application time: 2.0001636 seconds
[227.643s][info ][safepoint      ] Entering safepoint region: Cleanup
[227.644s][info ][safepoint      ] Leaving safepoint region
[227.644s][info ][safepoint      ] Total time for which application threads were stopped: 0.0001153 seconds, Stopping threads took: 0.0000200 seconds
[228.644s][info ][safepoint      ] Application time: 1.0001145 seconds
[228.644s][info ][safepoint      ] Entering safepoint region: Cleanup
[228.644s][info ][safepoint      ] Leaving safepoint region
[228.644s][info ][safepoint      ] Total time for which application threads were stopped: 0.0001562 seconds, Stopping threads took: 0.0000626 seconds
[229.644s][info ][safepoint      ] Application time: 1.0001272 seconds
[229.644s][info ][safepoint      ] Entering safepoint region: Cleanup
[229.644s][info ][safepoint      ] Leaving safepoint region
[229.644s][info ][safepoint      ] Total time for which application threads were stopped: 0.0000916 seconds, Stopping threads took: 0.0000171 seconds
[230.518s][info ][safepoint      ] Application time: 0.8742727 seconds
[230.519s][info ][safepoint      ] Entering safepoint region: ParallelGCFailedAllocation
[230.519s][info ][gc,start       ] GC(58) Pause Young (Allocation Failure)
[230.536s][debug][gc,phases      ] GC(58) Scavenge 17.421ms
[230.536s][debug][gc,ref         ] GC(58) Skipped phase1 of Reference Processing due to unavailable references
[230.536s][debug][gc,ref         ] GC(58) Skipped phase3 of Reference Processing due to unavailable references
[230.536s][debug][gc,phases      ] GC(58) Reference Processing 0.086ms
[230.536s][debug][gc,phases      ] GC(58) Weak Processing 0.121ms
[230.537s][debug][gc,phases      ] GC(58) Scrub String Table 0.729ms
[230.537s][debug][gc,age         ] GC(58) Desired survivor size 90177536 bytes, new threshold 15 (max threshold 15)
[230.537s][info ][gc,heap        ] GC(58) PSYoungGen: 1954307K->46465K(2001408K)
[230.537s][info ][gc,heap        ] GC(58) ParOldGen: 207632K->208184K(256512K)
[230.537s][info ][gc,metaspace   ] GC(58) Metaspace: 71364K->71364K(1114112K)
[230.537s][info ][gc             ] GC(58) Pause Young (Allocation Failure) 2111M->248M(2205M) 18.622ms
[230.537s][info ][gc,cpu         ] GC(58) User=0.07s Sys=0.00s Real=0.02s
[230.537s][info ][safepoint      ] Leaving safepoint region
[230.537s][info ][safepoint      ] Total time for which application threads were stopped: 0.0188363 seconds, Stopping threads took: 0.0000222 seconds
[231.537s][info ][safepoint      ] Application time: 1.0001447 seconds
[231.538s][info ][safepoint      ] Entering safepoint region: Cleanup
[231.538s][info ][safepoint      ] Leaving safepoint region
[231.538s][info ][safepoint      ] Total time for which application threads were stopped: 0.0001243 seconds, Stopping threads took: 0.0000348 seconds
[233.538s][info ][safepoint      ] Application time: 2.0001749 seconds
[233.538s][info ][safepoint      ] Entering safepoint region: Cleanup
[233.538s][info ][safepoint      ] Leaving safepoint region
[233.538s][info ][safepoint      ] Total time for which application threads were stopped: 0.0000870 seconds, Stopping threads took: 0.0000163 seconds
[234.538s][info ][safepoint      ] Application time: 1.0000831 seconds
[234.538s][info ][safepoint      ] Entering safepoint region: Cleanup
[234.538s][info ][safepoint      ] Leaving safepoint region
[234.538s][info ][safepoint      ] Total time for which application threads were stopped: 0.0001597 seconds, Stopping threads took: 0.0000179 seconds
[235.538s][info ][safepoint      ] Application time: 1.0000812 seconds
[235.538s][info ][safepoint      ] Entering safepoint region: Cleanup
[235.539s][info ][safepoint      ] Leaving safepoint region
[235.539s][info ][safepoint      ] Total time for which application threads were stopped: 0.0001070 seconds, Stopping threads took: 0.0000299 seconds
[236.539s][info ][safepoint      ] Application time: 1.0001168 seconds
[236.539s][info ][safepoint      ] Entering safepoint region: Cleanup
[236.539s][info ][safepoint      ] Leaving safepoint region
[236.539s][info ][safepoint      ] Total time for which application threads were stopped: 0.0000818 seconds, Stopping threads took: 0.0000158 seconds
[238.539s][info ][safepoint      ] Application time: 2.0006551 seconds
[238.539s][info ][safepoint      ] Entering safepoint region: Cleanup
[238.540s][info ][safepoint      ] Leaving safepoint region
[238.540s][info ][safepoint      ] Total time for which application threads were stopped: 0.0000864 seconds, Stopping threads took: 0.0000175 seconds
[240.540s][info ][safepoint      ] Application time: 2.0001657 seconds
[240.540s][info ][safepoint      ] Entering safepoint region: Cleanup
[240.540s][info ][safepoint      ] Leaving safepoint region
[240.540s][info ][safepoint      ] Total time for which application threads were stopped: 0.0003179 seconds, Stopping threads took: 0.0001165 seconds
[241.540s][info ][safepoint      ] Application time: 1.0000713 seconds
[241.540s][info ][safepoint      ] Entering safepoint region: Cleanup
[241.540s][info ][safepoint      ] Leaving safepoint region
[241.540s][info ][safepoint      ] Total time for which application threads were stopped: 0.0002894 seconds, Stopping threads took: 0.0001961 seconds
[242.541s][info ][safepoint      ] Application time: 1.0001125 seconds
[242.541s][info ][safepoint      ] Entering safepoint region: Cleanup
[242.541s][info ][safepoint      ] Leaving safepoint region
[242.541s][info ][safepoint      ] Total time for which application threads were stopped: 0.0001051 seconds, Stopping threads took: 0.0000165 seconds
[243.541s][info ][safepoint      ] Application time: 1.0001054 seconds
[243.541s][info ][safepoint      ] Entering safepoint region: Cleanup
[243.541s][info ][safepoint      ] Leaving safepoint region
[243.541s][info ][safepoint      ] Total time for which application threads were stopped: 0.0001013 seconds, Stopping threads took: 0.0000183 seconds
[245.541s][info ][safepoint      ] Application time: 2.0001764 seconds
[245.541s][info ][safepoint      ] Entering safepoint region: Cleanup
[245.541s][info ][safepoint      ] Leaving safepoint region
[245.541s][info ][safepoint      ] Total time for which application threads were stopped: 0.0001080 seconds, Stopping threads took: 0.0000169 seconds
[246.541s][info ][safepoint      ] Application time: 1.0001003 seconds
[246.542s][info ][safepoint      ] Entering safepoint region: Cleanup
[246.542s][info ][safepoint      ] Leaving safepoint region
[246.542s][info ][safepoint      ] Total time for which application threads were stopped: 0.0000883 seconds, Stopping threads took: 0.0000168 seconds
[247.542s][info ][safepoint      ] Application time: 1.0000885 seconds
[247.542s][info ][safepoint      ] Entering safepoint region: Cleanup
[247.542s][info ][safepoint      ] Leaving safepoint region
[247.542s][info ][safepoint      ] Total time for which application threads were stopped: 0.0000958 seconds, Stopping threads took: 0.0000168 seconds
[247.778s][info ][safepoint      ] Application time: 0.2361131 seconds
[247.778s][info ][safepoint      ] Entering safepoint region: ParallelGCFailedAllocation
[247.778s][info ][gc,start       ] GC(59) Pause Young (Allocation Failure)
[247.799s][debug][gc,phases      ] GC(59) Scavenge 20.687ms
[247.799s][debug][gc,ref         ] GC(59) Skipped phase1 of Reference Processing due to unavailable references
[247.799s][debug][gc,ref         ] GC(59) Skipped phase3 of Reference Processing due to unavailable references
[247.799s][debug][gc,phases      ] GC(59) Reference Processing 0.090ms
[247.799s][debug][gc,phases      ] GC(59) Weak Processing 0.135ms
[247.802s][debug][gc,phases      ] GC(59) Scrub String Table 2.863ms
[247.802s][debug][gc,age         ] GC(59) Desired survivor size 88080384 bytes, new threshold 15 (max threshold 15)
[247.802s][info ][gc,heap        ] GC(59) PSYoungGen: 1956737K->49427K(2011136K)
[247.802s][info ][gc,heap        ] GC(59) ParOldGen: 208184K->208768K(256512K)
[247.802s][info ][gc,metaspace   ] GC(59) Metaspace: 71380K->71380K(1114112K)
[247.802s][info ][gc             ] GC(59) Pause Young (Allocation Failure) 2114M->252M(2214M) 24.001ms
[247.802s][info ][gc,cpu         ] GC(59) User=0.09s Sys=0.02s Real=0.02s
[247.802s][info ][safepoint      ] Leaving safepoint region
[247.802s][info ][safepoint      ] Total time for which application threads were stopped: 0.0242090 seconds, Stopping threads took: 0.0000155 seconds
[248.802s][info ][safepoint      ] Application time: 1.0000787 seconds
[248.802s][info ][safepoint      ] Entering safepoint region: Cleanup
[248.802s][info ][safepoint      ] Leaving safepoint region
[248.802s][info ][safepoint      ] Total time for which application threads were stopped: 0.0001107 seconds, Stopping threads took: 0.0000198 seconds
[250.854s][info ][safepoint      ] Application time: 2.0519716 seconds
[250.854s][info ][safepoint      ] Entering safepoint region: RevokeBias
[250.855s][info ][safepoint      ] Leaving safepoint region
[250.855s][info ][safepoint      ] Total time for which application threads were stopped: 0.0001603 seconds, Stopping threads took: 0.0000164 seconds
[250.855s][info ][safepoint      ] Application time: 0.0000520 seconds
[250.855s][info ][safepoint      ] Entering safepoint region: RevokeBias
[250.855s][info ][safepoint      ] Leaving safepoint region
[250.855s][info ][safepoint      ] Total time for which application threads were stopped: 0.0000447 seconds, Stopping threads took: 0.0000070 seconds
[250.856s][info ][safepoint      ] Application time: 0.0011568 seconds
[250.856s][info ][safepoint      ] Entering safepoint region: RevokeBias
[250.856s][info ][safepoint      ] Leaving safepoint region
[250.856s][info ][safepoint      ] Total time for which application threads were stopped: 0.0003869 seconds, Stopping threads took: 0.0000103 seconds
[251.856s][info ][safepoint      ] Application time: 1.0000912 seconds
[251.856s][info ][safepoint      ] Entering safepoint region: Cleanup
[251.857s][info ][safepoint      ] Leaving safepoint region
[251.857s][info ][safepoint      ] Total time for which application threads were stopped: 0.0001155 seconds, Stopping threads took: 0.0000362 seconds
[252.857s][info ][safepoint      ] Application time: 1.0000702 seconds
[252.857s][info ][safepoint      ] Entering safepoint region: Cleanup
[252.857s][info ][safepoint      ] Leaving safepoint region
[252.857s][info ][safepoint      ] Total time for which application threads were stopped: 0.0001273 seconds, Stopping threads took: 0.0000197 seconds
[255.857s][info ][safepoint      ] Application time: 3.0003141 seconds
[255.857s][info ][safepoint      ] Entering safepoint region: Cleanup
[255.857s][info ][safepoint      ] Leaving safepoint region
[255.857s][info ][safepoint      ] Total time for which application threads were stopped: 0.0001357 seconds, Stopping threads took: 0.0000444 seconds
[256.857s][info ][safepoint      ] Application time: 1.0000831 seconds
[256.857s][info ][safepoint      ] Entering safepoint region: Cleanup
[256.858s][info ][safepoint      ] Leaving safepoint region
[256.858s][info ][safepoint      ] Total time for which application threads were stopped: 0.0001021 seconds, Stopping threads took: 0.0000205 seconds
[258.860s][info ][safepoint      ] Application time: 2.0020437 seconds
[258.860s][info ][safepoint      ] Entering safepoint region: Cleanup
[258.860s][info ][safepoint      ] Leaving safepoint region
[258.860s][info ][safepoint      ] Total time for which application threads were stopped: 0.0001015 seconds, Stopping threads took: 0.0000256 seconds
[259.860s][info ][safepoint      ] Application time: 1.0000868 seconds
[259.860s][info ][safepoint      ] Entering safepoint region: Cleanup
[259.860s][info ][safepoint      ] Leaving safepoint region
[259.860s][info ][safepoint      ] Total time for which application threads were stopped: 0.0000832 seconds, Stopping threads took: 0.0000172 seconds
[260.860s][info ][safepoint      ] Application time: 1.0000537 seconds
[260.860s][info ][safepoint      ] Entering safepoint region: Cleanup
[260.860s][info ][safepoint      ] Leaving safepoint region
[260.860s][info ][safepoint      ] Total time for which application threads were stopped: 0.0001230 seconds, Stopping threads took: 0.0000195 seconds
[261.846s][info ][safepoint      ] Application time: 0.9861801 seconds
[261.846s][info ][safepoint      ] Entering safepoint region: RevokeBias
[261.847s][info ][safepoint      ] Leaving safepoint region
[261.847s][info ][safepoint      ] Total time for which application threads were stopped: 0.0001675 seconds, Stopping threads took: 0.0000338 seconds
[264.847s][info ][safepoint      ] Application time: 3.0003007 seconds
[264.847s][info ][safepoint      ] Entering safepoint region: Cleanup
[264.847s][info ][safepoint      ] Leaving safepoint region
[264.847s][info ][safepoint      ] Total time for which application threads were stopped: 0.0002612 seconds, Stopping threads took: 0.0001142 seconds
[265.025s][info ][safepoint      ] Application time: 0.1779642 seconds
[265.025s][info ][safepoint      ] Entering safepoint region: ParallelGCFailedAllocation
[265.025s][info ][gc,start       ] GC(60) Pause Young (Allocation Failure)
[265.043s][debug][gc,phases      ] GC(60) Scavenge 17.562ms
[265.043s][debug][gc,ref         ] GC(60) Skipped phase1 of Reference Processing due to unavailable references
[265.043s][debug][gc,ref         ] GC(60) Skipped phase3 of Reference Processing due to unavailable references
[265.043s][debug][gc,phases      ] GC(60) Reference Processing 0.097ms
[265.043s][debug][gc,phases      ] GC(60) Weak Processing 0.136ms
[265.044s][debug][gc,phases      ] GC(60) Scrub String Table 0.805ms
[265.044s][debug][gc,age         ] GC(60) Desired survivor size 86507520 bytes, new threshold 15 (max threshold 15)
[265.044s][info ][gc,heap        ] GC(60) PSYoungGen: 1972499K->50595K(2009088K)
[265.044s][info ][gc,heap        ] GC(60) ParOldGen: 208768K->209464K(256512K)
[265.044s][info ][gc,metaspace   ] GC(60) Metaspace: 71395K->71395K(1114112K)
[265.044s][info ][gc             ] GC(60) Pause Young (Allocation Failure) 2130M->253M(2212M) 18.836ms
[265.044s][info ][gc,cpu         ] GC(60) User=0.07s Sys=0.00s Real=0.02s
[265.044s][info ][safepoint      ] Leaving safepoint region
[265.044s][info ][safepoint      ] Total time for which application threads were stopped: 0.0190654 seconds, Stopping threads took: 0.0000161 seconds
[266.044s][info ][safepoint      ] Application time: 1.0001041 seconds
[266.044s][info ][safepoint      ] Entering safepoint region: Cleanup
[266.044s][info ][safepoint      ] Leaving safepoint region
[266.044s][info ][safepoint      ] Total time for which application threads were stopped: 0.0000934 seconds, Stopping threads took: 0.0000180 seconds
[267.045s][info ][safepoint      ] Application time: 1.0001044 seconds
[267.045s][info ][safepoint      ] Entering safepoint region: Cleanup
[267.045s][info ][safepoint      ] Leaving safepoint region
[267.045s][info ][safepoint      ] Total time for which application threads were stopped: 0.0000910 seconds, Stopping threads took: 0.0000182 seconds
[268.045s][info ][safepoint      ] Application time: 1.0001077 seconds
[268.045s][info ][safepoint      ] Entering safepoint region: Cleanup
[268.045s][info ][safepoint      ] Leaving safepoint region
[268.045s][info ][safepoint      ] Total time for which application threads were stopped: 0.0001448 seconds, Stopping threads took: 0.0000206 seconds
[269.045s][info ][safepoint      ] Application time: 1.0001002 seconds
[269.045s][info ][safepoint      ] Entering safepoint region: Cleanup
[269.045s][info ][safepoint      ] Leaving safepoint region
[269.045s][info ][safepoint      ] Total time for which application threads were stopped: 0.0001400 seconds, Stopping threads took: 0.0000414 seconds
[272.046s][info ][safepoint      ] Application time: 3.0003412 seconds
[272.046s][info ][safepoint      ] Entering safepoint region: Cleanup
[272.046s][info ][safepoint      ] Leaving safepoint region
[272.046s][info ][safepoint      ] Total time for which application threads were stopped: 0.0000891 seconds, Stopping threads took: 0.0000191 seconds
[273.046s][info ][safepoint      ] Application time: 1.0001110 seconds
[273.046s][info ][safepoint      ] Entering safepoint region: Cleanup
[273.046s][info ][safepoint      ] Leaving safepoint region
[273.046s][info ][safepoint      ] Total time for which application threads were stopped: 0.0000893 seconds, Stopping threads took: 0.0000184 seconds
[274.046s][info ][safepoint      ] Application time: 1.0000985 seconds
[274.046s][info ][safepoint      ] Entering safepoint region: Cleanup
[274.046s][info ][safepoint      ] Leaving safepoint region
[274.046s][info ][safepoint      ] Total time for which application threads were stopped: 0.0000869 seconds, Stopping threads took: 0.0000180 seconds
[276.046s][info ][safepoint      ] Application time: 2.0001885 seconds
[276.046s][info ][safepoint      ] Entering safepoint region: Cleanup
[276.047s][info ][safepoint      ] Leaving safepoint region
[276.047s][info ][safepoint      ] Total time for which application threads were stopped: 0.0000845 seconds, Stopping threads took: 0.0000171 seconds
[277.047s][info ][safepoint      ] Application time: 1.0001065 seconds
[277.047s][info ][safepoint      ] Entering safepoint region: Cleanup
[277.047s][info ][safepoint      ] Leaving safepoint region
[277.047s][info ][safepoint      ] Total time for which application threads were stopped: 0.0000841 seconds, Stopping threads took: 0.0000171 seconds
[278.047s][info ][safepoint      ] Application time: 1.0000755 seconds
[278.047s][info ][safepoint      ] Entering safepoint region: Cleanup
[278.047s][info ][safepoint      ] Leaving safepoint region
[278.047s][info ][safepoint      ] Total time for which application threads were stopped: 0.0000899 seconds, Stopping threads took: 0.0000206 seconds
[280.047s][info ][safepoint      ] Application time: 2.0001866 seconds
[280.047s][info ][safepoint      ] Entering safepoint region: Cleanup
[280.047s][info ][safepoint      ] Leaving safepoint region
[280.047s][info ][safepoint      ] Total time for which application threads were stopped: 0.0001073 seconds, Stopping threads took: 0.0000347 seconds
[281.047s][info ][safepoint      ] Application time: 1.0000812 seconds
[281.047s][info ][safepoint      ] Entering safepoint region: Cleanup
[281.048s][info ][safepoint      ] Leaving safepoint region
[281.048s][info ][safepoint      ] Total time for which application threads were stopped: 0.0001025 seconds, Stopping threads took: 0.0000192 seconds
[282.882s][info ][safepoint      ] Application time: 1.8348053 seconds
[282.883s][info ][safepoint      ] Entering safepoint region: ParallelGCFailedAllocation
[282.883s][info ][gc,start       ] GC(61) Pause Young (Allocation Failure)
[282.902s][debug][gc,phases      ] GC(61) Scavenge 19.368ms
[282.902s][debug][gc,ref         ] GC(61) Skipped phase1 of Reference Processing due to unavailable references
[282.902s][debug][gc,ref         ] GC(61) Skipped phase3 of Reference Processing due to unavailable references
[282.902s][debug][gc,phases      ] GC(61) Reference Processing 0.083ms
[282.902s][debug][gc,phases      ] GC(61) Weak Processing 0.128ms
[282.903s][debug][gc,phases      ] GC(61) Scrub String Table 0.789ms
[282.903s][debug][gc,age         ] GC(61) Desired survivor size 84410368 bytes, new threshold 15 (max threshold 15)
[282.903s][info ][gc,heap        ] GC(61) PSYoungGen: 1973667K->49587K(2014720K)
[282.903s][info ][gc,heap        ] GC(61) ParOldGen: 209464K->210560K(256512K)
[282.903s][info ][gc,metaspace   ] GC(61) Metaspace: 71409K->71409K(1114112K)
[282.903s][info ][gc             ] GC(61) Pause Young (Allocation Failure) 2131M->254M(2218M) 20.566ms
[282.903s][info ][gc,cpu         ] GC(61) User=0.07s Sys=0.00s Real=0.02s
[282.903s][info ][safepoint      ] Leaving safepoint region
[282.903s][info ][safepoint      ] Total time for which application threads were stopped: 0.0209694 seconds, Stopping threads took: 0.0000825 seconds
[283.904s][info ][safepoint      ] Application time: 1.0001082 seconds
[283.904s][info ][safepoint      ] Entering safepoint region: Cleanup
[283.904s][info ][safepoint      ] Leaving safepoint region
[283.904s][info ][safepoint      ] Total time for which application threads were stopped: 0.0001035 seconds, Stopping threads took: 0.0000189 seconds
[284.904s][info ][safepoint      ] Application time: 1.0000916 seconds
[284.904s][info ][safepoint      ] Entering safepoint region: Cleanup
[284.904s][info ][safepoint      ] Leaving safepoint region
[284.904s][info ][safepoint      ] Total time for which application threads were stopped: 0.0001024 seconds, Stopping threads took: 0.0000201 seconds
[285.904s][info ][safepoint      ] Application time: 1.0001114 seconds
[285.904s][info ][safepoint      ] Entering safepoint region: Cleanup
[285.904s][info ][safepoint      ] Leaving safepoint region
[285.904s][info ][safepoint      ] Total time for which application threads were stopped: 0.0000889 seconds, Stopping threads took: 0.0000180 seconds
[288.904s][info ][safepoint      ] Application time: 3.0002859 seconds
[288.905s][info ][safepoint      ] Entering safepoint region: Cleanup
[288.905s][info ][safepoint      ] Leaving safepoint region
[288.905s][info ][safepoint      ] Total time for which application threads were stopped: 0.0001190 seconds, Stopping threads took: 0.0000393 seconds
[289.905s][info ][safepoint      ] Application time: 1.0000928 seconds
[289.905s][info ][safepoint      ] Entering safepoint region: Cleanup
[289.905s][info ][safepoint      ] Leaving safepoint region
[289.905s][info ][safepoint      ] Total time for which application threads were stopped: 0.0000921 seconds, Stopping threads took: 0.0000205 seconds
[290.905s][info ][safepoint      ] Application time: 1.0000378 seconds
[290.905s][info ][safepoint      ] Entering safepoint region: Cleanup
[290.905s][info ][safepoint      ] Leaving safepoint region
[290.905s][info ][safepoint      ] Total time for which application threads were stopped: 0.0001084 seconds, Stopping threads took: 0.0000196 seconds
[291.905s][info ][safepoint      ] Application time: 1.0000917 seconds
[291.905s][info ][safepoint      ] Entering safepoint region: Cleanup
[291.905s][info ][safepoint      ] Leaving safepoint region
[291.905s][info ][safepoint      ] Total time for which application threads were stopped: 0.0000936 seconds, Stopping threads took: 0.0000200 seconds
[292.905s][info ][safepoint      ] Application time: 1.0000824 seconds
[292.905s][info ][safepoint      ] Entering safepoint region: Cleanup
[292.905s][info ][safepoint      ] Leaving safepoint region
[292.905s][info ][safepoint      ] Total time for which application threads were stopped: 0.0000932 seconds, Stopping threads took: 0.0000210 seconds
[293.906s][info ][safepoint      ] Application time: 1.0000833 seconds
[293.906s][info ][safepoint      ] Entering safepoint region: Cleanup
[293.906s][info ][safepoint      ] Leaving safepoint region
[293.906s][info ][safepoint      ] Total time for which application threads were stopped: 0.0000948 seconds, Stopping threads took: 0.0000194 seconds
[295.906s][info ][safepoint      ] Application time: 2.0002288 seconds
[295.906s][info ][safepoint      ] Entering safepoint region: Cleanup
[295.906s][info ][safepoint      ] Leaving safepoint region
[295.906s][info ][safepoint      ] Total time for which application threads were stopped: 0.0000911 seconds, Stopping threads took: 0.0000185 seconds
[297.906s][info ][safepoint      ] Application time: 2.0001523 seconds
[297.906s][info ][safepoint      ] Entering safepoint region: Cleanup
[297.906s][info ][safepoint      ] Leaving safepoint region
[297.906s][info ][safepoint      ] Total time for which application threads were stopped: 0.0000885 seconds, Stopping threads took: 0.0000202 seconds
[299.907s][info ][safepoint      ] Application time: 2.0001461 seconds
[299.907s][info ][safepoint      ] Entering safepoint region: Cleanup
[299.907s][info ][safepoint      ] Leaving safepoint region
[299.907s][info ][safepoint      ] Total time for which application threads were stopped: 0.0001395 seconds, Stopping threads took: 0.0000689 seconds
[300.689s][info ][safepoint      ] Application time: 0.7825277 seconds
[300.690s][info ][safepoint      ] Entering safepoint region: ParallelGCFailedAllocation
[300.690s][info ][gc,start       ] GC(62) Pause Young (Allocation Failure)
[300.711s][debug][gc,phases      ] GC(62) Scavenge 21.466ms
[300.711s][debug][gc,ref         ] GC(62) Skipped phase1 of Reference Processing due to unavailable references
[300.711s][debug][gc,ref         ] GC(62) Skipped phase3 of Reference Processing due to unavailable references
[300.711s][debug][gc,phases      ] GC(62) Reference Processing 0.050ms
[300.712s][debug][gc,phases      ] GC(62) Weak Processing 0.134ms
[300.712s][debug][gc,phases      ] GC(62) Scrub String Table 0.466ms
[300.712s][debug][gc,age         ] GC(62) Desired survivor size 84410368 bytes, new threshold 15 (max threshold 15)
[300.712s][info ][gc,heap        ] GC(62) PSYoungGen: 1979827K->24001K(2012672K)
[300.712s][info ][gc,heap        ] GC(62) ParOldGen: 210560K->237575K(256512K)
[300.712s][info ][gc,metaspace   ] GC(62) Metaspace: 71417K->71417K(1114112K)
[300.712s][info ][gc             ] GC(62) Pause Young (Allocation Failure) 2139M->255M(2216M) 22.287ms
[300.712s][info ][gc,cpu         ] GC(62) User=0.04s Sys=0.03s Real=0.02s
[300.712s][info ][safepoint      ] Leaving safepoint region
[300.712s][info ][safepoint      ] Total time for which application threads were stopped: 0.0229049 seconds, Stopping threads took: 0.0004284 seconds
[301.712s][info ][safepoint      ] Application time: 1.0001244 seconds
[301.712s][info ][safepoint      ] Entering safepoint region: Cleanup
[301.713s][info ][safepoint      ] Leaving safepoint region
[301.713s][info ][safepoint      ] Total time for which application threads were stopped: 0.0002875 seconds, Stopping threads took: 0.0000901 seconds
[304.713s][info ][safepoint      ] Application time: 3.0002132 seconds
[304.713s][info ][safepoint      ] Entering safepoint region: Cleanup
[304.713s][info ][safepoint      ] Leaving safepoint region
[304.713s][info ][safepoint      ] Total time for which application threads were stopped: 0.0001107 seconds, Stopping threads took: 0.0000323 seconds
[306.713s][info ][safepoint      ] Application time: 2.0001565 seconds
[306.713s][info ][safepoint      ] Entering safepoint region: Cleanup
[306.713s][info ][safepoint      ] Leaving safepoint region
[306.713s][info ][safepoint      ] Total time for which application threads were stopped: 0.0000899 seconds, Stopping threads took: 0.0000185 seconds
[306.916s][info ][safepoint      ] Application time: 0.2026953 seconds
[306.916s][info ][safepoint      ] Entering safepoint region: RevokeBias
[306.916s][info ][safepoint      ] Leaving safepoint region
[306.916s][info ][safepoint      ] Total time for which application threads were stopped: 0.0001217 seconds, Stopping threads took: 0.0000188 seconds
[307.916s][info ][safepoint      ] Application time: 1.0000870 seconds
[307.916s][info ][safepoint      ] Entering safepoint region: Cleanup
[307.916s][info ][safepoint      ] Leaving safepoint region
[307.916s][info ][safepoint      ] Total time for which application threads were stopped: 0.0000872 seconds, Stopping threads took: 0.0000172 seconds
[308.916s][info ][safepoint      ] Application time: 1.0000801 seconds
[308.917s][info ][safepoint      ] Entering safepoint region: Cleanup
[308.917s][info ][safepoint      ] Leaving safepoint region
[308.917s][info ][safepoint      ] Total time for which application threads were stopped: 0.0001436 seconds, Stopping threads took: 0.0000630 seconds
[309.917s][info ][safepoint      ] Application time: 1.0000775 seconds
[309.917s][info ][safepoint      ] Entering safepoint region: Cleanup
[309.917s][info ][safepoint      ] Leaving safepoint region
[309.917s][info ][safepoint      ] Total time for which application threads were stopped: 0.0001401 seconds, Stopping threads took: 0.0000176 seconds
[310.855s][info ][safepoint      ] Application time: 0.9384336 seconds
[310.855s][info ][safepoint      ] Entering safepoint region: RevokeBias
[310.856s][info ][safepoint      ] Leaving safepoint region
[310.856s][info ][safepoint      ] Total time for which application threads were stopped: 0.0001536 seconds, Stopping threads took: 0.0000189 seconds
[311.856s][info ][safepoint      ] Application time: 1.0001181 seconds
[311.856s][info ][safepoint      ] Entering safepoint region: Cleanup
[311.856s][info ][safepoint      ] Leaving safepoint region
[311.856s][info ][safepoint      ] Total time for which application threads were stopped: 0.0001065 seconds, Stopping threads took: 0.0000158 seconds
[312.856s][info ][safepoint      ] Application time: 1.0000780 seconds
[312.856s][info ][safepoint      ] Entering safepoint region: Cleanup
[312.856s][info ][safepoint      ] Leaving safepoint region
[312.856s][info ][safepoint      ] Total time for which application threads were stopped: 0.0001066 seconds, Stopping threads took: 0.0000177 seconds
[313.856s][info ][safepoint      ] Application time: 1.0001119 seconds
[313.856s][info ][safepoint      ] Entering safepoint region: Cleanup
[313.856s][info ][safepoint      ] Leaving safepoint region
[313.856s][info ][safepoint      ] Total time for which application threads were stopped: 0.0000840 seconds, Stopping threads took: 0.0000169 seconds
[314.856s][info ][safepoint      ] Application time: 1.0000716 seconds
[314.856s][info ][safepoint      ] Entering safepoint region: Cleanup
[314.857s][info ][safepoint      ] Leaving safepoint region
[314.857s][info ][safepoint      ] Total time for which application threads were stopped: 0.0001121 seconds, Stopping threads took: 0.0000318 seconds
[315.857s][info ][safepoint      ] Application time: 1.0000718 seconds
[315.857s][info ][safepoint      ] Entering safepoint region: Cleanup
[315.857s][info ][safepoint      ] Leaving safepoint region
[315.857s][info ][safepoint      ] Total time for which application threads were stopped: 0.0000975 seconds, Stopping threads took: 0.0000162 seconds
[316.787s][info ][safepoint      ] Application time: 0.9300592 seconds
[316.787s][info ][safepoint      ] Entering safepoint region: ParallelGCFailedAllocation
[316.787s][info ][gc,start       ] GC(63) Pause Young (Allocation Failure)
[316.805s][debug][gc,phases      ] GC(63) Scavenge 17.381ms
[316.805s][debug][gc,ref         ] GC(63) Skipped phase1 of Reference Processing due to unavailable references
[316.805s][debug][gc,ref         ] GC(63) Skipped phase3 of Reference Processing due to unavailable references
[316.805s][debug][gc,phases      ] GC(63) Reference Processing 0.056ms
[316.805s][debug][gc,phases      ] GC(63) Weak Processing 0.139ms
[316.806s][debug][gc,phases      ] GC(63) Scrub String Table 0.777ms
[316.806s][debug][gc,age         ] GC(63) Desired survivor size 80740352 bytes, new threshold 15 (max threshold 15)
[316.806s][info ][gc,heap        ] GC(63) PSYoungGen: 1954241K->39985K(2018304K)
[316.806s][info ][gc,heap        ] GC(63) ParOldGen: 237575K->237995K(256512K)
[316.806s][info ][gc,metaspace   ] GC(63) Metaspace: 71475K->71475K(1114112K)
[316.806s][info ][gc             ] GC(63) Pause Young (Allocation Failure) 2140M->271M(2221M) 18.529ms
[316.806s][info ][gc,cpu         ] GC(63) User=0.06s Sys=0.01s Real=0.02s
[316.806s][info ][safepoint      ] Leaving safepoint region
[316.806s][info ][safepoint      ] Total time for which application threads were stopped: 0.0190450 seconds, Stopping threads took: 0.0000680 seconds
[317.806s][info ][safepoint      ] Application time: 1.0000861 seconds
[317.806s][info ][safepoint      ] Entering safepoint region: Cleanup
[317.806s][info ][safepoint      ] Leaving safepoint region
[317.806s][info ][safepoint      ] Total time for which application threads were stopped: 0.0001223 seconds, Stopping threads took: 0.0000155 seconds
[318.806s][info ][safepoint      ] Application time: 1.0000956 seconds
[318.806s][info ][safepoint      ] Entering safepoint region: Cleanup
[318.806s][info ][safepoint      ] Leaving safepoint region
[318.806s][info ][safepoint      ] Total time for which application threads were stopped: 0.0000921 seconds, Stopping threads took: 0.0000187 seconds
[321.846s][info ][safepoint      ] Application time: 3.0399788 seconds
[321.846s][info ][safepoint      ] Entering safepoint region: RevokeBias
[321.847s][info ][safepoint      ] Leaving safepoint region
[321.847s][info ][safepoint      ] Total time for which application threads were stopped: 0.0001641 seconds, Stopping threads took: 0.0000689 seconds
[322.847s][info ][safepoint      ] Application time: 1.0000924 seconds
[322.847s][info ][safepoint      ] Entering safepoint region: Cleanup
[322.847s][info ][safepoint      ] Leaving safepoint region
[322.847s][info ][safepoint      ] Total time for which application threads were stopped: 0.0000888 seconds, Stopping threads took: 0.0000168 seconds
[324.847s][info ][safepoint      ] Application time: 2.0002191 seconds
[324.847s][info ][safepoint      ] Entering safepoint region: Cleanup
[324.847s][info ][safepoint      ] Leaving safepoint region
[324.847s][info ][safepoint      ] Total time for which application threads were stopped: 0.0000865 seconds, Stopping threads took: 0.0000177 seconds
[325.848s][info ][safepoint      ] Application time: 1.0006188 seconds
[325.848s][info ][safepoint      ] Entering safepoint region: Cleanup
[325.848s][info ][safepoint      ] Leaving safepoint region
[325.848s][info ][safepoint      ] Total time for which application threads were stopped: 0.0000863 seconds, Stopping threads took: 0.0000170 seconds
[326.848s][info ][safepoint      ] Application time: 1.0000818 seconds
[326.848s][info ][safepoint      ] Entering safepoint region: Cleanup
[326.848s][info ][safepoint      ] Leaving safepoint region
[326.848s][info ][safepoint      ] Total time for which application threads were stopped: 0.0000908 seconds, Stopping threads took: 0.0000177 seconds
[327.848s][info ][safepoint      ] Application time: 1.0001101 seconds
[327.848s][info ][safepoint      ] Entering safepoint region: Cleanup
[327.848s][info ][safepoint      ] Leaving safepoint region
[327.848s][info ][safepoint      ] Total time for which application threads were stopped: 0.0001050 seconds, Stopping threads took: 0.0000178 seconds
[333.849s][info ][safepoint      ] Application time: 6.0009491 seconds
[333.849s][info ][safepoint      ] Entering safepoint region: Cleanup
[333.850s][info ][safepoint      ] Leaving safepoint region
[333.850s][info ][safepoint      ] Total time for which application threads were stopped: 0.0002611 seconds, Stopping threads took: 0.0000855 seconds
[334.850s][info ][safepoint      ] Application time: 1.0000930 seconds
[334.850s][info ][safepoint      ] Entering safepoint region: Cleanup
[334.850s][info ][safepoint      ] Leaving safepoint region
[334.850s][info ][safepoint      ] Total time for which application threads were stopped: 0.0000968 seconds, Stopping threads took: 0.0000188 seconds
[335.020s][info ][safepoint      ] Application time: 0.1698512 seconds
[335.020s][info ][safepoint      ] Entering safepoint region: ParallelGCFailedAllocation
[335.020s][info ][gc,start       ] GC(64) Pause Young (Allocation Failure)
[335.032s][debug][gc,phases      ] GC(64) Scavenge 12.011ms
[335.032s][debug][gc,ref         ] GC(64) Skipped phase1 of Reference Processing due to unavailable references
[335.032s][debug][gc,ref         ] GC(64) Skipped phase3 of Reference Processing due to unavailable references
[335.032s][debug][gc,phases      ] GC(64) Reference Processing 0.050ms
[335.032s][debug][gc,phases      ] GC(64) Weak Processing 0.114ms
[335.033s][debug][gc,phases      ] GC(64) Scrub String Table 0.738ms
[335.033s][debug][gc,age         ] GC(64) Desired survivor size 80740352 bytes, new threshold 15 (max threshold 15)
[335.033s][info ][gc,heap        ] GC(64) PSYoungGen: 1975857K->21393K(2014720K)
[335.033s][info ][gc,heap        ] GC(64) ParOldGen: 237995K->241880K(256512K)
[335.033s][info ][gc,metaspace   ] GC(64) Metaspace: 71480K->71480K(1114112K)
[335.033s][info ][gc             ] GC(64) Pause Young (Allocation Failure) 2161M->257M(2218M) 13.131ms
[335.033s][info ][gc,cpu         ] GC(64) User=0.05s Sys=0.00s Real=0.01s
[335.033s][debug][gc,phases      ] GC(65) Pre Compact 0.018ms
[335.033s][info ][gc,start       ] GC(65) Pause Full (Ergonomics)
[335.033s][info ][gc,phases,start] GC(65) Marking Phase
[335.212s][debug][gc,phases      ] GC(65) Par Mark 178.568ms
[335.212s][debug][gc,ref         ] GC(65) Skipped phase1 of Reference Processing due to unavailable references
[335.213s][debug][gc,ref         ] GC(65) Skipped phase3 of Reference Processing due to unavailable references
[335.213s][debug][gc,phases      ] GC(65) Reference Processing 0.350ms
[335.213s][debug][gc,phases      ] GC(65) Weak Processing 0.149ms
[335.214s][debug][gc,phases      ] GC(65) ClassLoaderData 0.862ms
[335.214s][debug][gc,phases      ] GC(65) ProtectionDomainCacheTable 0.005ms
[335.214s][debug][gc,phases      ] GC(65) ResolvedMethodTable 0.242ms
[335.229s][debug][gc,phases      ] GC(65) Class Unloading 15.726ms
[335.229s][debug][gc,phases      ] GC(65) Scrub String Table 0.524ms
[335.244s][debug][gc,phases      ] GC(65) Scrub Symbol Table 15.255ms
[335.244s][info ][gc,phases      ] GC(65) Marking Phase 211.265ms
[335.244s][info ][gc,phases,start] GC(65) Summary Phase
[335.244s][info ][gc,phases      ] GC(65) Summary Phase 0.038ms
[335.245s][info ][gc,phases,start] GC(65) Adjust Roots
[335.269s][info ][gc,phases      ] GC(65) Adjust Roots 24.168ms
[335.269s][info ][gc,phases,start] GC(65) Compaction Phase
[335.378s][info ][gc,phases      ] GC(65) Compaction Phase 108.949ms
[335.378s][info ][gc,phases,start] GC(65) Post Compact
[335.379s][info ][gc,phases      ] GC(65) Post Compact 1.399ms
[335.379s][info ][gc,heap        ] GC(65) PSYoungGen: 21393K->0K(2018304K)
[335.379s][info ][gc,heap        ] GC(65) ParOldGen: 241880K->254882K(323072K)
[335.379s][info ][gc,metaspace   ] GC(65) Metaspace: 71480K->71480K(1114112K)
[335.379s][info ][gc             ] GC(65) Pause Full (Ergonomics) 257M->248M(2286M) 346.241ms
[335.379s][info ][gc,cpu         ] GC(65) User=1.12s Sys=0.08s Real=0.35s
[335.379s][info ][safepoint      ] Leaving safepoint region
[335.379s][info ][safepoint      ] Total time for which application threads were stopped: 0.3596940 seconds, Stopping threads took: 0.0000180 seconds
[336.380s][info ][safepoint      ] Application time: 1.0001302 seconds
[336.380s][info ][safepoint      ] Entering safepoint region: Cleanup
[336.380s][info ][safepoint      ] Leaving safepoint region
[336.380s][info ][safepoint      ] Total time for which application threads were stopped: 0.0001431 seconds, Stopping threads took: 0.0000436 seconds
[337.380s][info ][safepoint      ] Application time: 1.0001112 seconds
[337.380s][info ][safepoint      ] Entering safepoint region: Cleanup
[337.380s][info ][safepoint      ] Leaving safepoint region
[337.380s][info ][safepoint      ] Total time for which application threads were stopped: 0.0001462 seconds, Stopping threads took: 0.0000665 seconds
[338.380s][info ][safepoint      ] Application time: 1.0000871 seconds
[338.380s][info ][safepoint      ] Entering safepoint region: Cleanup
[338.380s][info ][safepoint      ] Leaving safepoint region
[338.380s][info ][safepoint      ] Total time for which application threads were stopped: 0.0001296 seconds, Stopping threads took: 0.0000506 seconds
[339.381s][info ][safepoint      ] Application time: 1.0001180 seconds
[339.381s][info ][safepoint      ] Entering safepoint region: Cleanup
[339.381s][info ][safepoint      ] Leaving safepoint region
[339.381s][info ][safepoint      ] Total time for which application threads were stopped: 0.0001367 seconds, Stopping threads took: 0.0000461 seconds
[340.381s][info ][safepoint      ] Application time: 1.0001149 seconds
[340.381s][info ][safepoint      ] Entering safepoint region: Cleanup
[340.381s][info ][safepoint      ] Leaving safepoint region
[340.381s][info ][safepoint      ] Total time for which application threads were stopped: 0.0001236 seconds, Stopping threads took: 0.0000468 seconds
[341.381s][info ][safepoint      ] Application time: 1.0000814 seconds
[341.381s][info ][safepoint      ] Entering safepoint region: Cleanup
[341.381s][info ][safepoint      ] Leaving safepoint region
[341.381s][info ][safepoint      ] Total time for which application threads were stopped: 0.0001210 seconds, Stopping threads took: 0.0000404 seconds
[342.381s][info ][safepoint      ] Application time: 1.0000684 seconds
[342.381s][info ][safepoint      ] Entering safepoint region: Cleanup
[342.381s][info ][safepoint      ] Leaving safepoint region
[342.381s][info ][safepoint      ] Total time for which application threads were stopped: 0.0001148 seconds, Stopping threads took: 0.0000413 seconds
[343.382s][info ][safepoint      ] Application time: 1.0000944 seconds
[343.382s][info ][safepoint      ] Entering safepoint region: Cleanup
[343.382s][info ][safepoint      ] Leaving safepoint region
[343.382s][info ][safepoint      ] Total time for which application threads were stopped: 0.0002486 seconds, Stopping threads took: 0.0000479 seconds
[344.382s][info ][safepoint      ] Application time: 1.0000970 seconds
[344.382s][info ][safepoint      ] Entering safepoint region: Cleanup
[344.382s][info ][safepoint      ] Leaving safepoint region
[344.382s][info ][safepoint      ] Total time for which application threads were stopped: 0.0001169 seconds, Stopping threads took: 0.0000456 seconds
[345.382s][info ][safepoint      ] Application time: 1.0001079 seconds
[345.382s][info ][safepoint      ] Entering safepoint region: Cleanup
[345.382s][info ][safepoint      ] Leaving safepoint region
[345.382s][info ][safepoint      ] Total time for which application threads were stopped: 0.0002011 seconds, Stopping threads took: 0.0001291 seconds
[347.383s][info ][safepoint      ] Application time: 2.0001825 seconds
[347.383s][info ][safepoint      ] Entering safepoint region: Cleanup
[347.383s][info ][safepoint      ] Leaving safepoint region
[347.383s][info ][safepoint      ] Total time for which application threads were stopped: 0.0001010 seconds, Stopping threads took: 0.0000172 seconds
[350.383s][info ][safepoint      ] Application time: 3.0003362 seconds
[350.383s][info ][safepoint      ] Entering safepoint region: Cleanup
[350.383s][info ][safepoint      ] Leaving safepoint region
[350.383s][info ][safepoint      ] Total time for which application threads were stopped: 0.0001960 seconds, Stopping threads took: 0.0000627 seconds
[353.268s][info ][safepoint      ] Application time: 2.8843951 seconds
[353.268s][info ][safepoint      ] Entering safepoint region: ParallelGCFailedAllocation
[353.268s][info ][gc,start       ] GC(66) Pause Young (Allocation Failure)
[353.274s][debug][gc,phases      ] GC(66) Scavenge 6.168ms
[353.274s][debug][gc,ref         ] GC(66) Skipped phase1 of Reference Processing due to unavailable references
[353.274s][debug][gc,ref         ] GC(66) Skipped phase2 of Reference Processing due to unavailable references
[353.274s][debug][gc,ref         ] GC(66) Skipped phase3 of Reference Processing due to unavailable references
[353.274s][debug][gc,ref         ] GC(66) Skipped phase4 of Reference Processing due to unavailable references
[353.274s][debug][gc,phases      ] GC(66) Reference Processing 0.044ms
[353.275s][debug][gc,phases      ] GC(66) Weak Processing 0.111ms
[353.275s][debug][gc,phases      ] GC(66) Scrub String Table 0.733ms
[353.275s][debug][gc,age         ] GC(66) Desired survivor size 83361792 bytes, new threshold 15 (max threshold 15)
[353.275s][info ][gc,heap        ] GC(66) PSYoungGen: 1939456K->1472K(1940992K)
[353.275s][info ][gc,heap        ] GC(66) ParOldGen: 254882K->254882K(323072K)
[353.275s][info ][gc,metaspace   ] GC(66) Metaspace: 71486K->71486K(1114112K)
[353.275s][info ][gc             ] GC(66) Pause Young (Allocation Failure) 2142M->250M(2211M) 7.228ms
[353.275s][info ][gc,cpu         ] GC(66) User=0.02s Sys=0.00s Real=0.00s
[353.275s][info ][safepoint      ] Leaving safepoint region
[353.275s][info ][safepoint      ] Total time for which application threads were stopped: 0.0075594 seconds, Stopping threads took: 0.0000636 seconds
[356.276s][info ][safepoint      ] Application time: 3.0003964 seconds
[356.276s][info ][safepoint      ] Entering safepoint region: Cleanup
[356.276s][info ][safepoint      ] Leaving safepoint region
[356.276s][info ][safepoint      ] Total time for which application threads were stopped: 0.0001650 seconds, Stopping threads took: 0.0000502 seconds
[357.276s][info ][safepoint      ] Application time: 1.0000927 seconds
[357.276s][info ][safepoint      ] Entering safepoint region: Cleanup
[357.276s][info ][safepoint      ] Leaving safepoint region
[357.276s][info ][safepoint      ] Total time for which application threads were stopped: 0.0001696 seconds, Stopping threads took: 0.0000824 seconds
[359.277s][info ][safepoint      ] Application time: 2.0001925 seconds
[359.277s][info ][safepoint      ] Entering safepoint region: Cleanup
[359.277s][info ][safepoint      ] Leaving safepoint region
[359.277s][info ][safepoint      ] Total time for which application threads were stopped: 0.0001514 seconds, Stopping threads took: 0.0000606 seconds
[360.277s][info ][safepoint      ] Application time: 1.0003756 seconds
[360.277s][info ][safepoint      ] Entering safepoint region: Cleanup
[360.277s][info ][safepoint      ] Leaving safepoint region
[360.277s][info ][safepoint      ] Total time for which application threads were stopped: 0.0003024 seconds, Stopping threads took: 0.0002059 seconds
[361.278s][info ][safepoint      ] Application time: 1.0001376 seconds
[361.278s][info ][safepoint      ] Entering safepoint region: Cleanup
[361.278s][info ][safepoint      ] Leaving safepoint region
[361.278s][info ][safepoint      ] Total time for which application threads were stopped: 0.0001284 seconds, Stopping threads took: 0.0000456 seconds
[365.278s][info ][safepoint      ] Application time: 4.0003567 seconds
[365.278s][info ][safepoint      ] Entering safepoint region: Cleanup
[365.278s][info ][safepoint      ] Leaving safepoint region
[365.278s][info ][safepoint      ] Total time for which application threads were stopped: 0.0001466 seconds, Stopping threads took: 0.0000602 seconds
[366.278s][info ][safepoint      ] Application time: 1.0001141 seconds
[366.279s][info ][safepoint      ] Entering safepoint region: Cleanup
[366.279s][info ][safepoint      ] Leaving safepoint region
[366.279s][info ][safepoint      ] Total time for which application threads were stopped: 0.0001304 seconds, Stopping threads took: 0.0000452 seconds
[369.279s][info ][safepoint      ] Application time: 3.0003962 seconds
[369.279s][info ][safepoint      ] Entering safepoint region: Cleanup
[369.279s][info ][safepoint      ] Leaving safepoint region
[369.279s][info ][safepoint      ] Total time for which application threads were stopped: 0.0001304 seconds, Stopping threads took: 0.0000594 seconds
[371.521s][info ][safepoint      ] Application time: 2.2416195 seconds
[371.521s][info ][safepoint      ] Entering safepoint region: ParallelGCFailedAllocation
[371.521s][info ][gc,start       ] GC(67) Pause Young (Allocation Failure)
[371.527s][debug][gc,phases      ] GC(67) Scavenge 5.902ms
[371.527s][debug][gc,ref         ] GC(67) Skipped phase1 of Reference Processing due to unavailable references
[371.527s][debug][gc,ref         ] GC(67) Skipped phase2 of Reference Processing due to unavailable references
[371.527s][debug][gc,ref         ] GC(67) Skipped phase3 of Reference Processing due to unavailable references
[371.527s][debug][gc,ref         ] GC(67) Skipped phase4 of Reference Processing due to unavailable references
[371.527s][debug][gc,phases      ] GC(67) Reference Processing 0.047ms
[371.527s][debug][gc,phases      ] GC(67) Weak Processing 0.128ms
[371.528s][debug][gc,phases      ] GC(67) Scrub String Table 0.825ms
[371.528s][debug][gc,age         ] GC(67) Desired survivor size 84410368 bytes, new threshold 15 (max threshold 15)
[371.528s][info ][gc,heap        ] GC(67) PSYoungGen: 1940928K->2256K(2013696K)
[371.528s][info ][gc,heap        ] GC(67) ParOldGen: 254882K->254882K(323072K)
[371.528s][info ][gc,metaspace   ] GC(67) Metaspace: 71494K->71494K(1114112K)
[371.528s][info ][gc             ] GC(67) Pause Young (Allocation Failure) 2144M->251M(2282M) 7.068ms
[371.528s][info ][gc,cpu         ] GC(67) User=0.02s Sys=0.01s Real=0.01s
[371.528s][info ][safepoint      ] Leaving safepoint region
[371.528s][info ][safepoint      ] Total time for which application threads were stopped: 0.0074481 seconds, Stopping threads took: 0.0000774 seconds
[374.529s][info ][safepoint      ] Application time: 3.0003054 seconds
[374.529s][info ][safepoint      ] Entering safepoint region: Cleanup
[374.529s][info ][safepoint      ] Leaving safepoint region
[374.529s][info ][safepoint      ] Total time for which application threads were stopped: 0.0001555 seconds, Stopping threads took: 0.0000449 seconds
[375.529s][info ][safepoint      ] Application time: 1.0001186 seconds
[375.529s][info ][safepoint      ] Entering safepoint region: Cleanup
[375.529s][info ][safepoint      ] Leaving safepoint region
[375.529s][info ][safepoint      ] Total time for which application threads were stopped: 0.0001466 seconds, Stopping threads took: 0.0000603 seconds
[376.529s][info ][safepoint      ] Application time: 1.0000622 seconds
[376.529s][info ][safepoint      ] Entering safepoint region: Cleanup
[376.529s][info ][safepoint      ] Leaving safepoint region
[376.529s][info ][safepoint      ] Total time for which application threads were stopped: 0.0001423 seconds, Stopping threads took: 0.0000400 seconds
[378.530s][info ][safepoint      ] Application time: 2.0002011 seconds
[378.530s][info ][safepoint      ] Entering safepoint region: Cleanup
[378.530s][info ][safepoint      ] Leaving safepoint region
[378.530s][info ][safepoint      ] Total time for which application threads were stopped: 0.0001537 seconds, Stopping threads took: 0.0000654 seconds
[379.531s][info ][safepoint      ] Application time: 1.0010055 seconds
[379.532s][info ][safepoint      ] Entering safepoint region: Cleanup
[379.532s][info ][safepoint      ] Leaving safepoint region
[379.532s][info ][safepoint      ] Total time for which application threads were stopped: 0.0010406 seconds, Stopping threads took: 0.0009565 seconds
[380.532s][info ][safepoint      ] Application time: 1.0000988 seconds
[380.532s][info ][safepoint      ] Entering safepoint region: Cleanup
[380.532s][info ][safepoint      ] Leaving safepoint region
[380.532s][info ][safepoint      ] Total time for which application threads were stopped: 0.0001240 seconds, Stopping threads took: 0.0000475 seconds
[381.532s][info ][safepoint      ] Application time: 1.0000777 seconds
[381.532s][info ][safepoint      ] Entering safepoint region: Cleanup
[381.532s][info ][safepoint      ] Leaving safepoint region
[381.532s][info ][safepoint      ] Total time for which application threads were stopped: 0.0000968 seconds, Stopping threads took: 0.0000163 seconds
[381.846s][info ][safepoint      ] Application time: 0.3140403 seconds
[381.846s][info ][safepoint      ] Entering safepoint region: RevokeBias
[381.847s][info ][safepoint      ] Leaving safepoint region
[381.847s][info ][safepoint      ] Total time for which application threads were stopped: 0.0001244 seconds, Stopping threads took: 0.0000156 seconds
[382.433s][info ][safepoint      ] Application time: 0.5861023 seconds
[382.433s][info ][safepoint      ] Entering safepoint region: Deoptimize
[382.439s][info ][safepoint      ] Leaving safepoint region
[382.439s][info ][safepoint      ] Total time for which application threads were stopped: 0.0062070 seconds, Stopping threads took: 0.0000153 seconds
[382.800s][info ][safepoint      ] Application time: 0.3611629 seconds
[382.800s][info ][safepoint      ] Entering safepoint region: RevokeBias
[382.800s][info ][safepoint      ] Leaving safepoint region
[382.800s][info ][safepoint      ] Total time for which application threads were stopped: 0.0001278 seconds, Stopping threads took: 0.0000164 seconds
[383.800s][info ][safepoint      ] Application time: 1.0001246 seconds
[383.801s][info ][safepoint      ] Entering safepoint region: Cleanup
[383.801s][info ][safepoint      ] Leaving safepoint region
[383.801s][info ][safepoint      ] Total time for which application threads were stopped: 0.0002001 seconds, Stopping threads took: 0.0001175 seconds
[385.801s][info ][safepoint      ] Application time: 2.0001969 seconds
[385.801s][info ][safepoint      ] Entering safepoint region: Cleanup
[385.801s][info ][safepoint      ] Leaving safepoint region
[385.801s][info ][safepoint      ] Total time for which application threads were stopped: 0.0000812 seconds, Stopping threads took: 0.0000172 seconds
[386.801s][info ][safepoint      ] Application time: 1.0001203 seconds
[386.801s][info ][safepoint      ] Entering safepoint region: Cleanup
[386.801s][info ][safepoint      ] Leaving safepoint region
[386.801s][info ][safepoint      ] Total time for which application threads were stopped: 0.0000814 seconds, Stopping threads took: 0.0000227 seconds
[388.621s][info ][safepoint      ] Application time: 1.8201057 seconds
[388.621s][info ][safepoint      ] Entering safepoint region: ParallelGCFailedAllocation
[388.622s][info ][gc,start       ] GC(68) Pause Young (Allocation Failure)
[388.628s][debug][gc,phases      ] GC(68) Scavenge 6.520ms
[388.628s][debug][gc,ref         ] GC(68) Skipped phase1 of Reference Processing due to unavailable references
[388.628s][debug][gc,ref         ] GC(68) Skipped phase3 of Reference Processing due to unavailable references
[388.628s][debug][gc,phases      ] GC(68) Reference Processing 0.043ms
[388.629s][debug][gc,phases      ] GC(68) Weak Processing 0.200ms
[388.630s][debug][gc,phases      ] GC(68) Scrub String Table 1.031ms
[388.630s][debug][gc,age         ] GC(68) Desired survivor size 84410368 bytes, new threshold 15 (max threshold 15)
[388.630s][info ][gc,heap        ] GC(68) PSYoungGen: 1934544K->4176K(2014720K)
[388.630s][info ][gc,heap        ] GC(68) ParOldGen: 254882K->254882K(323072K)
[388.630s][info ][gc,metaspace   ] GC(68) Metaspace: 71575K->71575K(1114112K)
[388.630s][info ][gc             ] GC(68) Pause Young (Allocation Failure) 2138M->252M(2283M) 7.969ms
[388.630s][info ][gc,cpu         ] GC(68) User=0.03s Sys=0.00s Real=0.01s
[388.630s][info ][safepoint      ] Leaving safepoint region
[388.630s][info ][safepoint      ] Total time for which application threads were stopped: 0.0083631 seconds, Stopping threads took: 0.0000779 seconds
[390.630s][info ][safepoint      ] Application time: 2.0002355 seconds
[390.630s][info ][safepoint      ] Entering safepoint region: Cleanup
[390.630s][info ][safepoint      ] Leaving safepoint region
[390.630s][info ][safepoint      ] Total time for which application threads were stopped: 0.0001415 seconds, Stopping threads took: 0.0000478 seconds
[391.630s][info ][safepoint      ] Application time: 1.0001270 seconds
[391.630s][info ][safepoint      ] Entering safepoint region: Cleanup
[391.630s][info ][safepoint      ] Leaving safepoint region
[391.630s][info ][safepoint      ] Total time for which application threads were stopped: 0.0001283 seconds, Stopping threads took: 0.0000484 seconds
[392.631s][info ][safepoint      ] Application time: 1.0000723 seconds
[392.631s][info ][safepoint      ] Entering safepoint region: Cleanup
[392.631s][info ][safepoint      ] Leaving safepoint region
[392.631s][info ][safepoint      ] Total time for which application threads were stopped: 0.0001795 seconds, Stopping threads took: 0.0000907 seconds
[393.631s][info ][safepoint      ] Application time: 1.0000893 seconds
[393.631s][info ][safepoint      ] Entering safepoint region: Cleanup
[393.631s][info ][safepoint      ] Leaving safepoint region
[393.631s][info ][safepoint      ] Total time for which application threads were stopped: 0.0001385 seconds, Stopping threads took: 0.0000606 seconds
[394.631s][info ][safepoint      ] Application time: 1.0001223 seconds
[394.631s][info ][safepoint      ] Entering safepoint region: Cleanup
[394.631s][info ][safepoint      ] Leaving safepoint region
[394.631s][info ][safepoint      ] Total time for which application threads were stopped: 0.0001152 seconds, Stopping threads took: 0.0000455 seconds
[400.632s][info ][safepoint      ] Application time: 6.0005271 seconds
[400.632s][info ][safepoint      ] Entering safepoint region: Cleanup
[400.632s][info ][safepoint      ] Leaving safepoint region
[400.632s][info ][safepoint      ] Total time for which application threads were stopped: 0.0001713 seconds, Stopping threads took: 0.0000511 seconds
[401.632s][info ][safepoint      ] Application time: 1.0001215 seconds
[401.632s][info ][safepoint      ] Entering safepoint region: Cleanup
[401.632s][info ][safepoint      ] Leaving safepoint region
[401.632s][info ][safepoint      ] Total time for which application threads were stopped: 0.0001133 seconds, Stopping threads took: 0.0000376 seconds
[402.632s][info ][safepoint      ] Application time: 1.0000880 seconds
[402.632s][info ][safepoint      ] Entering safepoint region: Cleanup
[402.633s][info ][safepoint      ] Leaving safepoint region
[402.633s][info ][safepoint      ] Total time for which application threads were stopped: 0.0000813 seconds, Stopping threads took: 0.0000164 seconds
[404.633s][info ][safepoint      ] Application time: 2.0001962 seconds
[404.633s][info ][safepoint      ] Entering safepoint region: Cleanup
[404.633s][info ][safepoint      ] Leaving safepoint region
[404.633s][info ][safepoint      ] Total time for which application threads were stopped: 0.0000750 seconds, Stopping threads took: 0.0000162 seconds
[406.633s][info ][safepoint      ] Application time: 2.0001772 seconds
[406.633s][info ][safepoint      ] Entering safepoint region: Cleanup
[406.633s][info ][safepoint      ] Leaving safepoint region
[406.633s][info ][safepoint      ] Total time for which application threads were stopped: 0.0001227 seconds, Stopping threads took: 0.0000482 seconds
[407.078s][info ][safepoint      ] Application time: 0.4443230 seconds
[407.078s][info ][safepoint      ] Entering safepoint region: ParallelGCFailedAllocation
[407.078s][info ][gc,start       ] GC(69) Pause Young (Allocation Failure)
[407.082s][debug][gc,phases      ] GC(69) Scavenge 4.263ms
[407.082s][debug][gc,ref         ] GC(69) Skipped phase1 of Reference Processing due to unavailable references
[407.082s][debug][gc,ref         ] GC(69) Skipped phase3 of Reference Processing due to unavailable references
[407.082s][debug][gc,ref         ] GC(69) Skipped phase4 of Reference Processing due to unavailable references
[407.082s][debug][gc,phases      ] GC(69) Reference Processing 0.076ms
[407.082s][debug][gc,phases      ] GC(69) Weak Processing 0.104ms
[407.083s][debug][gc,phases      ] GC(69) Scrub String Table 0.381ms
[407.083s][debug][gc,age         ] GC(69) Desired survivor size 83361792 bytes, new threshold 15 (max threshold 15)
[407.083s][info ][gc,heap        ] GC(69) PSYoungGen: 1936464K->4272K(2015744K)
[407.083s][info ][gc,heap        ] GC(69) ParOldGen: 254882K->254882K(323072K)
[407.083s][info ][gc,metaspace   ] GC(69) Metaspace: 71597K->71597K(1114112K)
[407.083s][info ][gc             ] GC(69) Pause Young (Allocation Failure) 2139M->253M(2284M) 4.970ms
[407.083s][info ][gc,cpu         ] GC(69) User=0.01s Sys=0.00s Real=0.00s
[407.083s][info ][safepoint      ] Leaving safepoint region
[407.083s][info ][safepoint      ] Total time for which application threads were stopped: 0.0051670 seconds, Stopping threads took: 0.0000349 seconds
[408.083s][info ][safepoint      ] Application time: 1.0000983 seconds
[408.083s][info ][safepoint      ] Entering safepoint region: Cleanup
[408.083s][info ][safepoint      ] Leaving safepoint region
[408.083s][info ][safepoint      ] Total time for which application threads were stopped: 0.0000782 seconds, Stopping threads took: 0.0000153 seconds
[413.083s][info ][safepoint      ] Application time: 5.0004319 seconds
[413.084s][info ][safepoint      ] Entering safepoint region: Cleanup
[413.084s][info ][safepoint      ] Leaving safepoint region
[413.084s][info ][safepoint      ] Total time for which application threads were stopped: 0.0002350 seconds, Stopping threads took: 0.0000850 seconds
[416.084s][info ][safepoint      ] Application time: 3.0002242 seconds
[416.084s][info ][safepoint      ] Entering safepoint region: Cleanup
[416.084s][info ][safepoint      ] Leaving safepoint region
[416.084s][info ][safepoint      ] Total time for which application threads were stopped: 0.0000852 seconds, Stopping threads took: 0.0000170 seconds
[419.084s][info ][safepoint      ] Application time: 3.0002895 seconds
[419.084s][info ][safepoint      ] Entering safepoint region: Cleanup
[419.085s][info ][safepoint      ] Leaving safepoint region
[419.085s][info ][safepoint      ] Total time for which application threads were stopped: 0.0000757 seconds, Stopping threads took: 0.0000159 seconds
[423.085s][info ][safepoint      ] Application time: 4.0003674 seconds
[423.085s][info ][safepoint      ] Entering safepoint region: Cleanup
[423.085s][info ][safepoint      ] Leaving safepoint region
[423.085s][info ][safepoint      ] Total time for which application threads were stopped: 0.0000965 seconds, Stopping threads took: 0.0000166 seconds
[426.381s][info ][safepoint      ] Application time: 3.2956064 seconds
[426.381s][info ][safepoint      ] Entering safepoint region: ParallelGCFailedAllocation
[426.381s][info ][gc,start       ] GC(70) Pause Young (Allocation Failure)
[426.386s][debug][gc,phases      ] GC(70) Scavenge 5.608ms
[426.387s][debug][gc,ref         ] GC(70) Skipped phase1 of Reference Processing due to unavailable references
[426.387s][debug][gc,ref         ] GC(70) Skipped phase3 of Reference Processing due to unavailable references
[426.387s][debug][gc,ref         ] GC(70) Skipped phase4 of Reference Processing due to unavailable references
[426.387s][debug][gc,phases      ] GC(70) Reference Processing 0.044ms
[426.387s][debug][gc,phases      ] GC(70) Weak Processing 0.107ms
[426.388s][debug][gc,phases      ] GC(70) Scrub String Table 0.873ms
[426.388s][debug][gc,age         ] GC(70) Desired survivor size 82313216 bytes, new threshold 15 (max threshold 15)
[426.388s][info ][gc,heap        ] GC(70) PSYoungGen: 1937584K->3952K(2014720K)
[426.388s][info ][gc,heap        ] GC(70) ParOldGen: 254882K->254890K(323072K)
[426.388s][info ][gc,metaspace   ] GC(70) Metaspace: 71620K->71620K(1114112K)
[426.388s][info ][gc             ] GC(70) Pause Young (Allocation Failure) 2141M->252M(2283M) 6.837ms
[426.388s][info ][gc,cpu         ] GC(70) User=0.02s Sys=0.00s Real=0.00s
[426.388s][info ][safepoint      ] Leaving safepoint region
[426.388s][info ][safepoint      ] Total time for which application threads were stopped: 0.0070342 seconds, Stopping threads took: 0.0000164 seconds
[427.388s][info ][safepoint      ] Application time: 1.0000898 seconds
[427.388s][info ][safepoint      ] Entering safepoint region: Cleanup
[427.388s][info ][safepoint      ] Leaving safepoint region
[427.388s][info ][safepoint      ] Total time for which application threads were stopped: 0.0001019 seconds, Stopping threads took: 0.0000214 seconds
[428.388s][info ][safepoint      ] Application time: 1.0000724 seconds
[428.388s][info ][safepoint      ] Entering safepoint region: Cleanup
[428.388s][info ][safepoint      ] Leaving safepoint region
[428.388s][info ][safepoint      ] Total time for which application threads were stopped: 0.0000835 seconds, Stopping threads took: 0.0000166 seconds
[441.500s][info ][safepoint      ] Application time: 13.1117840 seconds
[441.500s][info ][safepoint      ] Entering safepoint region: RevokeBias
[441.500s][info ][safepoint      ] Leaving safepoint region
[441.500s][info ][safepoint      ] Total time for which application threads were stopped: 0.0002134 seconds, Stopping threads took: 0.0000751 seconds
[482.195s][info ][safepoint      ] Application time: 40.6946521 seconds
[482.195s][info ][safepoint      ] Entering safepoint region: RevokeBias
[482.195s][info ][safepoint      ] Leaving safepoint region
[482.195s][info ][safepoint      ] Total time for which application threads were stopped: 0.0000976 seconds, Stopping threads took: 0.0000276 seconds
[528.204s][info ][safepoint      ] Application time: 46.0085937 seconds
[528.204s][info ][safepoint      ] Entering safepoint region: Cleanup
[528.204s][info ][safepoint      ] Leaving safepoint region
[528.204s][info ][safepoint      ] Total time for which application threads were stopped: 0.0002436 seconds, Stopping threads took: 0.0000758 seconds
[542.195s][info ][safepoint      ] Application time: 13.9905097 seconds
[542.195s][info ][safepoint      ] Entering safepoint region: RevokeBias
[542.195s][info ][safepoint      ] Leaving safepoint region
[542.195s][info ][safepoint      ] Total time for which application threads were stopped: 0.0000788 seconds, Stopping threads took: 0.0000268 seconds
[602.194s][info ][safepoint      ] Application time: 59.9998495 seconds
[602.195s][info ][safepoint      ] Entering safepoint region: RevokeBias
[602.195s][info ][safepoint      ] Leaving safepoint region
[602.195s][info ][safepoint      ] Total time for which application threads were stopped: 0.0001998 seconds, Stopping threads took: 0.0000687 seconds
[616.196s][info ][safepoint      ] Application time: 14.0015093 seconds
[616.196s][info ][safepoint      ] Entering safepoint region: Cleanup
[616.196s][info ][safepoint      ] Leaving safepoint region
[616.196s][info ][safepoint      ] Total time for which application threads were stopped: 0.0001594 seconds, Stopping threads took: 0.0000505 seconds
[662.194s][info ][safepoint      ] Application time: 45.9979604 seconds
[662.195s][info ][safepoint      ] Entering safepoint region: RevokeBias
[662.195s][info ][safepoint      ] Leaving safepoint region
[662.195s][info ][safepoint      ] Total time for which application threads were stopped: 0.0001854 seconds, Stopping threads took: 0.0000632 seconds
[668.195s][info ][safepoint      ] Application time: 6.0004831 seconds
[668.195s][info ][safepoint      ] Entering safepoint region: Cleanup
[668.195s][info ][safepoint      ] Leaving safepoint region
[668.195s][info ][safepoint      ] Total time for which application threads were stopped: 0.0000959 seconds, Stopping threads took: 0.0000170 seconds
[676.063s][info ][safepoint      ] Application time: 7.8680650 seconds
[676.063s][info ][safepoint      ] Entering safepoint region: RevokeBias
[676.063s][info ][safepoint      ] Leaving safepoint region
[676.063s][info ][safepoint      ] Total time for which application threads were stopped: 0.0001153 seconds, Stopping threads took: 0.0000316 seconds
[677.133s][info ][safepoint      ] Application time: 1.0699174 seconds
[677.133s][info ][safepoint      ] Entering safepoint region: RevokeBias
[677.134s][info ][safepoint      ] Leaving safepoint region
[677.134s][info ][safepoint      ] Total time for which application threads were stopped: 0.0000864 seconds, Stopping threads took: 0.0000150 seconds
[722.199s][info ][safepoint      ] Application time: 45.0649990 seconds
[722.199s][info ][safepoint      ] Entering safepoint region: RevokeBias
[722.199s][info ][safepoint      ] Leaving safepoint region
[722.199s][info ][safepoint      ] Total time for which application threads were stopped: 0.0002639 seconds, Stopping threads took: 0.0000969 seconds
[734.200s][info ][safepoint      ] Application time: 12.0009417 seconds
[734.200s][info ][safepoint      ] Entering safepoint region: Cleanup
[734.200s][info ][safepoint      ] Leaving safepoint region
[734.200s][info ][safepoint      ] Total time for which application threads were stopped: 0.0002209 seconds, Stopping threads took: 0.0000140 seconds
[734.395s][info ][safepoint      ] Application time: 0.1945348 seconds
[734.395s][info ][safepoint      ] Entering safepoint region: RevokeBias
[734.395s][info ][safepoint      ] Leaving safepoint region
[734.395s][info ][safepoint      ] Total time for which application threads were stopped: 0.0000906 seconds, Stopping threads took: 0.0000132 seconds
[734.804s][info ][safepoint      ] Application time: 0.4090180 seconds
[734.804s][info ][safepoint      ] Entering safepoint region: RevokeBias
[734.804s][info ][safepoint      ] Leaving safepoint region
[734.804s][info ][safepoint      ] Total time for which application threads were stopped: 0.0000785 seconds, Stopping threads took: 0.0000132 seconds
[734.804s][info ][safepoint      ] Application time: 0.0000593 seconds
[734.804s][info ][safepoint      ] Entering safepoint region: RevokeBias
[734.804s][info ][safepoint      ] Leaving safepoint region
[734.804s][info ][safepoint      ] Total time for which application threads were stopped: 0.0000800 seconds, Stopping threads took: 0.0000388 seconds
[734.804s][info ][safepoint      ] Application time: 0.0004759 seconds
[734.804s][info ][safepoint      ] Entering safepoint region: RevokeBias
[734.805s][info ][safepoint      ] Leaving safepoint region
[734.805s][info ][safepoint      ] Total time for which application threads were stopped: 0.0000290 seconds, Stopping threads took: 0.0000071 seconds
[734.805s][info ][safepoint      ] Application time: 0.0000527 seconds
[734.805s][info ][safepoint      ] Entering safepoint region: RevokeBias
[734.805s][info ][safepoint      ] Leaving safepoint region
[734.805s][info ][safepoint      ] Total time for which application threads were stopped: 0.0000251 seconds, Stopping threads took: 0.0000059 seconds
[734.805s][info ][safepoint      ] Application time: 0.0005294 seconds
[734.805s][info ][safepoint      ] Entering safepoint region: RevokeBias
[734.805s][info ][safepoint      ] Leaving safepoint region
[734.805s][info ][safepoint      ] Total time for which application threads were stopped: 0.0000371 seconds, Stopping threads took: 0.0000102 seconds
[734.811s][info ][safepoint      ] Application time: 0.0060442 seconds
[734.811s][info ][safepoint      ] Entering safepoint region: RevokeBias
[734.811s][info ][safepoint      ] Leaving safepoint region
[734.811s][info ][safepoint      ] Total time for which application threads were stopped: 0.0000521 seconds, Stopping threads took: 0.0000124 seconds
[734.811s][info ][safepoint      ] Application time: 0.0000760 seconds
[734.811s][info ][safepoint      ] Entering safepoint region: RevokeBias
[734.811s][info ][safepoint      ] Leaving safepoint region
[734.811s][info ][safepoint      ] Total time for which application threads were stopped: 0.0000288 seconds, Stopping threads took: 0.0000061 seconds
[734.812s][info ][safepoint      ] Application time: 0.0005934 seconds
[734.812s][info ][safepoint      ] Entering safepoint region: RevokeBias
[734.812s][info ][safepoint      ] Leaving safepoint region
[734.812s][info ][safepoint      ] Total time for which application threads were stopped: 0.0000352 seconds, Stopping threads took: 0.0000088 seconds
[734.812s][info ][safepoint      ] Application time: 0.0000695 seconds
[734.812s][info ][safepoint      ] Entering safepoint region: RevokeBias
[734.812s][info ][safepoint      ] Leaving safepoint region
[734.812s][info ][safepoint      ] Total time for which application threads were stopped: 0.0000518 seconds, Stopping threads took: 0.0000311 seconds
[734.813s][info ][safepoint      ] Application time: 0.0005000 seconds
[734.813s][info ][safepoint      ] Entering safepoint region: RevokeBias
[734.813s][info ][safepoint      ] Leaving safepoint region
[734.813s][info ][safepoint      ] Total time for which application threads were stopped: 0.0000353 seconds, Stopping threads took: 0.0000089 seconds
[734.814s][info ][safepoint      ] Application time: 0.0008567 seconds
[734.814s][info ][safepoint      ] Entering safepoint region: RevokeBias
[734.814s][info ][safepoint      ] Leaving safepoint region
[734.814s][info ][safepoint      ] Total time for which application threads were stopped: 0.0000357 seconds, Stopping threads took: 0.0000090 seconds
[734.814s][info ][safepoint      ] Application time: 0.0004983 seconds
[734.814s][info ][safepoint      ] Entering safepoint region: RevokeBias
[734.814s][info ][safepoint      ] Leaving safepoint region
[734.814s][info ][safepoint      ] Total time for which application threads were stopped: 0.0000282 seconds, Stopping threads took: 0.0000065 seconds
[734.815s][info ][safepoint      ] Application time: 0.0006437 seconds
[734.815s][info ][safepoint      ] Entering safepoint region: RevokeBias
[734.815s][info ][safepoint      ] Leaving safepoint region
[734.815s][info ][safepoint      ] Total time for which application threads were stopped: 0.0000819 seconds, Stopping threads took: 0.0000538 seconds
[734.816s][info ][safepoint      ] Application time: 0.0005968 seconds
[734.816s][info ][safepoint      ] Entering safepoint region: RevokeBias
[734.816s][info ][safepoint      ] Leaving safepoint region
[734.816s][info ][safepoint      ] Total time for which application threads were stopped: 0.0000356 seconds, Stopping threads took: 0.0000093 seconds
[734.816s][info ][safepoint      ] Application time: 0.0004656 seconds
[734.816s][info ][safepoint      ] Entering safepoint region: RevokeBias
[734.816s][info ][safepoint      ] Leaving safepoint region
[734.816s][info ][safepoint      ] Total time for which application threads were stopped: 0.0000326 seconds, Stopping threads took: 0.0000104 seconds
[734.817s][info ][safepoint      ] Application time: 0.0005482 seconds
[734.817s][info ][safepoint      ] Entering safepoint region: RevokeBias
[734.817s][info ][safepoint      ] Leaving safepoint region
[734.817s][info ][safepoint      ] Total time for which application threads were stopped: 0.0000356 seconds, Stopping threads took: 0.0000090 seconds
[734.818s][info ][safepoint      ] Application time: 0.0012800 seconds
[734.818s][info ][safepoint      ] Entering safepoint region: RevokeBias
[734.818s][info ][safepoint      ] Leaving safepoint region
[734.818s][info ][safepoint      ] Total time for which application threads were stopped: 0.0000371 seconds, Stopping threads took: 0.0000092 seconds
[734.818s][info ][safepoint      ] Application time: 0.0001926 seconds
[734.818s][info ][safepoint      ] Entering safepoint region: RevokeBias
[734.818s][info ][safepoint      ] Leaving safepoint region
[734.818s][info ][safepoint      ] Total time for which application threads were stopped: 0.0000298 seconds, Stopping threads took: 0.0000073 seconds
[734.818s][info ][safepoint      ] Application time: 0.0000985 seconds
[734.818s][info ][safepoint      ] Entering safepoint region: RevokeBias
[734.818s][info ][safepoint      ] Leaving safepoint region
[734.818s][info ][safepoint      ] Total time for which application threads were stopped: 0.0000336 seconds, Stopping threads took: 0.0000055 seconds
[734.819s][info ][safepoint      ] Application time: 0.0004506 seconds
[734.819s][info ][safepoint      ] Entering safepoint region: RevokeBias
[734.819s][info ][safepoint      ] Leaving safepoint region
[734.819s][info ][safepoint      ] Total time for which application threads were stopped: 0.0001104 seconds, Stopping threads took: 0.0000808 seconds
[734.819s][info ][safepoint      ] Application time: 0.0002109 seconds
[734.819s][info ][safepoint      ] Entering safepoint region: RevokeBias
[734.819s][info ][safepoint      ] Leaving safepoint region
[734.819s][info ][safepoint      ] Total time for which application threads were stopped: 0.0000667 seconds, Stopping threads took: 0.0000389 seconds
[734.820s][info ][safepoint      ] Application time: 0.0003762 seconds
[734.820s][info ][safepoint      ] Entering safepoint region: RevokeBias
[734.820s][info ][safepoint      ] Leaving safepoint region
[734.820s][info ][safepoint      ] Total time for which application threads were stopped: 0.0005351 seconds, Stopping threads took: 0.0004770 seconds
[734.820s][info ][safepoint      ] Application time: 0.0001383 seconds
[734.820s][info ][safepoint      ] Entering safepoint region: RevokeBias
[734.821s][info ][safepoint      ] Leaving safepoint region
[734.821s][info ][safepoint      ] Total time for which application threads were stopped: 0.0000783 seconds, Stopping threads took: 0.0000359 seconds
[734.822s][info ][safepoint      ] Application time: 0.0015191 seconds
[734.822s][info ][safepoint      ] Entering safepoint region: RevokeBias
[734.822s][info ][safepoint      ] Leaving safepoint region
[734.822s][info ][safepoint      ] Total time for which application threads were stopped: 0.0000414 seconds, Stopping threads took: 0.0000122 seconds
[734.824s][info ][safepoint      ] Application time: 0.0016825 seconds
[734.824s][info ][safepoint      ] Entering safepoint region: RevokeBias
[734.824s][info ][safepoint      ] Leaving safepoint region
[734.824s][info ][safepoint      ] Total time for which application threads were stopped: 0.0000402 seconds, Stopping threads took: 0.0000086 seconds
[734.824s][info ][gc,heap,exit   ] Heap
[734.824s][info ][gc,heap,exit   ]  PSYoungGen      total 2014720K, used 1584881K [0x0000000780000000, 0x0000000800000000, 0x0000000800000000)
[734.824s][info ][gc,heap,exit   ]   eden space 1933312K, 81% used [0x0000000780000000,0x00000007e07e0498,0x00000007f6000000)
[734.824s][info ][gc,heap,exit   ]   from space 81408K, 4% used [0x00000007f6000000,0x00000007f63dc0d8,0x00000007faf80000)
[734.824s][info ][gc,heap,exit   ]   to   space 80384K, 0% used [0x00000007fb180000,0x00000007fb180000,0x0000000800000000)
[734.824s][info ][gc,heap,exit   ]  ParOldGen       total 323072K, used 254890K [0x0000000740000000, 0x0000000753b80000, 0x0000000780000000)
[734.824s][info ][gc,heap,exit   ]   object space 323072K, 78% used [0x0000000740000000,0x000000074f8ea848,0x0000000753b80000)
[734.824s][info ][gc,heap,exit   ]  Metaspace       used 71680K, capacity 76377K, committed 76584K, reserved 1114112K
[734.824s][info ][gc,heap,exit   ]   class space    used 9495K, capacity 11570K, committed 11648K, reserved 1048576K
[734.824s][info ][safepoint      ] Application time: 0.0005428 seconds
[734.824s][info ][safepoint      ] Entering safepoint region: Halt
